Java HotSpot(TM) 64-Bit Server VM (25.111-b14) for windows-amd64 JRE (1.8.0_111-b14), built on Sep 22 2016 19:24:05 by "java_re" with MS VC++ 10.0 (VS2010)
Memory: 4k page, physical 16714364k(9967652k free), swap 33426828k(23743456k free)
CommandLine flags: -XX:InitialHeapSize=273888048 -XX:MaxHeapSize=1073741824 -XX:MaxNewSize=268435456 -XX:MaxTenuringThreshold=6 -XX:NewSize=268435456 -XX:OldPLABSize=16 -XX:+PrintGC -XX:+PrintGCApplicationConcurrentTime -XX:+PrintGCApplicationStoppedTime -XX:+PrintGCDateStamps -XX:+PrintGCDetails -XX:+PrintGCTimeStamps -XX:+UseCompressedClassPointers -XX:+UseCompressedOops -XX:+UseConcMarkSweepGC -XX:-UseLargePagesIndividualAllocation -XX:+UseParNewGC 
2019-03-15T15:43:22.872+0900: 1.012: Application time: 0.9336211 seconds
2019-03-15T15:43:22.872+0900: 1.012: [GC (Allocation Failure) 2019-03-15T15:43:22.872+0900: 1.012: [ParNew: 209792K->26175K(235968K), 0.7646459 secs] 209792K->190543K(400608K), 0.7648189 secs] [Times: user=2.48 sys=0.19, real=0.77 secs] 
2019-03-15T15:43:23.637+0900: 1.776: Total time for which application threads were stopped: 0.7649436 seconds, Stopping threads took: 0.0000152 seconds
2019-03-15T15:43:23.637+0900: 1.776: Application time: 0.0000289 seconds
2019-03-15T15:43:23.637+0900: 1.777: [GC (CMS Initial Mark) [1 CMS-initial-mark: 164368K(164640K)] 190729K(400608K), 0.0052177 secs] [Times: user=0.06 sys=0.00, real=0.00 secs] 
2019-03-15T15:43:23.642+0900: 1.782: Total time for which application threads were stopped: 0.0053178 seconds, Stopping threads took: 0.0000171 seconds
2019-03-15T15:43:23.642+0900: 1.782: [CMS-concurrent-mark-start]
2019-03-15T15:43:23.853+0900: 1.993: [CMS-concurrent-mark: 0.211/0.211 secs] [Times: user=0.19 sys=0.00, real=0.21 secs] 
2019-03-15T15:43:23.853+0900: 1.993: [CMS-concurrent-preclean-start]
2019-03-15T15:43:23.853+0900: 1.993: [CMS-concurrent-preclean: 0.000/0.000 secs] [Times: user=0.00 sys=0.00, real=0.00 secs] 
2019-03-15T15:43:23.853+0900: 1.993: [CMS-concurrent-abortable-preclean-start]
2019-03-15T15:43:24.435+0900: 2.575: Application time: 0.7929619 seconds
2019-03-15T15:43:24.435+0900: 2.575: [GC (Allocation Failure) 2019-03-15T15:43:24.435+0900: 2.575: [ParNew: 235967K->26176K(235968K), 0.1519701 secs] 400335K->295665K(506268K), 0.1520958 secs] [Times: user=0.48 sys=0.06, real=0.15 secs] 
2019-03-15T15:43:24.587+0900: 2.727: Total time for which application threads were stopped: 0.1522899 seconds, Stopping threads took: 0.0000753 seconds
2019-03-15T15:43:25.363+0900: 3.503: Application time: 0.7757186 seconds
2019-03-15T15:43:25.363+0900: 3.503: [GC (Allocation Failure) 2019-03-15T15:43:25.363+0900: 3.503: [ParNew2019-03-15T15:43:25.416+0900: 3.558: [CMS-concurrent-abortable-preclean: 1.111/1.563 secs] [Times: user=1.84 sys=0.06, real=1.57 secs] 
: 235968K->26176K(235968K), 0.1164942 secs] 505457K->372081K(582504K), 0.1166242 secs] [Times: user=0.42 sys=0.02, real=0.12 secs] 
2019-03-15T15:43:25.480+0900: 3.620: Total time for which application threads were stopped: 0.1168407 seconds, Stopping threads took: 0.0000656 seconds
2019-03-15T15:43:25.480+0900: 3.620: Application time: 0.0000255 seconds
2019-03-15T15:43:25.480+0900: 3.620: [GC (CMS Final Remark) [YG occupancy: 30419 K (235968 K)]2019-03-15T15:43:25.480+0900: 3.620: [Rescan (parallel) , 0.0213917 secs]2019-03-15T15:43:25.502+0900: 3.641: [weak refs processing, 0.0000221 secs]2019-03-15T15:43:25.502+0900: 3.641: [class unloading, 0.0004037 secs]2019-03-15T15:43:25.502+0900: 3.642: [scrub symbol table, 0.0004286 secs]2019-03-15T15:43:25.502+0900: 3.642: [scrub string table, 0.0001029 secs][1 CMS-remark: 345905K(346536K)] 376325K(582504K), 0.0224949 secs] [Times: user=0.06 sys=0.00, real=0.02 secs] 
2019-03-15T15:43:25.503+0900: 3.642: Total time for which application threads were stopped: 0.0225555 seconds, Stopping threads took: 0.0000156 seconds
2019-03-15T15:43:25.503+0900: 3.642: [CMS-concurrent-sweep-start]
2019-03-15T15:43:25.558+0900: 3.697: [CMS-concurrent-sweep: 0.055/0.055 secs] [Times: user=0.06 sys=0.00, real=0.06 secs] 
2019-03-15T15:43:25.558+0900: 3.698: [CMS-concurrent-reset-start]
2019-03-15T15:43:25.559+0900: 3.699: [CMS-concurrent-reset: 0.001/0.001 secs] [Times: user=0.00 sys=0.00, real=0.00 secs] 
2019-03-15T15:43:26.025+0900: 4.164: Application time: 0.5220202 seconds
2019-03-15T15:43:26.025+0900: 4.164: Total time for which application threads were stopped: 0.0000890 seconds, Stopping threads took: 0.0000243 seconds
2019-03-15T15:43:26.317+0900: 4.456: Application time: 0.2920397 seconds
2019-03-15T15:43:26.317+0900: 4.456: [GC (Allocation Failure) 2019-03-15T15:43:26.317+0900: 4.457: [ParNew: 235968K->26176K(235968K), 0.0665926 secs] 581873K->426005K(812480K), 0.0666989 secs] [Times: user=0.22 sys=0.01, real=0.07 secs] 
2019-03-15T15:43:26.384+0900: 4.523: Total time for which application threads were stopped: 0.0668467 seconds, Stopping threads took: 0.0000460 seconds
2019-03-15T15:43:26.384+0900: 4.523: Application time: 0.0000283 seconds
2019-03-15T15:43:26.384+0900: 4.523: [GC (CMS Initial Mark) [1 CMS-initial-mark: 399829K(576512K)] 430179K(812480K), 0.0049555 secs] [Times: user=0.00 sys=0.00, real=0.00 secs] 
2019-03-15T15:43:26.389+0900: 4.528: Total time for which application threads were stopped: 0.0051359 seconds, Stopping threads took: 0.0001098 seconds
2019-03-15T15:43:26.389+0900: 4.528: [CMS-concurrent-mark-start]
2019-03-15T15:43:26.619+0900: 4.759: [CMS-concurrent-mark: 0.230/0.230 secs] [Times: user=0.23 sys=0.00, real=0.23 secs] 
2019-03-15T15:43:26.619+0900: 4.759: [CMS-concurrent-preclean-start]
2019-03-15T15:43:26.620+0900: 4.760: [CMS-concurrent-preclean: 0.001/0.001 secs] [Times: user=0.00 sys=0.00, real=0.00 secs] 
2019-03-15T15:43:26.620+0900: 4.760: [CMS-concurrent-abortable-preclean-start]
2019-03-15T15:43:27.142+0900: 5.282: Application time: 0.7532788 seconds
2019-03-15T15:43:27.142+0900: 5.282: [GC (Allocation Failure) 2019-03-15T15:43:27.142+0900: 5.282: [ParNew: 235968K->26176K(235968K), 0.0630538 secs] 635797K->471536K(812480K), 0.0631458 secs] [Times: user=0.23 sys=0.00, real=0.06 secs] 
2019-03-15T15:43:27.205+0900: 5.345: Total time for which application threads were stopped: 0.0633116 seconds, Stopping threads took: 0.0000672 seconds
2019-03-15T15:43:27.891+0900: 6.030: [CMS-concurrent-abortable-preclean: 0.909/1.271 secs] [Times: user=1.23 sys=0.22, real=1.27 secs] 
2019-03-15T15:43:27.891+0900: 6.030: Application time: 0.6853768 seconds
2019-03-15T15:43:27.891+0900: 6.030: [GC (CMS Final Remark) [YG occupancy: 222267 K (235968 K)]2019-03-15T15:43:27.891+0900: 6.030: [Rescan (parallel) , 0.0496090 secs]2019-03-15T15:43:27.940+0900: 6.080: [weak refs processing, 0.0000196 secs]2019-03-15T15:43:27.940+0900: 6.080: [class unloading, 0.0005654 secs]2019-03-15T15:43:27.941+0900: 6.081: [scrub symbol table, 0.0006376 secs]2019-03-15T15:43:27.942+0900: 6.081: [scrub string table, 0.0001353 secs][1 CMS-remark: 445360K(576512K)] 667628K(812480K), 0.0510879 secs] [Times: user=0.19 sys=0.00, real=0.05 secs] 
2019-03-15T15:43:27.942+0900: 6.082: Total time for which application threads were stopped: 0.0512095 seconds, Stopping threads took: 0.0000439 seconds
2019-03-15T15:43:27.942+0900: 6.082: [CMS-concurrent-sweep-start]
2019-03-15T15:43:27.996+0900: 6.136: Application time: 0.0540855 seconds
2019-03-15T15:43:27.996+0900: 6.136: [GC (Allocation Failure) 2019-03-15T15:43:27.996+0900: 6.136: [ParNew: 235968K->26176K(235968K), 0.0768313 secs] 629944K->479248K(812480K), 0.0769063 secs] [Times: user=0.26 sys=0.00, real=0.08 secs] 
2019-03-15T15:43:28.073+0900: 6.213: Total time for which application threads were stopped: 0.0770136 seconds, Stopping threads took: 0.0000162 seconds
2019-03-15T15:43:28.073+0900: 6.213: Application time: 0.0001568 seconds
2019-03-15T15:43:28.073+0900: 6.213: Total time for which application threads were stopped: 0.0000330 seconds, Stopping threads took: 0.0000103 seconds
2019-03-15T15:43:28.073+0900: 6.213: Application time: 0.0000233 seconds
2019-03-15T15:43:28.073+0900: 6.213: Total time for which application threads were stopped: 0.0000218 seconds, Stopping threads took: 0.0000062 seconds
2019-03-15T15:43:28.073+0900: 6.213: Application time: 0.0000156 seconds
2019-03-15T15:43:28.073+0900: 6.213: Total time for which application threads were stopped: 0.0000187 seconds, Stopping threads took: 0.0000059 seconds
2019-03-15T15:43:28.073+0900: 6.213: Application time: 0.0000131 seconds
2019-03-15T15:43:28.073+0900: 6.213: Total time for which application threads were stopped: 0.0000174 seconds, Stopping threads took: 0.0000059 seconds
2019-03-15T15:43:28.073+0900: 6.213: Application time: 0.0000131 seconds
2019-03-15T15:43:28.073+0900: 6.213: Total time for which application threads were stopped: 0.0000171 seconds, Stopping threads took: 0.0000056 seconds
2019-03-15T15:43:28.074+0900: 6.214: Application time: 0.0008668 seconds
2019-03-15T15:43:28.074+0900: 6.214: Total time for which application threads were stopped: 0.0000302 seconds, Stopping threads took: 0.0000159 seconds
2019-03-15T15:43:28.074+0900: 6.214: Application time: 0.0002410 seconds
2019-03-15T15:43:28.074+0900: 6.214: Total time for which application threads were stopped: 0.0000236 seconds, Stopping threads took: 0.0000128 seconds
2019-03-15T15:43:28.074+0900: 6.214: Application time: 0.0000249 seconds
2019-03-15T15:43:28.074+0900: 6.214: Total time for which application threads were stopped: 0.0000258 seconds, Stopping threads took: 0.0000115 seconds
2019-03-15T15:43:28.076+0900: 6.216: Application time: 0.0013075 seconds
2019-03-15T15:43:28.076+0900: 6.216: Total time for which application threads were stopped: 0.0000734 seconds, Stopping threads took: 0.0000100 seconds
2019-03-15T15:43:28.078+0900: 6.218: Application time: 0.0018723 seconds
2019-03-15T15:43:28.078+0900: 6.218: Total time for which application threads were stopped: 0.0000737 seconds, Stopping threads took: 0.0000121 seconds
2019-03-15T15:43:28.231+0900: 6.370: [CMS-concurrent-sweep: 0.211/0.289 secs] [Times: user=0.66 sys=0.09, real=0.29 secs] 
2019-03-15T15:43:28.231+0900: 6.371: [CMS-concurrent-reset-start]
2019-03-15T15:43:28.231+0900: 6.371: [CMS-concurrent-reset: 0.001/0.001 secs] [Times: user=0.00 sys=0.00, real=0.00 secs] 
2019-03-15T15:43:28.264+0900: 6.403: Application time: 0.1857989 seconds
2019-03-15T15:43:28.264+0900: 6.403: Total time for which application threads were stopped: 0.0000740 seconds, Stopping threads took: 0.0000314 seconds
2019-03-15T15:43:28.264+0900: 6.404: Application time: 0.0004675 seconds
2019-03-15T15:43:28.264+0900: 6.404: Total time for which application threads were stopped: 0.0000355 seconds, Stopping threads took: 0.0000280 seconds
2019-03-15T15:43:28.267+0900: 6.407: Application time: 0.0032757 seconds
2019-03-15T15:43:28.268+0900: 6.407: Total time for which application threads were stopped: 0.0000575 seconds, Stopping threads took: 0.0000454 seconds
2019-03-15T15:43:28.268+0900: 6.407: Application time: 0.0000560 seconds
2019-03-15T15:43:28.268+0900: 6.407: Total time for which application threads were stopped: 0.0000355 seconds, Stopping threads took: 0.0000292 seconds
2019-03-15T15:43:28.268+0900: 6.408: Application time: 0.0006917 seconds
2019-03-15T15:43:28.268+0900: 6.408: Total time for which application threads were stopped: 0.0000358 seconds, Stopping threads took: 0.0000286 seconds
2019-03-15T15:43:28.268+0900: 6.408: Application time: 0.0000582 seconds
2019-03-15T15:43:28.268+0900: 6.408: Total time for which application threads were stopped: 0.0000351 seconds, Stopping threads took: 0.0000286 seconds
2019-03-15T15:43:28.269+0900: 6.409: Application time: 0.0004323 seconds
2019-03-15T15:43:28.269+0900: 6.409: Total time for which application threads were stopped: 0.0000361 seconds, Stopping threads took: 0.0000289 seconds
2019-03-15T15:43:28.269+0900: 6.409: Application time: 0.0000252 seconds
2019-03-15T15:43:28.269+0900: 6.409: Total time for which application threads were stopped: 0.0000358 seconds, Stopping threads took: 0.0000295 seconds
2019-03-15T15:43:28.269+0900: 6.409: Application time: 0.0000277 seconds
2019-03-15T15:43:28.269+0900: 6.409: Total time for which application threads were stopped: 0.0000460 seconds, Stopping threads took: 0.0000283 seconds
2019-03-15T15:43:28.269+0900: 6.409: Application time: 0.0000252 seconds
2019-03-15T15:43:28.269+0900: 6.409: Total time for which application threads were stopped: 0.0000361 seconds, Stopping threads took: 0.0000295 seconds
2019-03-15T15:43:28.269+0900: 6.409: Application time: 0.0003499 seconds
2019-03-15T15:43:28.270+0900: 6.409: Total time for which application threads were stopped: 0.0000302 seconds, Stopping threads took: 0.0000236 seconds
2019-03-15T15:43:28.271+0900: 6.411: Application time: 0.0019072 seconds
2019-03-15T15:43:28.271+0900: 6.411: Total time for which application threads were stopped: 0.0000529 seconds, Stopping threads took: 0.0000314 seconds
2019-03-15T15:43:28.272+0900: 6.411: Application time: 0.0000383 seconds
2019-03-15T15:43:28.272+0900: 6.411: Total time for which application threads were stopped: 0.0000143 seconds, Stopping threads took: 0.0000065 seconds
2019-03-15T15:43:28.272+0900: 6.411: Application time: 0.0000818 seconds
2019-03-15T15:43:28.273+0900: 6.412: Total time for which application threads were stopped: 0.0009135 seconds, Stopping threads took: 0.0008942 seconds
2019-03-15T15:43:28.274+0900: 6.414: Application time: 0.0015137 seconds
2019-03-15T15:43:28.274+0900: 6.414: Total time for which application threads were stopped: 0.0000417 seconds, Stopping threads took: 0.0000280 seconds
2019-03-15T15:43:28.274+0900: 6.414: Application time: 0.0001117 seconds
2019-03-15T15:43:28.274+0900: 6.414: Total time for which application threads were stopped: 0.0000215 seconds, Stopping threads took: 0.0000100 seconds
2019-03-15T15:43:28.274+0900: 6.414: Application time: 0.0001788 seconds
2019-03-15T15:43:28.274+0900: 6.414: Total time for which application threads were stopped: 0.0000143 seconds, Stopping threads took: 0.0000072 seconds
2019-03-15T15:43:28.276+0900: 6.415: Application time: 0.0012186 seconds
2019-03-15T15:43:28.276+0900: 6.415: Total time for which application threads were stopped: 0.0000208 seconds, Stopping threads took: 0.0000100 seconds
2019-03-15T15:43:28.277+0900: 6.417: Application time: 0.0014005 seconds
2019-03-15T15:43:28.277+0900: 6.417: Total time for which application threads were stopped: 0.0000271 seconds, Stopping threads took: 0.0000103 seconds
2019-03-15T15:43:28.277+0900: 6.417: Application time: 0.0002025 seconds
2019-03-15T15:43:28.277+0900: 6.417: Total time for which application threads were stopped: 0.0000448 seconds, Stopping threads took: 0.0000355 seconds
2019-03-15T15:43:28.277+0900: 6.417: Application time: 0.0000289 seconds
2019-03-15T15:43:28.277+0900: 6.417: Total time for which application threads were stopped: 0.0000208 seconds, Stopping threads took: 0.0000131 seconds
2019-03-15T15:43:28.277+0900: 6.417: Application time: 0.0000124 seconds
2019-03-15T15:43:28.277+0900: 6.417: Total time for which application threads were stopped: 0.0000199 seconds, Stopping threads took: 0.0000121 seconds
2019-03-15T15:43:28.277+0900: 6.417: Application time: 0.0000156 seconds
2019-03-15T15:43:28.278+0900: 6.417: Total time for which application threads were stopped: 0.0000199 seconds, Stopping threads took: 0.0000121 seconds
2019-03-15T15:43:28.278+0900: 6.417: Application time: 0.0000336 seconds
2019-03-15T15:43:28.278+0900: 6.417: Total time for which application threads were stopped: 0.0000134 seconds, Stopping threads took: 0.0000065 seconds
2019-03-15T15:43:28.278+0900: 6.417: Application time: 0.0000582 seconds
2019-03-15T15:43:28.278+0900: 6.417: Total time for which application threads were stopped: 0.0000128 seconds, Stopping threads took: 0.0000062 seconds
2019-03-15T15:43:28.278+0900: 6.418: Application time: 0.0001446 seconds
2019-03-15T15:43:28.278+0900: 6.418: Total time for which application threads were stopped: 0.0000137 seconds, Stopping threads took: 0.0000068 seconds
2019-03-15T15:43:28.279+0900: 6.419: Application time: 0.0014727 seconds
2019-03-15T15:43:28.279+0900: 6.419: Total time for which application threads were stopped: 0.0000174 seconds, Stopping threads took: 0.0000068 seconds
2019-03-15T15:43:28.279+0900: 6.419: Application time: 0.0000168 seconds
2019-03-15T15:43:28.279+0900: 6.419: Total time for which application threads were stopped: 0.0000131 seconds, Stopping threads took: 0.0000062 seconds
2019-03-15T15:43:28.282+0900: 6.422: Application time: 0.0027973 seconds
2019-03-15T15:43:28.282+0900: 6.422: Total time for which application threads were stopped: 0.0000473 seconds, Stopping threads took: 0.0000159 seconds
2019-03-15T15:43:28.292+0900: 6.432: Application time: 0.0097704 seconds
2019-03-15T15:43:28.292+0900: 6.432: Total time for which application threads were stopped: 0.0001082 seconds, Stopping threads took: 0.0000743 seconds
2019-03-15T15:43:28.292+0900: 6.432: Application time: 0.0000289 seconds
2019-03-15T15:43:28.292+0900: 6.432: Total time for which application threads were stopped: 0.0000547 seconds, Stopping threads took: 0.0000460 seconds
2019-03-15T15:43:28.293+0900: 6.433: Application time: 0.0006367 seconds
2019-03-15T15:43:28.293+0900: 6.433: Total time for which application threads were stopped: 0.0003738 seconds, Stopping threads took: 0.0003577 seconds
2019-03-15T15:43:28.294+0900: 6.434: Application time: 0.0011187 seconds
2019-03-15T15:43:28.294+0900: 6.434: Total time for which application threads were stopped: 0.0000532 seconds, Stopping threads took: 0.0000106 seconds
2019-03-15T15:43:28.304+0900: 6.443: Application time: 0.0092519 seconds
2019-03-15T15:43:28.304+0900: 6.443: Total time for which application threads were stopped: 0.0000426 seconds, Stopping threads took: 0.0000202 seconds
2019-03-15T15:43:28.820+0900: 6.960: Application time: 0.5167960 seconds
2019-03-15T15:43:28.820+0900: 6.960: [GC (Allocation Failure) 2019-03-15T15:43:28.821+0900: 6.960: [ParNew: 235968K->26176K(235968K), 0.1117222 secs] 599935K->458667K(842580K), 0.1118662 secs] [Times: user=0.25 sys=0.00, real=0.11 secs] 
2019-03-15T15:43:28.932+0900: 7.072: Total time for which application threads were stopped: 0.1119813 seconds, Stopping threads took: 0.0000218 seconds
2019-03-15T15:43:28.942+0900: 7.082: Application time: 0.0099054 seconds
2019-03-15T15:43:28.942+0900: 7.082: [GC (CMS Initial Mark) [1 CMS-initial-mark: 432491K(606612K)] 462741K(842580K), 0.0075522 secs] [Times: user=0.00 sys=0.00, real=0.01 secs] 
2019-03-15T15:43:28.950+0900: 7.090: Total time for which application threads were stopped: 0.0076433 seconds, Stopping threads took: 0.0000159 seconds
2019-03-15T15:43:28.950+0900: 7.090: Application time: 0.0000376 seconds
2019-03-15T15:43:28.950+0900: 7.090: Total time for which application threads were stopped: 0.0000311 seconds, Stopping threads took: 0.0000134 seconds
2019-03-15T15:43:28.950+0900: 7.090: [CMS-concurrent-mark-start]
2019-03-15T15:43:29.175+0900: 7.315: [CMS-concurrent-mark: 0.225/0.225 secs] [Times: user=0.23 sys=0.00, real=0.22 secs] 
2019-03-15T15:43:29.175+0900: 7.315: [CMS-concurrent-preclean-start]
2019-03-15T15:43:29.176+0900: 7.316: [CMS-concurrent-preclean: 0.001/0.001 secs] [Times: user=0.02 sys=0.00, real=0.00 secs] 
2019-03-15T15:43:29.176+0900: 7.316: [CMS-concurrent-abortable-preclean-start]
2019-03-15T15:43:29.318+0900: 7.458: Application time: 0.3678543 seconds
2019-03-15T15:43:29.318+0900: 7.458: Total time for which application threads were stopped: 0.0000498 seconds, Stopping threads took: 0.0000165 seconds
2019-03-15T15:43:29.492+0900: 7.632: Application time: 0.1745850 seconds
2019-03-15T15:43:29.493+0900: 7.632: Total time for which application threads were stopped: 0.0000563 seconds, Stopping threads took: 0.0000221 seconds
2019-03-15T15:43:29.493+0900: 7.633: Application time: 0.0005583 seconds
2019-03-15T15:43:29.493+0900: 7.633: Total time for which application threads were stopped: 0.0000367 seconds, Stopping threads took: 0.0000115 seconds
2019-03-15T15:43:29.493+0900: 7.633: Application time: 0.0003390 seconds
2019-03-15T15:43:29.494+0900: 7.633: Total time for which application threads were stopped: 0.0000255 seconds, Stopping threads took: 0.0000103 seconds
2019-03-15T15:43:29.698+0900: 7.838: Application time: 0.2043802 seconds
2019-03-15T15:43:29.698+0900: 7.838: [GC (Allocation Failure) 2019-03-15T15:43:29.698+0900: 7.838: [ParNew: 235968K->21957K(235968K), 0.0318385 secs] 668459K->482153K(842580K), 0.0319353 secs] [Times: user=0.13 sys=0.00, real=0.03 secs] 
2019-03-15T15:43:29.730+0900: 7.870: Total time for which application threads were stopped: 0.0320587 seconds, Stopping threads took: 0.0000323 seconds
2019-03-15T15:43:30.316+0900: 8.456: Application time: 0.5863358 seconds
2019-03-15T15:43:30.316+0900: 8.456: Total time for which application threads were stopped: 0.0000523 seconds, Stopping threads took: 0.0000180 seconds
2019-03-15T15:43:30.316+0900: 8.456: [CMS-concurrent-abortable-preclean: 0.595/1.141 secs] [Times: user=0.81 sys=0.12, real=1.14 secs] 
2019-03-15T15:43:30.316+0900: 8.456: Application time: 0.0000575 seconds
2019-03-15T15:43:30.316+0900: 8.456: Total time for which application threads were stopped: 0.0000519 seconds, Stopping threads took: 0.0000121 seconds
2019-03-15T15:43:30.317+0900: 8.456: Application time: 0.0000958 seconds
2019-03-15T15:43:30.317+0900: 8.456: [GC (CMS Final Remark) [YG occupancy: 183756 K (235968 K)]2019-03-15T15:43:30.317+0900: 8.456: [Rescan (parallel) , 0.0401891 secs]2019-03-15T15:43:30.357+0900: 8.497: [weak refs processing, 0.0000208 secs]2019-03-15T15:43:30.357+0900: 8.497: [class unloading, 0.0008497 secs]2019-03-15T15:43:30.358+0900: 8.498: [scrub symbol table, 0.0008659 secs]2019-03-15T15:43:30.359+0900: 8.499: [scrub string table, 0.0001963 secs][1 CMS-remark: 460196K(606612K)] 643953K(842580K), 0.0422854 secs] [Times: user=0.12 sys=0.00, real=0.04 secs] 
2019-03-15T15:43:30.359+0900: 8.499: Total time for which application threads were stopped: 0.0423498 seconds, Stopping threads took: 0.0000096 seconds
2019-03-15T15:43:30.359+0900: 8.499: Application time: 0.0001036 seconds
2019-03-15T15:43:30.361+0900: 8.501: Total time for which application threads were stopped: 0.0017613 seconds, Stopping threads took: 0.0017122 seconds
2019-03-15T15:43:30.361+0900: 8.501: Application time: 0.0000327 seconds
2019-03-15T15:43:30.361+0900: 8.501: Total time for which application threads were stopped: 0.0000308 seconds, Stopping threads took: 0.0000115 seconds
2019-03-15T15:43:30.361+0900: 8.501: Application time: 0.0000162 seconds
2019-03-15T15:43:30.361+0900: 8.501: Total time for which application threads were stopped: 0.0000243 seconds, Stopping threads took: 0.0000068 seconds
2019-03-15T15:43:30.361+0900: 8.501: Application time: 0.0001963 seconds
2019-03-15T15:43:30.361+0900: 8.501: Total time for which application threads were stopped: 0.0000364 seconds, Stopping threads took: 0.0000068 seconds
2019-03-15T15:43:30.362+0900: 8.502: [CMS-concurrent-sweep-start]
2019-03-15T15:43:30.544+0900: 8.684: Application time: 0.1825288 seconds
2019-03-15T15:43:30.544+0900: 8.684: [GC (Allocation Failure) 2019-03-15T15:43:30.544+0900: 8.684: [ParNew: 231749K->26176K(235968K), 0.0196475 secs] 536349K->333166K(842580K), 0.0197423 secs] [Times: user=0.06 sys=0.00, real=0.02 secs] 
2019-03-15T15:43:30.564+0900: 8.703: Total time for which application threads were stopped: 0.0199196 seconds, Stopping threads took: 0.0000386 seconds
2019-03-15T15:43:30.606+0900: 8.746: [CMS-concurrent-sweep: 0.224/0.244 secs] [Times: user=0.28 sys=0.00, real=0.24 secs] 
2019-03-15T15:43:30.606+0900: 8.746: [CMS-concurrent-reset-start]
2019-03-15T15:43:30.607+0900: 8.747: [CMS-concurrent-reset: 0.001/0.001 secs] [Times: user=0.00 sys=0.00, real=0.00 secs] 
2019-03-15T15:43:31.320+0900: 9.460: Application time: 0.7565196 seconds
2019-03-15T15:43:31.320+0900: 9.460: Total time for which application threads were stopped: 0.0000958 seconds, Stopping threads took: 0.0000283 seconds
2019-03-15T15:43:31.362+0900: 9.502: Application time: 0.0417588 seconds
2019-03-15T15:43:31.362+0900: 9.502: [GC (Allocation Failure) 2019-03-15T15:43:31.362+0900: 9.502: [ParNew: 235837K->26176K(235968K), 0.0704455 secs] 534611K->374516K(842580K), 0.0705425 secs] [Times: user=0.20 sys=0.00, real=0.07 secs] 
2019-03-15T15:43:31.433+0900: 9.573: Total time for which application threads were stopped: 0.0706660 seconds, Stopping threads took: 0.0000196 seconds
2019-03-15T15:43:32.249+0900: 10.388: Application time: 0.8159279 seconds
2019-03-15T15:43:32.250+0900: 10.389: [GC (Allocation Failure) 2019-03-15T15:43:32.250+0900: 10.389: [ParNew: 235968K->26176K(235968K), 0.0675763 secs] 584308K->416021K(842580K), 0.0676933 secs] [Times: user=0.20 sys=0.00, real=0.07 secs] 
2019-03-15T15:43:32.317+0900: 10.456: Total time for which application threads were stopped: 0.0679138 seconds, Stopping threads took: 0.0000765 seconds
2019-03-15T15:43:32.320+0900: 10.459: Application time: 0.0021983 seconds
2019-03-15T15:43:32.320+0900: 10.459: Total time for which application threads were stopped: 0.0000451 seconds, Stopping threads took: 0.0000156 seconds
2019-03-15T15:43:32.320+0900: 10.459: Application time: 0.0000267 seconds
2019-03-15T15:43:32.320+0900: 10.459: Total time for which application threads were stopped: 0.0000243 seconds, Stopping threads took: 0.0000081 seconds
2019-03-15T15:43:32.320+0900: 10.459: Application time: 0.0001275 seconds
2019-03-15T15:43:32.320+0900: 10.459: Total time for which application threads were stopped: 0.0000295 seconds, Stopping threads took: 0.0000075 seconds
2019-03-15T15:43:33.102+0900: 11.241: Application time: 0.7825595 seconds
2019-03-15T15:43:33.103+0900: 11.242: [GC (Allocation Failure) 2019-03-15T15:43:33.103+0900: 11.242: [ParNew: 235968K->23276K(235968K), 0.0396178 secs] 625813K->439793K(842580K), 0.0397919 secs] [Times: user=0.14 sys=0.00, real=0.04 secs] 
2019-03-15T15:43:33.142+0900: 11.281: Total time for which application threads were stopped: 0.0400420 seconds, Stopping threads took: 0.0000759 seconds
2019-03-15T15:43:33.319+0900: 11.458: Application time: 0.1768825 seconds
2019-03-15T15:43:33.319+0900: 11.458: Total time for which application threads were stopped: 0.0001204 seconds, Stopping threads took: 0.0000750 seconds
2019-03-15T15:43:33.964+0900: 12.103: Application time: 0.6450338 seconds
2019-03-15T15:43:33.964+0900: 12.104: [GC (Allocation Failure) 2019-03-15T15:43:33.964+0900: 12.104: [ParNew: 233068K->26176K(235968K), 0.0337917 secs] 649585K->443021K(842580K), 0.0338810 secs] [Times: user=0.06 sys=0.00, real=0.03 secs] 
2019-03-15T15:43:33.998+0900: 12.137: Total time for which application threads were stopped: 0.0340048 seconds, Stopping threads took: 0.0000236 seconds
2019-03-15T15:43:34.326+0900: 12.465: Application time: 0.3276490 seconds
2019-03-15T15:43:34.326+0900: 12.465: Total time for which application threads were stopped: 0.0000973 seconds, Stopping threads took: 0.0000327 seconds
2019-03-15T15:43:34.831+0900: 12.970: Application time: 0.5049863 seconds
2019-03-15T15:43:34.831+0900: 12.970: [GC (Allocation Failure) 2019-03-15T15:43:34.831+0900: 12.970: [ParNew: 235968K->26176K(235968K), 0.0840623 secs] 652813K->503226K(842580K), 0.0841689 secs] [Times: user=0.31 sys=0.00, real=0.08 secs] 
2019-03-15T15:43:34.915+0900: 13.055: Total time for which application threads were stopped: 0.0843363 seconds, Stopping threads took: 0.0000519 seconds
2019-03-15T15:43:34.915+0900: 13.055: Application time: 0.0000280 seconds
2019-03-15T15:43:34.917+0900: 13.056: [GC (CMS Initial Mark) [1 CMS-initial-mark: 477050K(606612K)] 507389K(842580K), 0.0069805 secs] [Times: user=0.00 sys=0.00, real=0.01 secs] 
2019-03-15T15:43:34.924+0900: 13.063: Total time for which application threads were stopped: 0.0082644 seconds, Stopping threads took: 0.0011962 seconds
2019-03-15T15:43:34.924+0900: 13.063: [CMS-concurrent-mark-start]
2019-03-15T15:43:35.134+0900: 13.273: [CMS-concurrent-mark: 0.210/0.210 secs] [Times: user=0.20 sys=0.00, real=0.21 secs] 
2019-03-15T15:43:35.134+0900: 13.273: [CMS-concurrent-preclean-start]
2019-03-15T15:43:35.135+0900: 13.274: [CMS-concurrent-preclean: 0.001/0.001 secs] [Times: user=0.00 sys=0.00, real=0.00 secs] 
2019-03-15T15:43:35.135+0900: 13.274: [CMS-concurrent-abortable-preclean-start]
2019-03-15T15:43:35.322+0900: 13.461: Application time: 0.3979437 seconds
2019-03-15T15:43:35.322+0900: 13.461: Total time for which application threads were stopped: 0.0000491 seconds, Stopping threads took: 0.0000156 seconds
2019-03-15T15:43:35.683+0900: 13.823: Application time: 0.3616722 seconds
2019-03-15T15:43:35.683+0900: 13.823: [GC (Allocation Failure) 2019-03-15T15:43:35.683+0900: 13.823: [ParNew: 235968K->18062K(235968K), 0.0378527 secs] 713018K->528053K(842580K), 0.0379236 secs] [Times: user=0.13 sys=0.00, real=0.04 secs] 
2019-03-15T15:43:35.721+0900: 13.861: Total time for which application threads were stopped: 0.0380480 seconds, Stopping threads took: 0.0000227 seconds
2019-03-15T15:43:36.237+0900: 14.376: [CMS-concurrent-abortable-preclean: 0.665/1.102 secs] [Times: user=0.87 sys=0.02, real=1.10 secs] 
2019-03-15T15:43:36.237+0900: 14.376: Application time: 0.5155000 seconds
2019-03-15T15:43:36.237+0900: 14.376: [GC (CMS Final Remark) [YG occupancy: 148723 K (235968 K)]2019-03-15T15:43:36.237+0900: 14.376: [Rescan (parallel) , 0.0516658 secs]2019-03-15T15:43:36.289+0900: 14.428: [weak refs processing, 0.0000339 secs]2019-03-15T15:43:36.289+0900: 14.428: [class unloading, 0.0011237 secs]2019-03-15T15:43:36.290+0900: 14.429: [scrub symbol table, 0.0008516 secs]2019-03-15T15:43:36.291+0900: 14.430: [scrub string table, 0.0001938 secs][1 CMS-remark: 509991K(606612K)] 658715K(842580K), 0.0540923 secs] [Times: user=0.20 sys=0.00, real=0.05 secs] 
2019-03-15T15:43:36.291+0900: 14.430: Total time for which application threads were stopped: 0.0542569 seconds, Stopping threads took: 0.0000855 seconds
2019-03-15T15:43:36.291+0900: 14.430: [CMS-concurrent-sweep-start]
2019-03-15T15:43:36.322+0900: 14.461: Application time: 0.0309185 seconds
2019-03-15T15:43:36.322+0900: 14.462: Total time for which application threads were stopped: 0.0003794 seconds, Stopping threads took: 0.0003281 seconds
2019-03-15T15:43:36.559+0900: 14.698: [CMS-concurrent-sweep: 0.267/0.268 secs] [Times: user=0.36 sys=0.00, real=0.27 secs] 
2019-03-15T15:43:36.559+0900: 14.698: [CMS-concurrent-reset-start]
2019-03-15T15:43:36.559+0900: 14.699: [CMS-concurrent-reset: 0.001/0.001 secs] [Times: user=0.00 sys=0.00, real=0.00 secs] 
2019-03-15T15:43:36.584+0900: 14.723: Application time: 0.2615245 seconds
2019-03-15T15:43:36.584+0900: 14.723: [GC (Allocation Failure) 2019-03-15T15:43:36.584+0900: 14.723: [ParNew: 227854K->6931K(235968K), 0.0035450 secs] 526751K->305829K(842580K), 0.0036318 secs] [Times: user=0.06 sys=0.00, real=0.00 secs] 
2019-03-15T15:43:36.588+0900: 14.727: Total time for which application threads were stopped: 0.0037898 seconds, Stopping threads took: 0.0000479 seconds
2019-03-15T15:43:37.327+0900: 15.467: Application time: 0.7397472 seconds
2019-03-15T15:43:37.328+0900: 15.467: Total time for which application threads were stopped: 0.0001938 seconds, Stopping threads took: 0.0000504 seconds
2019-03-15T15:43:37.450+0900: 15.590: Application time: 0.1226823 seconds
2019-03-15T15:43:37.450+0900: 15.590: [GC (Allocation Failure) 2019-03-15T15:43:37.450+0900: 15.590: [ParNew: 216723K->26176K(235968K), 0.0370571 secs] 515621K->344066K(842580K), 0.0371486 secs] [Times: user=0.13 sys=0.00, real=0.04 secs] 
2019-03-15T15:43:37.488+0900: 15.627: Total time for which application threads were stopped: 0.0372724 seconds, Stopping threads took: 0.0000323 seconds
2019-03-15T15:43:38.328+0900: 16.467: Application time: 0.8403433 seconds
2019-03-15T15:43:38.328+0900: 16.467: Total time for which application threads were stopped: 0.0001667 seconds, Stopping threads took: 0.0000694 seconds
2019-03-15T15:43:38.401+0900: 16.540: Application time: 0.0729029 seconds
2019-03-15T15:43:38.401+0900: 16.540: [GC (Allocation Failure) 2019-03-15T15:43:38.401+0900: 16.540: [ParNew: 235968K->22281K(235968K), 0.0481176 secs] 553858K->373584K(842580K), 0.0482022 secs] [Times: user=0.11 sys=0.00, real=0.05 secs] 
2019-03-15T15:43:38.449+0900: 16.589: Total time for which application threads were stopped: 0.0483584 seconds, Stopping threads took: 0.0000554 seconds
2019-03-15T15:43:39.322+0900: 17.461: Application time: 0.8723747 seconds
2019-03-15T15:43:39.322+0900: 17.461: [GC (Allocation Failure) 2019-03-15T15:43:39.322+0900: 17.461: [ParNew: 232073K->19339K(235968K), 0.0284534 secs] 583376K->370643K(842580K), 0.0288098 secs] [Times: user=0.13 sys=0.00, real=0.03 secs] 
2019-03-15T15:43:39.351+0900: 17.490: Total time for which application threads were stopped: 0.0290708 seconds, Stopping threads took: 0.0000379 seconds
2019-03-15T15:43:39.356+0900: 17.495: Application time: 0.0049014 seconds
2019-03-15T15:43:39.356+0900: 17.495: Total time for which application threads were stopped: 0.0001207 seconds, Stopping threads took: 0.0000370 seconds
2019-03-15T15:43:39.360+0900: 17.500: Application time: 0.0044068 seconds
2019-03-15T15:43:39.360+0900: 17.500: Total time for which application threads were stopped: 0.0000557 seconds, Stopping threads took: 0.0000221 seconds
2019-03-15T15:43:40.251+0900: 18.391: Application time: 0.8910505 seconds
2019-03-15T15:43:40.251+0900: 18.391: [GC (Allocation Failure) 2019-03-15T15:43:40.252+0900: 18.391: [ParNew: 229131K->11941K(235968K), 0.0401496 secs] 580435K->377035K(842580K), 0.0403347 secs] [Times: user=0.13 sys=0.02, real=0.04 secs] 
2019-03-15T15:43:40.292+0900: 18.431: Total time for which application threads were stopped: 0.0406152 seconds, Stopping threads took: 0.0000896 seconds
2019-03-15T15:43:40.325+0900: 18.464: Application time: 0.0327554 seconds
2019-03-15T15:43:40.325+0900: 18.464: Total time for which application threads were stopped: 0.0000949 seconds, Stopping threads took: 0.0000417 seconds
2019-03-15T15:43:41.168+0900: 19.307: Application time: 0.8431708 seconds
2019-03-15T15:43:41.168+0900: 19.308: [GC (Allocation Failure) 2019-03-15T15:43:41.168+0900: 19.308: [ParNew: 221733K->26176K(235968K), 0.0629200 secs] 586827K->410226K(842580K), 0.0630899 secs] [Times: user=0.25 sys=0.00, real=0.06 secs] 
2019-03-15T15:43:41.231+0900: 19.371: Total time for which application threads were stopped: 0.0633598 seconds, Stopping threads took: 0.0000877 seconds
2019-03-15T15:43:41.332+0900: 19.471: Application time: 0.1005995 seconds
2019-03-15T15:43:41.332+0900: 19.471: Total time for which application threads were stopped: 0.0001655 seconds, Stopping threads took: 0.0000504 seconds
2019-03-15T15:43:42.074+0900: 20.214: Application time: 0.7422795 seconds
2019-03-15T15:43:42.074+0900: 20.214: [GC (Allocation Failure) 2019-03-15T15:43:42.075+0900: 20.214: [ParNew: 235968K->20559K(235968K), 0.0430598 secs] 620018K->440537K(842580K), 0.0432396 secs] [Times: user=0.16 sys=0.00, real=0.04 secs] 
2019-03-15T15:43:42.118+0900: 20.257: Total time for which application threads were stopped: 0.0435124 seconds, Stopping threads took: 0.0000883 seconds
2019-03-15T15:43:42.329+0900: 20.469: Application time: 0.2113986 seconds
2019-03-15T15:43:42.329+0900: 20.469: Total time for which application threads were stopped: 0.0000600 seconds, Stopping threads took: 0.0000202 seconds
2019-03-15T15:43:42.989+0900: 21.129: Application time: 0.6599301 seconds
2019-03-15T15:43:42.989+0900: 21.129: [GC (Allocation Failure) 2019-03-15T15:43:42.989+0900: 21.129: [ParNew: 230351K->8578K(235968K), 0.0090631 secs] 650329K->428556K(842580K), 0.0092006 secs] [Times: user=0.05 sys=0.00, real=0.01 secs] 
2019-03-15T15:43:42.999+0900: 21.138: Total time for which application threads were stopped: 0.0094311 seconds, Stopping threads took: 0.0000482 seconds
2019-03-15T15:43:43.334+0900: 21.473: Application time: 0.3353673 seconds
2019-03-15T15:43:43.334+0900: 21.474: Total time for which application threads were stopped: 0.0002031 seconds, Stopping threads took: 0.0000519 seconds
2019-03-15T15:43:43.900+0900: 22.040: Application time: 0.5658934 seconds
2019-03-15T15:43:43.900+0900: 22.040: [GC (Allocation Failure) 2019-03-15T15:43:43.900+0900: 22.040: [ParNew: 218370K->26176K(235968K), 0.0156409 secs] 638348K->446154K(842580K), 0.0157398 secs] [Times: user=0.06 sys=0.00, real=0.02 secs] 
2019-03-15T15:43:43.916+0900: 22.056: Total time for which application threads were stopped: 0.0159112 seconds, Stopping threads took: 0.0000575 seconds
2019-03-15T15:43:44.334+0900: 22.474: Application time: 0.4184085 seconds
2019-03-15T15:43:44.334+0900: 22.474: Total time for which application threads were stopped: 0.0001922 seconds, Stopping threads took: 0.0000865 seconds
2019-03-15T15:43:44.813+0900: 22.953: Application time: 0.4789629 seconds
2019-03-15T15:43:44.814+0900: 22.953: [GC (Allocation Failure) 2019-03-15T15:43:44.814+0900: 22.953: [ParNew: 235968K->25570K(235968K), 0.0586021 secs] 655946K->478928K(842580K), 0.0587480 secs] [Times: user=0.20 sys=0.00, real=0.06 secs] 
2019-03-15T15:43:44.872+0900: 23.012: Total time for which application threads were stopped: 0.0590251 seconds, Stopping threads took: 0.0000949 seconds
2019-03-15T15:43:45.334+0900: 23.474: Application time: 0.4617594 seconds
2019-03-15T15:43:45.334+0900: 23.474: Total time for which application threads were stopped: 0.0002432 seconds, Stopping threads took: 0.0001325 seconds
2019-03-15T15:43:45.742+0900: 23.882: Application time: 0.4073526 seconds
2019-03-15T15:43:45.742+0900: 23.882: [GC (Allocation Failure) 2019-03-15T15:43:45.742+0900: 23.882: [ParNew: 235362K->15915K(235968K), 0.0357552 secs] 688720K->485825K(842580K), 0.0358874 secs] [Times: user=0.14 sys=0.00, real=0.04 secs] 
2019-03-15T15:43:45.778+0900: 23.918: Total time for which application threads were stopped: 0.0360976 seconds, Stopping threads took: 0.0000641 seconds
2019-03-15T15:43:46.349+0900: 24.489: Application time: 0.5709422 seconds
2019-03-15T15:43:46.349+0900: 24.489: Total time for which application threads were stopped: 0.0000846 seconds, Stopping threads took: 0.0000261 seconds
2019-03-15T15:43:46.685+0900: 24.825: Application time: 0.3358817 seconds
2019-03-15T15:43:46.685+0900: 24.825: [GC (Allocation Failure) 2019-03-15T15:43:46.685+0900: 24.825: [ParNew: 225707K->4152K(235968K), 0.0120489 secs] 695617K->474062K(842580K), 0.0123208 secs] [Times: user=0.06 sys=0.00, real=0.01 secs] 
2019-03-15T15:43:46.698+0900: 24.837: Total time for which application threads were stopped: 0.0128566 seconds, Stopping threads took: 0.0000740 seconds
2019-03-15T15:43:47.334+0900: 25.474: Application time: 0.6368720 seconds
2019-03-15T15:43:47.335+0900: 25.475: Total time for which application threads were stopped: 0.0002622 seconds, Stopping threads took: 0.0000575 seconds
2019-03-15T15:43:47.335+0900: 25.475: Application time: 0.0001235 seconds
2019-03-15T15:43:47.335+0900: 25.475: Total time for which application threads were stopped: 0.0002662 seconds, Stopping threads took: 0.0000603 seconds
2019-03-15T15:43:47.336+0900: 25.476: Application time: 0.0006936 seconds
2019-03-15T15:43:47.336+0900: 25.476: Total time for which application threads were stopped: 0.0002799 seconds, Stopping threads took: 0.0001670 seconds
2019-03-15T15:43:47.598+0900: 25.738: Application time: 0.2621298 seconds
2019-03-15T15:43:47.598+0900: 25.738: [GC (Allocation Failure) 2019-03-15T15:43:47.599+0900: 25.738: [ParNew: 213944K->26176K(235968K), 0.0545953 secs] 683854K->505466K(842580K), 0.0547747 secs] [Times: user=0.19 sys=0.02, real=0.06 secs] 
2019-03-15T15:43:47.653+0900: 25.793: Total time for which application threads were stopped: 0.0550503 seconds, Stopping threads took: 0.0000883 seconds
2019-03-15T15:43:48.333+0900: 26.473: Application time: 0.6797424 seconds
2019-03-15T15:43:48.333+0900: 26.473: Total time for which application threads were stopped: 0.0001141 seconds, Stopping threads took: 0.0000516 seconds
2019-03-15T15:43:48.496+0900: 26.636: Application time: 0.1630925 seconds
2019-03-15T15:43:48.496+0900: 26.636: [GC (Allocation Failure) 2019-03-15T15:43:48.496+0900: 26.636: [ParNew: 235968K->12366K(235968K), 0.0274674 secs] 715258K->523647K(842580K), 0.0275573 secs] [Times: user=0.08 sys=0.00, real=0.03 secs] 
2019-03-15T15:43:48.524+0900: 26.664: Total time for which application threads were stopped: 0.0276852 seconds, Stopping threads took: 0.0000323 seconds
2019-03-15T15:43:48.524+0900: 26.664: Application time: 0.0000896 seconds
2019-03-15T15:43:48.524+0900: 26.664: [GC (CMS Initial Mark) [1 CMS-initial-mark: 511280K(606612K)] 527822K(842580K), 0.0014724 secs] [Times: user=0.00 sys=0.00, real=0.00 secs] 
2019-03-15T15:43:48.526+0900: 26.666: Total time for which application threads were stopped: 0.0017134 seconds, Stopping threads took: 0.0001723 seconds
2019-03-15T15:43:48.526+0900: 26.666: [CMS-concurrent-mark-start]
2019-03-15T15:43:48.761+0900: 26.901: [CMS-concurrent-mark: 0.236/0.236 secs] [Times: user=0.23 sys=0.00, real=0.23 secs] 
2019-03-15T15:43:48.761+0900: 26.901: [CMS-concurrent-preclean-start]
2019-03-15T15:43:48.762+0900: 26.902: [CMS-concurrent-preclean: 0.001/0.001 secs] [Times: user=0.00 sys=0.00, real=0.00 secs] 
2019-03-15T15:43:48.762+0900: 26.902: [CMS-concurrent-abortable-preclean-start]
2019-03-15T15:43:49.333+0900: 27.472: Application time: 0.8068007 seconds
2019-03-15T15:43:49.334+0900: 27.473: [GC (Allocation Failure) 2019-03-15T15:43:49.334+0900: 27.473: [ParNew: 222158K->5023K(235968K), 0.0050031 secs] 733439K->516304K(842580K), 0.0051178 secs] [Times: user=0.00 sys=0.00, real=0.00 secs] 
2019-03-15T15:43:49.339+0900: 27.478: Total time for which application threads were stopped: 0.0054569 seconds, Stopping threads took: 0.0002239 seconds
2019-03-15T15:43:49.340+0900: 27.479: Application time: 0.0010065 seconds
2019-03-15T15:43:49.340+0900: 27.479: Total time for which application threads were stopped: 0.0000722 seconds, Stopping threads took: 0.0000345 seconds
2019-03-15T15:43:49.342+0900: 27.481: Application time: 0.0023566 seconds
2019-03-15T15:43:49.342+0900: 27.481: Total time for which application threads were stopped: 0.0000532 seconds, Stopping threads took: 0.0000218 seconds
2019-03-15T15:43:49.962+0900: 28.101: [CMS-concurrent-abortable-preclean: 0.474/1.199 secs] [Times: user=0.59 sys=0.00, real=1.20 secs] 
2019-03-15T15:43:49.962+0900: 28.101: Application time: 0.6194610 seconds
2019-03-15T15:43:49.962+0900: 28.101: [GC (CMS Final Remark) [YG occupancy: 170192 K (235968 K)]2019-03-15T15:43:49.962+0900: 28.101: [Rescan (parallel) , 0.0566555 secs]2019-03-15T15:43:50.019+0900: 28.158: [weak refs processing, 0.0000211 secs]2019-03-15T15:43:50.019+0900: 28.158: [class unloading, 0.0012136 secs]2019-03-15T15:43:50.020+0900: 28.159: [scrub symbol table, 0.0008531 secs]2019-03-15T15:43:50.021+0900: 28.160: [scrub string table, 0.0001991 secs][1 CMS-remark: 511280K(606612K)] 681472K(842580K), 0.0591464 secs] [Times: user=0.23 sys=0.00, real=0.06 secs] 
2019-03-15T15:43:50.021+0900: 28.160: Total time for which application threads were stopped: 0.0593200 seconds, Stopping threads took: 0.0000877 seconds
2019-03-15T15:43:50.021+0900: 28.160: [CMS-concurrent-sweep-start]
2019-03-15T15:43:50.182+0900: 28.321: Application time: 0.1607462 seconds
2019-03-15T15:43:50.182+0900: 28.321: [GC (Allocation Failure) 2019-03-15T15:43:50.182+0900: 28.321: [ParNew: 214815K->26176K(235968K), 0.0156524 secs] 582958K->394357K(842580K), 0.0157529 secs] [Times: user=0.06 sys=0.00, real=0.02 secs] 
2019-03-15T15:43:50.198+0900: 28.337: Total time for which application threads were stopped: 0.0159274 seconds, Stopping threads took: 0.0000703 seconds
2019-03-15T15:43:50.308+0900: 28.447: [CMS-concurrent-sweep: 0.271/0.287 secs] [Times: user=0.33 sys=0.00, real=0.29 secs] 
2019-03-15T15:43:50.309+0900: 28.448: [CMS-concurrent-reset-start]
2019-03-15T15:43:50.309+0900: 28.448: [CMS-concurrent-reset: 0.001/0.001 secs] [Times: user=0.00 sys=0.00, real=0.00 secs] 
2019-03-15T15:43:50.335+0900: 28.474: Application time: 0.1367301 seconds
2019-03-15T15:43:50.335+0900: 28.474: Total time for which application threads were stopped: 0.0001446 seconds, Stopping threads took: 0.0000914 seconds
2019-03-15T15:43:51.041+0900: 29.180: Application time: 0.7059222 seconds
2019-03-15T15:43:51.041+0900: 29.180: [GC (Allocation Failure) 2019-03-15T15:43:51.041+0900: 29.180: [ParNew: 235968K->18274K(235968K), 0.0412690 secs] 533678K->349042K(842580K), 0.0413819 secs] [Times: user=0.14 sys=0.00, real=0.04 secs] 
2019-03-15T15:43:51.082+0900: 29.221: Total time for which application threads were stopped: 0.0415610 seconds, Stopping threads took: 0.0000491 seconds
2019-03-15T15:43:51.336+0900: 29.475: Application time: 0.2536592 seconds
2019-03-15T15:43:51.336+0900: 29.475: Total time for which application threads were stopped: 0.0001120 seconds, Stopping threads took: 0.0000454 seconds
2019-03-15T15:43:51.930+0900: 30.069: Application time: 0.5942923 seconds
2019-03-15T15:43:51.930+0900: 30.069: [GC (Allocation Failure) 2019-03-15T15:43:51.930+0900: 30.069: [ParNew: 228066K->15110K(235968K), 0.0093850 secs] 558834K->345877K(842580K), 0.0095001 secs] [Times: user=0.06 sys=0.00, real=0.01 secs] 
2019-03-15T15:43:51.940+0900: 30.079: Total time for which application threads were stopped: 0.0096615 seconds, Stopping threads took: 0.0000261 seconds
2019-03-15T15:43:52.339+0900: 30.478: Application time: 0.3994782 seconds
2019-03-15T15:43:52.340+0900: 30.479: Total time for which application threads were stopped: 0.0003263 seconds, Stopping threads took: 0.0001941 seconds
2019-03-15T15:43:52.810+0900: 30.949: Application time: 0.4702885 seconds
2019-03-15T15:43:52.810+0900: 30.949: [GC (Allocation Failure) 2019-03-15T15:43:52.810+0900: 30.949: [ParNew: 224902K->11706K(235968K), 0.0213086 secs] 555669K->342474K(842580K), 0.0215985 secs] [Times: user=0.08 sys=0.02, real=0.02 secs] 
2019-03-15T15:43:52.832+0900: 30.971: Total time for which application threads were stopped: 0.0218750 seconds, Stopping threads took: 0.0000756 seconds
2019-03-15T15:43:53.339+0900: 31.478: Application time: 0.5069479 seconds
2019-03-15T15:43:53.339+0900: 31.478: Total time for which application threads were stopped: 0.0000790 seconds, Stopping threads took: 0.0000373 seconds
2019-03-15T15:43:53.683+0900: 31.822: Application time: 0.3440958 seconds
2019-03-15T15:43:53.683+0900: 31.822: [GC (Allocation Failure) 2019-03-15T15:43:53.683+0900: 31.822: [ParNew: 221498K->26176K(235968K), 0.0396918 secs] 552266K->357845K(842580K), 0.0398451 secs] [Times: user=0.17 sys=0.00, real=0.04 secs] 
2019-03-15T15:43:53.723+0900: 31.862: Total time for which application threads were stopped: 0.0401272 seconds, Stopping threads took: 0.0000712 seconds
2019-03-15T15:43:54.338+0900: 32.477: Application time: 0.6148331 seconds
2019-03-15T15:43:54.338+0900: 32.477: Total time for which application threads were stopped: 0.0000812 seconds, Stopping threads took: 0.0000426 seconds
2019-03-15T15:43:54.557+0900: 32.696: Application time: 0.2187757 seconds
2019-03-15T15:43:54.557+0900: 32.696: [GC (Allocation Failure) 2019-03-15T15:43:54.557+0900: 32.696: [ParNew: 235968K->20691K(235968K), 0.0405826 secs] 567637K->384558K(842580K), 0.0407437 secs] [Times: user=0.17 sys=0.00, real=0.04 secs] 
2019-03-15T15:43:54.598+0900: 32.737: Total time for which application threads were stopped: 0.0409604 seconds, Stopping threads took: 0.0000467 seconds
2019-03-15T15:43:55.339+0900: 33.478: Application time: 0.7414902 seconds
2019-03-15T15:43:55.339+0900: 33.478: Total time for which application threads were stopped: 0.0000964 seconds, Stopping threads took: 0.0000386 seconds
2019-03-15T15:43:55.476+0900: 33.615: Application time: 0.1369951 seconds
2019-03-15T15:43:55.476+0900: 33.616: [GC (Allocation Failure) 2019-03-15T15:43:55.476+0900: 33.616: [ParNew: 230483K->5736K(235968K), 0.0028664 secs] 594350K->369603K(842580K), 0.0029674 secs] [Times: user=0.06 sys=0.00, real=0.00 secs] 
2019-03-15T15:43:55.479+0900: 33.619: Total time for which application threads were stopped: 0.0031329 seconds, Stopping threads took: 0.0000420 seconds
2019-03-15T15:43:56.340+0900: 34.479: Application time: 0.8604589 seconds
2019-03-15T15:43:56.342+0900: 34.481: Total time for which application threads were stopped: 0.0018524 seconds, Stopping threads took: 0.0017905 seconds
2019-03-15T15:43:56.364+0900: 34.503: Application time: 0.0220317 seconds
2019-03-15T15:43:56.364+0900: 34.503: [GC (Allocation Failure) 2019-03-15T15:43:56.364+0900: 34.503: [ParNew: 215528K->18259K(235968K), 0.0182168 secs] 579395K->382126K(842580K), 0.0183399 secs] [Times: user=0.05 sys=0.00, real=0.02 secs] 
2019-03-15T15:43:56.382+0900: 34.521: Total time for which application threads were stopped: 0.0185433 seconds, Stopping threads took: 0.0000398 seconds
2019-03-15T15:43:57.238+0900: 35.377: Application time: 0.8559836 seconds
2019-03-15T15:43:57.238+0900: 35.378: [GC (Allocation Failure) 2019-03-15T15:43:57.238+0900: 35.378: [ParNew: 228051K->8161K(235968K), 0.0275284 secs] 591918K->394096K(842580K), 0.0276366 secs] [Times: user=0.13 sys=0.00, real=0.03 secs] 
2019-03-15T15:43:57.266+0900: 35.405: Total time for which application threads were stopped: 0.0277993 seconds, Stopping threads took: 0.0000401 seconds
2019-03-15T15:43:57.341+0900: 35.480: Application time: 0.0746651 seconds
2019-03-15T15:43:57.341+0900: 35.480: Total time for which application threads were stopped: 0.0001023 seconds, Stopping threads took: 0.0000473 seconds
2019-03-15T15:43:58.134+0900: 36.274: Application time: 0.7936396 seconds
2019-03-15T15:43:58.134+0900: 36.274: [GC (Allocation Failure) 2019-03-15T15:43:58.135+0900: 36.274: [ParNew: 217953K->3445K(235968K), 0.0066297 secs] 603888K->389380K(842580K), 0.0067834 secs] [Times: user=0.00 sys=0.00, real=0.01 secs] 
2019-03-15T15:43:58.141+0900: 36.281: Total time for which application threads were stopped: 0.0070378 seconds, Stopping threads took: 0.0000585 seconds
2019-03-15T15:43:58.341+0900: 36.481: Application time: 0.2001326 seconds
2019-03-15T15:43:58.342+0900: 36.481: Total time for which application threads were stopped: 0.0001474 seconds, Stopping threads took: 0.0000681 seconds
2019-03-15T15:43:59.023+0900: 37.163: Application time: 0.6817764 seconds
2019-03-15T15:43:59.024+0900: 37.163: [GC (Allocation Failure) 2019-03-15T15:43:59.024+0900: 37.163: [ParNew: 213237K->3348K(235968K), 0.0138948 secs] 599172K->389282K(842580K), 0.0140911 secs] [Times: user=0.06 sys=0.00, real=0.01 secs] 
2019-03-15T15:43:59.038+0900: 37.177: Total time for which application threads were stopped: 0.0144117 seconds, Stopping threads took: 0.0000759 seconds
2019-03-15T15:43:59.341+0900: 37.480: Application time: 0.3030638 seconds
2019-03-15T15:43:59.341+0900: 37.480: Total time for which application threads were stopped: 0.0000918 seconds, Stopping threads took: 0.0000467 seconds
2019-03-15T15:43:59.343+0900: 37.482: Application time: 0.0017834 seconds
2019-03-15T15:43:59.343+0900: 37.482: Total time for which application threads were stopped: 0.0000666 seconds, Stopping threads took: 0.0000411 seconds
2019-03-15T15:43:59.890+0900: 38.029: Application time: 0.5469516 seconds
2019-03-15T15:43:59.890+0900: 38.029: [GC (Allocation Failure) 2019-03-15T15:43:59.890+0900: 38.029: [ParNew: 213140K->14357K(235968K), 0.0248334 secs] 599074K->400292K(842580K), 0.0249976 secs] [Times: user=0.13 sys=0.00, real=0.02 secs] 
2019-03-15T15:43:59.915+0900: 38.054: Total time for which application threads were stopped: 0.0252586 seconds, Stopping threads took: 0.0000718 seconds
2019-03-15T15:44:00.341+0900: 38.481: Application time: 0.4264145 seconds
2019-03-15T15:44:00.342+0900: 38.481: Total time for which application threads were stopped: 0.0001207 seconds, Stopping threads took: 0.0000383 seconds
2019-03-15T15:44:00.746+0900: 38.886: Application time: 0.4049693 seconds
2019-03-15T15:44:00.747+0900: 38.886: [GC (Allocation Failure) 2019-03-15T15:44:00.747+0900: 38.886: [ParNew: 224149K->9996K(235968K), 0.0234584 secs] 610084K->412482K(842580K), 0.0235893 secs] [Times: user=0.13 sys=0.00, real=0.02 secs] 
2019-03-15T15:44:00.770+0900: 38.910: Total time for which application threads were stopped: 0.0237931 seconds, Stopping threads took: 0.0000544 seconds
2019-03-15T15:44:01.341+0900: 39.480: Application time: 0.5704022 seconds
2019-03-15T15:44:01.341+0900: 39.480: Total time for which application threads were stopped: 0.0000933 seconds, Stopping threads took: 0.0000460 seconds
2019-03-15T15:44:01.599+0900: 39.738: Application time: 0.2578825 seconds
2019-03-15T15:44:01.599+0900: 39.738: [GC (Allocation Failure) 2019-03-15T15:44:01.599+0900: 39.738: [ParNew: 219788K->4031K(235968K), 0.0041888 secs] 622274K->406517K(842580K), 0.0042952 secs] [Times: user=0.00 sys=0.00, real=0.00 secs] 
2019-03-15T15:44:01.603+0900: 39.743: Total time for which application threads were stopped: 0.0044547 seconds, Stopping threads took: 0.0000395 seconds
2019-03-15T15:44:02.341+0900: 40.481: Application time: 0.7379106 seconds
2019-03-15T15:44:02.341+0900: 40.481: Total time for which application threads were stopped: 0.0001266 seconds, Stopping threads took: 0.0000890 seconds
2019-03-15T15:44:02.425+0900: 40.565: Application time: 0.0839204 seconds
2019-03-15T15:44:02.425+0900: 40.565: [GC (Allocation Failure) 2019-03-15T15:44:02.425+0900: 40.565: [ParNew: 213823K->21992K(235968K), 0.0219005 secs] 616309K->424478K(842580K), 0.0220678 secs] [Times: user=0.06 sys=0.00, real=0.02 secs] 
2019-03-15T15:44:02.447+0900: 40.587: Total time for which application threads were stopped: 0.0223328 seconds, Stopping threads took: 0.0000762 seconds
2019-03-15T15:44:03.329+0900: 41.469: Application time: 0.8818841 seconds
2019-03-15T15:44:03.329+0900: 41.469: [GC (Allocation Failure) 2019-03-15T15:44:03.329+0900: 41.469: [ParNew: 231784K->6731K(235968K), 0.0410068 secs] 634270K->434042K(842580K), 0.0411315 secs] [Times: user=0.12 sys=0.00, real=0.04 secs] 
2019-03-15T15:44:03.370+0900: 41.510: Total time for which application threads were stopped: 0.0413343 seconds, Stopping threads took: 0.0000625 seconds
2019-03-15T15:44:03.372+0900: 41.512: Application time: 0.0015308 seconds
2019-03-15T15:44:03.372+0900: 41.512: Total time for which application threads were stopped: 0.0002146 seconds, Stopping threads took: 0.0001639 seconds
2019-03-15T15:44:04.239+0900: 42.379: Application time: 0.8667225 seconds
2019-03-15T15:44:04.239+0900: 42.379: [GC (Allocation Failure) 2019-03-15T15:44:04.239+0900: 42.379: [ParNew: 216523K->2846K(235968K), 0.0064145 secs] 643834K->430156K(842580K), 0.0066291 secs] [Times: user=0.05 sys=0.00, real=0.01 secs] 
2019-03-15T15:44:04.246+0900: 42.386: Total time for which application threads were stopped: 0.0070281 seconds, Stopping threads took: 0.0000728 seconds
2019-03-15T15:44:04.345+0900: 42.485: Application time: 0.0995225 seconds
2019-03-15T15:44:04.347+0900: 42.486: Total time for which application threads were stopped: 0.0011816 seconds, Stopping threads took: 0.0010509 seconds
2019-03-15T15:44:05.142+0900: 43.282: Application time: 0.7956606 seconds
2019-03-15T15:44:05.142+0900: 43.282: [GC (Allocation Failure) 2019-03-15T15:44:05.142+0900: 43.282: [ParNew: 212638K->6613K(235968K), 0.0105451 secs] 639948K->433923K(842580K), 0.0106879 secs] [Times: user=0.06 sys=0.00, real=0.01 secs] 
2019-03-15T15:44:05.153+0900: 43.293: Total time for which application threads were stopped: 0.0109199 seconds, Stopping threads took: 0.0000557 seconds
2019-03-15T15:44:05.346+0900: 43.486: Application time: 0.1927660 seconds
2019-03-15T15:44:05.346+0900: 43.486: Total time for which application threads were stopped: 0.0001512 seconds, Stopping threads took: 0.0000697 seconds
2019-03-15T15:44:06.028+0900: 44.168: Application time: 0.6818648 seconds
2019-03-15T15:44:06.028+0900: 44.168: [GC (Allocation Failure) 2019-03-15T15:44:06.028+0900: 44.168: [ParNew: 216405K->20177K(235968K), 0.0127851 secs] 643715K->447487K(842580K), 0.0128881 secs] [Times: user=0.06 sys=0.00, real=0.01 secs] 
2019-03-15T15:44:06.041+0900: 44.181: Total time for which application threads were stopped: 0.0130324 seconds, Stopping threads took: 0.0000330 seconds
2019-03-15T15:44:06.350+0900: 44.490: Application time: 0.3090634 seconds
2019-03-15T15:44:06.350+0900: 44.490: Total time for which application threads were stopped: 0.0001648 seconds, Stopping threads took: 0.0000516 seconds
2019-03-15T15:44:06.922+0900: 45.061: Application time: 0.5710734 seconds
2019-03-15T15:44:06.922+0900: 45.061: [GC (Allocation Failure) 2019-03-15T15:44:06.923+0900: 45.061: [ParNew: 229969K->14816K(235968K), 0.0462997 secs] 657279K->464195K(842580K), 0.0464608 secs] [Times: user=0.19 sys=0.00, real=0.05 secs] 
2019-03-15T15:44:06.969+0900: 45.108: Total time for which application threads were stopped: 0.0467249 seconds, Stopping threads took: 0.0000896 seconds
2019-03-15T15:44:07.350+0900: 45.489: Application time: 0.3809287 seconds
2019-03-15T15:44:07.350+0900: 45.489: Total time for which application threads were stopped: 0.0002513 seconds, Stopping threads took: 0.0000697 seconds
2019-03-15T15:44:07.350+0900: 45.489: Application time: 0.0000980 seconds
2019-03-15T15:44:07.350+0900: 45.489: Total time for which application threads were stopped: 0.0002249 seconds, Stopping threads took: 0.0000662 seconds
2019-03-15T15:44:07.351+0900: 45.490: Application time: 0.0005390 seconds
2019-03-15T15:44:07.351+0900: 45.490: Total time for which application threads were stopped: 0.0001549 seconds, Stopping threads took: 0.0000672 seconds
2019-03-15T15:44:07.834+0900: 45.973: Application time: 0.4830852 seconds
2019-03-15T15:44:07.835+0900: 45.973: [GC (Allocation Failure) 2019-03-15T15:44:07.835+0900: 45.974: [ParNew: 224608K->5274K(235968K), 0.0154966 secs] 673987K->454653K(842580K), 0.0157529 secs] [Times: user=0.06 sys=0.00, real=0.01 secs] 
2019-03-15T15:44:07.850+0900: 45.989: Total time for which application threads were stopped: 0.0161625 seconds, Stopping threads took: 0.0000886 seconds
2019-03-15T15:44:08.349+0900: 46.488: Application time: 0.4989068 seconds
2019-03-15T15:44:08.350+0900: 46.488: Total time for which application threads were stopped: 0.0001829 seconds, Stopping threads took: 0.0000625 seconds
2019-03-15T15:44:08.699+0900: 46.838: Application time: 0.3499551 seconds
2019-03-15T15:44:08.700+0900: 46.839: [GC (Allocation Failure) 2019-03-15T15:44:08.700+0900: 46.839: [ParNew: 215066K->23300K(235968K), 0.0197190 secs] 664445K->472679K(842580K), 0.0198275 secs] [Times: user=0.06 sys=0.00, real=0.02 secs] 
2019-03-15T15:44:08.719+0900: 46.858: Total time for which application threads were stopped: 0.0199918 seconds, Stopping threads took: 0.0000339 seconds
2019-03-15T15:44:09.352+0900: 47.491: Application time: 0.6326806 seconds
2019-03-15T15:44:09.352+0900: 47.491: Total time for which application threads were stopped: 0.0001424 seconds, Stopping threads took: 0.0000594 seconds
2019-03-15T15:44:09.355+0900: 47.494: Application time: 0.0031186 seconds
2019-03-15T15:44:09.356+0900: 47.495: Total time for which application threads were stopped: 0.0001151 seconds, Stopping threads took: 0.0000572 seconds
2019-03-15T15:44:09.608+0900: 47.747: Application time: 0.2525864 seconds
2019-03-15T15:44:09.608+0900: 47.747: [GC (Allocation Failure) 2019-03-15T15:44:09.608+0900: 47.747: [ParNew: 233092K->14400K(235968K), 0.0424987 secs] 682471K->491362K(842580K), 0.0426443 secs] [Times: user=0.17 sys=0.00, real=0.04 secs] 
2019-03-15T15:44:09.651+0900: 47.790: Total time for which application threads were stopped: 0.0428978 seconds, Stopping threads took: 0.0000715 seconds
2019-03-15T15:44:10.349+0900: 48.488: Application time: 0.6984294 seconds
2019-03-15T15:44:10.350+0900: 48.489: Total time for which application threads were stopped: 0.0001213 seconds, Stopping threads took: 0.0000610 seconds
2019-03-15T15:44:10.525+0900: 48.664: Application time: 0.1752223 seconds
2019-03-15T15:44:10.525+0900: 48.664: [GC (Allocation Failure) 2019-03-15T15:44:10.525+0900: 48.664: [ParNew: 224192K->4139K(235968K), 0.0065221 secs] 701154K->481101K(842580K), 0.0067056 secs] [Times: user=0.06 sys=0.00, real=0.01 secs] 
2019-03-15T15:44:10.532+0900: 48.671: Total time for which application threads were stopped: 0.0070008 seconds, Stopping threads took: 0.0000855 seconds
2019-03-15T15:44:11.351+0900: 49.490: Application time: 0.8195165 seconds
2019-03-15T15:44:11.351+0900: 49.490: Total time for which application threads were stopped: 0.0001431 seconds, Stopping threads took: 0.0000650 seconds
2019-03-15T15:44:11.417+0900: 49.556: Application time: 0.0658321 seconds
2019-03-15T15:44:11.417+0900: 49.556: [GC (Allocation Failure) 2019-03-15T15:44:11.417+0900: 49.556: [ParNew: 213931K->7348K(235968K), 0.0078589 secs] 690893K->484310K(842580K), 0.0079811 secs] [Times: user=0.06 sys=0.00, real=0.01 secs] 
2019-03-15T15:44:11.425+0900: 49.564: Total time for which application threads were stopped: 0.0081562 seconds, Stopping threads took: 0.0000411 seconds
2019-03-15T15:44:12.281+0900: 50.420: Application time: 0.8554766 seconds
2019-03-15T15:44:12.281+0900: 50.420: [GC (Allocation Failure) 2019-03-15T15:44:12.281+0900: 50.420: [ParNew: 217140K->16366K(235968K), 0.0283060 secs] 694102K->493329K(842580K), 0.0284876 secs] [Times: user=0.06 sys=0.00, real=0.03 secs] 
2019-03-15T15:44:12.310+0900: 50.449: Total time for which application threads were stopped: 0.0288848 seconds, Stopping threads took: 0.0001471 seconds
2019-03-15T15:44:12.350+0900: 50.489: Application time: 0.0405222 seconds
2019-03-15T15:44:12.350+0900: 50.489: Total time for which application threads were stopped: 0.0001138 seconds, Stopping threads took: 0.0000641 seconds
2019-03-15T15:44:13.279+0900: 51.418: Application time: 0.9287875 seconds
2019-03-15T15:44:13.279+0900: 51.419: [GC (Allocation Failure) 2019-03-15T15:44:13.279+0900: 51.419: [ParNew: 226158K->14736K(235968K), 0.0436707 secs] 703121K->499977K(842580K), 0.0438402 secs] [Times: user=0.13 sys=0.00, real=0.04 secs] 
2019-03-15T15:44:13.323+0900: 51.462: Total time for which application threads were stopped: 0.0441338 seconds, Stopping threads took: 0.0000880 seconds
2019-03-15T15:44:13.351+0900: 51.490: Application time: 0.0273726 seconds
2019-03-15T15:44:13.351+0900: 51.490: Total time for which application threads were stopped: 0.0000768 seconds, Stopping threads took: 0.0000249 seconds
2019-03-15T15:44:14.258+0900: 52.397: Application time: 0.9070351 seconds
2019-03-15T15:44:14.258+0900: 52.397: [GC (Allocation Failure) 2019-03-15T15:44:14.258+0900: 52.397: [ParNew: 224528K->12521K(235968K), 0.0188478 secs] 709769K->497762K(842580K), 0.0190083 secs] [Times: user=0.13 sys=0.00, real=0.02 secs] 
2019-03-15T15:44:14.277+0900: 52.416: Total time for which application threads were stopped: 0.0192578 seconds, Stopping threads took: 0.0000619 seconds
2019-03-15T15:44:14.353+0900: 52.492: Application time: 0.0763045 seconds
2019-03-15T15:44:14.353+0900: 52.493: Total time for which application threads were stopped: 0.0002205 seconds, Stopping threads took: 0.0000818 seconds
2019-03-15T15:44:15.267+0900: 53.406: Application time: 0.9132567 seconds
2019-03-15T15:44:15.267+0900: 53.406: [GC (Allocation Failure) 2019-03-15T15:44:15.267+0900: 53.406: [ParNew: 222313K->26176K(235968K), 0.0287034 secs] 707554K->511907K(842580K), 0.0288319 secs] [Times: user=0.13 sys=0.00, real=0.03 secs] 
2019-03-15T15:44:15.296+0900: 53.435: Total time for which application threads were stopped: 0.0290375 seconds, Stopping threads took: 0.0000491 seconds
2019-03-15T15:44:15.351+0900: 53.491: Application time: 0.0556260 seconds
2019-03-15T15:44:15.351+0900: 53.491: Total time for which application threads were stopped: 0.0000921 seconds, Stopping threads took: 0.0000404 seconds
2019-03-15T15:44:16.264+0900: 54.403: Application time: 0.9123094 seconds
2019-03-15T15:44:16.264+0900: 54.403: [GC (Allocation Failure) 2019-03-15T15:44:16.264+0900: 54.403: [ParNew: 235968K->19274K(235968K), 0.0461476 secs] 721699K->532097K(842580K), 0.0463094 secs] [Times: user=0.19 sys=0.00, real=0.05 secs] 
2019-03-15T15:44:16.310+0900: 54.450: Total time for which application threads were stopped: 0.0465862 seconds, Stopping threads took: 0.0000886 seconds
2019-03-15T15:44:16.352+0900: 54.491: Application time: 0.0417414 seconds
2019-03-15T15:44:16.352+0900: 54.491: Total time for which application threads were stopped: 0.0000796 seconds, Stopping threads took: 0.0000414 seconds
2019-03-15T15:44:17.243+0900: 55.383: Application time: 0.8913102 seconds
2019-03-15T15:44:17.244+0900: 55.383: [GC (Allocation Failure) 2019-03-15T15:44:17.244+0900: 55.383: [ParNew: 229066K->5193K(235968K), 0.0110139 secs] 741889K->518016K(842580K), 0.0113177 secs] [Times: user=0.00 sys=0.00, real=0.01 secs] 
2019-03-15T15:44:17.255+0900: 55.394: Total time for which application threads were stopped: 0.0116676 seconds, Stopping threads took: 0.0000871 seconds
2019-03-15T15:44:17.355+0900: 55.494: Application time: 0.0995262 seconds
2019-03-15T15:44:17.355+0900: 55.494: Total time for which application threads were stopped: 0.0001216 seconds, Stopping threads took: 0.0000351 seconds
2019-03-15T15:44:18.182+0900: 56.321: Application time: 0.8273666 seconds
2019-03-15T15:44:18.182+0900: 56.322: [GC (Allocation Failure) 2019-03-15T15:44:18.182+0900: 56.322: [ParNew: 214985K->16174K(235968K), 0.0263384 secs] 727808K->528998K(842580K), 0.0264893 secs] [Times: user=0.12 sys=0.00, real=0.03 secs] 
2019-03-15T15:44:18.209+0900: 56.348: Total time for which application threads were stopped: 0.0267123 seconds, Stopping threads took: 0.0000644 seconds
2019-03-15T15:44:18.354+0900: 56.493: Application time: 0.1450213 seconds
2019-03-15T15:44:18.354+0900: 56.493: Total time for which application threads were stopped: 0.0001169 seconds, Stopping threads took: 0.0000628 seconds
2019-03-15T15:44:19.149+0900: 57.289: Application time: 0.7952395 seconds
2019-03-15T15:44:19.149+0900: 57.289: [GC (Allocation Failure) 2019-03-15T15:44:19.149+0900: 57.289: [ParNew: 225966K->11505K(235968K), 0.0336835 secs] 738790K->543637K(842580K), 0.0338104 secs] [Times: user=0.13 sys=0.00, real=0.03 secs] 
2019-03-15T15:44:19.183+0900: 57.323: Total time for which application threads were stopped: 0.0340126 seconds, Stopping threads took: 0.0000603 seconds
2019-03-15T15:44:19.355+0900: 57.494: Application time: 0.1716506 seconds
2019-03-15T15:44:19.355+0900: 57.494: Total time for which application threads were stopped: 0.0001079 seconds, Stopping threads took: 0.0000336 seconds
2019-03-15T15:44:19.358+0900: 57.497: Application time: 0.0030321 seconds
2019-03-15T15:44:19.358+0900: 57.498: Total time for which application threads were stopped: 0.0001288 seconds, Stopping threads took: 0.0000454 seconds
2019-03-15T15:44:20.134+0900: 58.273: Application time: 0.7755292 seconds
2019-03-15T15:44:20.134+0900: 58.273: [GC (Allocation Failure) 2019-03-15T15:44:20.134+0900: 58.273: [ParNew: 221297K->7204K(235968K), 0.0046868 secs] 753429K->539337K(842580K), 0.0047763 secs] [Times: user=0.00 sys=0.00, real=0.00 secs] 
2019-03-15T15:44:20.138+0900: 58.278: Total time for which application threads were stopped: 0.0049443 seconds, Stopping threads took: 0.0000597 seconds
2019-03-15T15:44:20.354+0900: 58.494: Application time: 0.2155626 seconds
2019-03-15T15:44:20.354+0900: 58.494: Total time for which application threads were stopped: 0.0001393 seconds, Stopping threads took: 0.0000715 seconds
2019-03-15T15:44:21.086+0900: 59.226: Application time: 0.7322706 seconds
2019-03-15T15:44:21.087+0900: 59.226: [GC (Allocation Failure) 2019-03-15T15:44:21.087+0900: 59.226: [ParNew: 216996K->7617K(235968K), 0.0136442 secs] 749129K->539749K(842580K), 0.0137978 secs] [Times: user=0.06 sys=0.00, real=0.01 secs] 
2019-03-15T15:44:21.100+0900: 59.240: Total time for which application threads were stopped: 0.0140500 seconds, Stopping threads took: 0.0000429 seconds
2019-03-15T15:44:21.355+0900: 59.494: Application time: 0.2544059 seconds
2019-03-15T15:44:21.355+0900: 59.495: Total time for which application threads were stopped: 0.0000896 seconds, Stopping threads took: 0.0000407 seconds
2019-03-15T15:44:22.024+0900: 60.163: Application time: 0.6687665 seconds
2019-03-15T15:44:22.024+0900: 60.163: [GC (Allocation Failure) 2019-03-15T15:44:22.024+0900: 60.164: [ParNew: 217409K->18329K(235968K), 0.0244932 secs] 749541K->550461K(842580K), 0.0246238 secs] [Times: user=0.13 sys=0.00, real=0.02 secs] 
2019-03-15T15:44:22.049+0900: 60.188: Total time for which application threads were stopped: 0.0248132 seconds, Stopping threads took: 0.0000544 seconds
2019-03-15T15:44:22.356+0900: 60.496: Application time: 0.3076675 seconds
2019-03-15T15:44:22.356+0900: 60.496: Total time for which application threads were stopped: 0.0001446 seconds, Stopping threads took: 0.0000513 seconds
2019-03-15T15:44:22.996+0900: 61.136: Application time: 0.6399859 seconds
2019-03-15T15:44:22.996+0900: 61.136: [GC (Allocation Failure) 2019-03-15T15:44:22.997+0900: 61.136: [ParNew: 228121K->9827K(235968K), 0.0504612 secs] 760253K->564028K(842580K), 0.0506123 secs] [Times: user=0.16 sys=0.03, real=0.05 secs] 
2019-03-15T15:44:23.047+0900: 61.187: Total time for which application threads were stopped: 0.0508285 seconds, Stopping threads took: 0.0000628 seconds
2019-03-15T15:44:23.047+0900: 61.187: Application time: 0.0000323 seconds
2019-03-15T15:44:23.047+0900: 61.187: [GC (CMS Initial Mark) [1 CMS-initial-mark: 554201K(606612K)] 564306K(842580K), 0.0017622 secs] [Times: user=0.00 sys=0.00, real=0.00 secs] 
2019-03-15T15:44:23.049+0900: 61.189: Total time for which application threads were stopped: 0.0018870 seconds, Stopping threads took: 0.0000261 seconds
2019-03-15T15:44:23.049+0900: 61.189: [CMS-concurrent-mark-start]
2019-03-15T15:44:23.287+0900: 61.426: [CMS-concurrent-mark: 0.237/0.237 secs] [Times: user=0.25 sys=0.00, real=0.24 secs] 
2019-03-15T15:44:23.287+0900: 61.426: [CMS-concurrent-preclean-start]
2019-03-15T15:44:23.287+0900: 61.427: [CMS-concurrent-preclean: 0.001/0.001 secs] [Times: user=0.00 sys=0.00, real=0.00 secs] 
2019-03-15T15:44:23.287+0900: 61.427: [CMS-concurrent-abortable-preclean-start]
2019-03-15T15:44:23.355+0900: 61.495: Application time: 0.3060132 seconds
2019-03-15T15:44:23.355+0900: 61.495: Total time for which application threads were stopped: 0.0000862 seconds, Stopping threads took: 0.0000485 seconds
2019-03-15T15:44:23.899+0900: 62.038: Application time: 0.5434800 seconds
2019-03-15T15:44:23.899+0900: 62.039: [GC (Allocation Failure) 2019-03-15T15:44:23.899+0900: 62.039: [ParNew: 219619K->4001K(235968K), 0.0077646 secs] 773820K->558203K(842580K), 0.0079407 secs] [Times: user=0.03 sys=0.00, real=0.01 secs] 
2019-03-15T15:44:23.907+0900: 62.047: Total time for which application threads were stopped: 0.0082346 seconds, Stopping threads took: 0.0000936 seconds
2019-03-15T15:44:24.356+0900: 62.495: Application time: 0.4482388 seconds
2019-03-15T15:44:24.356+0900: 62.495: Total time for which application threads were stopped: 0.0000566 seconds, Stopping threads took: 0.0000187 seconds
2019-03-15T15:44:24.476+0900: 62.614: [CMS-concurrent-abortable-preclean: 0.267/1.187 secs] [Times: user=0.50 sys=0.00, real=1.19 secs] 
2019-03-15T15:44:24.476+0900: 62.615: Application time: 0.1196383 seconds
2019-03-15T15:44:24.476+0900: 62.615: [GC (CMS Final Remark) [YG occupancy: 143651 K (235968 K)]2019-03-15T15:44:24.476+0900: 62.615: [Rescan (parallel) , 0.0460323 secs]2019-03-15T15:44:24.522+0900: 62.661: [weak refs processing, 0.0000202 secs]2019-03-15T15:44:24.522+0900: 62.661: [class unloading, 0.0016795 secs]2019-03-15T15:44:24.524+0900: 62.662: [scrub symbol table, 0.0008575 secs]2019-03-15T15:44:24.525+0900: 62.663: [scrub string table, 0.0001997 secs][1 CMS-remark: 554201K(606612K)] 697853K(842580K), 0.0489757 secs] [Times: user=0.19 sys=0.00, real=0.05 secs] 
2019-03-15T15:44:24.525+0900: 62.664: Total time for which application threads were stopped: 0.0491157 seconds, Stopping threads took: 0.0000634 seconds
2019-03-15T15:44:24.525+0900: 62.664: [CMS-concurrent-sweep-start]
2019-03-15T15:44:24.800+0900: 62.939: Application time: 0.2752636 seconds
2019-03-15T15:44:24.800+0900: 62.939: [GC (Allocation Failure) 2019-03-15T15:44:24.800+0900: 62.939: [ParNew: 213793K->13384K(235968K), 0.0089393 secs] 530031K->329622K(842580K), 0.0090339 secs] [Times: user=0.06 sys=0.00, real=0.01 secs] 
2019-03-15T15:44:24.809+0900: 62.948: Total time for which application threads were stopped: 0.0092068 seconds, Stopping threads took: 0.0000681 seconds
2019-03-15T15:44:24.842+0900: 62.981: [CMS-concurrent-sweep: 0.308/0.317 secs] [Times: user=0.41 sys=0.00, real=0.32 secs] 
2019-03-15T15:44:24.842+0900: 62.981: [CMS-concurrent-reset-start]
2019-03-15T15:44:24.843+0900: 62.982: [CMS-concurrent-reset: 0.001/0.001 secs] [Times: user=0.00 sys=0.00, real=0.00 secs] 
2019-03-15T15:44:25.359+0900: 63.497: Application time: 0.5493751 seconds
2019-03-15T15:44:25.359+0900: 63.498: Total time for which application threads were stopped: 0.0001770 seconds, Stopping threads took: 0.0000535 seconds
2019-03-15T15:44:25.762+0900: 63.901: Application time: 0.4034574 seconds
2019-03-15T15:44:25.762+0900: 63.901: [GC (Allocation Failure) 2019-03-15T15:44:25.762+0900: 63.901: [ParNew: 223176K->20058K(235968K), 0.0162555 secs] 520852K->317735K(842580K), 0.0163830 secs] [Times: user=0.06 sys=0.00, real=0.02 secs] 
2019-03-15T15:44:25.779+0900: 63.918: Total time for which application threads were stopped: 0.0165892 seconds, Stopping threads took: 0.0000544 seconds
2019-03-15T15:44:26.358+0900: 64.497: Application time: 0.5789018 seconds
2019-03-15T15:44:26.358+0900: 64.497: Total time for which application threads were stopped: 0.0000921 seconds, Stopping threads took: 0.0000367 seconds
2019-03-15T15:44:26.686+0900: 64.825: Application time: 0.3279392 seconds
2019-03-15T15:44:26.686+0900: 64.825: [GC (Allocation Failure) 2019-03-15T15:44:26.686+0900: 64.825: [ParNew: 229850K->11535K(235968K), 0.0234018 secs] 527527K->323006K(842580K), 0.0235184 secs] [Times: user=0.06 sys=0.00, real=0.02 secs] 
2019-03-15T15:44:26.709+0900: 64.848: Total time for which application threads were stopped: 0.0237156 seconds, Stopping threads took: 0.0000538 seconds
2019-03-15T15:44:27.358+0900: 65.497: Application time: 0.6489999 seconds
2019-03-15T15:44:27.359+0900: 65.497: Total time for which application threads were stopped: 0.0000591 seconds, Stopping threads took: 0.0000180 seconds
2019-03-15T15:44:27.640+0900: 65.779: Application time: 0.2811254 seconds
2019-03-15T15:44:27.640+0900: 65.779: [GC (Allocation Failure) 2019-03-15T15:44:27.640+0900: 65.779: [ParNew: 221327K->3597K(235968K), 0.0039658 secs] 532798K->315069K(842580K), 0.0040881 secs] [Times: user=0.00 sys=0.00, real=0.00 secs] 
2019-03-15T15:44:27.644+0900: 65.783: Total time for which application threads were stopped: 0.0042000 seconds, Stopping threads took: 0.0000199 seconds
2019-03-15T15:44:28.279+0900: 66.418: Application time: 0.6352845 seconds
2019-03-15T15:44:28.279+0900: 66.418: Total time for which application threads were stopped: 0.0000625 seconds, Stopping threads took: 0.0000314 seconds
2019-03-15T15:44:28.358+0900: 66.497: Application time: 0.0789040 seconds
2019-03-15T15:44:28.358+0900: 66.497: Total time for which application threads were stopped: 0.0000924 seconds, Stopping threads took: 0.0000398 seconds
2019-03-15T15:44:28.473+0900: 66.612: Application time: 0.1149721 seconds
2019-03-15T15:44:28.473+0900: 66.612: [GC (Allocation Failure) 2019-03-15T15:44:28.473+0900: 66.612: [ParNew: 213389K->15717K(235968K), 0.0130072 secs] 524861K->327188K(842580K), 0.0130890 secs] [Times: user=0.00 sys=0.00, real=0.01 secs] 
2019-03-15T15:44:28.486+0900: 66.625: Total time for which application threads were stopped: 0.0132274 seconds, Stopping threads took: 0.0000367 seconds
2019-03-15T15:44:29.323+0900: 67.462: Application time: 0.8363131 seconds
2019-03-15T15:44:29.323+0900: 67.462: [GC (Allocation Failure) 2019-03-15T15:44:29.323+0900: 67.462: [ParNew: 225509K->6980K(235968K), 0.0161488 secs] 536980K->335008K(842580K), 0.0162306 secs] [Times: user=0.06 sys=0.00, real=0.02 secs] 
2019-03-15T15:44:29.339+0900: 67.478: Total time for which application threads were stopped: 0.0163755 seconds, Stopping threads took: 0.0000535 seconds
2019-03-15T15:44:29.359+0900: 67.498: Application time: 0.0198142 seconds
2019-03-15T15:44:29.359+0900: 67.498: Total time for which application threads were stopped: 0.0000690 seconds, Stopping threads took: 0.0000345 seconds
2019-03-15T15:44:29.360+0900: 67.499: Application time: 0.0011517 seconds
2019-03-15T15:44:29.360+0900: 67.499: Total time for which application threads were stopped: 0.0000523 seconds, Stopping threads took: 0.0000264 seconds
2019-03-15T15:44:30.287+0900: 68.426: Application time: 0.9271447 seconds
2019-03-15T15:44:30.287+0900: 68.426: [GC (Allocation Failure) 2019-03-15T15:44:30.287+0900: 68.427: [ParNew: 216772K->4251K(235968K), 0.0095384 secs] 544800K->332279K(842580K), 0.0097244 secs] [Times: user=0.06 sys=0.00, real=0.01 secs] 
2019-03-15T15:44:30.297+0900: 68.436: Total time for which application threads were stopped: 0.0099971 seconds, Stopping threads took: 0.0000613 seconds
2019-03-15T15:44:30.362+0900: 68.501: Application time: 0.0651659 seconds
2019-03-15T15:44:30.364+0900: 68.503: Total time for which application threads were stopped: 0.0012615 seconds, Stopping threads took: 0.0012046 seconds
2019-03-15T15:44:31.240+0900: 69.379: Application time: 0.8765193 seconds
2019-03-15T15:44:31.240+0900: 69.379: [GC (Allocation Failure) 2019-03-15T15:44:31.240+0900: 69.380: [ParNew: 214043K->18993K(235968K), 0.0294673 secs] 542071K->347021K(842580K), 0.0296322 secs] [Times: user=0.12 sys=0.00, real=0.03 secs] 
2019-03-15T15:44:31.270+0900: 69.409: Total time for which application threads were stopped: 0.0299161 seconds, Stopping threads took: 0.0000743 seconds
2019-03-15T15:44:31.361+0900: 69.501: Application time: 0.0914558 seconds
2019-03-15T15:44:31.362+0900: 69.501: Total time for which application threads were stopped: 0.0000871 seconds, Stopping threads took: 0.0000184 seconds
2019-03-15T15:44:32.208+0900: 70.347: Application time: 0.8462101 seconds
2019-03-15T15:44:32.208+0900: 70.347: [GC (Allocation Failure) 2019-03-15T15:44:32.208+0900: 70.347: [ParNew: 228785K->9190K(235968K), 0.0195227 secs] 556813K->359303K(842580K), 0.0196129 secs] [Times: user=0.06 sys=0.00, real=0.02 secs] 
2019-03-15T15:44:32.227+0900: 70.367: Total time for which application threads were stopped: 0.0197560 seconds, Stopping threads took: 0.0000488 seconds
2019-03-15T15:44:32.363+0900: 70.502: Application time: 0.1356481 seconds
2019-03-15T15:44:32.363+0900: 70.502: Total time for which application threads were stopped: 0.0001387 seconds, Stopping threads took: 0.0000435 seconds
2019-03-15T15:44:33.195+0900: 71.334: Application time: 0.8316236 seconds
2019-03-15T15:44:33.195+0900: 71.334: [GC (Allocation Failure) 2019-03-15T15:44:33.195+0900: 71.334: [ParNew: 218982K->5439K(235968K), 0.0102767 secs] 569095K->355553K(842580K), 0.0104431 secs] [Times: user=0.06 sys=0.00, real=0.01 secs] 
2019-03-15T15:44:33.206+0900: 71.345: Total time for which application threads were stopped: 0.0107215 seconds, Stopping threads took: 0.0000616 seconds
2019-03-15T15:44:33.362+0900: 71.501: Application time: 0.1565166 seconds
2019-03-15T15:44:33.362+0900: 71.501: Total time for which application threads were stopped: 0.0000880 seconds, Stopping threads took: 0.0000283 seconds
2019-03-15T15:44:34.147+0900: 72.286: Application time: 0.7849105 seconds
2019-03-15T15:44:34.147+0900: 72.287: [GC (Allocation Failure) 2019-03-15T15:44:34.147+0900: 72.287: [ParNew: 215231K->3165K(235968K), 0.0078330 secs] 565345K->353279K(842580K), 0.0079836 secs] [Times: user=0.05 sys=0.00, real=0.01 secs] 
2019-03-15T15:44:34.155+0900: 72.295: Total time for which application threads were stopped: 0.0082112 seconds, Stopping threads took: 0.0000370 seconds
2019-03-15T15:44:34.364+0900: 72.504: Application time: 0.2091556 seconds
2019-03-15T15:44:34.365+0900: 72.504: Total time for which application threads were stopped: 0.0002121 seconds, Stopping threads took: 0.0000883 seconds
2019-03-15T15:44:35.130+0900: 73.270: Application time: 0.7655877 seconds
2019-03-15T15:44:35.130+0900: 73.270: [GC (Allocation Failure) 2019-03-15T15:44:35.130+0900: 73.270: [ParNew: 212957K->9848K(235968K), 0.0179141 secs] 563071K->359962K(842580K), 0.0180774 secs] [Times: user=0.06 sys=0.00, real=0.02 secs] 
2019-03-15T15:44:35.149+0900: 73.288: Total time for which application threads were stopped: 0.0183636 seconds, Stopping threads took: 0.0000634 seconds
2019-03-15T15:44:35.363+0900: 73.502: Application time: 0.2144174 seconds
2019-03-15T15:44:35.363+0900: 73.502: Total time for which application threads were stopped: 0.0001173 seconds, Stopping threads took: 0.0000513 seconds
2019-03-15T15:44:36.090+0900: 74.229: Application time: 0.7265466 seconds
2019-03-15T15:44:36.090+0900: 74.229: [GC (Allocation Failure) 2019-03-15T15:44:36.090+0900: 74.229: [ParNew: 219640K->14162K(235968K), 0.0145001 secs] 569754K->364276K(842580K), 0.0146170 secs] [Times: user=0.06 sys=0.00, real=0.01 secs] 
2019-03-15T15:44:36.104+0900: 74.244: Total time for which application threads were stopped: 0.0148117 seconds, Stopping threads took: 0.0000523 seconds
2019-03-15T15:44:36.363+0900: 74.503: Application time: 0.2587459 seconds
2019-03-15T15:44:36.363+0900: 74.503: Total time for which application threads were stopped: 0.0000725 seconds, Stopping threads took: 0.0000224 seconds
2019-03-15T15:44:37.017+0900: 75.157: Application time: 0.6542614 seconds
2019-03-15T15:44:37.018+0900: 75.157: [GC (Allocation Failure) 2019-03-15T15:44:37.018+0900: 75.157: [ParNew: 223954K->13296K(235968K), 0.0313219 secs] 574068K->363410K(842580K), 0.0315070 secs] [Times: user=0.13 sys=0.00, real=0.03 secs] 
2019-03-15T15:44:37.049+0900: 75.189: Total time for which application threads were stopped: 0.0318152 seconds, Stopping threads took: 0.0000666 seconds
2019-03-15T15:44:37.366+0900: 75.506: Application time: 0.3168072 seconds
2019-03-15T15:44:37.366+0900: 75.506: Total time for which application threads were stopped: 0.0002320 seconds, Stopping threads took: 0.0000921 seconds
2019-03-15T15:44:37.997+0900: 76.137: Application time: 0.6308550 seconds
2019-03-15T15:44:37.997+0900: 76.137: [GC (Allocation Failure) 2019-03-15T15:44:37.997+0900: 76.137: [ParNew: 223088K->21176K(235968K), 0.0367131 secs] 573202K->371292K(842580K), 0.0368935 secs] [Times: user=0.12 sys=0.00, real=0.04 secs] 
2019-03-15T15:44:38.034+0900: 76.174: Total time for which application threads were stopped: 0.0371843 seconds, Stopping threads took: 0.0000653 seconds
2019-03-15T15:44:38.365+0900: 76.504: Application time: 0.3303459 seconds
2019-03-15T15:44:38.365+0900: 76.504: Total time for which application threads were stopped: 0.0000939 seconds, Stopping threads took: 0.0000426 seconds
2019-03-15T15:44:38.956+0900: 77.096: Application time: 0.5913019 seconds
2019-03-15T15:44:38.956+0900: 77.096: [GC (Allocation Failure) 2019-03-15T15:44:38.956+0900: 77.096: [ParNew: 230968K->16831K(235968K), 0.0403076 secs] 581084K->377982K(842580K), 0.0404771 secs] [Times: user=0.12 sys=0.00, real=0.04 secs] 
2019-03-15T15:44:38.997+0900: 77.136: Total time for which application threads were stopped: 0.0407555 seconds, Stopping threads took: 0.0000641 seconds
2019-03-15T15:44:39.364+0900: 77.504: Application time: 0.3674239 seconds
2019-03-15T15:44:39.364+0900: 77.504: Total time for which application threads were stopped: 0.0000834 seconds, Stopping threads took: 0.0000373 seconds
2019-03-15T15:44:39.366+0900: 77.505: Application time: 0.0013977 seconds
2019-03-15T15:44:39.366+0900: 77.505: Total time for which application threads were stopped: 0.0000541 seconds, Stopping threads took: 0.0000196 seconds
2019-03-15T15:44:39.890+0900: 78.029: Application time: 0.5241395 seconds
2019-03-15T15:44:39.890+0900: 78.030: [GC (Allocation Failure) 2019-03-15T15:44:39.890+0900: 78.030: [ParNew: 226623K->14985K(235968K), 0.0224781 secs] 587774K->376136K(842580K), 0.0227129 secs] [Times: user=0.13 sys=0.00, real=0.02 secs] 
2019-03-15T15:44:39.913+0900: 78.053: Total time for which application threads were stopped: 0.0231073 seconds, Stopping threads took: 0.0000893 seconds
2019-03-15T15:44:40.365+0900: 78.504: Application time: 0.4516015 seconds
2019-03-15T15:44:40.365+0900: 78.504: Total time for which application threads were stopped: 0.0000759 seconds, Stopping threads took: 0.0000224 seconds
2019-03-15T15:44:40.843+0900: 78.983: Application time: 0.4784743 seconds
2019-03-15T15:44:40.843+0900: 78.983: [GC (Allocation Failure) 2019-03-15T15:44:40.843+0900: 78.983: [ParNew: 224777K->21537K(235968K), 0.0209183 secs] 585928K->382689K(842580K), 0.0210673 secs] [Times: user=0.06 sys=0.00, real=0.02 secs] 
2019-03-15T15:44:40.864+0900: 79.004: Total time for which application threads were stopped: 0.0213239 seconds, Stopping threads took: 0.0000634 seconds
2019-03-15T15:44:41.367+0900: 79.506: Application time: 0.5022437 seconds
2019-03-15T15:44:41.367+0900: 79.506: Total time for which application threads were stopped: 0.0001070 seconds, Stopping threads took: 0.0000342 seconds
2019-03-15T15:44:41.835+0900: 79.973: Application time: 0.4670287 seconds
2019-03-15T15:44:41.835+0900: 79.974: [GC (Allocation Failure) 2019-03-15T15:44:41.835+0900: 79.974: [ParNew: 231329K->22436K(235968K), 0.0411446 secs] 592481K->383590K(842580K), 0.0413455 secs] [Times: user=0.16 sys=0.00, real=0.04 secs] 
2019-03-15T15:44:41.876+0900: 80.015: Total time for which application threads were stopped: 0.0416761 seconds, Stopping threads took: 0.0000709 seconds
2019-03-15T15:44:42.368+0900: 80.507: Application time: 0.4915132 seconds
2019-03-15T15:44:42.368+0900: 80.507: Total time for which application threads were stopped: 0.0001054 seconds, Stopping threads took: 0.0000457 seconds
2019-03-15T15:44:42.782+0900: 80.921: Application time: 0.4139229 seconds
2019-03-15T15:44:42.782+0900: 80.921: [GC (Allocation Failure) 2019-03-15T15:44:42.782+0900: 80.921: [ParNew: 232228K->25101K(235968K), 0.0392632 secs] 593382K->397290K(842580K), 0.0394386 secs] [Times: user=0.13 sys=0.00, real=0.04 secs] 
2019-03-15T15:44:42.822+0900: 80.960: Total time for which application threads were stopped: 0.0397126 seconds, Stopping threads took: 0.0000893 seconds
2019-03-15T15:44:43.378+0900: 81.516: Application time: 0.5560107 seconds
2019-03-15T15:44:43.378+0900: 81.517: Total time for which application threads were stopped: 0.0000734 seconds, Stopping threads took: 0.0000211 seconds
2019-03-15T15:44:43.853+0900: 81.992: Application time: 0.4750465 seconds
2019-03-15T15:44:43.853+0900: 81.992: [GC (Allocation Failure) 2019-03-15T15:44:43.853+0900: 81.992: [ParNew: 234893K->17017K(235968K), 0.0318342 secs] 607082K->395781K(842580K), 0.0320139 secs] [Times: user=0.14 sys=0.00, real=0.03 secs] 
2019-03-15T15:44:43.885+0900: 82.024: Total time for which application threads were stopped: 0.0322998 seconds, Stopping threads took: 0.0000641 seconds
2019-03-15T15:44:44.369+0900: 82.508: Application time: 0.4839573 seconds
2019-03-15T15:44:44.369+0900: 82.508: Total time for which application threads were stopped: 0.0001508 seconds, Stopping threads took: 0.0000753 seconds
2019-03-15T15:44:44.778+0900: 82.917: Application time: 0.4085482 seconds
2019-03-15T15:44:44.778+0900: 82.917: [GC (Allocation Failure) 2019-03-15T15:44:44.778+0900: 82.917: [ParNew: 226809K->21472K(235968K), 0.0293634 secs] 605573K->400236K(842580K), 0.0295420 secs] [Times: user=0.13 sys=0.00, real=0.03 secs] 
2019-03-15T15:44:44.808+0900: 82.946: Total time for which application threads were stopped: 0.0298293 seconds, Stopping threads took: 0.0000750 seconds
2019-03-15T15:44:45.370+0900: 83.509: Application time: 0.5622377 seconds
2019-03-15T15:44:45.370+0900: 83.509: Total time for which application threads were stopped: 0.0001431 seconds, Stopping threads took: 0.0000628 seconds
2019-03-15T15:44:45.762+0900: 83.901: Application time: 0.3922150 seconds
2019-03-15T15:44:45.762+0900: 83.901: [GC (Allocation Failure) 2019-03-15T15:44:45.762+0900: 83.901: [ParNew: 231264K->17960K(235968K), 0.0210971 secs] 610028K->406701K(842580K), 0.0211951 secs] [Times: user=0.06 sys=0.00, real=0.02 secs] 
2019-03-15T15:44:45.783+0900: 83.922: Total time for which application threads were stopped: 0.0213438 seconds, Stopping threads took: 0.0000423 seconds
2019-03-15T15:44:46.374+0900: 84.513: Application time: 0.5906668 seconds
2019-03-15T15:44:46.374+0900: 84.513: Total time for which application threads were stopped: 0.0001624 seconds, Stopping threads took: 0.0000485 seconds
2019-03-15T15:44:46.760+0900: 84.899: Application time: 0.3859983 seconds
2019-03-15T15:44:46.760+0900: 84.899: [GC (Allocation Failure) 2019-03-15T15:44:46.760+0900: 84.899: [ParNew: 227752K->12259K(235968K), 0.0168147 secs] 616493K->401000K(842580K), 0.0169795 secs] [Times: user=0.06 sys=0.00, real=0.02 secs] 
2019-03-15T15:44:46.777+0900: 84.916: Total time for which application threads were stopped: 0.0172228 seconds, Stopping threads took: 0.0000616 seconds
2019-03-15T15:44:47.374+0900: 85.513: Application time: 0.5961171 seconds
2019-03-15T15:44:47.374+0900: 85.513: Total time for which application threads were stopped: 0.0001748 seconds, Stopping threads took: 0.0000557 seconds
2019-03-15T15:44:47.752+0900: 85.891: Application time: 0.3780396 seconds
2019-03-15T15:44:47.752+0900: 85.891: [GC (Allocation Failure) 2019-03-15T15:44:47.752+0900: 85.891: [ParNew: 222051K->22347K(235968K), 0.0260361 secs] 610792K->411089K(842580K), 0.0262053 secs] [Times: user=0.13 sys=0.00, real=0.03 secs] 
2019-03-15T15:44:47.778+0900: 85.917: Total time for which application threads were stopped: 0.0265070 seconds, Stopping threads took: 0.0000650 seconds
2019-03-15T15:44:48.373+0900: 86.512: Application time: 0.5948845 seconds
2019-03-15T15:44:48.373+0900: 86.512: Total time for which application threads were stopped: 0.0001863 seconds, Stopping threads took: 0.0000933 seconds
2019-03-15T15:44:48.682+0900: 86.821: Application time: 0.3089160 seconds
2019-03-15T15:44:48.682+0900: 86.821: [GC (Allocation Failure) 2019-03-15T15:44:48.682+0900: 86.821: [ParNew: 232139K->16528K(235968K), 0.0168735 secs] 620881K->416306K(842580K), 0.0169742 secs] [Times: user=0.06 sys=0.00, real=0.02 secs] 
2019-03-15T15:44:48.699+0900: 86.838: Total time for which application threads were stopped: 0.0171039 seconds, Stopping threads took: 0.0000230 seconds
2019-03-15T15:44:49.373+0900: 87.512: Application time: 0.6733584 seconds
2019-03-15T15:44:49.373+0900: 87.512: Total time for which application threads were stopped: 0.0002370 seconds, Stopping threads took: 0.0001269 seconds
2019-03-15T15:44:49.376+0900: 87.515: Application time: 0.0026387 seconds
2019-03-15T15:44:49.376+0900: 87.515: Total time for which application threads were stopped: 0.0001011 seconds, Stopping threads took: 0.0000448 seconds
2019-03-15T15:44:49.648+0900: 87.787: Application time: 0.2726460 seconds
2019-03-15T15:44:49.648+0900: 87.788: [GC (Allocation Failure) 2019-03-15T15:44:49.648+0900: 87.788: [ParNew: 226320K->11760K(235968K), 0.0105535 secs] 626098K->411538K(842580K), 0.0106944 secs] [Times: user=0.06 sys=0.00, real=0.01 secs] 
2019-03-15T15:44:49.659+0900: 87.798: Total time for which application threads were stopped: 0.0109028 seconds, Stopping threads took: 0.0000482 seconds
2019-03-15T15:44:50.373+0900: 88.512: Application time: 0.7134420 seconds
2019-03-15T15:44:50.373+0900: 88.512: Total time for which application threads were stopped: 0.0001788 seconds, Stopping threads took: 0.0000697 seconds
2019-03-15T15:44:50.657+0900: 88.796: Application time: 0.2837513 seconds
2019-03-15T15:44:50.657+0900: 88.796: [GC (Allocation Failure) 2019-03-15T15:44:50.657+0900: 88.796: [ParNew: 221552K->7366K(235968K), 0.0149215 secs] 621330K->407144K(842580K), 0.0150969 secs] [Times: user=0.06 sys=0.00, real=0.01 secs] 
2019-03-15T15:44:50.672+0900: 88.811: Total time for which application threads were stopped: 0.0154338 seconds, Stopping threads took: 0.0000694 seconds
2019-03-15T15:44:51.373+0900: 89.512: Application time: 0.7010370 seconds
2019-03-15T15:44:51.373+0900: 89.512: Total time for which application threads were stopped: 0.0001291 seconds, Stopping threads took: 0.0000501 seconds
2019-03-15T15:44:51.607+0900: 89.746: Application time: 0.2336410 seconds
2019-03-15T15:44:51.607+0900: 89.746: [GC (Allocation Failure) 2019-03-15T15:44:51.607+0900: 89.746: [ParNew: 217158K->21814K(235968K), 0.0235595 secs] 616936K->421594K(842580K), 0.0236951 secs] [Times: user=0.06 sys=0.00, real=0.02 secs] 
2019-03-15T15:44:51.631+0900: 89.770: Total time for which application threads were stopped: 0.0238932 seconds, Stopping threads took: 0.0000619 seconds
2019-03-15T15:44:52.373+0900: 90.512: Application time: 0.7424372 seconds
2019-03-15T15:44:52.373+0900: 90.513: Total time for which application threads were stopped: 0.0001947 seconds, Stopping threads took: 0.0001054 seconds
2019-03-15T15:44:52.555+0900: 90.694: Application time: 0.1815569 seconds
2019-03-15T15:44:52.555+0900: 90.694: [GC (Allocation Failure) 2019-03-15T15:44:52.555+0900: 90.694: [ParNew: 231606K->14205K(235968K), 0.0283318 secs] 631386K->422262K(842580K), 0.0284848 secs] [Times: user=0.13 sys=0.00, real=0.03 secs] 
2019-03-15T15:44:52.584+0900: 90.723: Total time for which application threads were stopped: 0.0287199 seconds, Stopping threads took: 0.0000547 seconds
2019-03-15T15:44:53.375+0900: 91.514: Application time: 0.7910426 seconds
2019-03-15T15:44:53.375+0900: 91.514: Total time for which application threads were stopped: 0.0001213 seconds, Stopping threads took: 0.0000463 seconds
2019-03-15T15:44:53.565+0900: 91.704: Application time: 0.1900235 seconds
2019-03-15T15:44:53.565+0900: 91.704: [GC (Allocation Failure) 2019-03-15T15:44:53.565+0900: 91.704: [ParNew: 223997K->10137K(235968K), 0.0133530 secs] 632054K->418195K(842580K), 0.0134992 secs] [Times: user=0.06 sys=0.00, real=0.01 secs] 
2019-03-15T15:44:53.578+0900: 91.718: Total time for which application threads were stopped: 0.0137213 seconds, Stopping threads took: 0.0000603 seconds
2019-03-15T15:44:54.374+0900: 92.513: Application time: 0.7957281 seconds
2019-03-15T15:44:54.374+0900: 92.514: Total time for which application threads were stopped: 0.0001294 seconds, Stopping threads took: 0.0000600 seconds
2019-03-15T15:44:54.523+0900: 92.662: Application time: 0.1486531 seconds
2019-03-15T15:44:54.523+0900: 92.662: [GC (Allocation Failure) 2019-03-15T15:44:54.523+0900: 92.662: [ParNew: 219929K->22465K(235968K), 0.0284322 secs] 627987K->430526K(842580K), 0.0285834 secs] [Times: user=0.13 sys=0.00, real=0.03 secs] 
2019-03-15T15:44:54.552+0900: 92.691: Total time for which application threads were stopped: 0.0288195 seconds, Stopping threads took: 0.0000554 seconds
2019-03-15T15:44:55.374+0900: 93.514: Application time: 0.8226413 seconds
2019-03-15T15:44:55.374+0900: 93.514: Total time for which application threads were stopped: 0.0001857 seconds, Stopping threads took: 0.0000893 seconds
2019-03-15T15:44:55.502+0900: 93.642: Application time: 0.1275578 seconds
2019-03-15T15:44:55.502+0900: 93.642: [GC (Allocation Failure) 2019-03-15T15:44:55.502+0900: 93.642: [ParNew: 232257K->19041K(235968K), 0.0316690 secs] 640318K->438139K(842580K), 0.0317934 secs] [Times: user=0.09 sys=0.00, real=0.03 secs] 
2019-03-15T15:44:55.534+0900: 93.673: Total time for which application threads were stopped: 0.0319819 seconds, Stopping threads took: 0.0000513 seconds
2019-03-15T15:44:56.375+0900: 94.514: Application time: 0.8407607 seconds
2019-03-15T15:44:56.375+0900: 94.514: Total time for which application threads were stopped: 0.0001126 seconds, Stopping threads took: 0.0000491 seconds
2019-03-15T15:44:56.426+0900: 94.565: Application time: 0.0509423 seconds
2019-03-15T15:44:56.426+0900: 94.565: [GC (Allocation Failure) 2019-03-15T15:44:56.426+0900: 94.566: [ParNew: 228833K->15012K(235968K), 0.0160825 secs] 647931K->434110K(842580K), 0.0162200 secs] [Times: user=0.05 sys=0.02, real=0.02 secs] 
2019-03-15T15:44:56.442+0900: 94.582: Total time for which application threads were stopped: 0.0164315 seconds, Stopping threads took: 0.0000501 seconds
2019-03-15T15:44:57.375+0900: 95.514: Application time: 0.9326523 seconds
2019-03-15T15:44:57.375+0900: 95.515: Total time for which application threads were stopped: 0.0001098 seconds, Stopping threads took: 0.0000485 seconds
2019-03-15T15:44:57.380+0900: 95.519: Application time: 0.0045773 seconds
2019-03-15T15:44:57.380+0900: 95.519: [GC (Allocation Failure) 2019-03-15T15:44:57.380+0900: 95.519: [ParNew: 224804K->12490K(235968K), 0.0113211 secs] 643902K->431587K(842580K), 0.0114465 secs] [Times: user=0.00 sys=0.00, real=0.01 secs] 
2019-03-15T15:44:57.391+0900: 95.531: Total time for which application threads were stopped: 0.0116297 seconds, Stopping threads took: 0.0000547 seconds
2019-03-15T15:44:58.288+0900: 96.428: Application time: 0.8971782 seconds
2019-03-15T15:44:58.288+0900: 96.428: [GC (Allocation Failure) 2019-03-15T15:44:58.288+0900: 96.428: [ParNew: 222282K->22140K(235968K), 0.0167351 secs] 641379K->441240K(842580K), 0.0168501 secs] [Times: user=0.06 sys=0.00, real=0.02 secs] 
2019-03-15T15:44:58.305+0900: 96.445: Total time for which application threads were stopped: 0.0170209 seconds, Stopping threads took: 0.0000479 seconds
2019-03-15T15:44:58.375+0900: 96.515: Application time: 0.0696490 seconds
2019-03-15T15:44:58.375+0900: 96.515: Total time for which application threads were stopped: 0.0000690 seconds, Stopping threads took: 0.0000184 seconds
2019-03-15T15:44:59.258+0900: 97.397: Application time: 0.8822477 seconds
2019-03-15T15:44:59.258+0900: 97.397: [GC (Allocation Failure) 2019-03-15T15:44:59.259+0900: 97.397: [ParNew: 231932K->20604K(235968K), 0.0350598 secs] 651032K->450738K(842580K), 0.0352171 secs] [Times: user=0.12 sys=0.00, real=0.04 secs] 
2019-03-15T15:44:59.294+0900: 97.432: Total time for which application threads were stopped: 0.0354728 seconds, Stopping threads took: 0.0000753 seconds
2019-03-15T15:44:59.379+0900: 97.517: Application time: 0.0849680 seconds
2019-03-15T15:44:59.379+0900: 97.518: Total time for which application threads were stopped: 0.0002550 seconds, Stopping threads took: 0.0001555 seconds
2019-03-15T15:44:59.382+0900: 97.520: Application time: 0.0026822 seconds
2019-03-15T15:44:59.382+0900: 97.520: Total time for which application threads were stopped: 0.0001521 seconds, Stopping threads took: 0.0000672 seconds
2019-03-15T15:45:00.248+0900: 98.387: Application time: 0.8665682 seconds
2019-03-15T15:45:00.248+0900: 98.387: [GC (Allocation Failure) 2019-03-15T15:45:00.248+0900: 98.387: [ParNew: 230396K->13970K(235968K), 0.0180395 secs] 660530K->457900K(842580K), 0.0181465 secs] [Times: user=0.05 sys=0.02, real=0.02 secs] 
2019-03-15T15:45:00.267+0900: 98.405: Total time for which application threads were stopped: 0.0183042 seconds, Stopping threads took: 0.0000392 seconds
2019-03-15T15:45:00.376+0900: 98.515: Application time: 0.1093435 seconds
2019-03-15T15:45:00.376+0900: 98.515: Total time for which application threads were stopped: 0.0000818 seconds, Stopping threads took: 0.0000414 seconds
2019-03-15T15:45:01.142+0900: 99.281: Application time: 0.7664017 seconds
2019-03-15T15:45:01.143+0900: 99.281: [GC (Allocation Failure) 2019-03-15T15:45:01.143+0900: 99.281: [ParNew: 223762K->11602K(235968K), 0.0076247 secs] 667692K->455532K(842580K), 0.0077236 secs] [Times: user=0.00 sys=0.00, real=0.01 secs] 
2019-03-15T15:45:01.150+0900: 99.289: Total time for which application threads were stopped: 0.0078573 seconds, Stopping threads took: 0.0000190 seconds
2019-03-15T15:45:01.378+0900: 99.517: Application time: 0.2281567 seconds
2019-03-15T15:45:01.379+0900: 99.517: Total time for which application threads were stopped: 0.0001583 seconds, Stopping threads took: 0.0000756 seconds
2019-03-15T15:45:02.093+0900: 100.232: Application time: 0.7143443 seconds
2019-03-15T15:45:02.093+0900: 100.232: [GC (Allocation Failure) 2019-03-15T15:45:02.093+0900: 100.232: [ParNew: 221394K->16446K(235968K), 0.0075870 secs] 665324K->460376K(842580K), 0.0076735 secs] [Times: user=0.00 sys=0.00, real=0.01 secs] 
2019-03-15T15:45:02.101+0900: 100.240: Total time for which application threads were stopped: 0.0078054 seconds, Stopping threads took: 0.0000224 seconds
2019-03-15T15:45:02.377+0900: 100.516: Application time: 0.2764234 seconds
2019-03-15T15:45:02.377+0900: 100.516: Total time for which application threads were stopped: 0.0000750 seconds, Stopping threads took: 0.0000330 seconds
2019-03-15T15:45:02.999+0900: 101.138: Application time: 0.6215750 seconds
2019-03-15T15:45:02.999+0900: 101.138: [GC (Allocation Failure) 2019-03-15T15:45:02.999+0900: 101.138: [ParNew: 226238K->10721K(235968K), 0.0150282 secs] 670168K->454650K(842580K), 0.0152182 secs] [Times: user=0.06 sys=0.00, real=0.01 secs] 
2019-03-15T15:45:03.014+0900: 101.153: Total time for which application threads were stopped: 0.0155081 seconds, Stopping threads took: 0.0000638 seconds
2019-03-15T15:45:03.378+0900: 101.517: Application time: 0.3634490 seconds
2019-03-15T15:45:03.378+0900: 101.517: Total time for which application threads were stopped: 0.0001008 seconds, Stopping threads took: 0.0000435 seconds
2019-03-15T15:45:03.907+0900: 102.046: Application time: 0.5293435 seconds
2019-03-15T15:45:03.907+0900: 102.046: [GC (Allocation Failure) 2019-03-15T15:45:03.907+0900: 102.046: [ParNew: 220513K->9130K(235968K), 0.0051508 secs] 664442K->453060K(842580K), 0.0052469 secs] [Times: user=0.00 sys=0.00, real=0.00 secs] 
2019-03-15T15:45:03.913+0900: 102.051: Total time for which application threads were stopped: 0.0054015 seconds, Stopping threads took: 0.0000320 seconds
2019-03-15T15:45:04.378+0900: 102.517: Application time: 0.4654183 seconds
2019-03-15T15:45:04.378+0900: 102.517: Total time for which application threads were stopped: 0.0001123 seconds, Stopping threads took: 0.0000631 seconds
2019-03-15T15:45:04.745+0900: 102.884: Application time: 0.3667452 seconds
2019-03-15T15:45:04.745+0900: 102.884: [GC (Allocation Failure) 2019-03-15T15:45:04.745+0900: 102.884: [ParNew: 218922K->20929K(235968K), 0.0122598 secs] 662852K->464861K(842580K), 0.0123543 secs] [Times: user=0.00 sys=0.00, real=0.01 secs] 
2019-03-15T15:45:04.757+0900: 102.896: Total time for which application threads were stopped: 0.0125375 seconds, Stopping threads took: 0.0000706 seconds
2019-03-15T15:45:05.378+0900: 103.517: Application time: 0.6208460 seconds
2019-03-15T15:45:05.378+0900: 103.517: Total time for which application threads were stopped: 0.0000921 seconds, Stopping threads took: 0.0000470 seconds
2019-03-15T15:45:05.730+0900: 103.869: Application time: 0.3522961 seconds
2019-03-15T15:45:05.731+0900: 103.870: [GC (Allocation Failure) 2019-03-15T15:45:05.731+0900: 103.870: [ParNew: 230721K->18830K(235968K), 0.0401459 secs] 674653K->471038K(842580K), 0.0402977 secs] [Times: user=0.13 sys=0.00, real=0.04 secs] 
2019-03-15T15:45:05.771+0900: 103.910: Total time for which application threads were stopped: 0.0405284 seconds, Stopping threads took: 0.0000578 seconds
2019-03-15T15:45:06.379+0900: 104.518: Application time: 0.6083803 seconds
2019-03-15T15:45:06.379+0900: 104.518: Total time for which application threads were stopped: 0.0000566 seconds, Stopping threads took: 0.0000143 seconds
2019-03-15T15:45:06.700+0900: 104.839: Application time: 0.3202514 seconds
2019-03-15T15:45:06.700+0900: 104.839: [GC (Allocation Failure) 2019-03-15T15:45:06.700+0900: 104.839: [ParNew: 228622K->16064K(235968K), 0.0198005 secs] 680830K->468272K(842580K), 0.0199607 secs] [Times: user=0.06 sys=0.00, real=0.02 secs] 
2019-03-15T15:45:06.720+0900: 104.859: Total time for which application threads were stopped: 0.0201784 seconds, Stopping threads took: 0.0000470 seconds
2019-03-15T15:45:07.379+0900: 105.518: Application time: 0.6589899 seconds
2019-03-15T15:45:07.379+0900: 105.518: Total time for which application threads were stopped: 0.0000613 seconds, Stopping threads took: 0.0000184 seconds
2019-03-15T15:45:07.557+0900: 105.696: Application time: 0.1782150 seconds
2019-03-15T15:45:07.557+0900: 105.696: [GC (Allocation Failure) 2019-03-15T15:45:07.557+0900: 105.696: [ParNew: 225856K->20972K(235968K), 0.0111737 secs] 678064K->473182K(842580K), 0.0112785 secs] [Times: user=0.06 sys=0.00, real=0.01 secs] 
2019-03-15T15:45:07.569+0900: 105.708: Total time for which application threads were stopped: 0.0114219 seconds, Stopping threads took: 0.0000407 seconds
2019-03-15T15:45:08.380+0900: 106.519: Application time: 0.8117864 seconds
2019-03-15T15:45:08.380+0900: 106.519: Total time for which application threads were stopped: 0.0000796 seconds, Stopping threads took: 0.0000261 seconds
2019-03-15T15:45:08.460+0900: 106.599: Application time: 0.0792813 seconds
2019-03-15T15:45:08.460+0900: 106.599: [GC (Allocation Failure) 2019-03-15T15:45:08.460+0900: 106.599: [ParNew: 230764K->14780K(235968K), 0.0208993 secs] 682974K->478027K(842580K), 0.0210035 secs] [Times: user=0.06 sys=0.00, real=0.02 secs] 
2019-03-15T15:45:08.481+0900: 106.620: Total time for which application threads were stopped: 0.0211724 seconds, Stopping threads took: 0.0000386 seconds
2019-03-15T15:45:09.381+0900: 107.520: Application time: 0.9001376 seconds
2019-03-15T15:45:09.381+0900: 107.520: Total time for which application threads were stopped: 0.0001456 seconds, Stopping threads took: 0.0000606 seconds
2019-03-15T15:45:09.383+0900: 107.523: Application time: 0.0023930 seconds
2019-03-15T15:45:09.384+0900: 107.523: Total time for which application threads were stopped: 0.0001194 seconds, Stopping threads took: 0.0000634 seconds
2019-03-15T15:45:09.431+0900: 107.570: Application time: 0.0475370 seconds
2019-03-15T15:45:09.431+0900: 107.570: [GC (Allocation Failure) 2019-03-15T15:45:09.431+0900: 107.570: [ParNew: 224572K->16697K(235968K), 0.0081155 secs] 687819K->479943K(842580K), 0.0082028 secs] [Times: user=0.06 sys=0.00, real=0.01 secs] 
2019-03-15T15:45:09.439+0900: 107.579: Total time for which application threads were stopped: 0.0083344 seconds, Stopping threads took: 0.0000327 seconds
2019-03-15T15:45:10.380+0900: 108.519: Application time: 0.9404079 seconds
2019-03-15T15:45:10.380+0900: 108.519: [GC (Allocation Failure) 2019-03-15T15:45:10.380+0900: 108.519: [ParNew: 226489K->21797K(235968K), 0.0109115 secs] 689735K->485043K(842580K), 0.0110229 secs] [Times: user=0.06 sys=0.00, real=0.01 secs] 
2019-03-15T15:45:10.391+0900: 108.530: Total time for which application threads were stopped: 0.0112207 seconds, Stopping threads took: 0.0000715 seconds
2019-03-15T15:45:10.393+0900: 108.532: Application time: 0.0015769 seconds
2019-03-15T15:45:10.393+0900: 108.532: Total time for which application threads were stopped: 0.0000743 seconds, Stopping threads took: 0.0000333 seconds
2019-03-15T15:45:11.382+0900: 109.522: Application time: 0.9896371 seconds
2019-03-15T15:45:11.382+0900: 109.522: Total time for which application threads were stopped: 0.0001683 seconds, Stopping threads took: 0.0000740 seconds
2019-03-15T15:45:11.403+0900: 109.542: Application time: 0.0200596 seconds
2019-03-15T15:45:11.403+0900: 109.542: [GC (Allocation Failure) 2019-03-15T15:45:11.403+0900: 109.542: [ParNew: 231589K->15969K(235968K), 0.0270725 secs] 694835K->490252K(842580K), 0.0271835 secs] [Times: user=0.06 sys=0.00, real=0.03 secs] 
2019-03-15T15:45:11.430+0900: 109.569: Total time for which application threads were stopped: 0.0273359 seconds, Stopping threads took: 0.0000367 seconds
2019-03-15T15:45:12.349+0900: 110.488: Application time: 0.9189170 seconds
2019-03-15T15:45:12.349+0900: 110.488: [GC (Allocation Failure) 2019-03-15T15:45:12.349+0900: 110.488: [ParNew: 225761K->16614K(235968K), 0.0094385 secs] 700044K->490897K(842580K), 0.0095433 secs] [Times: user=0.06 sys=0.00, real=0.01 secs] 
2019-03-15T15:45:12.358+0900: 110.498: Total time for which application threads were stopped: 0.0096846 seconds, Stopping threads took: 0.0000333 seconds
2019-03-15T15:45:12.380+0900: 110.519: Application time: 0.0217322 seconds
2019-03-15T15:45:12.380+0900: 110.520: Total time for which application threads were stopped: 0.0000961 seconds, Stopping threads took: 0.0000479 seconds
2019-03-15T15:45:13.293+0900: 111.433: Application time: 0.9129476 seconds
2019-03-15T15:45:13.293+0900: 111.433: [GC (Allocation Failure) 2019-03-15T15:45:13.293+0900: 111.433: [ParNew: 226406K->11499K(235968K), 0.0251706 secs] 700689K->485781K(842580K), 0.0253643 secs] [Times: user=0.06 sys=0.00, real=0.03 secs] 
2019-03-15T15:45:13.319+0900: 111.458: Total time for which application threads were stopped: 0.0256629 seconds, Stopping threads took: 0.0000893 seconds
2019-03-15T15:45:13.381+0900: 111.520: Application time: 0.0618386 seconds
2019-03-15T15:45:13.381+0900: 111.520: Total time for which application threads were stopped: 0.0000980 seconds, Stopping threads took: 0.0000426 seconds
2019-03-15T15:45:14.302+0900: 112.441: Application time: 0.9209812 seconds
2019-03-15T15:45:14.302+0900: 112.441: [GC (Allocation Failure) 2019-03-15T15:45:14.302+0900: 112.441: [ParNew: 221291K->20681K(235968K), 0.0177689 secs] 695573K->494966K(842580K), 0.0179023 secs] [Times: user=0.13 sys=0.00, real=0.02 secs] 
2019-03-15T15:45:14.320+0900: 112.459: Total time for which application threads were stopped: 0.0180986 seconds, Stopping threads took: 0.0000457 seconds
2019-03-15T15:45:14.381+0900: 112.521: Application time: 0.0613503 seconds
2019-03-15T15:45:14.381+0900: 112.521: Total time for which application threads were stopped: 0.0000750 seconds, Stopping threads took: 0.0000339 seconds
2019-03-15T15:45:15.263+0900: 113.403: Application time: 0.8821749 seconds
2019-03-15T15:45:15.264+0900: 113.403: [GC (Allocation Failure) 2019-03-15T15:45:15.264+0900: 113.403: [ParNew: 230473K->16272K(235968K), 0.0343796 secs] 704758K->498155K(842580K), 0.0345251 secs] [Times: user=0.13 sys=0.00, real=0.03 secs] 
2019-03-15T15:45:15.298+0900: 113.438: Total time for which application threads were stopped: 0.0347655 seconds, Stopping threads took: 0.0000641 seconds
2019-03-15T15:45:15.384+0900: 113.524: Application time: 0.0861271 seconds
2019-03-15T15:45:15.384+0900: 113.524: Total time for which application threads were stopped: 0.0001465 seconds, Stopping threads took: 0.0000445 seconds
2019-03-15T15:45:16.269+0900: 114.408: Application time: 0.8844703 seconds
2019-03-15T15:45:16.269+0900: 114.409: [GC (Allocation Failure) 2019-03-15T15:45:16.269+0900: 114.409: [ParNew: 226064K->11869K(235968K), 0.0193343 secs] 707947K->493752K(842580K), 0.0195075 secs] [Times: user=0.13 sys=0.00, real=0.02 secs] 
2019-03-15T15:45:16.289+0900: 114.428: Total time for which application threads were stopped: 0.0197697 seconds, Stopping threads took: 0.0000740 seconds
2019-03-15T15:45:16.383+0900: 114.522: Application time: 0.0940410 seconds
2019-03-15T15:45:16.383+0900: 114.522: Total time for which application threads were stopped: 0.0001232 seconds, Stopping threads took: 0.0000650 seconds
2019-03-15T15:45:17.194+0900: 115.332: Application time: 0.8098994 seconds
2019-03-15T15:45:17.194+0900: 115.332: [GC (Allocation Failure) 2019-03-15T15:45:17.194+0900: 115.332: [ParNew: 221661K->16881K(235968K), 0.0217503 secs] 703544K->502202K(842580K), 0.0218800 secs] [Times: user=0.06 sys=0.00, real=0.02 secs] 
2019-03-15T15:45:17.216+0900: 115.354: Total time for which application threads were stopped: 0.0220588 seconds, Stopping threads took: 0.0000286 seconds
2019-03-15T15:45:17.386+0900: 115.524: Application time: 0.1701409 seconds
2019-03-15T15:45:17.386+0900: 115.525: Total time for which application threads were stopped: 0.0002734 seconds, Stopping threads took: 0.0001701 seconds
2019-03-15T15:45:18.217+0900: 116.355: Application time: 0.8305381 seconds
2019-03-15T15:45:18.217+0900: 116.355: [GC (Allocation Failure) 2019-03-15T15:45:18.217+0900: 116.355: [ParNew: 226673K->12462K(235968K), 0.0160029 secs] 711994K->506059K(842580K), 0.0161124 secs] [Times: user=0.06 sys=0.00, real=0.02 secs] 
2019-03-15T15:45:18.233+0900: 116.372: Total time for which application threads were stopped: 0.0162760 seconds, Stopping threads took: 0.0000407 seconds
2019-03-15T15:45:18.384+0900: 116.523: Application time: 0.1511419 seconds
2019-03-15T15:45:18.384+0900: 116.523: Total time for which application threads were stopped: 0.0000821 seconds, Stopping threads took: 0.0000417 seconds
2019-03-15T15:45:19.129+0900: 117.267: Application time: 0.7445351 seconds
2019-03-15T15:45:19.129+0900: 117.267: [GC (Allocation Failure) 2019-03-15T15:45:19.129+0900: 117.267: [ParNew: 222254K->10696K(235968K), 0.0114421 secs] 715851K->504294K(842580K), 0.0115762 secs] [Times: user=0.00 sys=0.00, real=0.01 secs] 
2019-03-15T15:45:19.140+0900: 117.279: Total time for which application threads were stopped: 0.0117703 seconds, Stopping threads took: 0.0000460 seconds
2019-03-15T15:45:19.387+0900: 117.525: Application time: 0.2462967 seconds
2019-03-15T15:45:19.387+0900: 117.526: Total time for which application threads were stopped: 0.0001325 seconds, Stopping threads took: 0.0000582 seconds
2019-03-15T15:45:19.389+0900: 117.528: Application time: 0.0022872 seconds
2019-03-15T15:45:19.389+0900: 117.528: Total time for which application threads were stopped: 0.0001036 seconds, Stopping threads took: 0.0000551 seconds
2019-03-15T15:45:20.098+0900: 118.236: Application time: 0.7085195 seconds
2019-03-15T15:45:20.098+0900: 118.237: [GC (Allocation Failure) 2019-03-15T15:45:20.098+0900: 118.237: [ParNew: 220488K->16356K(235968K), 0.0164057 secs] 714086K->509953K(842580K), 0.0165668 secs] [Times: user=0.06 sys=0.00, real=0.02 secs] 
2019-03-15T15:45:20.115+0900: 118.253: Total time for which application threads were stopped: 0.0168181 seconds, Stopping threads took: 0.0000666 seconds
2019-03-15T15:45:20.388+0900: 118.527: Application time: 0.2737887 seconds
2019-03-15T15:45:20.388+0900: 118.527: Total time for which application threads were stopped: 0.0001708 seconds, Stopping threads took: 0.0000734 seconds
2019-03-15T15:45:21.081+0900: 119.220: Application time: 0.6923841 seconds
2019-03-15T15:45:21.081+0900: 119.220: [GC (Allocation Failure) 2019-03-15T15:45:21.081+0900: 119.220: [ParNew: 226148K->13541K(235968K), 0.0245348 secs] 719745K->507140K(842580K), 0.0247538 secs] [Times: user=0.06 sys=0.00, real=0.02 secs] 
2019-03-15T15:45:21.106+0900: 119.245: Total time for which application threads were stopped: 0.0251006 seconds, Stopping threads took: 0.0000899 seconds
2019-03-15T15:45:21.388+0900: 119.527: Application time: 0.2824018 seconds
2019-03-15T15:45:21.388+0900: 119.527: Total time for which application threads were stopped: 0.0000886 seconds, Stopping threads took: 0.0000258 seconds
2019-03-15T15:45:22.078+0900: 120.216: Application time: 0.6891989 seconds
2019-03-15T15:45:22.078+0900: 120.217: [GC (Allocation Failure) 2019-03-15T15:45:22.078+0900: 120.217: [ParNew: 223333K->19709K(235968K), 0.0144429 secs] 716932K->513310K(842580K), 0.0145545 secs] [Times: user=0.06 sys=0.00, real=0.01 secs] 
2019-03-15T15:45:22.092+0900: 120.231: Total time for which application threads were stopped: 0.0147206 seconds, Stopping threads took: 0.0000243 seconds
2019-03-15T15:45:22.388+0900: 120.527: Application time: 0.2959327 seconds
2019-03-15T15:45:22.388+0900: 120.527: Total time for which application threads were stopped: 0.0001620 seconds, Stopping threads took: 0.0001169 seconds
2019-03-15T15:45:23.017+0900: 121.156: Application time: 0.6286934 seconds
2019-03-15T15:45:23.017+0900: 121.156: [GC (Allocation Failure) 2019-03-15T15:45:23.017+0900: 121.156: [ParNew: 229501K->11393K(235968K), 0.0256262 secs] 723102K->513269K(842580K), 0.0257534 secs] [Times: user=0.13 sys=0.00, real=0.03 secs] 
2019-03-15T15:45:23.043+0900: 121.182: Total time for which application threads were stopped: 0.0259596 seconds, Stopping threads took: 0.0000610 seconds
2019-03-15T15:45:23.388+0900: 121.527: Application time: 0.3455022 seconds
2019-03-15T15:45:23.389+0900: 121.528: Total time for which application threads were stopped: 0.0000790 seconds, Stopping threads took: 0.0000280 seconds
2019-03-15T15:45:23.989+0900: 122.128: Application time: 0.6002733 seconds
2019-03-15T15:45:23.989+0900: 122.128: [GC (Allocation Failure) 2019-03-15T15:45:23.989+0900: 122.128: [ParNew: 221185K->18639K(235968K), 0.0247230 secs] 723061K->520517K(842580K), 0.0248931 secs] [Times: user=0.13 sys=0.00, real=0.02 secs] 
2019-03-15T15:45:24.014+0900: 122.153: Total time for which application threads were stopped: 0.0251659 seconds, Stopping threads took: 0.0000644 seconds
2019-03-15T15:45:24.389+0900: 122.528: Application time: 0.3750495 seconds
2019-03-15T15:45:24.389+0900: 122.528: Total time for which application threads were stopped: 0.0001095 seconds, Stopping threads took: 0.0000647 seconds
2019-03-15T15:45:24.912+0900: 123.051: Application time: 0.5224802 seconds
2019-03-15T15:45:24.912+0900: 123.051: [GC (Allocation Failure) 2019-03-15T15:45:24.912+0900: 123.051: [ParNew: 228431K->12053K(235968K), 0.0182485 secs] 730309K->519451K(842580K), 0.0183322 secs] [Times: user=0.13 sys=0.00, real=0.02 secs] 
2019-03-15T15:45:24.930+0900: 123.069: Total time for which application threads were stopped: 0.0184973 seconds, Stopping threads took: 0.0000454 seconds
2019-03-15T15:45:25.391+0900: 123.530: Application time: 0.4604373 seconds
2019-03-15T15:45:25.391+0900: 123.530: Total time for which application threads were stopped: 0.0001166 seconds, Stopping threads took: 0.0000336 seconds
2019-03-15T15:45:25.916+0900: 124.055: Application time: 0.5252455 seconds
2019-03-15T15:45:25.916+0900: 124.055: [GC (Allocation Failure) 2019-03-15T15:45:25.916+0900: 124.055: [ParNew: 221845K->9644K(235968K), 0.0099324 secs] 729243K->517042K(842580K), 0.0101159 secs] [Times: user=0.00 sys=0.00, real=0.01 secs] 
2019-03-15T15:45:25.926+0900: 124.065: Total time for which application threads were stopped: 0.0103840 seconds, Stopping threads took: 0.0000734 seconds
2019-03-15T15:45:26.390+0900: 124.529: Application time: 0.4636946 seconds
2019-03-15T15:45:26.390+0900: 124.529: Total time for which application threads were stopped: 0.0001418 seconds, Stopping threads took: 0.0000725 seconds
2019-03-15T15:45:26.922+0900: 125.062: Application time: 0.5323514 seconds
2019-03-15T15:45:26.923+0900: 125.062: [GC (Allocation Failure) 2019-03-15T15:45:26.923+0900: 125.062: [ParNew: 219436K->8079K(235968K), 0.0167749 secs] 726834K->515478K(842580K), 0.0169683 secs] [Times: user=0.06 sys=0.00, real=0.02 secs] 
2019-03-15T15:45:26.940+0900: 125.079: Total time for which application threads were stopped: 0.0173024 seconds, Stopping threads took: 0.0000815 seconds
2019-03-15T15:45:27.389+0900: 125.528: Application time: 0.4493606 seconds
2019-03-15T15:45:27.389+0900: 125.528: Total time for which application threads were stopped: 0.0000718 seconds, Stopping threads took: 0.0000320 seconds
2019-03-15T15:45:27.859+0900: 125.998: Application time: 0.4695863 seconds
2019-03-15T15:45:27.859+0900: 125.998: [GC (Allocation Failure) 2019-03-15T15:45:27.859+0900: 125.998: [ParNew: 217871K->21393K(235968K), 0.0210169 secs] 725270K->528793K(842580K), 0.0211730 secs] [Times: user=0.13 sys=0.00, real=0.02 secs] 
2019-03-15T15:45:27.880+0900: 126.019: Total time for which application threads were stopped: 0.0214103 seconds, Stopping threads took: 0.0000634 seconds
2019-03-15T15:45:28.390+0900: 126.529: Application time: 0.5098282 seconds
2019-03-15T15:45:28.390+0900: 126.529: Total time for which application threads were stopped: 0.0001661 seconds, Stopping threads took: 0.0000902 seconds
2019-03-15T15:45:28.798+0900: 126.938: Application time: 0.4083520 seconds
2019-03-15T15:45:28.799+0900: 126.938: [GC (Allocation Failure) 2019-03-15T15:45:28.799+0900: 126.938: [ParNew: 231185K->20508K(235968K), 0.0299553 secs] 738585K->536185K(842580K), 0.0300744 secs] [Times: user=0.08 sys=0.00, real=0.03 secs] 
2019-03-15T15:45:28.829+0900: 126.968: Total time for which application threads were stopped: 0.0302598 seconds, Stopping threads took: 0.0000600 seconds
2019-03-15T15:45:29.391+0900: 127.530: Application time: 0.5625549 seconds
2019-03-15T15:45:29.391+0900: 127.531: Total time for which application threads were stopped: 0.0002364 seconds, Stopping threads took: 0.0001291 seconds
2019-03-15T15:45:29.397+0900: 127.536: Application time: 0.0054914 seconds
2019-03-15T15:45:29.397+0900: 127.536: Total time for which application threads were stopped: 0.0001452 seconds, Stopping threads took: 0.0000638 seconds
2019-03-15T15:45:29.779+0900: 127.919: Application time: 0.3824069 seconds
2019-03-15T15:45:29.780+0900: 127.919: [GC (Allocation Failure) 2019-03-15T15:45:29.780+0900: 127.919: [ParNew: 230300K->14951K(235968K), 0.0208340 secs] 745977K->530628K(842580K), 0.0210169 secs] [Times: user=0.06 sys=0.00, real=0.02 secs] 
2019-03-15T15:45:29.801+0900: 127.940: Total time for which application threads were stopped: 0.0212875 seconds, Stopping threads took: 0.0000513 seconds
2019-03-15T15:45:30.390+0900: 128.529: Application time: 0.5890401 seconds
2019-03-15T15:45:30.390+0900: 128.529: Total time for which application threads were stopped: 0.0001045 seconds, Stopping threads took: 0.0000485 seconds
2019-03-15T15:45:30.730+0900: 128.869: Application time: 0.3397390 seconds
2019-03-15T15:45:30.730+0900: 128.869: [GC (Allocation Failure) 2019-03-15T15:45:30.730+0900: 128.869: [ParNew: 224743K->21486K(235968K), 0.0198851 secs] 740420K->537165K(842580K), 0.0200020 secs] [Times: user=0.13 sys=0.00, real=0.02 secs] 
2019-03-15T15:45:30.750+0900: 128.889: Total time for which application threads were stopped: 0.0201939 seconds, Stopping threads took: 0.0000473 seconds
2019-03-15T15:45:31.392+0900: 129.531: Application time: 0.6418442 seconds
2019-03-15T15:45:31.392+0900: 129.531: Total time for which application threads were stopped: 0.0001306 seconds, Stopping threads took: 0.0000572 seconds
2019-03-15T15:45:31.707+0900: 129.847: Application time: 0.3154887 seconds
2019-03-15T15:45:31.707+0900: 129.847: [GC (Allocation Failure) 2019-03-15T15:45:31.708+0900: 129.847: [ParNew: 231278K->19065K(235968K), 0.0370195 secs] 746957K->545780K(842580K), 0.0371700 secs] [Times: user=0.13 sys=0.00, real=0.04 secs] 
2019-03-15T15:45:31.745+0900: 129.884: Total time for which application threads were stopped: 0.0373778 seconds, Stopping threads took: 0.0000669 seconds
2019-03-15T15:45:32.392+0900: 130.531: Application time: 0.6470691 seconds
2019-03-15T15:45:32.392+0900: 130.531: Total time for which application threads were stopped: 0.0001001 seconds, Stopping threads took: 0.0000451 seconds
2019-03-15T15:45:32.693+0900: 130.832: Application time: 0.3010944 seconds
2019-03-15T15:45:32.693+0900: 130.833: [GC (Allocation Failure) 2019-03-15T15:45:32.693+0900: 130.833: [ParNew: 228857K->12450K(235968K), 0.0246241 secs] 755572K->539166K(842580K), 0.0248658 secs] [Times: user=0.11 sys=0.00, real=0.02 secs] 
2019-03-15T15:45:32.718+0900: 130.858: Total time for which application threads were stopped: 0.0252315 seconds, Stopping threads took: 0.0000886 seconds
2019-03-15T15:45:33.392+0900: 131.532: Application time: 0.6740274 seconds
2019-03-15T15:45:33.392+0900: 131.532: Total time for which application threads were stopped: 0.0000942 seconds, Stopping threads took: 0.0000513 seconds
2019-03-15T15:45:33.628+0900: 131.767: Application time: 0.2354321 seconds
2019-03-15T15:45:33.628+0900: 131.767: [GC (Allocation Failure) 2019-03-15T15:45:33.628+0900: 131.767: [ParNew: 222242K->14563K(235968K), 0.0121600 secs] 748958K->541278K(842580K), 0.0122837 secs] [Times: user=0.06 sys=0.00, real=0.01 secs] 
2019-03-15T15:45:33.640+0900: 131.780: Total time for which application threads were stopped: 0.0124669 seconds, Stopping threads took: 0.0000513 seconds
2019-03-15T15:45:34.393+0900: 132.532: Application time: 0.7522008 seconds
2019-03-15T15:45:34.393+0900: 132.532: Total time for which application threads were stopped: 0.0000877 seconds, Stopping threads took: 0.0000457 seconds
2019-03-15T15:45:34.533+0900: 132.672: Application time: 0.1399703 seconds
2019-03-15T15:45:34.533+0900: 132.672: [GC (Allocation Failure) 2019-03-15T15:45:34.533+0900: 132.672: [ParNew: 224355K->20153K(235968K), 0.0145243 secs] 751070K->546870K(842580K), 0.0146469 secs] [Times: user=0.06 sys=0.00, real=0.02 secs] 
2019-03-15T15:45:34.548+0900: 132.687: Total time for which application threads were stopped: 0.0148117 seconds, Stopping threads took: 0.0000386 seconds
2019-03-15T15:45:35.397+0900: 133.536: Application time: 0.8493536 seconds
2019-03-15T15:45:35.398+0900: 133.536: Total time for which application threads were stopped: 0.0001120 seconds, Stopping threads took: 0.0000687 seconds
2019-03-15T15:45:35.559+0900: 133.698: Application time: 0.1618229 seconds
2019-03-15T15:45:35.560+0900: 133.698: [GC (Allocation Failure) 2019-03-15T15:45:35.560+0900: 133.698: [ParNew: 229945K->18401K(235968K), 0.0226196 secs] 756662K->556153K(842580K), 0.0227228 secs] [Times: user=0.05 sys=0.00, real=0.02 secs] 
2019-03-15T15:45:35.582+0900: 133.721: Total time for which application threads were stopped: 0.0228734 seconds, Stopping threads took: 0.0000411 seconds
2019-03-15T15:45:36.395+0900: 134.533: Application time: 0.8125471 seconds
2019-03-15T15:45:36.395+0900: 134.534: Total time for which application threads were stopped: 0.0001045 seconds, Stopping threads took: 0.0000463 seconds
2019-03-15T15:45:36.502+0900: 134.640: Application time: 0.1066672 seconds
2019-03-15T15:45:36.502+0900: 134.640: [GC (Allocation Failure) 2019-03-15T15:45:36.502+0900: 134.640: [ParNew: 228193K->9226K(235968K), 0.0095337 secs] 765945K->546978K(842580K), 0.0096709 secs] [Times: user=0.06 sys=0.00, real=0.01 secs] 
2019-03-15T15:45:36.511+0900: 134.650: Total time for which application threads were stopped: 0.0098587 seconds, Stopping threads took: 0.0000398 seconds
2019-03-15T15:45:37.392+0900: 135.530: Application time: 0.8802746 seconds
2019-03-15T15:45:37.392+0900: 135.530: [GC (Allocation Failure) 2019-03-15T15:45:37.392+0900: 135.530: [ParNew: 219018K->19656K(235968K), 0.0099620 secs] 756770K->557410K(842580K), 0.0100615 secs] [Times: user=0.06 sys=0.00, real=0.01 secs] 
2019-03-15T15:45:37.402+0900: 135.541: Total time for which application threads were stopped: 0.0101980 seconds, Stopping threads took: 0.0000348 seconds
2019-03-15T15:45:37.404+0900: 135.543: Application time: 0.0024941 seconds
2019-03-15T15:45:37.404+0900: 135.543: Total time for which application threads were stopped: 0.0000812 seconds, Stopping threads took: 0.0000355 seconds
2019-03-15T15:45:38.362+0900: 136.501: Application time: 0.9578157 seconds
2019-03-15T15:45:38.362+0900: 136.501: [GC (Allocation Failure) 2019-03-15T15:45:38.362+0900: 136.501: [ParNew: 229448K->16388K(235968K), 0.0145669 secs] 767202K->562421K(842580K), 0.0146491 secs] [Times: user=0.02 sys=0.00, real=0.02 secs] 
2019-03-15T15:45:38.377+0900: 136.516: Total time for which application threads were stopped: 0.0147962 seconds, Stopping threads took: 0.0000211 seconds
2019-03-15T15:45:38.404+0900: 136.543: Application time: 0.0270553 seconds
2019-03-15T15:45:38.404+0900: 136.543: Total time for which application threads were stopped: 0.0000715 seconds, Stopping threads took: 0.0000330 seconds
2019-03-15T15:45:39.306+0900: 137.445: Application time: 0.9019424 seconds
2019-03-15T15:45:39.306+0900: 137.445: [GC (Allocation Failure) 2019-03-15T15:45:39.306+0900: 137.445: [ParNew: 226180K->13185K(235968K), 0.0243974 secs] 772213K->559218K(842580K), 0.0245834 secs] [Times: user=0.13 sys=0.00, real=0.03 secs] 
2019-03-15T15:45:39.331+0900: 137.470: Total time for which application threads were stopped: 0.0248698 seconds, Stopping threads took: 0.0000893 seconds
2019-03-15T15:45:39.404+0900: 137.543: Application time: 0.0731227 seconds
2019-03-15T15:45:39.404+0900: 137.543: Total time for which application threads were stopped: 0.0000684 seconds, Stopping threads took: 0.0000317 seconds
2019-03-15T15:45:39.405+0900: 137.544: Application time: 0.0010242 seconds
2019-03-15T15:45:39.405+0900: 137.544: Total time for which application threads were stopped: 0.0000467 seconds, Stopping threads took: 0.0000286 seconds
2019-03-15T15:45:40.278+0900: 138.417: Application time: 0.8730605 seconds
2019-03-15T15:45:40.278+0900: 138.417: [GC (Allocation Failure) 2019-03-15T15:45:40.278+0900: 138.417: [ParNew: 222977K->14199K(235968K), 0.0170010 secs] 769010K->560232K(842580K), 0.0171114 secs] [Times: user=0.09 sys=0.00, real=0.02 secs] 
2019-03-15T15:45:40.296+0900: 138.434: Total time for which application threads were stopped: 0.0173176 seconds, Stopping threads took: 0.0000591 seconds
2019-03-15T15:45:40.405+0900: 138.544: Application time: 0.1091896 seconds
2019-03-15T15:45:40.405+0900: 138.544: Total time for which application threads were stopped: 0.0000849 seconds, Stopping threads took: 0.0000351 seconds
2019-03-15T15:45:41.221+0900: 139.360: Application time: 0.8162498 seconds
2019-03-15T15:45:41.221+0900: 139.360: [GC (Allocation Failure) 2019-03-15T15:45:41.221+0900: 139.360: [ParNew: 223991K->19852K(235968K), 0.0131173 secs] 770024K->565887K(842580K), 0.0132339 secs] [Times: user=0.06 sys=0.00, real=0.01 secs] 
2019-03-15T15:45:41.234+0900: 139.373: Total time for which application threads were stopped: 0.0133988 seconds, Stopping threads took: 0.0000414 seconds
2019-03-15T15:45:41.406+0900: 139.544: Application time: 0.1712207 seconds
2019-03-15T15:45:41.406+0900: 139.545: Total time for which application threads were stopped: 0.0000802 seconds, Stopping threads took: 0.0000249 seconds
2019-03-15T15:45:42.228+0900: 140.367: Application time: 0.8224786 seconds
2019-03-15T15:45:42.228+0900: 140.367: [GC (Allocation Failure) 2019-03-15T15:45:42.228+0900: 140.367: [ParNew: 229644K->12280K(235968K), 0.0130041 secs] 775679K->566590K(842580K), 0.0131303 secs] [Times: user=0.06 sys=0.00, real=0.01 secs] 
2019-03-15T15:45:42.241+0900: 140.380: Total time for which application threads were stopped: 0.0132656 seconds, Stopping threads took: 0.0000426 seconds
2019-03-15T15:45:42.405+0900: 140.544: Application time: 0.1640645 seconds
2019-03-15T15:45:42.406+0900: 140.544: Total time for which application threads were stopped: 0.0000899 seconds, Stopping threads took: 0.0000392 seconds
2019-03-15T15:45:43.138+0900: 141.277: Application time: 0.7320464 seconds
2019-03-15T15:45:43.138+0900: 141.277: [GC (Allocation Failure) 2019-03-15T15:45:43.138+0900: 141.277: [ParNew: 222072K->11289K(235968K), 0.0054497 secs] 776382K->565599K(842580K), 0.0055231 secs] [Times: user=0.00 sys=0.00, real=0.00 secs] 
2019-03-15T15:45:43.143+0900: 141.282: Total time for which application threads were stopped: 0.0056404 seconds, Stopping threads took: 0.0000187 seconds
2019-03-15T15:45:43.406+0900: 141.545: Application time: 0.2628184 seconds
2019-03-15T15:45:43.406+0900: 141.545: Total time for which application threads were stopped: 0.0000905 seconds, Stopping threads took: 0.0000426 seconds
2019-03-15T15:45:44.013+0900: 142.152: Application time: 0.6070585 seconds
2019-03-15T15:45:44.013+0900: 142.152: [GC (Allocation Failure) 2019-03-15T15:45:44.013+0900: 142.152: [ParNew: 221081K->14592K(235968K), 0.0080806 secs] 775391K->568904K(842580K), 0.0081848 secs] [Times: user=0.00 sys=0.00, real=0.01 secs] 
2019-03-15T15:45:44.021+0900: 142.160: Total time for which application threads were stopped: 0.0083033 seconds, Stopping threads took: 0.0000196 seconds
2019-03-15T15:45:44.406+0900: 142.545: Application time: 0.3845010 seconds
2019-03-15T15:45:44.406+0900: 142.545: Total time for which application threads were stopped: 0.0000743 seconds, Stopping threads took: 0.0000383 seconds
2019-03-15T15:45:44.935+0900: 143.074: Application time: 0.5287109 seconds
2019-03-15T15:45:44.935+0900: 143.074: [GC (Allocation Failure) 2019-03-15T15:45:44.935+0900: 143.074: [ParNew: 224384K->19881K(235968K), 0.0131969 secs] 778696K->574194K(842580K), 0.0134084 secs] [Times: user=0.06 sys=0.00, real=0.01 secs] 
2019-03-15T15:45:44.948+0900: 143.087: Total time for which application threads were stopped: 0.0136202 seconds, Stopping threads took: 0.0000613 seconds
2019-03-15T15:45:45.407+0900: 143.547: Application time: 0.4591562 seconds
2019-03-15T15:45:45.408+0900: 143.547: Total time for which application threads were stopped: 0.0000877 seconds, Stopping threads took: 0.0000367 seconds
2019-03-15T15:45:45.883+0900: 144.022: Application time: 0.4750428 seconds
2019-03-15T15:45:45.883+0900: 144.022: [GC (Allocation Failure) 2019-03-15T15:45:45.883+0900: 144.022: [ParNew: 229673K->10403K(235968K), 0.0276544 secs] 783986K->570234K(842580K), 0.0278189 secs] [Times: user=0.06 sys=0.02, real=0.03 secs] 
2019-03-15T15:45:45.911+0900: 144.050: Total time for which application threads were stopped: 0.0280886 seconds, Stopping threads took: 0.0000765 seconds
2019-03-15T15:45:45.911+0900: 144.050: Application time: 0.0000989 seconds
2019-03-15T15:45:45.911+0900: 144.050: [GC (CMS Initial Mark) [1 CMS-initial-mark: 559830K(606612K)] 574677K(842580K), 0.0030278 secs] [Times: user=0.00 sys=0.00, real=0.00 secs] 
2019-03-15T15:45:45.914+0900: 144.053: Total time for which application threads were stopped: 0.0032237 seconds, Stopping threads took: 0.0000706 seconds
2019-03-15T15:45:45.914+0900: 144.053: [CMS-concurrent-mark-start]
2019-03-15T15:45:46.141+0900: 144.280: [CMS-concurrent-mark: 0.227/0.227 secs] [Times: user=0.26 sys=0.00, real=0.23 secs] 
2019-03-15T15:45:46.141+0900: 144.280: [CMS-concurrent-preclean-start]
2019-03-15T15:45:46.142+0900: 144.281: [CMS-concurrent-preclean: 0.001/0.001 secs] [Times: user=0.00 sys=0.00, real=0.00 secs] 
2019-03-15T15:45:46.142+0900: 144.281: [CMS-concurrent-abortable-preclean-start]
2019-03-15T15:45:46.408+0900: 144.547: Application time: 0.4937961 seconds
2019-03-15T15:45:46.408+0900: 144.547: Total time for which application threads were stopped: 0.0000700 seconds, Stopping threads took: 0.0000320 seconds
2019-03-15T15:45:46.762+0900: 144.901: Application time: 0.3538058 seconds
2019-03-15T15:45:46.762+0900: 144.901: [GC (Allocation Failure) 2019-03-15T15:45:46.762+0900: 144.901: [ParNew: 220195K->13768K(235968K), 0.0142164 secs] 780026K->573601K(842580K), 0.0144192 secs] [Times: user=0.06 sys=0.00, real=0.01 secs] 
2019-03-15T15:45:46.776+0900: 144.916: Total time for which application threads were stopped: 0.0147340 seconds, Stopping threads took: 0.0000893 seconds
2019-03-15T15:45:47.410+0900: 145.549: Application time: 0.6336943 seconds
2019-03-15T15:45:47.410+0900: 145.549: Total time for which application threads were stopped: 0.0001387 seconds, Stopping threads took: 0.0000634 seconds
2019-03-15T15:45:47.410+0900: 145.549: [CMS-concurrent-abortable-preclean: 0.612/1.268 secs] [Times: user=0.89 sys=0.00, real=1.27 secs] 
2019-03-15T15:45:47.410+0900: 145.550: Application time: 0.0002152 seconds
2019-03-15T15:45:47.411+0900: 145.550: [GC (CMS Final Remark) [YG occupancy: 165841 K (235968 K)]2019-03-15T15:45:47.411+0900: 145.550: [Rescan (parallel) , 0.0559286 secs]2019-03-15T15:45:47.467+0900: 145.606: [weak refs processing, 0.0000339 secs]2019-03-15T15:45:47.467+0900: 145.606: [class unloading, 0.0016425 secs]2019-03-15T15:45:47.468+0900: 145.608: [scrub symbol table, 0.0009906 secs]2019-03-15T15:45:47.469+0900: 145.609: [scrub string table, 0.0002127 secs][1 CMS-remark: 559832K(606612K)] 725673K(842580K), 0.0590404 secs] [Times: user=0.19 sys=0.00, real=0.06 secs] 
2019-03-15T15:45:47.470+0900: 145.609: Total time for which application threads were stopped: 0.0592674 seconds, Stopping threads took: 0.0001546 seconds
2019-03-15T15:45:47.470+0900: 145.609: [CMS-concurrent-sweep-start]
2019-03-15T15:45:47.470+0900: 145.609: Application time: 0.0000641 seconds
2019-03-15T15:45:47.470+0900: 145.609: Total time for which application threads were stopped: 0.0000603 seconds, Stopping threads took: 0.0000267 seconds
2019-03-15T15:45:47.701+0900: 145.840: Application time: 0.2313263 seconds
2019-03-15T15:45:47.701+0900: 145.840: [GC (Allocation Failure) 2019-03-15T15:45:47.701+0900: 145.840: [ParNew: 223560K->9510K(235968K), 0.0064447 secs] 579769K->365721K(842580K), 0.0065579 secs] [Times: user=0.06 sys=0.00, real=0.01 secs] 
2019-03-15T15:45:47.708+0900: 145.847: Total time for which application threads were stopped: 0.0067146 seconds, Stopping threads took: 0.0000370 seconds
2019-03-15T15:45:47.785+0900: 145.924: [CMS-concurrent-sweep: 0.309/0.316 secs] [Times: user=0.42 sys=0.00, real=0.32 secs] 
2019-03-15T15:45:47.785+0900: 145.924: [CMS-concurrent-reset-start]
2019-03-15T15:45:47.786+0900: 145.925: [CMS-concurrent-reset: 0.001/0.001 secs] [Times: user=0.00 sys=0.00, real=0.00 secs] 
2019-03-15T15:45:48.409+0900: 146.548: Application time: 0.7013263 seconds
2019-03-15T15:45:48.409+0900: 146.548: Total time for which application threads were stopped: 0.0001008 seconds, Stopping threads took: 0.0000432 seconds
2019-03-15T15:45:48.630+0900: 146.769: Application time: 0.2204876 seconds
2019-03-15T15:45:48.630+0900: 146.769: [GC (Allocation Failure) 2019-03-15T15:45:48.630+0900: 146.769: [ParNew: 219302K->14796K(235968K), 0.0141856 secs] 511462K->306958K(842580K), 0.0143579 secs] [Times: user=0.06 sys=0.00, real=0.01 secs] 
2019-03-15T15:45:48.644+0900: 146.784: Total time for which application threads were stopped: 0.0146232 seconds, Stopping threads took: 0.0000597 seconds
2019-03-15T15:45:49.411+0900: 147.550: Application time: 0.7664418 seconds
2019-03-15T15:45:49.411+0900: 147.550: Total time for which application threads were stopped: 0.0000616 seconds, Stopping threads took: 0.0000184 seconds
2019-03-15T15:45:49.412+0900: 147.551: Application time: 0.0011433 seconds
2019-03-15T15:45:49.412+0900: 147.551: Total time for which application threads were stopped: 0.0000600 seconds, Stopping threads took: 0.0000286 seconds
2019-03-15T15:45:49.539+0900: 147.679: Application time: 0.1272944 seconds
2019-03-15T15:45:49.539+0900: 147.679: [GC (Allocation Failure) 2019-03-15T15:45:49.539+0900: 147.679: [ParNew: 224588K->6025K(235968K), 0.0185580 secs] 516750K->303705K(842580K), 0.0186631 secs] [Times: user=0.05 sys=0.00, real=0.02 secs] 
2019-03-15T15:45:49.558+0900: 147.697: Total time for which application threads were stopped: 0.0187906 seconds, Stopping threads took: 0.0000218 seconds
2019-03-15T15:45:50.414+0900: 148.554: Application time: 0.8562333 seconds
2019-03-15T15:45:50.414+0900: 148.554: Total time for which application threads were stopped: 0.0000924 seconds, Stopping threads took: 0.0000286 seconds
2019-03-15T15:45:50.463+0900: 148.602: Application time: 0.0482700 seconds
2019-03-15T15:45:50.463+0900: 148.602: [GC (Allocation Failure) 2019-03-15T15:45:50.463+0900: 148.602: [ParNew: 215817K->10754K(235968K), 0.0101533 secs] 513497K->308435K(842580K), 0.0102419 secs] [Times: user=0.05 sys=0.00, real=0.01 secs] 
2019-03-15T15:45:50.473+0900: 148.612: Total time for which application threads were stopped: 0.0103753 seconds, Stopping threads took: 0.0000345 seconds
2019-03-15T15:45:51.299+0900: 149.439: Application time: 0.8262864 seconds
2019-03-15T15:45:51.299+0900: 149.439: [GC (Allocation Failure) 2019-03-15T15:45:51.299+0900: 149.439: [ParNew: 220546K->9403K(235968K), 0.0051496 secs] 518227K->307086K(842580K), 0.0052628 secs] [Times: user=0.00 sys=0.00, real=0.01 secs] 
2019-03-15T15:45:51.305+0900: 149.444: Total time for which application threads were stopped: 0.0054242 seconds, Stopping threads took: 0.0000435 seconds
2019-03-15T15:45:51.412+0900: 149.551: Application time: 0.1073089 seconds
2019-03-15T15:45:51.412+0900: 149.551: Total time for which application threads were stopped: 0.0000628 seconds, Stopping threads took: 0.0000196 seconds
2019-03-15T15:45:52.121+0900: 150.259: Application time: 0.7077917 seconds
2019-03-15T15:45:52.121+0900: 150.259: [GC (Allocation Failure) 2019-03-15T15:45:52.121+0900: 150.259: [ParNew: 219195K->14059K(235968K), 0.0087652 secs] 516878K->314501K(842580K), 0.0088302 secs] [Times: user=0.00 sys=0.00, real=0.01 secs] 
2019-03-15T15:45:52.130+0900: 150.268: Total time for which application threads were stopped: 0.0089586 seconds, Stopping threads took: 0.0000196 seconds
2019-03-15T15:45:52.414+0900: 150.552: Application time: 0.2840726 seconds
2019-03-15T15:45:52.414+0900: 150.552: Total time for which application threads were stopped: 0.0000535 seconds, Stopping threads took: 0.0000162 seconds
2019-03-15T15:45:52.954+0900: 151.093: Application time: 0.5402398 seconds
2019-03-15T15:45:52.954+0900: 151.093: [GC (Allocation Failure) 2019-03-15T15:45:52.954+0900: 151.093: [ParNew: 223851K->13819K(235968K), 0.0080299 secs] 524293K->314263K(842580K), 0.0081232 secs] [Times: user=0.00 sys=0.00, real=0.01 secs] 
2019-03-15T15:45:52.962+0900: 151.101: Total time for which application threads were stopped: 0.0082647 seconds, Stopping threads took: 0.0000414 seconds
2019-03-15T15:45:53.414+0900: 151.552: Application time: 0.4515869 seconds
2019-03-15T15:45:53.414+0900: 151.553: Total time for which application threads were stopped: 0.0000840 seconds, Stopping threads took: 0.0000305 seconds
2019-03-15T15:45:53.778+0900: 151.916: Application time: 0.3635293 seconds
2019-03-15T15:45:53.778+0900: 151.916: [GC (Allocation Failure) 2019-03-15T15:45:53.778+0900: 151.916: [ParNew: 223611K->17341K(235968K), 0.0072738 secs] 524055K->317786K(842580K), 0.0073678 secs] [Times: user=0.00 sys=0.00, real=0.01 secs] 
2019-03-15T15:45:53.785+0900: 151.924: Total time for which application threads were stopped: 0.0075603 seconds, Stopping threads took: 0.0000865 seconds
2019-03-15T15:45:54.414+0900: 152.553: Application time: 0.6289643 seconds
2019-03-15T15:45:54.414+0900: 152.553: Total time for which application threads were stopped: 0.0000644 seconds, Stopping threads took: 0.0000218 seconds
2019-03-15T15:45:54.609+0900: 152.748: Application time: 0.1950265 seconds
2019-03-15T15:45:54.609+0900: 152.748: [GC (Allocation Failure) 2019-03-15T15:45:54.609+0900: 152.748: [ParNew: 227133K->12944K(235968K), 0.0079795 secs] 527578K->313392K(842580K), 0.0080741 secs] [Times: user=0.06 sys=0.00, real=0.01 secs] 
2019-03-15T15:45:54.617+0900: 152.756: Total time for which application threads were stopped: 0.0081904 seconds, Stopping threads took: 0.0000190 seconds
2019-03-15T15:45:55.414+0900: 153.553: Application time: 0.7969725 seconds
2019-03-15T15:45:55.414+0900: 153.553: Total time for which application threads were stopped: 0.0000647 seconds, Stopping threads took: 0.0000199 seconds
2019-03-15T15:45:55.442+0900: 153.580: Application time: 0.0272824 seconds
2019-03-15T15:45:55.442+0900: 153.580: [GC (Allocation Failure) 2019-03-15T15:45:55.442+0900: 153.580: [ParNew: 222736K->7149K(235968K), 0.0104727 secs] 523184K->313114K(842580K), 0.0105414 secs] [Times: user=0.05 sys=0.00, real=0.01 secs] 
2019-03-15T15:45:55.452+0900: 153.591: Total time for which application threads were stopped: 0.0106901 seconds, Stopping threads took: 0.0000330 seconds
2019-03-15T15:45:56.267+0900: 154.406: Application time: 0.8149501 seconds
2019-03-15T15:45:56.267+0900: 154.406: [GC (Allocation Failure) 2019-03-15T15:45:56.267+0900: 154.406: [ParNew: 216941K->15946K(235968K), 0.0132647 secs] 522906K->321911K(842580K), 0.0133338 secs] [Times: user=0.05 sys=0.00, real=0.01 secs] 
2019-03-15T15:45:56.281+0900: 154.419: Total time for which application threads were stopped: 0.0134541 seconds, Stopping threads took: 0.0000193 seconds
2019-03-15T15:45:56.415+0900: 154.554: Application time: 0.1345384 seconds
2019-03-15T15:45:56.415+0900: 154.554: Total time for which application threads were stopped: 0.0001145 seconds, Stopping threads took: 0.0000641 seconds
2019-03-15T15:45:57.095+0900: 155.233: Application time: 0.6794985 seconds
2019-03-15T15:45:57.095+0900: 155.234: [GC (Allocation Failure) 2019-03-15T15:45:57.095+0900: 155.234: [ParNew: 225738K->14674K(235968K), 0.0117367 secs] 531703K->326158K(842580K), 0.0118172 secs] [Times: user=0.06 sys=0.00, real=0.01 secs] 
2019-03-15T15:45:57.107+0900: 155.245: Total time for which application threads were stopped: 0.0119335 seconds, Stopping threads took: 0.0000202 seconds
2019-03-15T15:45:57.416+0900: 155.554: Application time: 0.3089853 seconds
2019-03-15T15:45:57.416+0900: 155.554: Total time for which application threads were stopped: 0.0000619 seconds, Stopping threads took: 0.0000177 seconds
2019-03-15T15:45:57.931+0900: 156.070: Application time: 0.5154975 seconds
2019-03-15T15:45:57.931+0900: 156.070: [GC (Allocation Failure) 2019-03-15T15:45:57.931+0900: 156.070: [ParNew: 224466K->10319K(235968K), 0.0064524 secs] 535950K->321803K(842580K), 0.0065401 secs] [Times: user=0.00 sys=0.00, real=0.01 secs] 
2019-03-15T15:45:57.938+0900: 156.077: Total time for which application threads were stopped: 0.0067121 seconds, Stopping threads took: 0.0000634 seconds
2019-03-15T15:45:58.415+0900: 156.554: Application time: 0.4769895 seconds
2019-03-15T15:45:58.415+0900: 156.554: Total time for which application threads were stopped: 0.0000771 seconds, Stopping threads took: 0.0000398 seconds
2019-03-15T15:45:58.753+0900: 156.891: Application time: 0.3375653 seconds
2019-03-15T15:45:58.753+0900: 156.891: [GC (Allocation Failure) 2019-03-15T15:45:58.753+0900: 156.891: [ParNew: 220111K->19674K(235968K), 0.0121177 secs] 531595K->331160K(842580K), 0.0122122 secs] [Times: user=0.00 sys=0.00, real=0.01 secs] 
2019-03-15T15:45:58.765+0900: 156.904: Total time for which application threads were stopped: 0.0123369 seconds, Stopping threads took: 0.0000202 seconds
2019-03-15T15:45:59.416+0900: 157.555: Application time: 0.6510675 seconds
2019-03-15T15:45:59.416+0900: 157.555: Total time for which application threads were stopped: 0.0000824 seconds, Stopping threads took: 0.0000429 seconds
2019-03-15T15:45:59.417+0900: 157.556: Application time: 0.0013760 seconds
2019-03-15T15:45:59.417+0900: 157.556: Total time for which application threads were stopped: 0.0000712 seconds, Stopping threads took: 0.0000299 seconds
2019-03-15T15:45:59.593+0900: 157.732: Application time: 0.1756605 seconds
2019-03-15T15:45:59.593+0900: 157.732: [GC (Allocation Failure) 2019-03-15T15:45:59.593+0900: 157.732: [ParNew: 229466K->18056K(235968K), 0.0149887 secs] 540952K->340576K(842580K), 0.0150627 secs] [Times: user=0.01 sys=0.00, real=0.02 secs] 
2019-03-15T15:45:59.608+0900: 157.747: Total time for which application threads were stopped: 0.0152272 seconds, Stopping threads took: 0.0000445 seconds
2019-03-15T15:46:00.415+0900: 158.554: Application time: 0.8066657 seconds
2019-03-15T15:46:00.415+0900: 158.554: [GC (Allocation Failure) 2019-03-15T15:46:00.415+0900: 158.554: [ParNew: 227848K->10346K(235968K), 0.0078819 secs] 550368K->332866K(842580K), 0.0079730 secs] [Times: user=0.05 sys=0.00, real=0.01 secs] 
2019-03-15T15:46:00.423+0900: 158.562: Total time for which application threads were stopped: 0.0081120 seconds, Stopping threads took: 0.0000355 seconds
2019-03-15T15:46:00.425+0900: 158.564: Application time: 0.0023970 seconds
2019-03-15T15:46:00.426+0900: 158.564: Total time for which application threads were stopped: 0.0000731 seconds, Stopping threads took: 0.0000202 seconds
2019-03-15T15:46:01.356+0900: 159.495: Application time: 0.9308484 seconds
2019-03-15T15:46:01.356+0900: 159.495: [GC (Allocation Failure) 2019-03-15T15:46:01.356+0900: 159.495: [ParNew: 220138K->15327K(235968K), 0.0123416 secs] 542658K->337847K(842580K), 0.0124548 secs] [Times: user=0.00 sys=0.00, real=0.01 secs] 
2019-03-15T15:46:01.369+0900: 159.508: Total time for which application threads were stopped: 0.0126352 seconds, Stopping threads took: 0.0000501 seconds
2019-03-15T15:46:01.418+0900: 159.557: Application time: 0.0486035 seconds
2019-03-15T15:46:01.418+0900: 159.557: Total time for which application threads were stopped: 0.0001157 seconds, Stopping threads took: 0.0000417 seconds
2019-03-15T15:46:02.349+0900: 160.488: Application time: 0.9314119 seconds
2019-03-15T15:46:02.349+0900: 160.488: [GC (Allocation Failure) 2019-03-15T15:46:02.349+0900: 160.488: [ParNew: 225119K->17365K(235968K), 0.0151162 secs] 547639K->339887K(842580K), 0.0152356 secs] [Times: user=0.05 sys=0.00, real=0.02 secs] 
2019-03-15T15:46:02.364+0900: 160.503: Total time for which application threads were stopped: 0.0153924 seconds, Stopping threads took: 0.0000370 seconds
2019-03-15T15:46:02.417+0900: 160.556: Application time: 0.0525948 seconds
2019-03-15T15:46:02.417+0900: 160.556: Total time for which application threads were stopped: 0.0000778 seconds, Stopping threads took: 0.0000414 seconds
2019-03-15T15:46:03.326+0900: 161.465: Application time: 0.9091233 seconds
2019-03-15T15:46:03.326+0900: 161.465: [GC (Allocation Failure) 2019-03-15T15:46:03.326+0900: 161.465: [ParNew: 227157K->16031K(235968K), 0.0302666 secs] 549679K->346829K(842580K), 0.0304489 secs] [Times: user=0.13 sys=0.00, real=0.03 secs] 
2019-03-15T15:46:03.357+0900: 161.496: Total time for which application threads were stopped: 0.0307640 seconds, Stopping threads took: 0.0000379 seconds
2019-03-15T15:46:03.418+0900: 161.557: Application time: 0.0611618 seconds
2019-03-15T15:46:03.418+0900: 161.557: Total time for which application threads were stopped: 0.0000588 seconds, Stopping threads took: 0.0000193 seconds
2019-03-15T15:46:04.244+0900: 162.383: Application time: 0.8256563 seconds
2019-03-15T15:46:04.244+0900: 162.383: [GC (Allocation Failure) 2019-03-15T15:46:04.244+0900: 162.383: [ParNew: 225823K->11561K(235968K), 0.0057533 secs] 556621K->342359K(842580K), 0.0058422 secs] [Times: user=0.00 sys=0.00, real=0.01 secs] 
2019-03-15T15:46:04.250+0900: 162.389: Total time for which application threads were stopped: 0.0059881 seconds, Stopping threads took: 0.0000479 seconds
2019-03-15T15:46:04.419+0900: 162.558: Application time: 0.1690812 seconds
2019-03-15T15:46:04.419+0900: 162.558: Total time for which application threads were stopped: 0.0001154 seconds, Stopping threads took: 0.0000504 seconds
2019-03-15T15:46:05.137+0900: 163.276: Application time: 0.7183403 seconds
2019-03-15T15:46:05.137+0900: 163.277: [GC (Allocation Failure) 2019-03-15T15:46:05.137+0900: 163.277: [ParNew: 221353K->20191K(235968K), 0.0138426 secs] 552151K->350992K(842580K), 0.0139580 secs] [Times: user=0.06 sys=0.00, real=0.01 secs] 
2019-03-15T15:46:05.151+0900: 163.291: Total time for which application threads were stopped: 0.0141281 seconds, Stopping threads took: 0.0000482 seconds
2019-03-15T15:46:05.419+0900: 163.558: Application time: 0.2672097 seconds
2019-03-15T15:46:05.419+0900: 163.558: Total time for which application threads were stopped: 0.0000946 seconds, Stopping threads took: 0.0000420 seconds
2019-03-15T15:46:06.122+0900: 164.261: Application time: 0.7030667 seconds
2019-03-15T15:46:06.122+0900: 164.261: [GC (Allocation Failure) 2019-03-15T15:46:06.122+0900: 164.261: [ParNew: 229983K->12896K(235968K), 0.0322587 secs] 560784K->350106K(842580K), 0.0324316 secs] [Times: user=0.13 sys=0.00, real=0.03 secs] 
2019-03-15T15:46:06.154+0900: 164.294: Total time for which application threads were stopped: 0.0327041 seconds, Stopping threads took: 0.0000880 seconds
2019-03-15T15:46:06.420+0900: 164.559: Application time: 0.2655236 seconds
2019-03-15T15:46:06.420+0900: 164.559: Total time for which application threads were stopped: 0.0001975 seconds, Stopping threads took: 0.0000843 seconds
2019-03-15T15:46:07.094+0900: 165.233: Application time: 0.6734190 seconds
2019-03-15T15:46:07.094+0900: 165.233: [GC (Allocation Failure) 2019-03-15T15:46:07.094+0900: 165.233: [ParNew: 222688K->15341K(235968K), 0.0189396 secs] 559898K->352551K(842580K), 0.0191060 secs] [Times: user=0.13 sys=0.00, real=0.02 secs] 
2019-03-15T15:46:07.113+0900: 165.252: Total time for which application threads were stopped: 0.0193539 seconds, Stopping threads took: 0.0000569 seconds
2019-03-15T15:46:07.419+0900: 165.558: Application time: 0.3060219 seconds
2019-03-15T15:46:07.419+0900: 165.558: Total time for which application threads were stopped: 0.0000681 seconds, Stopping threads took: 0.0000305 seconds
2019-03-15T15:46:08.066+0900: 166.205: Application time: 0.6466632 seconds
2019-03-15T15:46:08.066+0900: 166.205: [GC (Allocation Failure) 2019-03-15T15:46:08.066+0900: 166.205: [ParNew: 225133K->17901K(235968K), 0.0207768 secs] 562343K->356979K(842580K), 0.0209037 secs] [Times: user=0.06 sys=0.00, real=0.02 secs] 
2019-03-15T15:46:08.087+0900: 166.226: Total time for which application threads were stopped: 0.0211217 seconds, Stopping threads took: 0.0000355 seconds
2019-03-15T15:46:08.421+0900: 166.561: Application time: 0.3347222 seconds
2019-03-15T15:46:08.422+0900: 166.561: Total time for which application threads were stopped: 0.0001238 seconds, Stopping threads took: 0.0000392 seconds
2019-03-15T15:46:09.016+0900: 167.154: Application time: 0.5934495 seconds
2019-03-15T15:46:09.016+0900: 167.155: [GC (Allocation Failure) 2019-03-15T15:46:09.016+0900: 167.155: [ParNew: 227693K->15723K(235968K), 0.0270914 secs] 566771K->354803K(842580K), 0.0272883 secs] [Times: user=0.06 sys=0.00, real=0.03 secs] 
2019-03-15T15:46:09.044+0900: 167.182: Total time for which application threads were stopped: 0.0276186 seconds, Stopping threads took: 0.0000896 seconds
2019-03-15T15:46:09.422+0900: 167.560: Application time: 0.3780079 seconds
2019-03-15T15:46:09.422+0900: 167.560: Total time for which application threads were stopped: 0.0001033 seconds, Stopping threads took: 0.0000504 seconds
2019-03-15T15:46:09.424+0900: 167.562: Application time: 0.0018101 seconds
2019-03-15T15:46:09.424+0900: 167.562: Total time for which application threads were stopped: 0.0001201 seconds, Stopping threads took: 0.0000774 seconds
2019-03-15T15:46:10.015+0900: 168.153: Application time: 0.5911703 seconds
2019-03-15T15:46:10.015+0900: 168.153: [GC (Allocation Failure) 2019-03-15T15:46:10.015+0900: 168.154: [ParNew: 225515K->22346K(235968K), 0.0265944 secs] 564595K->361430K(842580K), 0.0268022 secs] [Times: user=0.06 sys=0.00, real=0.03 secs] 
2019-03-15T15:46:10.042+0900: 168.180: Total time for which application threads were stopped: 0.0271057 seconds, Stopping threads took: 0.0000715 seconds
2019-03-15T15:46:10.422+0900: 168.560: Application time: 0.3797866 seconds
2019-03-15T15:46:10.422+0900: 168.560: Total time for which application threads were stopped: 0.0000955 seconds, Stopping threads took: 0.0000429 seconds
2019-03-15T15:46:11.011+0900: 169.149: Application time: 0.5887655 seconds
2019-03-15T15:46:11.011+0900: 169.149: [GC (Allocation Failure) 2019-03-15T15:46:11.011+0900: 169.149: [ParNew: 232138K->16168K(235968K), 0.0313508 secs] 571222K->363526K(842580K), 0.0315008 secs] [Times: user=0.13 sys=0.00, real=0.03 secs] 
2019-03-15T15:46:11.042+0900: 169.181: Total time for which application threads were stopped: 0.0317561 seconds, Stopping threads took: 0.0000908 seconds
2019-03-15T15:46:11.423+0900: 169.562: Application time: 0.3810702 seconds
2019-03-15T15:46:11.423+0900: 169.562: Total time for which application threads were stopped: 0.0001207 seconds, Stopping threads took: 0.0000513 seconds
2019-03-15T15:46:12.028+0900: 170.166: Application time: 0.6042229 seconds
2019-03-15T15:46:12.028+0900: 170.166: [GC (Allocation Failure) 2019-03-15T15:46:12.028+0900: 170.166: [ParNew: 225960K->11599K(235968K), 0.0215288 secs] 573318K->358959K(842580K), 0.0217117 secs] [Times: user=0.06 sys=0.00, real=0.02 secs] 
2019-03-15T15:46:12.050+0900: 170.188: Total time for which application threads were stopped: 0.0219888 seconds, Stopping threads took: 0.0000631 seconds
2019-03-15T15:46:12.424+0900: 170.563: Application time: 0.3743972 seconds
2019-03-15T15:46:12.424+0900: 170.563: Total time for which application threads were stopped: 0.0002616 seconds, Stopping threads took: 0.0001729 seconds
2019-03-15T15:46:12.949+0900: 171.088: Application time: 0.5246555 seconds
2019-03-15T15:46:12.949+0900: 171.088: [GC (Allocation Failure) 2019-03-15T15:46:12.949+0900: 171.088: [ParNew: 221391K->18221K(235968K), 0.0237921 secs] 568751K->365583K(842580K), 0.0240055 secs] [Times: user=0.06 sys=0.00, real=0.02 secs] 
2019-03-15T15:46:12.973+0900: 171.112: Total time for which application threads were stopped: 0.0243345 seconds, Stopping threads took: 0.0000862 seconds
2019-03-15T15:46:13.423+0900: 171.561: Application time: 0.4495752 seconds
2019-03-15T15:46:13.423+0900: 171.562: Total time for which application threads were stopped: 0.0001362 seconds, Stopping threads took: 0.0000659 seconds
2019-03-15T15:46:13.924+0900: 172.062: Application time: 0.5007433 seconds
2019-03-15T15:46:13.924+0900: 172.063: [GC (Allocation Failure) 2019-03-15T15:46:13.924+0900: 172.063: [ParNew: 228013K->12255K(235968K), 0.0256607 secs] 575375K->365134K(842580K), 0.0257783 secs] [Times: user=0.13 sys=0.00, real=0.03 secs] 
2019-03-15T15:46:13.950+0900: 172.088: Total time for which application threads were stopped: 0.0259770 seconds, Stopping threads took: 0.0000585 seconds
2019-03-15T15:46:14.425+0900: 172.563: Application time: 0.4751134 seconds
2019-03-15T15:46:14.425+0900: 172.564: Total time for which application threads were stopped: 0.0001592 seconds, Stopping threads took: 0.0000594 seconds
2019-03-15T15:46:14.928+0900: 173.067: Application time: 0.5032234 seconds
2019-03-15T15:46:14.928+0900: 173.067: [GC (Allocation Failure) 2019-03-15T15:46:14.929+0900: 173.067: [ParNew: 222047K->13011K(235968K), 0.0189676 secs] 574926K->365892K(842580K), 0.0191694 secs] [Times: user=0.06 sys=0.00, real=0.02 secs] 
2019-03-15T15:46:14.948+0900: 173.086: Total time for which application threads were stopped: 0.0194814 seconds, Stopping threads took: 0.0000890 seconds
2019-03-15T15:46:15.426+0900: 173.565: Application time: 0.4785412 seconds
2019-03-15T15:46:15.426+0900: 173.565: Total time for which application threads were stopped: 0.0002078 seconds, Stopping threads took: 0.0000855 seconds
2019-03-15T15:46:15.914+0900: 174.053: Application time: 0.4878671 seconds
2019-03-15T15:46:15.914+0900: 174.053: [GC (Allocation Failure) 2019-03-15T15:46:15.915+0900: 174.053: [ParNew: 222803K->17401K(235968K), 0.0191458 secs] 575684K->370284K(842580K), 0.0192892 secs] [Times: user=0.06 sys=0.00, real=0.02 secs] 
2019-03-15T15:46:15.934+0900: 174.073: Total time for which application threads were stopped: 0.0195227 seconds, Stopping threads took: 0.0000638 seconds
2019-03-15T15:46:16.424+0900: 174.563: Application time: 0.4906744 seconds
2019-03-15T15:46:16.425+0900: 174.563: Total time for which application threads were stopped: 0.0000911 seconds, Stopping threads took: 0.0000407 seconds
2019-03-15T15:46:16.831+0900: 174.970: Application time: 0.4062899 seconds
2019-03-15T15:46:16.831+0900: 174.970: [GC (Allocation Failure) 2019-03-15T15:46:16.831+0900: 174.970: [ParNew: 227193K->15662K(235968K), 0.0288891 secs] 580076K->368546K(842580K), 0.0290664 secs] [Times: user=0.06 sys=0.00, real=0.03 secs] 
2019-03-15T15:46:16.860+0900: 174.999: Total time for which application threads were stopped: 0.0293357 seconds, Stopping threads took: 0.0000722 seconds
2019-03-15T15:46:17.425+0900: 175.564: Application time: 0.5647607 seconds
2019-03-15T15:46:17.425+0900: 175.564: Total time for which application threads were stopped: 0.0001057 seconds, Stopping threads took: 0.0000600 seconds
2019-03-15T15:46:17.805+0900: 175.944: Application time: 0.3797309 seconds
2019-03-15T15:46:17.805+0900: 175.944: [GC (Allocation Failure) 2019-03-15T15:46:17.805+0900: 175.944: [ParNew: 225454K->8010K(235968K), 0.0242926 secs] 578338K->369170K(842580K), 0.0244390 secs] [Times: user=0.08 sys=0.00, real=0.02 secs] 
2019-03-15T15:46:17.829+0900: 175.968: Total time for which application threads were stopped: 0.0246801 seconds, Stopping threads took: 0.0000535 seconds
2019-03-15T15:46:18.427+0900: 176.566: Application time: 0.5981353 seconds
2019-03-15T15:46:18.428+0900: 176.567: Total time for which application threads were stopped: 0.0001518 seconds, Stopping threads took: 0.0000597 seconds
2019-03-15T15:46:18.719+0900: 176.858: Application time: 0.2914708 seconds
2019-03-15T15:46:18.719+0900: 176.858: [GC (Allocation Failure) 2019-03-15T15:46:18.719+0900: 176.858: [ParNew: 217802K->8741K(235968K), 0.0069239 secs] 578962K->369903K(842580K), 0.0070225 secs] [Times: user=0.00 sys=0.00, real=0.01 secs] 
2019-03-15T15:46:18.726+0900: 176.865: Total time for which application threads were stopped: 0.0071504 seconds, Stopping threads took: 0.0000355 seconds
2019-03-15T15:46:19.426+0900: 177.565: Application time: 0.7000172 seconds
2019-03-15T15:46:19.426+0900: 177.565: Total time for which application threads were stopped: 0.0001903 seconds, Stopping threads took: 0.0001396 seconds
2019-03-15T15:46:19.428+0900: 177.567: Application time: 0.0013206 seconds
2019-03-15T15:46:19.428+0900: 177.567: Total time for which application threads were stopped: 0.0000728 seconds, Stopping threads took: 0.0000445 seconds
2019-03-15T15:46:19.682+0900: 177.821: Application time: 0.2546342 seconds
2019-03-15T15:46:19.683+0900: 177.822: [GC (Allocation Failure) 2019-03-15T15:46:19.683+0900: 177.822: [ParNew: 218533K->11756K(235968K), 0.0220467 secs] 579695K->372919K(842580K), 0.0223033 secs] [Times: user=0.13 sys=0.00, real=0.02 secs] 
2019-03-15T15:46:19.705+0900: 177.844: Total time for which application threads were stopped: 0.0227088 seconds, Stopping threads took: 0.0000924 seconds
2019-03-15T15:46:20.427+0900: 178.566: Application time: 0.7214402 seconds
2019-03-15T15:46:20.427+0900: 178.566: Total time for which application threads were stopped: 0.0001278 seconds, Stopping threads took: 0.0000768 seconds
2019-03-15T15:46:20.710+0900: 178.849: Application time: 0.2832064 seconds
2019-03-15T15:46:20.710+0900: 178.849: [GC (Allocation Failure) 2019-03-15T15:46:20.710+0900: 178.849: [ParNew: 221548K->11061K(235968K), 0.0186118 secs] 582711K->374983K(842580K), 0.0187576 secs] [Times: user=0.05 sys=0.00, real=0.02 secs] 
2019-03-15T15:46:20.729+0900: 178.868: Total time for which application threads were stopped: 0.0189579 seconds, Stopping threads took: 0.0000488 seconds
2019-03-15T15:46:21.428+0900: 179.567: Application time: 0.6990371 seconds
2019-03-15T15:46:21.428+0900: 179.567: Total time for which application threads were stopped: 0.0001036 seconds, Stopping threads took: 0.0000460 seconds
2019-03-15T15:46:21.658+0900: 179.797: Application time: 0.2301821 seconds
2019-03-15T15:46:21.658+0900: 179.797: [GC (Allocation Failure) 2019-03-15T15:46:21.658+0900: 179.797: [ParNew: 220853K->14404K(235968K), 0.0157498 secs] 584775K->378329K(842580K), 0.0158701 secs] [Times: user=0.06 sys=0.00, real=0.02 secs] 
2019-03-15T15:46:21.674+0900: 179.813: Total time for which application threads were stopped: 0.0160505 seconds, Stopping threads took: 0.0000435 seconds
2019-03-15T15:46:22.428+0900: 180.567: Application time: 0.7537089 seconds
2019-03-15T15:46:22.428+0900: 180.567: Total time for which application threads were stopped: 0.0000970 seconds, Stopping threads took: 0.0000594 seconds
2019-03-15T15:46:22.644+0900: 180.783: Application time: 0.2157038 seconds
2019-03-15T15:46:22.644+0900: 180.783: [GC (Allocation Failure) 2019-03-15T15:46:22.644+0900: 180.783: [ParNew: 224196K->17335K(235968K), 0.0186043 secs] 588121K->386779K(842580K), 0.0187384 secs] [Times: user=0.06 sys=0.00, real=0.02 secs] 
2019-03-15T15:46:22.663+0900: 180.802: Total time for which application threads were stopped: 0.0189418 seconds, Stopping threads took: 0.0000495 seconds
2019-03-15T15:46:23.430+0900: 181.569: Application time: 0.7669323 seconds
2019-03-15T15:46:23.430+0900: 181.569: Total time for which application threads were stopped: 0.0000575 seconds, Stopping threads took: 0.0000174 seconds
2019-03-15T15:46:23.623+0900: 181.762: Application time: 0.1931368 seconds
2019-03-15T15:46:23.623+0900: 181.762: [GC (Allocation Failure) 2019-03-15T15:46:23.623+0900: 181.762: [ParNew: 227127K->9184K(235968K), 0.0148148 secs] 596571K->378629K(842580K), 0.0149635 secs] [Times: user=0.06 sys=0.00, real=0.02 secs] 
2019-03-15T15:46:23.638+0900: 181.777: Total time for which application threads were stopped: 0.0151840 seconds, Stopping threads took: 0.0000638 seconds
2019-03-15T15:46:24.430+0900: 182.569: Application time: 0.7919523 seconds
2019-03-15T15:46:24.430+0900: 182.569: Total time for which application threads were stopped: 0.0001185 seconds, Stopping threads took: 0.0000491 seconds
2019-03-15T15:46:24.600+0900: 182.739: Application time: 0.1701633 seconds
2019-03-15T15:46:24.600+0900: 182.739: [GC (Allocation Failure) 2019-03-15T15:46:24.600+0900: 182.739: [ParNew: 218976K->8879K(235968K), 0.0050587 secs] 588421K->378324K(842580K), 0.0051570 secs] [Times: user=0.00 sys=0.00, real=0.01 secs] 
2019-03-15T15:46:24.605+0900: 182.745: Total time for which application threads were stopped: 0.0052746 seconds, Stopping threads took: 0.0000177 seconds
2019-03-15T15:46:25.430+0900: 183.569: Application time: 0.8246231 seconds
2019-03-15T15:46:25.430+0900: 183.569: Total time for which application threads were stopped: 0.0001617 seconds, Stopping threads took: 0.0000809 seconds
2019-03-15T15:46:25.527+0900: 183.667: Application time: 0.0971767 seconds
2019-03-15T15:46:25.527+0900: 183.667: [GC (Allocation Failure) 2019-03-15T15:46:25.527+0900: 183.667: [ParNew: 218671K->13852K(235968K), 0.0131400 secs] 588116K->383299K(842580K), 0.0132762 secs] [Times: user=0.06 sys=0.00, real=0.01 secs] 
2019-03-15T15:46:25.541+0900: 183.680: Total time for which application threads were stopped: 0.0134821 seconds, Stopping threads took: 0.0000529 seconds
2019-03-15T15:46:26.432+0900: 184.571: Application time: 0.8905893 seconds
2019-03-15T15:46:26.432+0900: 184.571: Total time for which application threads were stopped: 0.0001611 seconds, Stopping threads took: 0.0000722 seconds
2019-03-15T15:46:26.577+0900: 184.716: Application time: 0.1449632 seconds
2019-03-15T15:46:26.578+0900: 184.716: [GC (Allocation Failure) 2019-03-15T15:46:26.578+0900: 184.716: [ParNew: 223644K->18578K(235968K), 0.0123982 secs] 593091K->388027K(842580K), 0.0125270 secs] [Times: user=0.05 sys=0.00, real=0.01 secs] 
2019-03-15T15:46:26.590+0900: 184.728: Total time for which application threads were stopped: 0.0127375 seconds, Stopping threads took: 0.0000858 seconds
2019-03-15T15:46:27.431+0900: 185.569: Application time: 0.8407318 seconds
2019-03-15T15:46:27.431+0900: 185.569: Total time for which application threads were stopped: 0.0001692 seconds, Stopping threads took: 0.0001098 seconds
2019-03-15T15:46:27.572+0900: 185.710: Application time: 0.1406540 seconds
2019-03-15T15:46:27.572+0900: 185.710: [GC (Allocation Failure) 2019-03-15T15:46:27.572+0900: 185.710: [ParNew: 228370K->8390K(235968K), 0.0210691 secs] 597819K->386113K(842580K), 0.0212194 secs] [Times: user=0.06 sys=0.00, real=0.02 secs] 
2019-03-15T15:46:27.593+0900: 185.732: Total time for which application threads were stopped: 0.0214464 seconds, Stopping threads took: 0.0000544 seconds
2019-03-15T15:46:28.432+0900: 186.571: Application time: 0.8393260 seconds
2019-03-15T15:46:28.433+0900: 186.571: Total time for which application threads were stopped: 0.0001350 seconds, Stopping threads took: 0.0000560 seconds
2019-03-15T15:46:28.591+0900: 186.729: Application time: 0.1584695 seconds
2019-03-15T15:46:28.591+0900: 186.730: [GC (Allocation Failure) 2019-03-15T15:46:28.591+0900: 186.730: [ParNew: 218182K->9516K(235968K), 0.0164265 secs] 595905K->387241K(842580K), 0.0165967 secs] [Times: user=0.05 sys=0.00, real=0.02 secs] 
2019-03-15T15:46:28.608+0900: 186.746: Total time for which application threads were stopped: 0.0168598 seconds, Stopping threads took: 0.0000603 seconds
2019-03-15T15:46:29.432+0900: 187.571: Application time: 0.8242287 seconds
2019-03-15T15:46:29.432+0900: 187.571: Total time for which application threads were stopped: 0.0000927 seconds, Stopping threads took: 0.0000495 seconds
2019-03-15T15:46:29.434+0900: 187.572: Application time: 0.0015871 seconds
2019-03-15T15:46:29.434+0900: 187.572: Total time for which application threads were stopped: 0.0000541 seconds, Stopping threads took: 0.0000177 seconds
2019-03-15T15:46:29.567+0900: 187.706: Application time: 0.1333926 seconds
2019-03-15T15:46:29.567+0900: 187.706: [GC (Allocation Failure) 2019-03-15T15:46:29.568+0900: 187.706: [ParNew: 219308K->14088K(235968K), 0.0133226 secs] 597033K->391815K(842580K), 0.0135001 secs] [Times: user=0.06 sys=0.00, real=0.01 secs] 
2019-03-15T15:46:29.581+0900: 187.719: Total time for which application threads were stopped: 0.0137396 seconds, Stopping threads took: 0.0000510 seconds
2019-03-15T15:46:30.434+0900: 188.572: Application time: 0.8529141 seconds
2019-03-15T15:46:30.434+0900: 188.573: Total time for which application threads were stopped: 0.0001568 seconds, Stopping threads took: 0.0000659 seconds
2019-03-15T15:46:30.513+0900: 188.652: Application time: 0.0791646 seconds
2019-03-15T15:46:30.513+0900: 188.652: [GC (Allocation Failure) 2019-03-15T15:46:30.513+0900: 188.652: [ParNew: 223880K->10660K(235968K), 0.0177574 secs] 601607K->388389K(842580K), 0.0179098 secs] [Times: user=0.06 sys=0.00, real=0.02 secs] 
2019-03-15T15:46:30.531+0900: 188.670: Total time for which application threads were stopped: 0.0181586 seconds, Stopping threads took: 0.0000376 seconds
2019-03-15T15:46:31.434+0900: 189.572: Application time: 0.9024699 seconds
2019-03-15T15:46:31.434+0900: 189.572: Total time for which application threads were stopped: 0.0001353 seconds, Stopping threads took: 0.0000566 seconds
2019-03-15T15:46:31.482+0900: 189.620: Application time: 0.0480088 seconds
2019-03-15T15:46:31.482+0900: 189.621: [GC (Allocation Failure) 2019-03-15T15:46:31.482+0900: 189.621: [ParNew: 220452K->15637K(235968K), 0.0243311 secs] 598181K->396125K(842580K), 0.0244988 secs] [Times: user=0.06 sys=0.00, real=0.02 secs] 
2019-03-15T15:46:31.507+0900: 189.645: Total time for which application threads were stopped: 0.0247305 seconds, Stopping threads took: 0.0000634 seconds
2019-03-15T15:46:32.437+0900: 190.576: Application time: 0.9306509 seconds
2019-03-15T15:46:32.437+0900: 190.576: Total time for which application threads were stopped: 0.0000575 seconds, Stopping threads took: 0.0000184 seconds
2019-03-15T15:46:32.460+0900: 190.599: Application time: 0.0227455 seconds
2019-03-15T15:46:32.460+0900: 190.599: [GC (Allocation Failure) 2019-03-15T15:46:32.460+0900: 190.599: [ParNew: 225429K->13556K(235968K), 0.0088479 secs] 605917K->394046K(842580K), 0.0089515 secs] [Times: user=0.05 sys=0.00, real=0.01 secs] 
2019-03-15T15:46:32.469+0900: 190.608: Total time for which application threads were stopped: 0.0090731 seconds, Stopping threads took: 0.0000215 seconds
2019-03-15T15:46:33.336+0900: 191.474: Application time: 0.8666566 seconds
2019-03-15T15:46:33.336+0900: 191.474: [GC (Allocation Failure) 2019-03-15T15:46:33.336+0900: 191.475: [ParNew: 223348K->19107K(235968K), 0.0083876 secs] 603838K->399599K(842580K), 0.0084682 secs] [Times: user=0.00 sys=0.00, real=0.01 secs] 
2019-03-15T15:46:33.344+0900: 191.483: Total time for which application threads were stopped: 0.0085811 seconds, Stopping threads took: 0.0000184 seconds
2019-03-15T15:46:33.513+0900: 191.652: Application time: 0.1687795 seconds
2019-03-15T15:46:33.513+0900: 191.652: Total time for which application threads were stopped: 0.0000563 seconds, Stopping threads took: 0.0000159 seconds
2019-03-15T15:46:34.327+0900: 192.465: Application time: 0.8134780 seconds
2019-03-15T15:46:34.327+0900: 192.465: [GC (Allocation Failure) 2019-03-15T15:46:34.327+0900: 192.465: [ParNew: 228899K->10755K(235968K), 0.0143237 secs] 609391K->396765K(842580K), 0.0144292 secs] [Times: user=0.06 sys=0.00, real=0.01 secs] 
2019-03-15T15:46:34.341+0900: 192.480: Total time for which application threads were stopped: 0.0146335 seconds, Stopping threads took: 0.0000538 seconds
2019-03-15T15:46:34.435+0900: 192.574: Application time: 0.0936793 seconds
2019-03-15T15:46:34.435+0900: 192.574: Total time for which application threads were stopped: 0.0000768 seconds, Stopping threads took: 0.0000404 seconds
2019-03-15T15:46:35.217+0900: 193.356: Application time: 0.7820510 seconds
2019-03-15T15:46:35.217+0900: 193.356: [GC (Allocation Failure) 2019-03-15T15:46:35.217+0900: 193.356: [ParNew: 220547K->16093K(235968K), 0.0243880 secs] 606557K->402104K(842580K), 0.0246179 secs] [Times: user=0.13 sys=0.00, real=0.03 secs] 
2019-03-15T15:46:35.242+0900: 193.381: Total time for which application threads were stopped: 0.0249457 seconds, Stopping threads took: 0.0000743 seconds
2019-03-15T15:46:35.436+0900: 193.574: Application time: 0.1935464 seconds
2019-03-15T15:46:35.436+0900: 193.574: Total time for which application threads were stopped: 0.0000868 seconds, Stopping threads took: 0.0000327 seconds
2019-03-15T15:46:36.167+0900: 194.306: Application time: 0.7314576 seconds
2019-03-15T15:46:36.167+0900: 194.306: [GC (Allocation Failure) 2019-03-15T15:46:36.167+0900: 194.306: [ParNew: 225885K->10840K(235968K), 0.0189206 secs] 611896K->396853K(842580K), 0.0191050 secs] [Times: user=0.06 sys=0.00, real=0.02 secs] 
2019-03-15T15:46:36.186+0900: 194.325: Total time for which application threads were stopped: 0.0194493 seconds, Stopping threads took: 0.0000862 seconds
2019-03-15T15:46:36.436+0900: 194.575: Application time: 0.2497655 seconds
2019-03-15T15:46:36.436+0900: 194.575: Total time for which application threads were stopped: 0.0001120 seconds, Stopping threads took: 0.0000510 seconds
2019-03-15T15:46:37.106+0900: 195.245: Application time: 0.6696607 seconds
2019-03-15T15:46:37.106+0900: 195.245: [GC (Allocation Failure) 2019-03-15T15:46:37.106+0900: 195.245: [ParNew: 220632K->7987K(235968K), 0.0214940 secs] 606645K->399517K(842580K), 0.0216716 secs] [Times: user=0.13 sys=0.00, real=0.02 secs] 
2019-03-15T15:46:37.128+0900: 195.267: Total time for which application threads were stopped: 0.0219537 seconds, Stopping threads took: 0.0000765 seconds
2019-03-15T15:46:37.440+0900: 195.579: Application time: 0.3120996 seconds
2019-03-15T15:46:37.440+0900: 195.579: Total time for which application threads were stopped: 0.0000849 seconds, Stopping threads took: 0.0000339 seconds
2019-03-15T15:46:38.035+0900: 196.174: Application time: 0.5950027 seconds
2019-03-15T15:46:38.035+0900: 196.174: [GC (Allocation Failure) 2019-03-15T15:46:38.035+0900: 196.174: [ParNew: 217779K->9593K(235968K), 0.0066176 secs] 609309K->401125K(842580K), 0.0066860 secs] [Times: user=0.00 sys=0.00, real=0.01 secs] 
2019-03-15T15:46:38.042+0900: 196.181: Total time for which application threads were stopped: 0.0067970 seconds, Stopping threads took: 0.0000190 seconds
2019-03-15T15:46:38.447+0900: 196.586: Application time: 0.4051239 seconds
2019-03-15T15:46:38.447+0900: 196.586: Total time for which application threads were stopped: 0.0000778 seconds, Stopping threads took: 0.0000243 seconds
2019-03-15T15:46:38.938+0900: 197.076: Application time: 0.4904831 seconds
2019-03-15T15:46:38.938+0900: 197.077: [GC (Allocation Failure) 2019-03-15T15:46:38.938+0900: 197.077: [ParNew: 219385K->13496K(235968K), 0.0053887 secs] 610917K->405028K(842580K), 0.0054998 secs] [Times: user=0.00 sys=0.00, real=0.01 secs] 
2019-03-15T15:46:38.943+0900: 197.082: Total time for which application threads were stopped: 0.0056789 seconds, Stopping threads took: 0.0000784 seconds
2019-03-15T15:46:39.438+0900: 197.577: Application time: 0.4949851 seconds
2019-03-15T15:46:39.438+0900: 197.577: Total time for which application threads were stopped: 0.0000501 seconds, Stopping threads took: 0.0000143 seconds
2019-03-15T15:46:39.440+0900: 197.579: Application time: 0.0013442 seconds
2019-03-15T15:46:39.440+0900: 197.579: Total time for which application threads were stopped: 0.0000690 seconds, Stopping threads took: 0.0000342 seconds
2019-03-15T15:46:39.828+0900: 197.967: Application time: 0.3884445 seconds
2019-03-15T15:46:39.828+0900: 197.967: [GC (Allocation Failure) 2019-03-15T15:46:39.828+0900: 197.967: [ParNew: 223288K->9054K(235968K), 0.0050684 secs] 614820K->400588K(842580K), 0.0051785 secs] [Times: user=0.00 sys=0.00, real=0.00 secs] 
2019-03-15T15:46:39.833+0900: 197.972: Total time for which application threads were stopped: 0.0052967 seconds, Stopping threads took: 0.0000184 seconds
2019-03-15T15:46:40.438+0900: 198.577: Application time: 0.6050723 seconds
2019-03-15T15:46:40.439+0900: 198.578: Total time for which application threads were stopped: 0.0000837 seconds, Stopping threads took: 0.0000255 seconds
2019-03-15T15:46:40.670+0900: 198.809: Application time: 0.2311391 seconds
2019-03-15T15:46:40.670+0900: 198.809: [GC (Allocation Failure) 2019-03-15T15:46:40.670+0900: 198.809: [ParNew: 218846K->6245K(235968K), 0.0088252 secs] 610380K->400539K(842580K), 0.0089117 secs] [Times: user=0.00 sys=0.00, real=0.01 secs] 
2019-03-15T15:46:40.679+0900: 198.818: Total time for which application threads were stopped: 0.0090644 seconds, Stopping threads took: 0.0000507 seconds
2019-03-15T15:46:41.439+0900: 199.578: Application time: 0.7602503 seconds
2019-03-15T15:46:41.439+0900: 199.578: Total time for which application threads were stopped: 0.0000874 seconds, Stopping threads took: 0.0000526 seconds
2019-03-15T15:46:41.516+0900: 199.655: Application time: 0.0769060 seconds
2019-03-15T15:46:41.516+0900: 199.655: [GC (Allocation Failure) 2019-03-15T15:46:41.516+0900: 199.655: [ParNew: 216037K->10247K(235968K), 0.0084840 secs] 610331K->404542K(842580K), 0.0086237 secs] [Times: user=0.06 sys=0.00, real=0.01 secs] 
2019-03-15T15:46:41.525+0900: 199.664: Total time for which application threads were stopped: 0.0088184 seconds, Stopping threads took: 0.0000600 seconds
2019-03-15T15:46:42.425+0900: 200.564: Application time: 0.8999510 seconds
2019-03-15T15:46:42.425+0900: 200.564: [GC (Allocation Failure) 2019-03-15T15:46:42.425+0900: 200.564: [ParNew: 220039K->13601K(235968K), 0.0119855 secs] 614334K->407898K(842580K), 0.0121139 secs] [Times: user=0.06 sys=0.00, real=0.01 secs] 
2019-03-15T15:46:42.437+0900: 200.576: Total time for which application threads were stopped: 0.0123239 seconds, Stopping threads took: 0.0000299 seconds
2019-03-15T15:46:42.446+0900: 200.585: Application time: 0.0086377 seconds
2019-03-15T15:46:42.446+0900: 200.585: Total time for which application threads were stopped: 0.0001011 seconds, Stopping threads took: 0.0000379 seconds
2019-03-15T15:46:43.326+0900: 201.465: Application time: 0.8802690 seconds
2019-03-15T15:46:43.326+0900: 201.465: [GC (Allocation Failure) 2019-03-15T15:46:43.326+0900: 201.465: [ParNew: 223393K->7391K(235968K), 0.0169018 secs] 617690K->407206K(842580K), 0.0170545 secs] [Times: user=0.06 sys=0.00, real=0.02 secs] 
2019-03-15T15:46:43.343+0900: 201.482: Total time for which application threads were stopped: 0.0172778 seconds, Stopping threads took: 0.0000485 seconds
2019-03-15T15:46:43.443+0900: 201.582: Application time: 0.0999647 seconds
2019-03-15T15:46:43.443+0900: 201.583: Total time for which application threads were stopped: 0.0001928 seconds, Stopping threads took: 0.0000852 seconds
2019-03-15T15:46:44.271+0900: 202.409: Application time: 0.8265769 seconds
2019-03-15T15:46:44.271+0900: 202.409: [GC (Allocation Failure) 2019-03-15T15:46:44.271+0900: 202.409: [ParNew: 217183K->9450K(235968K), 0.0127217 secs] 616998K->409266K(842580K), 0.0128815 secs] [Times: user=0.00 sys=0.00, real=0.01 secs] 
2019-03-15T15:46:44.284+0900: 202.422: Total time for which application threads were stopped: 0.0131341 seconds, Stopping threads took: 0.0000765 seconds
2019-03-15T15:46:44.443+0900: 202.581: Application time: 0.1587815 seconds
2019-03-15T15:46:44.443+0900: 202.581: Total time for which application threads were stopped: 0.0001085 seconds, Stopping threads took: 0.0000541 seconds
2019-03-15T15:46:45.178+0900: 203.317: Application time: 0.7354813 seconds
2019-03-15T15:46:45.179+0900: 203.317: [GC (Allocation Failure) 2019-03-15T15:46:45.179+0900: 203.317: [ParNew: 219242K->11652K(235968K), 0.0265182 secs] 619058K->411470K(842580K), 0.0266787 secs] [Times: user=0.03 sys=0.00, real=0.03 secs] 
2019-03-15T15:46:45.205+0900: 203.344: Total time for which application threads were stopped: 0.0269484 seconds, Stopping threads took: 0.0000585 seconds
2019-03-15T15:46:45.444+0900: 203.582: Application time: 0.2383451 seconds
2019-03-15T15:46:45.444+0900: 203.582: Total time for which application threads were stopped: 0.0000989 seconds, Stopping threads took: 0.0000448 seconds
2019-03-15T15:46:46.104+0900: 204.242: Application time: 0.6599111 seconds
2019-03-15T15:46:46.104+0900: 204.242: [GC (Allocation Failure) 2019-03-15T15:46:46.104+0900: 204.242: [ParNew: 221444K->10476K(235968K), 0.0076132 secs] 621262K->410295K(842580K), 0.0077413 secs] [Times: user=0.02 sys=0.00, real=0.01 secs] 
2019-03-15T15:46:46.112+0900: 204.250: Total time for which application threads were stopped: 0.0079148 seconds, Stopping threads took: 0.0000345 seconds
2019-03-15T15:46:46.444+0900: 204.583: Application time: 0.3326086 seconds
2019-03-15T15:46:46.444+0900: 204.583: Total time for which application threads were stopped: 0.0000762 seconds, Stopping threads took: 0.0000355 seconds
2019-03-15T15:46:46.990+0900: 205.128: Application time: 0.5455387 seconds
2019-03-15T15:46:46.990+0900: 205.128: [GC (Allocation Failure) 2019-03-15T15:46:46.990+0900: 205.128: [ParNew: 220268K->12140K(235968K), 0.0205724 secs] 620087K->414719K(842580K), 0.0207426 secs] [Times: user=0.03 sys=0.00, real=0.02 secs] 
2019-03-15T15:46:47.011+0900: 205.149: Total time for which application threads were stopped: 0.0209031 seconds, Stopping threads took: 0.0000364 seconds
2019-03-15T15:46:47.446+0900: 205.584: Application time: 0.4353236 seconds
2019-03-15T15:46:47.446+0900: 205.584: Total time for which application threads were stopped: 0.0000924 seconds, Stopping threads took: 0.0000361 seconds
2019-03-15T15:46:47.983+0900: 206.121: Application time: 0.5366369 seconds
2019-03-15T15:46:47.983+0900: 206.121: [GC (Allocation Failure) 2019-03-15T15:46:47.983+0900: 206.121: [ParNew: 221932K->14210K(235968K), 0.0213655 secs] 624511K->416789K(842580K), 0.0215581 secs] [Times: user=0.13 sys=0.00, real=0.02 secs] 
2019-03-15T15:46:48.005+0900: 206.143: Total time for which application threads were stopped: 0.0218644 seconds, Stopping threads took: 0.0000840 seconds
2019-03-15T15:46:48.446+0900: 206.585: Application time: 0.4419226 seconds
2019-03-15T15:46:48.447+0900: 206.585: Total time for which application threads were stopped: 0.0001222 seconds, Stopping threads took: 0.0000473 seconds
2019-03-15T15:46:48.950+0900: 207.088: Application time: 0.5029463 seconds
2019-03-15T15:46:48.950+0900: 207.088: [GC (Allocation Failure) 2019-03-15T15:46:48.950+0900: 207.088: [ParNew: 224002K->16950K(235968K), 0.0138796 secs] 626581K->419531K(842580K), 0.0140065 secs] [Times: user=0.06 sys=0.00, real=0.01 secs] 
2019-03-15T15:46:48.964+0900: 207.102: Total time for which application threads were stopped: 0.0141744 seconds, Stopping threads took: 0.0000249 seconds
2019-03-15T15:46:49.447+0900: 207.585: Application time: 0.4829461 seconds
2019-03-15T15:46:49.447+0900: 207.585: Total time for which application threads were stopped: 0.0001191 seconds, Stopping threads took: 0.0000541 seconds
2019-03-15T15:46:49.448+0900: 207.587: Application time: 0.0015825 seconds
2019-03-15T15:46:49.448+0900: 207.587: Total time for which application threads were stopped: 0.0000824 seconds, Stopping threads took: 0.0000451 seconds
2019-03-15T15:46:49.930+0900: 208.068: Application time: 0.4813702 seconds
2019-03-15T15:46:49.930+0900: 208.068: [GC (Allocation Failure) 2019-03-15T15:46:49.930+0900: 208.069: [ParNew: 226742K->9870K(235968K), 0.0257422 secs] 629323K->417968K(842580K), 0.0259083 secs] [Times: user=0.12 sys=0.00, real=0.03 secs] 
2019-03-15T15:46:49.956+0900: 208.094: Total time for which application threads were stopped: 0.0261665 seconds, Stopping threads took: 0.0000746 seconds
2019-03-15T15:46:50.448+0900: 208.587: Application time: 0.4920208 seconds
2019-03-15T15:46:50.448+0900: 208.587: Total time for which application threads were stopped: 0.0001219 seconds, Stopping threads took: 0.0000600 seconds
2019-03-15T15:46:50.830+0900: 208.969: Application time: 0.3820250 seconds
2019-03-15T15:46:50.830+0900: 208.969: [GC (Allocation Failure) 2019-03-15T15:46:50.830+0900: 208.969: [ParNew: 219662K->12626K(235968K), 0.0083929 secs] 627760K->420726K(842580K), 0.0084958 secs] [Times: user=0.06 sys=0.00, real=0.01 secs] 
2019-03-15T15:46:50.839+0900: 208.977: Total time for which application threads were stopped: 0.0086355 seconds, Stopping threads took: 0.0000355 seconds
2019-03-15T15:46:51.448+0900: 209.587: Application time: 0.6095532 seconds
2019-03-15T15:46:51.448+0900: 209.587: Total time for which application threads were stopped: 0.0000837 seconds, Stopping threads took: 0.0000339 seconds
2019-03-15T15:46:51.705+0900: 209.843: Application time: 0.2562979 seconds
2019-03-15T15:46:51.705+0900: 209.843: [GC (Allocation Failure) 2019-03-15T15:46:51.705+0900: 209.843: [ParNew: 222418K->8321K(235968K), 0.0092849 secs] 630518K->416423K(842580K), 0.0094133 secs] [Times: user=0.06 sys=0.00, real=0.01 secs] 
2019-03-15T15:46:51.714+0900: 209.853: Total time for which application threads were stopped: 0.0096049 seconds, Stopping threads took: 0.0000401 seconds
2019-03-15T15:46:52.452+0900: 210.591: Application time: 0.7377405 seconds
2019-03-15T15:46:52.452+0900: 210.591: Total time for which application threads were stopped: 0.0001701 seconds, Stopping threads took: 0.0000606 seconds
2019-03-15T15:46:52.655+0900: 210.793: Application time: 0.2025361 seconds
2019-03-15T15:46:52.655+0900: 210.793: [GC (Allocation Failure) 2019-03-15T15:46:52.655+0900: 210.794: [ParNew: 218113K->11479K(235968K), 0.0090532 secs] 626215K->419583K(842580K), 0.0091941 secs] [Times: user=0.06 sys=0.00, real=0.01 secs] 
2019-03-15T15:46:52.664+0900: 210.803: Total time for which application threads were stopped: 0.0093962 seconds, Stopping threads took: 0.0000523 seconds
2019-03-15T15:46:53.450+0900: 211.589: Application time: 0.7858367 seconds
2019-03-15T15:46:53.450+0900: 211.589: Total time for which application threads were stopped: 0.0000784 seconds, Stopping threads took: 0.0000411 seconds
2019-03-15T15:46:53.596+0900: 211.735: Application time: 0.1462732 seconds
2019-03-15T15:46:53.596+0900: 211.735: [GC (Allocation Failure) 2019-03-15T15:46:53.596+0900: 211.735: [ParNew: 221271K->10954K(235968K), 0.0235029 secs] 629375K->424575K(842580K), 0.0236574 secs] [Times: user=0.13 sys=0.00, real=0.02 secs] 
2019-03-15T15:46:53.620+0900: 211.759: Total time for which application threads were stopped: 0.0238882 seconds, Stopping threads took: 0.0000551 seconds
2019-03-15T15:46:54.451+0900: 212.589: Application time: 0.8306183 seconds
2019-03-15T15:46:54.451+0900: 212.590: Total time for which application threads were stopped: 0.0001011 seconds, Stopping threads took: 0.0000501 seconds
2019-03-15T15:46:54.502+0900: 212.640: Application time: 0.0507803 seconds
2019-03-15T15:46:54.502+0900: 212.640: [GC (Allocation Failure) 2019-03-15T15:46:54.502+0900: 212.640: [ParNew: 220746K->13301K(235968K), 0.0119737 secs] 634367K->426923K(842580K), 0.0121136 secs] [Times: user=0.05 sys=0.00, real=0.01 secs] 
2019-03-15T15:46:54.514+0900: 212.653: Total time for which application threads were stopped: 0.0123049 seconds, Stopping threads took: 0.0000435 seconds
2019-03-15T15:46:55.447+0900: 213.586: Application time: 0.9331683 seconds
2019-03-15T15:46:55.447+0900: 213.586: [GC (Allocation Failure) 2019-03-15T15:46:55.447+0900: 213.586: [ParNew: 223093K->8296K(235968K), 0.0075761 secs] 636715K->421920K(842580K), 0.0076897 secs] [Times: user=0.00 sys=0.00, real=0.01 secs] 
2019-03-15T15:46:55.455+0900: 213.594: Total time for which application threads were stopped: 0.0078778 seconds, Stopping threads took: 0.0000404 seconds
2019-03-15T15:46:55.457+0900: 213.596: Application time: 0.0018111 seconds
2019-03-15T15:46:55.457+0900: 213.596: Total time for which application threads were stopped: 0.0000790 seconds, Stopping threads took: 0.0000370 seconds
2019-03-15T15:46:56.380+0900: 214.519: Application time: 0.9234299 seconds
2019-03-15T15:46:56.380+0900: 214.519: [GC (Allocation Failure) 2019-03-15T15:46:56.380+0900: 214.519: [ParNew: 218088K->7806K(235968K), 0.0065538 secs] 631712K->424190K(842580K), 0.0066941 secs] [Times: user=0.00 sys=0.00, real=0.01 secs] 
2019-03-15T15:46:56.387+0900: 214.526: Total time for which application threads were stopped: 0.0068272 seconds, Stopping threads took: 0.0000323 seconds
2019-03-15T15:46:56.460+0900: 214.599: Application time: 0.0729843 seconds
2019-03-15T15:46:56.460+0900: 214.599: Total time for which application threads were stopped: 0.0002980 seconds, Stopping threads took: 0.0001558 seconds
2019-03-15T15:46:57.386+0900: 215.525: Application time: 0.9260294 seconds
2019-03-15T15:46:57.386+0900: 215.525: [GC (Allocation Failure) 2019-03-15T15:46:57.387+0900: 215.525: [ParNew: 217598K->11235K(235968K), 0.0151181 secs] 633982K->427621K(842580K), 0.0153000 secs] [Times: user=0.06 sys=0.00, real=0.02 secs] 
2019-03-15T15:46:57.402+0900: 215.541: Total time for which application threads were stopped: 0.0155675 seconds, Stopping threads took: 0.0000740 seconds
2019-03-15T15:46:57.461+0900: 215.600: Application time: 0.0592733 seconds
2019-03-15T15:46:57.461+0900: 215.600: Total time for which application threads were stopped: 0.0002407 seconds, Stopping threads took: 0.0001384 seconds
2019-03-15T15:46:58.337+0900: 216.476: Application time: 0.8757135 seconds
2019-03-15T15:46:58.337+0900: 216.476: [GC (Allocation Failure) 2019-03-15T15:46:58.337+0900: 216.476: [ParNew: 221027K->13053K(235968K), 0.0180155 secs] 637413K->429440K(842580K), 0.0182046 secs] [Times: user=0.06 sys=0.00, real=0.02 secs] 
2019-03-15T15:46:58.356+0900: 216.495: Total time for which application threads were stopped: 0.0185216 seconds, Stopping threads took: 0.0000890 seconds
2019-03-15T15:46:58.459+0900: 216.598: Application time: 0.1031595 seconds
2019-03-15T15:46:58.459+0900: 216.598: Total time for which application threads were stopped: 0.0000958 seconds, Stopping threads took: 0.0000401 seconds
2019-03-15T15:46:59.256+0900: 217.395: Application time: 0.7976835 seconds
2019-03-15T15:46:59.257+0900: 217.396: [GC (Allocation Failure) 2019-03-15T15:46:59.257+0900: 217.396: [ParNew: 222845K->8807K(235968K), 0.0156263 secs] 639232K->430712K(842580K), 0.0157728 secs] [Times: user=0.06 sys=0.00, real=0.02 secs] 
2019-03-15T15:46:59.272+0900: 217.411: Total time for which application threads were stopped: 0.0159812 seconds, Stopping threads took: 0.0000504 seconds
2019-03-15T15:46:59.459+0900: 217.598: Application time: 0.1869409 seconds
2019-03-15T15:46:59.459+0900: 217.599: Total time for which application threads were stopped: 0.0000855 seconds, Stopping threads took: 0.0000404 seconds
2019-03-15T15:46:59.461+0900: 217.600: Application time: 0.0013234 seconds
2019-03-15T15:46:59.461+0900: 217.600: Total time for which application threads were stopped: 0.0000638 seconds, Stopping threads took: 0.0000370 seconds
2019-03-15T15:47:00.192+0900: 218.331: Application time: 0.7307503 seconds
2019-03-15T15:47:00.192+0900: 218.331: [GC (Allocation Failure) 2019-03-15T15:47:00.192+0900: 218.331: [ParNew: 218599K->7980K(235968K), 0.0097514 secs] 640504K->429886K(842580K), 0.0098858 secs] [Times: user=0.06 sys=0.00, real=0.01 secs] 
2019-03-15T15:47:00.202+0900: 218.341: Total time for which application threads were stopped: 0.0100917 seconds, Stopping threads took: 0.0000491 seconds
2019-03-15T15:47:00.460+0900: 218.599: Application time: 0.2586824 seconds
2019-03-15T15:47:00.461+0900: 218.600: Total time for which application threads were stopped: 0.0001776 seconds, Stopping threads took: 0.0000911 seconds
2019-03-15T15:47:01.097+0900: 219.236: Application time: 0.6361379 seconds
2019-03-15T15:47:01.097+0900: 219.236: [GC (Allocation Failure) 2019-03-15T15:47:01.097+0900: 219.236: [ParNew: 217772K->10456K(235968K), 0.0084557 secs] 639678K->432363K(842580K), 0.0085811 secs] [Times: user=0.06 sys=0.00, real=0.01 secs] 
2019-03-15T15:47:01.105+0900: 219.245: Total time for which application threads were stopped: 0.0087658 seconds, Stopping threads took: 0.0000435 seconds
2019-03-15T15:47:01.462+0900: 219.600: Application time: 0.3555982 seconds
2019-03-15T15:47:01.462+0900: 219.600: Total time for which application threads were stopped: 0.0001126 seconds, Stopping threads took: 0.0000491 seconds
2019-03-15T15:47:02.048+0900: 220.186: Application time: 0.5860515 seconds
2019-03-15T15:47:02.048+0900: 220.186: [GC (Allocation Failure) 2019-03-15T15:47:02.048+0900: 220.187: [ParNew: 220248K->10658K(235968K), 0.0166113 secs] 642155K->432567K(842580K), 0.0167811 secs] [Times: user=0.06 sys=0.00, real=0.02 secs] 
2019-03-15T15:47:02.065+0900: 220.203: Total time for which application threads were stopped: 0.0170442 seconds, Stopping threads took: 0.0000644 seconds
2019-03-15T15:47:02.463+0900: 220.601: Application time: 0.3977319 seconds
2019-03-15T15:47:02.463+0900: 220.601: Total time for which application threads were stopped: 0.0001064 seconds, Stopping threads took: 0.0000398 seconds
2019-03-15T15:47:03.016+0900: 221.154: Application time: 0.5530461 seconds
2019-03-15T15:47:03.016+0900: 221.154: [GC (Allocation Failure) 2019-03-15T15:47:03.016+0900: 221.155: [ParNew: 220450K->12691K(235968K), 0.0146301 secs] 642359K->437358K(842580K), 0.0147722 secs] [Times: user=0.06 sys=0.00, real=0.01 secs] 
2019-03-15T15:47:03.031+0900: 221.169: Total time for which application threads were stopped: 0.0149902 seconds, Stopping threads took: 0.0000709 seconds
2019-03-15T15:47:03.465+0900: 221.603: Application time: 0.4337007 seconds
2019-03-15T15:47:03.465+0900: 221.603: Total time for which application threads were stopped: 0.0001574 seconds, Stopping threads took: 0.0000516 seconds
2019-03-15T15:47:03.956+0900: 222.095: Application time: 0.4916264 seconds
2019-03-15T15:47:03.957+0900: 222.095: [GC (Allocation Failure) 2019-03-15T15:47:03.957+0900: 222.095: [ParNew: 222483K->13527K(235968K), 0.0158266 secs] 647150K->438197K(842580K), 0.0159594 secs] [Times: user=0.06 sys=0.00, real=0.02 secs] 
2019-03-15T15:47:03.973+0900: 222.111: Total time for which application threads were stopped: 0.0162325 seconds, Stopping threads took: 0.0000401 seconds
2019-03-15T15:47:04.463+0900: 222.602: Application time: 0.4905972 seconds
2019-03-15T15:47:04.463+0900: 222.602: Total time for which application threads were stopped: 0.0000815 seconds, Stopping threads took: 0.0000386 seconds
2019-03-15T15:47:04.927+0900: 223.065: Application time: 0.4634601 seconds
2019-03-15T15:47:04.927+0900: 223.065: [GC (Allocation Failure) 2019-03-15T15:47:04.927+0900: 223.065: [ParNew: 223319K->15838K(235968K), 0.0260147 secs] 647989K->440510K(842580K), 0.0262187 secs] [Times: user=0.06 sys=0.00, real=0.03 secs] 
2019-03-15T15:47:04.953+0900: 223.092: Total time for which application threads were stopped: 0.0265257 seconds, Stopping threads took: 0.0000896 seconds
2019-03-15T15:47:05.465+0900: 223.603: Application time: 0.5113081 seconds
2019-03-15T15:47:05.465+0900: 223.603: Total time for which application threads were stopped: 0.0000924 seconds, Stopping threads took: 0.0000420 seconds
2019-03-15T15:47:05.890+0900: 224.028: Application time: 0.4253959 seconds
2019-03-15T15:47:05.890+0900: 224.029: [GC (Allocation Failure) 2019-03-15T15:47:05.890+0900: 224.029: [ParNew: 225630K->8445K(235968K), 0.0206950 secs] 650302K->438634K(842580K), 0.0208281 secs] [Times: user=0.13 sys=0.00, real=0.02 secs] 
2019-03-15T15:47:05.911+0900: 224.050: Total time for which application threads were stopped: 0.0210555 seconds, Stopping threads took: 0.0000644 seconds
2019-03-15T15:47:06.465+0900: 224.604: Application time: 0.5539888 seconds
2019-03-15T15:47:06.465+0900: 224.604: Total time for which application threads were stopped: 0.0001129 seconds, Stopping threads took: 0.0000516 seconds
2019-03-15T15:47:06.877+0900: 225.015: Application time: 0.4114544 seconds
2019-03-15T15:47:06.877+0900: 225.015: [GC (Allocation Failure) 2019-03-15T15:47:06.877+0900: 225.015: [ParNew: 218237K->10497K(235968K), 0.0209774 secs] 648426K->440687K(842580K), 0.0211295 secs] [Times: user=0.06 sys=0.00, real=0.02 secs] 
2019-03-15T15:47:06.898+0900: 225.036: Total time for which application threads were stopped: 0.0213512 seconds, Stopping threads took: 0.0000622 seconds
2019-03-15T15:47:07.465+0900: 225.604: Application time: 0.5673185 seconds
2019-03-15T15:47:07.465+0900: 225.604: Total time for which application threads were stopped: 0.0000927 seconds, Stopping threads took: 0.0000457 seconds
2019-03-15T15:47:07.795+0900: 225.934: Application time: 0.3298196 seconds
2019-03-15T15:47:07.795+0900: 225.934: [GC (Allocation Failure) 2019-03-15T15:47:07.795+0900: 225.934: [ParNew: 220289K->16519K(235968K), 0.0226874 secs] 650479K->446711K(842580K), 0.0228553 secs] [Times: user=0.08 sys=0.00, real=0.02 secs] 
2019-03-15T15:47:07.818+0900: 225.957: Total time for which application threads were stopped: 0.0231287 seconds, Stopping threads took: 0.0000638 seconds
2019-03-15T15:47:08.466+0900: 226.605: Application time: 0.6477132 seconds
2019-03-15T15:47:08.466+0900: 226.605: Total time for which application threads were stopped: 0.0000690 seconds, Stopping threads took: 0.0000330 seconds
2019-03-15T15:47:08.815+0900: 226.953: Application time: 0.3484588 seconds
2019-03-15T15:47:08.815+0900: 226.953: [GC (Allocation Failure) 2019-03-15T15:47:08.815+0900: 226.953: [ParNew: 226311K->20363K(235968K), 0.0339059 secs] 656503K->450556K(842580K), 0.0341093 secs] [Times: user=0.13 sys=0.00, real=0.03 secs] 
2019-03-15T15:47:08.849+0900: 226.987: Total time for which application threads were stopped: 0.0343842 seconds, Stopping threads took: 0.0000694 seconds
2019-03-15T15:47:09.467+0900: 227.605: Application time: 0.6178307 seconds
2019-03-15T15:47:09.467+0900: 227.605: Total time for which application threads were stopped: 0.0000927 seconds, Stopping threads took: 0.0000429 seconds
2019-03-15T15:47:09.469+0900: 227.607: Application time: 0.0017598 seconds
2019-03-15T15:47:09.469+0900: 227.607: Total time for which application threads were stopped: 0.0001689 seconds, Stopping threads took: 0.0001104 seconds
2019-03-15T15:47:09.764+0900: 227.903: Application time: 0.2953984 seconds
2019-03-15T15:47:09.764+0900: 227.903: [GC (Allocation Failure) 2019-03-15T15:47:09.764+0900: 227.903: [ParNew: 230155K->10477K(235968K), 0.0215263 secs] 660348K->446188K(842580K), 0.0216744 secs] [Times: user=0.06 sys=0.00, real=0.02 secs] 
2019-03-15T15:47:09.786+0900: 227.925: Total time for which application threads were stopped: 0.0219095 seconds, Stopping threads took: 0.0000619 seconds
2019-03-15T15:47:10.467+0900: 228.606: Application time: 0.6809028 seconds
2019-03-15T15:47:10.467+0900: 228.606: Total time for which application threads were stopped: 0.0000790 seconds, Stopping threads took: 0.0000429 seconds
2019-03-15T15:47:10.615+0900: 228.753: Application time: 0.1477714 seconds
2019-03-15T15:47:10.615+0900: 228.754: [GC (Allocation Failure) 2019-03-15T15:47:10.615+0900: 228.754: [ParNew: 220269K->12487K(235968K), 0.0103050 secs] 655980K->448199K(842580K), 0.0104176 secs] [Times: user=0.05 sys=0.00, real=0.01 secs] 
2019-03-15T15:47:10.625+0900: 228.764: Total time for which application threads were stopped: 0.0106297 seconds, Stopping threads took: 0.0000351 seconds
2019-03-15T15:47:11.468+0900: 229.607: Application time: 0.8427665 seconds
2019-03-15T15:47:11.468+0900: 229.607: Total time for which application threads were stopped: 0.0000818 seconds, Stopping threads took: 0.0000404 seconds
2019-03-15T15:47:11.596+0900: 229.735: Application time: 0.1279199 seconds
2019-03-15T15:47:11.596+0900: 229.735: [GC (Allocation Failure) 2019-03-15T15:47:11.597+0900: 229.735: [ParNew: 222279K->17140K(235968K), 0.0169021 secs] 657991K->452854K(842580K), 0.0170996 secs] [Times: user=0.06 sys=0.00, real=0.02 secs] 
2019-03-15T15:47:11.614+0900: 229.752: Total time for which application threads were stopped: 0.0173733 seconds, Stopping threads took: 0.0000883 seconds
2019-03-15T15:47:12.469+0900: 230.608: Application time: 0.8558054 seconds
2019-03-15T15:47:12.469+0900: 230.608: Total time for which application threads were stopped: 0.0000890 seconds, Stopping threads took: 0.0000454 seconds
2019-03-15T15:47:12.508+0900: 230.646: Application time: 0.0382232 seconds
2019-03-15T15:47:12.508+0900: 230.646: [GC (Allocation Failure) 2019-03-15T15:47:12.508+0900: 230.646: [ParNew: 226932K->10227K(235968K), 0.0145673 secs] 662646K->451459K(842580K), 0.0146805 secs] [Times: user=0.00 sys=0.00, real=0.01 secs] 
2019-03-15T15:47:12.522+0900: 230.661: Total time for which application threads were stopped: 0.0148375 seconds, Stopping threads took: 0.0000389 seconds
2019-03-15T15:47:13.399+0900: 231.538: Application time: 0.8767100 seconds
2019-03-15T15:47:13.399+0900: 231.538: [GC (Allocation Failure) 2019-03-15T15:47:13.399+0900: 231.538: [ParNew: 220019K->14809K(235968K), 0.0082865 secs] 661251K->456043K(842580K), 0.0084091 secs] [Times: user=0.00 sys=0.00, real=0.01 secs] 
2019-03-15T15:47:13.408+0900: 231.546: Total time for which application threads were stopped: 0.0085720 seconds, Stopping threads took: 0.0000215 seconds
2019-03-15T15:47:13.471+0900: 231.609: Application time: 0.0628553 seconds
2019-03-15T15:47:13.471+0900: 231.609: Total time for which application threads were stopped: 0.0001434 seconds, Stopping threads took: 0.0000697 seconds
2019-03-15T15:47:14.321+0900: 232.459: Application time: 0.8498776 seconds
2019-03-15T15:47:14.321+0900: 232.460: [GC (Allocation Failure) 2019-03-15T15:47:14.321+0900: 232.460: [ParNew: 224601K->18838K(235968K), 0.0235047 secs] 665835K->460074K(842580K), 0.0236910 secs] [Times: user=0.06 sys=0.00, real=0.02 secs] 
2019-03-15T15:47:14.345+0900: 232.483: Total time for which application threads were stopped: 0.0239622 seconds, Stopping threads took: 0.0000756 seconds
2019-03-15T15:47:14.470+0900: 232.609: Application time: 0.1259125 seconds
2019-03-15T15:47:14.471+0900: 232.609: Total time for which application threads were stopped: 0.0001648 seconds, Stopping threads took: 0.0001082 seconds
2019-03-15T15:47:15.287+0900: 233.426: Application time: 0.8163316 seconds
2019-03-15T15:47:15.287+0900: 233.426: [GC (Allocation Failure) 2019-03-15T15:47:15.287+0900: 233.426: [ParNew: 228630K->13124K(235968K), 0.0145579 secs] 669866K->454362K(842580K), 0.0146994 secs] [Times: user=0.06 sys=0.00, real=0.02 secs] 
2019-03-15T15:47:15.302+0900: 233.441: Total time for which application threads were stopped: 0.0148870 seconds, Stopping threads took: 0.0000538 seconds
2019-03-15T15:47:15.472+0900: 233.611: Application time: 0.1698687 seconds
2019-03-15T15:47:15.472+0900: 233.611: Total time for which application threads were stopped: 0.0000946 seconds, Stopping threads took: 0.0000239 seconds
2019-03-15T15:47:16.233+0900: 234.371: Application time: 0.7608723 seconds
2019-03-15T15:47:16.233+0900: 234.372: [GC (Allocation Failure) 2019-03-15T15:47:16.233+0900: 234.372: [ParNew: 222916K->10740K(235968K), 0.0297503 secs] 664154K->457495K(842580K), 0.0299307 secs] [Times: user=0.13 sys=0.00, real=0.03 secs] 
2019-03-15T15:47:16.263+0900: 234.402: Total time for which application threads were stopped: 0.0302072 seconds, Stopping threads took: 0.0000815 seconds
2019-03-15T15:47:16.473+0900: 234.612: Application time: 0.2099253 seconds
2019-03-15T15:47:16.473+0900: 234.612: Total time for which application threads were stopped: 0.0001185 seconds, Stopping threads took: 0.0000563 seconds
2019-03-15T15:47:17.187+0900: 235.326: Application time: 0.7146945 seconds
2019-03-15T15:47:17.188+0900: 235.327: [GC (Allocation Failure) 2019-03-15T15:47:17.188+0900: 235.327: [ParNew: 220532K->9974K(235968K), 0.0268398 secs] 667287K->456731K(842580K), 0.0270924 secs] [Times: user=0.06 sys=0.00, real=0.03 secs] 
2019-03-15T15:47:17.215+0900: 235.354: Total time for which application threads were stopped: 0.0274699 seconds, Stopping threads took: 0.0000687 seconds
2019-03-15T15:47:17.475+0900: 235.614: Application time: 0.2604481 seconds
2019-03-15T15:47:17.476+0900: 235.615: Total time for which application threads were stopped: 0.0002824 seconds, Stopping threads took: 0.0001493 seconds
2019-03-15T15:47:18.146+0900: 236.285: Application time: 0.6700022 seconds
2019-03-15T15:47:18.146+0900: 236.285: [GC (Allocation Failure) 2019-03-15T15:47:18.146+0900: 236.285: [ParNew: 219766K->14959K(235968K), 0.0119982 secs] 666523K->461718K(842580K), 0.0121472 secs] [Times: user=0.06 sys=0.00, real=0.01 secs] 
2019-03-15T15:47:18.158+0900: 236.297: Total time for which application threads were stopped: 0.0124082 seconds, Stopping threads took: 0.0000756 seconds
2019-03-15T15:47:18.474+0900: 236.613: Application time: 0.3154800 seconds
2019-03-15T15:47:18.474+0900: 236.613: Total time for which application threads were stopped: 0.0000933 seconds, Stopping threads took: 0.0000448 seconds
2019-03-15T15:47:19.068+0900: 237.206: Application time: 0.5932212 seconds
2019-03-15T15:47:19.068+0900: 237.206: [GC (Allocation Failure) 2019-03-15T15:47:19.068+0900: 237.206: [ParNew: 224751K->7275K(235968K), 0.0200425 secs] 671510K->459549K(842580K), 0.0201840 secs] [Times: user=0.06 sys=0.00, real=0.02 secs] 
2019-03-15T15:47:19.088+0900: 237.226: Total time for which application threads were stopped: 0.0204116 seconds, Stopping threads took: 0.0000523 seconds
2019-03-15T15:47:19.475+0900: 237.613: Application time: 0.3870023 seconds
2019-03-15T15:47:19.475+0900: 237.613: Total time for which application threads were stopped: 0.0001356 seconds, Stopping threads took: 0.0000622 seconds
2019-03-15T15:47:19.477+0900: 237.615: Application time: 0.0019084 seconds
2019-03-15T15:47:19.477+0900: 237.615: Total time for which application threads were stopped: 0.0000936 seconds, Stopping threads took: 0.0000498 seconds
2019-03-15T15:47:20.011+0900: 238.149: Application time: 0.5338798 seconds
2019-03-15T15:47:20.011+0900: 238.150: [GC (Allocation Failure) 2019-03-15T15:47:20.011+0900: 238.150: [ParNew: 217067K->8539K(235968K), 0.0104833 secs] 669341K->460815K(842580K), 0.0106459 secs] [Times: user=0.00 sys=0.00, real=0.01 secs] 
2019-03-15T15:47:20.022+0900: 238.160: Total time for which application threads were stopped: 0.0108941 seconds, Stopping threads took: 0.0000554 seconds
2019-03-15T15:47:20.475+0900: 238.613: Application time: 0.4527632 seconds
2019-03-15T15:47:20.475+0900: 238.613: Total time for which application threads were stopped: 0.0000787 seconds, Stopping threads took: 0.0000423 seconds
2019-03-15T15:47:20.896+0900: 239.034: Application time: 0.4212512 seconds
2019-03-15T15:47:20.896+0900: 239.034: [GC (Allocation Failure) 2019-03-15T15:47:20.896+0900: 239.034: [ParNew: 218331K->9855K(235968K), 0.0051810 secs] 670607K->462133K(842580K), 0.0052908 secs] [Times: user=0.06 sys=0.00, real=0.01 secs] 
2019-03-15T15:47:20.902+0900: 239.040: Total time for which application threads were stopped: 0.0054257 seconds, Stopping threads took: 0.0000342 seconds
2019-03-15T15:47:21.476+0900: 239.614: Application time: 0.5744968 seconds
2019-03-15T15:47:21.476+0900: 239.614: Total time for which application threads were stopped: 0.0001365 seconds, Stopping threads took: 0.0000638 seconds
2019-03-15T15:47:21.839+0900: 239.977: Application time: 0.3624712 seconds
2019-03-15T15:47:21.839+0900: 239.977: [GC (Allocation Failure) 2019-03-15T15:47:21.839+0900: 239.977: [ParNew: 219647K->13117K(235968K), 0.0175782 secs] 671925K->465396K(842580K), 0.0178087 secs] [Times: user=0.06 sys=0.00, real=0.02 secs] 
2019-03-15T15:47:21.857+0900: 239.995: Total time for which application threads were stopped: 0.0181390 seconds, Stopping threads took: 0.0000750 seconds
2019-03-15T15:47:22.478+0900: 240.616: Application time: 0.6210755 seconds
2019-03-15T15:47:22.478+0900: 240.616: Total time for which application threads were stopped: 0.0002647 seconds, Stopping threads took: 0.0001359 seconds
2019-03-15T15:47:22.819+0900: 240.957: Application time: 0.3406777 seconds
2019-03-15T15:47:22.819+0900: 240.957: [GC (Allocation Failure) 2019-03-15T15:47:22.819+0900: 240.957: [ParNew: 222909K->9362K(235968K), 0.0283140 secs] 675188K->464400K(842580K), 0.0285255 secs] [Times: user=0.06 sys=0.00, real=0.03 secs] 
2019-03-15T15:47:22.848+0900: 240.986: Total time for which application threads were stopped: 0.0288938 seconds, Stopping threads took: 0.0000544 seconds
2019-03-15T15:47:23.476+0900: 241.615: Application time: 0.6286735 seconds
2019-03-15T15:47:23.476+0900: 241.615: Total time for which application threads were stopped: 0.0000821 seconds, Stopping threads took: 0.0000376 seconds
2019-03-15T15:47:23.787+0900: 241.925: Application time: 0.3102468 seconds
2019-03-15T15:47:23.787+0900: 241.925: [GC (Allocation Failure) 2019-03-15T15:47:23.787+0900: 241.925: [ParNew: 219154K->7397K(235968K), 0.0121920 secs] 674192K->462438K(842580K), 0.0123615 secs] [Times: user=0.00 sys=0.00, real=0.01 secs] 
2019-03-15T15:47:23.799+0900: 241.938: Total time for which application threads were stopped: 0.0128013 seconds, Stopping threads took: 0.0000597 seconds
2019-03-15T15:47:24.476+0900: 242.615: Application time: 0.6770275 seconds
2019-03-15T15:47:24.477+0900: 242.615: Total time for which application threads were stopped: 0.0000998 seconds, Stopping threads took: 0.0000454 seconds
2019-03-15T15:47:24.750+0900: 242.889: Application time: 0.2735411 seconds
2019-03-15T15:47:24.750+0900: 242.889: [GC (Allocation Failure) 2019-03-15T15:47:24.750+0900: 242.889: [ParNew: 217189K->11065K(235968K), 0.0051057 secs] 672230K->466108K(842580K), 0.0052027 secs] [Times: user=0.06 sys=0.00, real=0.01 secs] 
2019-03-15T15:47:24.756+0900: 242.894: Total time for which application threads were stopped: 0.0053729 seconds, Stopping threads took: 0.0000638 seconds
2019-03-15T15:47:25.477+0900: 243.616: Application time: 0.7216754 seconds
2019-03-15T15:47:25.477+0900: 243.616: Total time for which application threads were stopped: 0.0001253 seconds, Stopping threads took: 0.0000613 seconds
2019-03-15T15:47:25.642+0900: 243.781: Application time: 0.1649540 seconds
2019-03-15T15:47:25.642+0900: 243.781: [GC (Allocation Failure) 2019-03-15T15:47:25.642+0900: 243.781: [ParNew: 220857K->11780K(235968K), 0.0192120 secs] 675900K->469582K(842580K), 0.0193651 secs] [Times: user=0.06 sys=0.02, real=0.02 secs] 
2019-03-15T15:47:25.662+0900: 243.800: Total time for which application threads were stopped: 0.0196011 seconds, Stopping threads took: 0.0000519 seconds
2019-03-15T15:47:26.477+0900: 244.616: Application time: 0.8154965 seconds
2019-03-15T15:47:26.477+0900: 244.616: Total time for which application threads were stopped: 0.0002019 seconds, Stopping threads took: 0.0001350 seconds
2019-03-15T15:47:26.497+0900: 244.636: Application time: 0.0199796 seconds
2019-03-15T15:47:26.498+0900: 244.636: [GC (Allocation Failure) 2019-03-15T15:47:26.498+0900: 244.636: [ParNew: 221572K->15205K(235968K), 0.0099766 secs] 679374K->473009K(842580K), 0.0101032 secs] [Times: user=0.06 sys=0.00, real=0.01 secs] 
2019-03-15T15:47:26.508+0900: 244.646: Total time for which application threads were stopped: 0.0102770 seconds, Stopping threads took: 0.0000426 seconds
2019-03-15T15:47:27.441+0900: 245.580: Application time: 0.9336724 seconds
2019-03-15T15:47:27.441+0900: 245.580: [GC (Allocation Failure) 2019-03-15T15:47:27.442+0900: 245.580: [ParNew: 224997K->11739K(235968K), 0.0123012 secs] 682801K->469545K(842580K), 0.0124228 secs] [Times: user=0.06 sys=0.00, real=0.01 secs] 
2019-03-15T15:47:27.454+0900: 245.593: Total time for which application threads were stopped: 0.0126159 seconds, Stopping threads took: 0.0000526 seconds
2019-03-15T15:47:27.477+0900: 245.616: Application time: 0.0234068 seconds
2019-03-15T15:47:27.478+0900: 245.616: Total time for which application threads were stopped: 0.0001512 seconds, Stopping threads took: 0.0000790 seconds
2019-03-15T15:47:28.378+0900: 246.517: Application time: 0.9004775 seconds
2019-03-15T15:47:28.378+0900: 246.517: [GC (Allocation Failure) 2019-03-15T15:47:28.378+0900: 246.517: [ParNew: 221531K->10661K(235968K), 0.0221325 secs] 679337K->473984K(842580K), 0.0222796 secs] [Times: user=0.06 sys=0.00, real=0.02 secs] 
2019-03-15T15:47:28.400+0900: 246.539: Total time for which application threads were stopped: 0.0225076 seconds, Stopping threads took: 0.0000588 seconds
2019-03-15T15:47:28.479+0900: 246.618: Application time: 0.0786446 seconds
2019-03-15T15:47:28.479+0900: 246.618: Total time for which application threads were stopped: 0.0002143 seconds, Stopping threads took: 0.0001092 seconds
2019-03-15T15:47:29.290+0900: 247.429: Application time: 0.8109329 seconds
2019-03-15T15:47:29.290+0900: 247.429: [GC (Allocation Failure) 2019-03-15T15:47:29.291+0900: 247.429: [ParNew: 220453K->14563K(235968K), 0.0200400 secs] 683776K->477887K(842580K), 0.0202073 secs] [Times: user=0.13 sys=0.00, real=0.02 secs] 
2019-03-15T15:47:29.311+0900: 247.449: Total time for which application threads were stopped: 0.0204396 seconds, Stopping threads took: 0.0000750 seconds
2019-03-15T15:47:29.478+0900: 247.617: Application time: 0.1674020 seconds
2019-03-15T15:47:29.478+0900: 247.617: Total time for which application threads were stopped: 0.0000672 seconds, Stopping threads took: 0.0000218 seconds
2019-03-15T15:47:29.479+0900: 247.618: Application time: 0.0012211 seconds
2019-03-15T15:47:29.479+0900: 247.618: Total time for which application threads were stopped: 0.0000467 seconds, Stopping threads took: 0.0000171 seconds
2019-03-15T15:47:30.192+0900: 248.331: Application time: 0.7126816 seconds
2019-03-15T15:47:30.192+0900: 248.331: [GC (Allocation Failure) 2019-03-15T15:47:30.192+0900: 248.331: [ParNew: 224355K->9123K(235968K), 0.0181527 secs] 687679K->472450K(842580K), 0.0183651 secs] [Times: user=0.06 sys=0.00, real=0.02 secs] 
2019-03-15T15:47:30.211+0900: 248.349: Total time for which application threads were stopped: 0.0187141 seconds, Stopping threads took: 0.0000871 seconds
2019-03-15T15:47:30.478+0900: 248.617: Application time: 0.2676523 seconds
2019-03-15T15:47:30.479+0900: 248.617: Total time for which application threads were stopped: 0.0001026 seconds, Stopping threads took: 0.0000451 seconds
2019-03-15T15:47:31.136+0900: 249.274: Application time: 0.6569999 seconds
2019-03-15T15:47:31.136+0900: 249.274: [GC (Allocation Failure) 2019-03-15T15:47:31.136+0900: 249.274: [ParNew: 218915K->11562K(235968K), 0.0090952 secs] 682242K->474890K(842580K), 0.0091975 secs] [Times: user=0.00 sys=0.00, real=0.01 secs] 
2019-03-15T15:47:31.145+0900: 249.284: Total time for which application threads were stopped: 0.0093751 seconds, Stopping threads took: 0.0000681 seconds
2019-03-15T15:47:31.480+0900: 249.619: Application time: 0.3348815 seconds
2019-03-15T15:47:31.480+0900: 249.619: Total time for which application threads were stopped: 0.0001378 seconds, Stopping threads took: 0.0000616 seconds
2019-03-15T15:47:32.118+0900: 250.257: Application time: 0.6383950 seconds
2019-03-15T15:47:32.119+0900: 250.257: [GC (Allocation Failure) 2019-03-15T15:47:32.119+0900: 250.258: [ParNew: 221354K->8790K(235968K), 0.0170346 secs] 684682K->477636K(842580K), 0.0172545 secs] [Times: user=0.06 sys=0.00, real=0.02 secs] 
2019-03-15T15:47:32.136+0900: 250.275: Total time for which application threads were stopped: 0.0176118 seconds, Stopping threads took: 0.0001036 seconds
2019-03-15T15:47:32.479+0900: 250.618: Application time: 0.3432853 seconds
2019-03-15T15:47:32.479+0900: 250.618: Total time for which application threads were stopped: 0.0000868 seconds, Stopping threads took: 0.0000448 seconds
2019-03-15T15:47:33.043+0900: 251.182: Application time: 0.5637781 seconds
2019-03-15T15:47:33.043+0900: 251.182: [GC (Allocation Failure) 2019-03-15T15:47:33.043+0900: 251.182: [ParNew: 218582K->12117K(235968K), 0.0203466 secs] 687428K->480963K(842580K), 0.0205130 secs] [Times: user=0.06 sys=0.00, real=0.02 secs] 
2019-03-15T15:47:33.064+0900: 251.203: Total time for which application threads were stopped: 0.0207749 seconds, Stopping threads took: 0.0000731 seconds
2019-03-15T15:47:33.480+0900: 251.619: Application time: 0.4162422 seconds
2019-03-15T15:47:33.480+0900: 251.619: Total time for which application threads were stopped: 0.0000653 seconds, Stopping threads took: 0.0000177 seconds
2019-03-15T15:47:33.940+0900: 252.079: Application time: 0.4598908 seconds
2019-03-15T15:47:33.940+0900: 252.079: [GC (Allocation Failure) 2019-03-15T15:47:33.940+0900: 252.079: [ParNew: 221909K->15354K(235968K), 0.0143691 secs] 690755K->484202K(842580K), 0.0145253 secs] [Times: user=0.06 sys=0.00, real=0.01 secs] 
2019-03-15T15:47:33.955+0900: 252.094: Total time for which application threads were stopped: 0.0148092 seconds, Stopping threads took: 0.0000541 seconds
2019-03-15T15:47:34.480+0900: 252.619: Application time: 0.5254688 seconds
2019-03-15T15:47:34.480+0900: 252.619: Total time for which application threads were stopped: 0.0000554 seconds, Stopping threads took: 0.0000171 seconds
2019-03-15T15:47:34.867+0900: 253.006: Application time: 0.3866263 seconds
2019-03-15T15:47:34.867+0900: 253.006: [GC (Allocation Failure) 2019-03-15T15:47:34.867+0900: 253.006: [ParNew: 225146K->9163K(235968K), 0.0066540 secs] 693994K->480770K(842580K), 0.0067358 secs] [Times: user=0.00 sys=0.00, real=0.01 secs] 
2019-03-15T15:47:34.874+0900: 253.013: Total time for which application threads were stopped: 0.0068480 seconds, Stopping threads took: 0.0000211 seconds
2019-03-15T15:47:35.481+0900: 253.620: Application time: 0.6071617 seconds
2019-03-15T15:47:35.481+0900: 253.620: Total time for which application threads were stopped: 0.0000541 seconds, Stopping threads took: 0.0000165 seconds
2019-03-15T15:47:35.800+0900: 253.939: Application time: 0.3186245 seconds
2019-03-15T15:47:35.800+0900: 253.939: [GC (Allocation Failure) 2019-03-15T15:47:35.800+0900: 253.939: [ParNew: 218955K->7011K(235968K), 0.0075929 secs] 690562K->478620K(842580K), 0.0077083 secs] [Times: user=0.00 sys=0.00, real=0.01 secs] 
2019-03-15T15:47:35.807+0900: 253.946: Total time for which application threads were stopped: 0.0078946 seconds, Stopping threads took: 0.0000445 seconds
2019-03-15T15:47:36.483+0900: 254.622: Application time: 0.6750908 seconds
2019-03-15T15:47:36.484+0900: 254.622: Total time for which application threads were stopped: 0.0001204 seconds, Stopping threads took: 0.0000392 seconds
2019-03-15T15:47:36.688+0900: 254.826: Application time: 0.2047161 seconds
2019-03-15T15:47:36.688+0900: 254.826: [GC (Allocation Failure) 2019-03-15T15:47:36.689+0900: 254.827: [ParNew: 216803K->10139K(235968K), 0.0090563 secs] 688412K->481750K(842580K), 0.0091841 secs] [Times: user=0.00 sys=0.00, real=0.01 secs] 
2019-03-15T15:47:36.698+0900: 254.836: Total time for which application threads were stopped: 0.0093760 seconds, Stopping threads took: 0.0000578 seconds
2019-03-15T15:47:37.484+0900: 255.622: Application time: 0.7859228 seconds
2019-03-15T15:47:37.484+0900: 255.622: Total time for which application threads were stopped: 0.0000846 seconds, Stopping threads took: 0.0000264 seconds
2019-03-15T15:47:37.583+0900: 255.721: Application time: 0.0990161 seconds
2019-03-15T15:47:37.583+0900: 255.721: [GC (Allocation Failure) 2019-03-15T15:47:37.583+0900: 255.721: [ParNew: 219931K->10584K(235968K), 0.0089524 secs] 691542K->482196K(842580K), 0.0091204 secs] [Times: user=0.00 sys=0.00, real=0.01 secs] 
2019-03-15T15:47:37.592+0900: 255.730: Total time for which application threads were stopped: 0.0093328 seconds, Stopping threads took: 0.0000414 seconds
2019-03-15T15:47:38.448+0900: 256.586: Application time: 0.8560996 seconds
2019-03-15T15:47:38.448+0900: 256.586: [GC (Allocation Failure) 2019-03-15T15:47:38.448+0900: 256.586: [ParNew: 220376K->10371K(235968K), 0.0112281 secs] 691988K->487501K(842580K), 0.0113488 secs] [Times: user=0.06 sys=0.00, real=0.01 secs] 
2019-03-15T15:47:38.460+0900: 256.598: Total time for which application threads were stopped: 0.0114894 seconds, Stopping threads took: 0.0000404 seconds
2019-03-15T15:47:38.487+0900: 256.625: Application time: 0.0272071 seconds
2019-03-15T15:47:38.487+0900: 256.625: Total time for which application threads were stopped: 0.0000656 seconds, Stopping threads took: 0.0000308 seconds
2019-03-15T15:47:39.445+0900: 257.583: Application time: 0.9578745 seconds
2019-03-15T15:47:39.445+0900: 257.583: [GC (Allocation Failure) 2019-03-15T15:47:39.445+0900: 257.583: [ParNew: 220163K->6727K(235968K), 0.0085039 secs] 697293K->483858K(842580K), 0.0086461 secs] [Times: user=0.06 sys=0.00, real=0.01 secs] 
2019-03-15T15:47:39.454+0900: 257.592: Total time for which application threads were stopped: 0.0088541 seconds, Stopping threads took: 0.0000495 seconds
2019-03-15T15:47:39.488+0900: 257.626: Application time: 0.0339771 seconds
2019-03-15T15:47:39.488+0900: 257.626: Total time for which application threads were stopped: 0.0000899 seconds, Stopping threads took: 0.0000230 seconds
2019-03-15T15:47:39.489+0900: 257.627: Application time: 0.0016720 seconds
2019-03-15T15:47:39.489+0900: 257.628: Total time for which application threads were stopped: 0.0001129 seconds, Stopping threads took: 0.0000687 seconds
2019-03-15T15:47:40.283+0900: 258.421: Application time: 0.7931734 seconds
2019-03-15T15:47:40.283+0900: 258.421: [GC (Allocation Failure) 2019-03-15T15:47:40.283+0900: 258.421: [ParNew: 216519K->7592K(235968K), 0.0055974 secs] 693650K->484726K(842580K), 0.0056976 secs] [Times: user=0.00 sys=0.00, real=0.01 secs] 
2019-03-15T15:47:40.288+0900: 258.427: Total time for which application threads were stopped: 0.0058522 seconds, Stopping threads took: 0.0000529 seconds
2019-03-15T15:47:40.489+0900: 258.627: Application time: 0.2007885 seconds
2019-03-15T15:47:40.489+0900: 258.628: Total time for which application threads were stopped: 0.0002417 seconds, Stopping threads took: 0.0001179 seconds
2019-03-15T15:47:41.212+0900: 259.351: Application time: 0.7229960 seconds
2019-03-15T15:47:41.212+0900: 259.351: [GC (Allocation Failure) 2019-03-15T15:47:41.213+0900: 259.351: [ParNew: 217384K->8104K(235968K), 0.0061218 secs] 694518K->485239K(842580K), 0.0062422 secs] [Times: user=0.00 sys=0.00, real=0.01 secs] 
2019-03-15T15:47:41.219+0900: 259.357: Total time for which application threads were stopped: 0.0064017 seconds, Stopping threads took: 0.0000398 seconds
2019-03-15T15:47:41.490+0900: 259.628: Application time: 0.2713553 seconds
2019-03-15T15:47:41.490+0900: 259.629: Total time for which application threads were stopped: 0.0001708 seconds, Stopping threads took: 0.0000697 seconds
2019-03-15T15:47:42.111+0900: 260.249: Application time: 0.6207816 seconds
2019-03-15T15:47:42.111+0900: 260.250: [GC (Allocation Failure) 2019-03-15T15:47:42.111+0900: 260.250: [ParNew: 217896K->10033K(235968K), 0.0168424 secs] 695031K->487170K(842580K), 0.0170473 secs] [Times: user=0.06 sys=0.00, real=0.02 secs] 
2019-03-15T15:47:42.128+0900: 260.267: Total time for which application threads were stopped: 0.0173979 seconds, Stopping threads took: 0.0000902 seconds
2019-03-15T15:47:42.490+0900: 260.628: Application time: 0.3614473 seconds
2019-03-15T15:47:42.490+0900: 260.628: Total time for which application threads were stopped: 0.0001365 seconds, Stopping threads took: 0.0000625 seconds
2019-03-15T15:47:43.009+0900: 261.148: Application time: 0.5194098 seconds
2019-03-15T15:47:43.010+0900: 261.148: [GC (Allocation Failure) 2019-03-15T15:47:43.010+0900: 261.148: [ParNew: 219825K->12334K(235968K), 0.0078051 secs] 696962K->489473K(842580K), 0.0079435 secs] [Times: user=0.00 sys=0.00, real=0.01 secs] 
2019-03-15T15:47:43.018+0900: 261.156: Total time for which application threads were stopped: 0.0081183 seconds, Stopping threads took: 0.0000445 seconds
2019-03-15T15:47:43.490+0900: 261.628: Application time: 0.4725301 seconds
2019-03-15T15:47:43.490+0900: 261.629: Total time for which application threads were stopped: 0.0001123 seconds, Stopping threads took: 0.0000634 seconds
2019-03-15T15:47:43.880+0900: 262.019: Application time: 0.3900559 seconds
2019-03-15T15:47:43.880+0900: 262.019: [GC (Allocation Failure) 2019-03-15T15:47:43.881+0900: 262.019: [ParNew: 222126K->8673K(235968K), 0.0172041 secs] 699265K->485812K(842580K), 0.0174234 secs] [Times: user=0.06 sys=0.00, real=0.02 secs] 
2019-03-15T15:47:43.898+0900: 262.036: Total time for which application threads were stopped: 0.0177574 seconds, Stopping threads took: 0.0000886 seconds
2019-03-15T15:47:44.493+0900: 262.632: Application time: 0.5953324 seconds
2019-03-15T15:47:44.494+0900: 262.632: Total time for which application threads were stopped: 0.0002930 seconds, Stopping threads took: 0.0001316 seconds
2019-03-15T15:47:44.820+0900: 262.959: Application time: 0.3264864 seconds
2019-03-15T15:47:44.820+0900: 262.959: [GC (Allocation Failure) 2019-03-15T15:47:44.820+0900: 262.959: [ParNew: 218465K->6880K(235968K), 0.0167702 secs] 695604K->486778K(842580K), 0.0169173 secs] [Times: user=0.06 sys=0.00, real=0.02 secs] 
2019-03-15T15:47:44.837+0900: 262.976: Total time for which application threads were stopped: 0.0171677 seconds, Stopping threads took: 0.0000575 seconds
2019-03-15T15:47:45.491+0900: 263.629: Application time: 0.6537097 seconds
2019-03-15T15:47:45.491+0900: 263.630: Total time for which application threads were stopped: 0.0000768 seconds, Stopping threads took: 0.0000411 seconds
2019-03-15T15:47:45.720+0900: 263.859: Application time: 0.2290593 seconds
2019-03-15T15:47:45.720+0900: 263.859: [GC (Allocation Failure) 2019-03-15T15:47:45.720+0900: 263.859: [ParNew: 216672K->9428K(235968K), 0.0090852 secs] 696570K->489328K(842580K), 0.0092037 secs] [Times: user=0.00 sys=0.00, real=0.01 secs] 
2019-03-15T15:47:45.729+0900: 263.868: Total time for which application threads were stopped: 0.0093418 seconds, Stopping threads took: 0.0000230 seconds
2019-03-15T15:47:46.492+0900: 264.631: Application time: 0.7627814 seconds
2019-03-15T15:47:46.492+0900: 264.631: Total time for which application threads were stopped: 0.0000653 seconds, Stopping threads took: 0.0000190 seconds
2019-03-15T15:47:46.697+0900: 264.836: Application time: 0.2048781 seconds
2019-03-15T15:47:46.697+0900: 264.836: [GC (Allocation Failure) 2019-03-15T15:47:46.697+0900: 264.836: [ParNew: 219220K->7143K(235968K), 0.0111028 secs] 699120K->487045K(842580K), 0.0112664 secs] [Times: user=0.06 sys=0.00, real=0.01 secs] 
2019-03-15T15:47:46.709+0900: 264.847: Total time for which application threads were stopped: 0.0115236 seconds, Stopping threads took: 0.0000616 seconds
2019-03-15T15:47:47.492+0900: 265.631: Application time: 0.7833899 seconds
2019-03-15T15:47:47.492+0900: 265.631: Total time for which application threads were stopped: 0.0000768 seconds, Stopping threads took: 0.0000339 seconds
2019-03-15T15:47:47.631+0900: 265.769: Application time: 0.1385017 seconds
2019-03-15T15:47:47.631+0900: 265.769: [GC (Allocation Failure) 2019-03-15T15:47:47.631+0900: 265.769: [ParNew: 216935K->6816K(235968K), 0.0141676 secs] 696837K->489477K(842580K), 0.0143163 secs] [Times: user=0.05 sys=0.00, real=0.01 secs] 
2019-03-15T15:47:47.645+0900: 265.784: Total time for which application threads were stopped: 0.0145352 seconds, Stopping threads took: 0.0000631 seconds
2019-03-15T15:47:48.493+0900: 266.631: Application time: 0.8477105 seconds
2019-03-15T15:47:48.493+0900: 266.632: Total time for which application threads were stopped: 0.0001428 seconds, Stopping threads took: 0.0000672 seconds
2019-03-15T15:47:48.552+0900: 266.691: Application time: 0.0589999 seconds
2019-03-15T15:47:48.552+0900: 266.691: [GC (Allocation Failure) 2019-03-15T15:47:48.552+0900: 266.691: [ParNew: 216608K->11771K(235968K), 0.0144581 secs] 699269K->494434K(842580K), 0.0146183 secs] [Times: user=0.06 sys=0.00, real=0.01 secs] 
2019-03-15T15:47:48.567+0900: 266.705: Total time for which application threads were stopped: 0.0148503 seconds, Stopping threads took: 0.0000578 seconds
2019-03-15T15:47:49.433+0900: 267.571: Application time: 0.8658258 seconds
2019-03-15T15:47:49.433+0900: 267.571: [GC (Allocation Failure) 2019-03-15T15:47:49.433+0900: 267.571: [ParNew: 221563K->15897K(235968K), 0.0097713 secs] 704226K->498562K(842580K), 0.0098917 secs] [Times: user=0.00 sys=0.00, real=0.01 secs] 
2019-03-15T15:47:49.443+0900: 267.581: Total time for which application threads were stopped: 0.0100323 seconds, Stopping threads took: 0.0000261 seconds
2019-03-15T15:47:49.492+0900: 267.631: Application time: 0.0493891 seconds
2019-03-15T15:47:49.492+0900: 267.631: Total time for which application threads were stopped: 0.0000684 seconds, Stopping threads took: 0.0000317 seconds
2019-03-15T15:47:49.493+0900: 267.632: Application time: 0.0009570 seconds
2019-03-15T15:47:49.493+0900: 267.632: Total time for which application threads were stopped: 0.0001288 seconds, Stopping threads took: 0.0001042 seconds
2019-03-15T15:47:50.359+0900: 268.498: Application time: 0.8660311 seconds
2019-03-15T15:47:50.359+0900: 268.498: [GC (Allocation Failure) 2019-03-15T15:47:50.359+0900: 268.498: [ParNew: 225689K->11203K(235968K), 0.0250969 secs] 708354K->496628K(842580K), 0.0253130 secs] [Times: user=0.08 sys=0.00, real=0.03 secs] 
2019-03-15T15:47:50.385+0900: 268.524: Total time for which application threads were stopped: 0.0256645 seconds, Stopping threads took: 0.0000877 seconds
2019-03-15T15:47:50.492+0900: 268.631: Application time: 0.1075978 seconds
2019-03-15T15:47:50.492+0900: 268.631: Total time for which application threads were stopped: 0.0000880 seconds, Stopping threads took: 0.0000411 seconds
2019-03-15T15:47:51.329+0900: 269.468: Application time: 0.8365364 seconds
2019-03-15T15:47:51.329+0900: 269.468: [GC (Allocation Failure) 2019-03-15T15:47:51.329+0900: 269.468: [ParNew: 220995K->15196K(235968K), 0.0098712 secs] 706420K->500622K(842580K), 0.0099909 secs] [Times: user=0.06 sys=0.00, real=0.01 secs] 
2019-03-15T15:47:51.339+0900: 269.478: Total time for which application threads were stopped: 0.0101430 seconds, Stopping threads took: 0.0000386 seconds
2019-03-15T15:47:51.494+0900: 269.632: Application time: 0.1544521 seconds
2019-03-15T15:47:51.494+0900: 269.633: Total time for which application threads were stopped: 0.0002566 seconds, Stopping threads took: 0.0001480 seconds
2019-03-15T15:47:52.295+0900: 270.434: Application time: 0.8016835 seconds
2019-03-15T15:47:52.296+0900: 270.434: [GC (Allocation Failure) 2019-03-15T15:47:52.296+0900: 270.435: [ParNew: 224988K->8814K(235968K), 0.0140056 secs] 710414K->494242K(842580K), 0.0141794 secs] [Times: user=0.06 sys=0.00, real=0.01 secs] 
2019-03-15T15:47:52.310+0900: 270.449: Total time for which application threads were stopped: 0.0144435 seconds, Stopping threads took: 0.0000361 seconds
2019-03-15T15:47:52.494+0900: 270.632: Application time: 0.1837085 seconds
2019-03-15T15:47:52.494+0900: 270.633: Total time for which application threads were stopped: 0.0001368 seconds, Stopping threads took: 0.0000616 seconds
2019-03-15T15:47:53.267+0900: 271.406: Application time: 0.7728899 seconds
2019-03-15T15:47:53.267+0900: 271.406: [GC (Allocation Failure) 2019-03-15T15:47:53.267+0900: 271.406: [ParNew: 218606K->14705K(235968K), 0.0148469 secs] 704034K->500135K(842580K), 0.0150285 secs] [Times: user=0.06 sys=0.00, real=0.02 secs] 
2019-03-15T15:47:53.282+0900: 271.421: Total time for which application threads were stopped: 0.0153289 seconds, Stopping threads took: 0.0000653 seconds
2019-03-15T15:47:53.495+0900: 271.633: Application time: 0.2126038 seconds
2019-03-15T15:47:53.495+0900: 271.634: Total time for which application threads were stopped: 0.0003070 seconds, Stopping threads took: 0.0002641 seconds
2019-03-15T15:47:54.148+0900: 272.286: Application time: 0.6522457 seconds
2019-03-15T15:47:54.148+0900: 272.286: [GC (Allocation Failure) 2019-03-15T15:47:54.148+0900: 272.286: [ParNew: 224497K->5920K(235968K), 0.0090062 secs] 709927K->496867K(842580K), 0.0091029 secs] [Times: user=0.00 sys=0.00, real=0.01 secs] 
2019-03-15T15:47:54.157+0900: 272.295: Total time for which application threads were stopped: 0.0092124 seconds, Stopping threads took: 0.0000174 seconds
2019-03-15T15:47:54.496+0900: 272.634: Application time: 0.3382545 seconds
2019-03-15T15:47:54.496+0900: 272.634: Total time for which application threads were stopped: 0.0001244 seconds, Stopping threads took: 0.0000467 seconds
2019-03-15T15:47:55.045+0900: 273.183: Application time: 0.5497446 seconds
2019-03-15T15:47:55.046+0900: 273.184: [GC (Allocation Failure) 2019-03-15T15:47:55.046+0900: 273.184: [ParNew: 215712K->11380K(235968K), 0.0192282 secs] 706659K->502327K(842580K), 0.0193993 secs] [Times: user=0.13 sys=0.00, real=0.02 secs] 
2019-03-15T15:47:55.065+0900: 273.203: Total time for which application threads were stopped: 0.0196615 seconds, Stopping threads took: 0.0000597 seconds
2019-03-15T15:47:55.497+0900: 273.635: Application time: 0.4320156 seconds
2019-03-15T15:47:55.497+0900: 273.635: Total time for which application threads were stopped: 0.0001614 seconds, Stopping threads took: 0.0000687 seconds
2019-03-15T15:47:55.966+0900: 274.104: Application time: 0.4683304 seconds
2019-03-15T15:47:55.966+0900: 274.104: [GC (Allocation Failure) 2019-03-15T15:47:55.966+0900: 274.104: [ParNew: 221172K->9813K(235968K), 0.0085804 secs] 712119K->500762K(842580K), 0.0087129 secs] [Times: user=0.06 sys=0.00, real=0.01 secs] 
2019-03-15T15:47:55.974+0900: 274.112: Total time for which application threads were stopped: 0.0088880 seconds, Stopping threads took: 0.0000367 seconds
2019-03-15T15:47:56.498+0900: 274.636: Application time: 0.5237473 seconds
2019-03-15T15:47:56.498+0900: 274.636: Total time for which application threads were stopped: 0.0001592 seconds, Stopping threads took: 0.0000722 seconds
2019-03-15T15:47:56.919+0900: 275.057: Application time: 0.4202323 seconds
2019-03-15T15:47:56.919+0900: 275.057: [GC (Allocation Failure) 2019-03-15T15:47:56.919+0900: 275.057: [ParNew: 219605K->12449K(235968K), 0.0208057 secs] 710554K->506157K(842580K), 0.0209519 secs] [Times: user=0.13 sys=0.00, real=0.02 secs] 
2019-03-15T15:47:56.940+0900: 275.078: Total time for which application threads were stopped: 0.0211901 seconds, Stopping threads took: 0.0000890 seconds
2019-03-15T15:47:57.497+0900: 275.635: Application time: 0.5573335 seconds
2019-03-15T15:47:57.497+0900: 275.635: Total time for which application threads were stopped: 0.0000955 seconds, Stopping threads took: 0.0000554 seconds
2019-03-15T15:47:57.845+0900: 275.983: Application time: 0.3475736 seconds
2019-03-15T15:47:57.845+0900: 275.983: [GC (Allocation Failure) 2019-03-15T15:47:57.845+0900: 275.983: [ParNew: 222241K->15154K(235968K), 0.0143309 secs] 715949K->508864K(842580K), 0.0144581 secs] [Times: user=0.06 sys=0.00, real=0.01 secs] 
2019-03-15T15:47:57.859+0900: 275.997: Total time for which application threads were stopped: 0.0146512 seconds, Stopping threads took: 0.0000501 seconds
2019-03-15T15:47:58.499+0900: 276.637: Application time: 0.6394867 seconds
2019-03-15T15:47:58.499+0900: 276.637: Total time for which application threads were stopped: 0.0001222 seconds, Stopping threads took: 0.0000597 seconds
2019-03-15T15:47:58.805+0900: 276.943: Application time: 0.3060076 seconds
2019-03-15T15:47:58.805+0900: 276.943: [GC (Allocation Failure) 2019-03-15T15:47:58.805+0900: 276.943: [ParNew: 224946K->12514K(235968K), 0.0165634 secs] 718656K->506226K(842580K), 0.0167074 secs] [Times: user=0.06 sys=0.00, real=0.02 secs] 
2019-03-15T15:47:58.822+0900: 276.960: Total time for which application threads were stopped: 0.0169133 seconds, Stopping threads took: 0.0000317 seconds
2019-03-15T15:47:59.499+0900: 277.637: Application time: 0.6769423 seconds
2019-03-15T15:47:59.499+0900: 277.637: Total time for which application threads were stopped: 0.0001546 seconds, Stopping threads took: 0.0000893 seconds
2019-03-15T15:47:59.501+0900: 277.639: Application time: 0.0017081 seconds
2019-03-15T15:47:59.501+0900: 277.639: Total time for which application threads were stopped: 0.0000865 seconds, Stopping threads took: 0.0000479 seconds
2019-03-15T15:47:59.820+0900: 277.958: Application time: 0.3189740 seconds
2019-03-15T15:47:59.820+0900: 277.958: [GC (Allocation Failure) 2019-03-15T15:47:59.820+0900: 277.958: [ParNew: 222306K->9784K(235968K), 0.0127074 secs] 716018K->503499K(842580K), 0.0128395 secs] [Times: user=0.06 sys=0.00, real=0.01 secs] 
2019-03-15T15:47:59.833+0900: 277.971: Total time for which application threads were stopped: 0.0130495 seconds, Stopping threads took: 0.0000560 seconds
2019-03-15T15:48:00.501+0900: 278.639: Application time: 0.6682063 seconds
2019-03-15T15:48:00.501+0900: 278.639: Total time for which application threads were stopped: 0.0001714 seconds, Stopping threads took: 0.0000927 seconds
2019-03-15T15:48:00.821+0900: 278.959: Application time: 0.3194854 seconds
2019-03-15T15:48:00.821+0900: 278.959: [GC (Allocation Failure) 2019-03-15T15:48:00.821+0900: 278.959: [ParNew: 219576K->9079K(235968K), 0.0243196 secs] 713291K->508311K(842580K), 0.0244689 secs] [Times: user=0.06 sys=0.00, real=0.02 secs] 
2019-03-15T15:48:00.845+0900: 278.984: Total time for which application threads were stopped: 0.0247000 seconds, Stopping threads took: 0.0000740 seconds
2019-03-15T15:48:01.502+0900: 279.640: Application time: 0.6568192 seconds
2019-03-15T15:48:01.502+0900: 279.641: Total time for which application threads were stopped: 0.0001810 seconds, Stopping threads took: 0.0000737 seconds
2019-03-15T15:48:01.777+0900: 279.915: Application time: 0.2743880 seconds
2019-03-15T15:48:01.777+0900: 279.915: [GC (Allocation Failure) 2019-03-15T15:48:01.777+0900: 279.915: [ParNew: 218871K->10083K(235968K), 0.0213655 secs] 718103K->509317K(842580K), 0.0215375 secs] [Times: user=0.05 sys=0.00, real=0.02 secs] 
2019-03-15T15:48:01.799+0900: 279.937: Total time for which application threads were stopped: 0.0218949 seconds, Stopping threads took: 0.0000563 seconds
2019-03-15T15:48:02.501+0900: 280.639: Application time: 0.7025806 seconds
2019-03-15T15:48:02.501+0900: 280.640: Total time for which application threads were stopped: 0.0000911 seconds, Stopping threads took: 0.0000442 seconds
2019-03-15T15:48:02.733+0900: 280.872: Application time: 0.2323182 seconds
2019-03-15T15:48:02.734+0900: 280.872: [GC (Allocation Failure) 2019-03-15T15:48:02.734+0900: 280.872: [ParNew: 219875K->14334K(235968K), 0.0095440 secs] 719109K->513569K(842580K), 0.0096799 secs] [Times: user=0.06 sys=0.00, real=0.01 secs] 
2019-03-15T15:48:02.743+0900: 280.882: Total time for which application threads were stopped: 0.0098674 seconds, Stopping threads took: 0.0000445 seconds
2019-03-15T15:48:03.504+0900: 281.642: Application time: 0.7606164 seconds
2019-03-15T15:48:03.504+0900: 281.643: Total time for which application threads were stopped: 0.0002078 seconds, Stopping threads took: 0.0000855 seconds
2019-03-15T15:48:03.634+0900: 281.773: Application time: 0.1303069 seconds
2019-03-15T15:48:03.635+0900: 281.773: [GC (Allocation Failure) 2019-03-15T15:48:03.635+0900: 281.773: [ParNew: 224126K->5863K(235968K), 0.0111659 secs] 723361K->510615K(842580K), 0.0112848 secs] [Times: user=0.06 sys=0.00, real=0.01 secs] 
2019-03-15T15:48:03.646+0900: 281.784: Total time for which application threads were stopped: 0.0114558 seconds, Stopping threads took: 0.0000470 seconds
2019-03-15T15:48:04.505+0900: 282.644: Application time: 0.8593756 seconds
2019-03-15T15:48:04.506+0900: 282.644: Total time for which application threads were stopped: 0.0003197 seconds, Stopping threads took: 0.0001574 seconds
2019-03-15T15:48:04.608+0900: 282.746: Application time: 0.1023437 seconds
2019-03-15T15:48:04.608+0900: 282.747: [GC (Allocation Failure) 2019-03-15T15:48:04.608+0900: 282.747: [ParNew: 215655K->11323K(235968K), 0.0206219 secs] 720407K->516078K(842580K), 0.0208004 secs] [Times: user=0.13 sys=0.00, real=0.02 secs] 
2019-03-15T15:48:04.629+0900: 282.768: Total time for which application threads were stopped: 0.0211233 seconds, Stopping threads took: 0.0001089 seconds
2019-03-15T15:48:05.506+0900: 283.644: Application time: 0.8767122 seconds
2019-03-15T15:48:05.506+0900: 283.645: Total time for which application threads were stopped: 0.0002753 seconds, Stopping threads took: 0.0001350 seconds
2019-03-15T15:48:05.589+0900: 283.727: Application time: 0.0825843 seconds
2019-03-15T15:48:05.589+0900: 283.727: [GC (Allocation Failure) 2019-03-15T15:48:05.589+0900: 283.727: [ParNew: 221115K->13732K(235968K), 0.0148450 secs] 725870K->518488K(842580K), 0.0149697 secs] [Times: user=0.05 sys=0.00, real=0.02 secs] 
2019-03-15T15:48:05.604+0900: 283.742: Total time for which application threads were stopped: 0.0151402 seconds, Stopping threads took: 0.0000267 seconds
2019-03-15T15:48:06.505+0900: 284.643: Application time: 0.9009733 seconds
2019-03-15T15:48:06.505+0900: 284.643: Total time for which application threads were stopped: 0.0000921 seconds, Stopping threads took: 0.0000358 seconds
2019-03-15T15:48:06.550+0900: 284.688: Application time: 0.0449452 seconds
2019-03-15T15:48:06.550+0900: 284.688: [GC (Allocation Failure) 2019-03-15T15:48:06.550+0900: 284.688: [ParNew: 223524K->8595K(235968K), 0.0104537 secs] 728280K->513353K(842580K), 0.0105943 secs] [Times: user=0.00 sys=0.00, real=0.01 secs] 
2019-03-15T15:48:06.560+0900: 284.699: Total time for which application threads were stopped: 0.0107825 seconds, Stopping threads took: 0.0000283 seconds
2019-03-15T15:48:07.497+0900: 285.636: Application time: 0.9367394 seconds
2019-03-15T15:48:07.497+0900: 285.636: [GC (Allocation Failure) 2019-03-15T15:48:07.497+0900: 285.636: [ParNew: 218387K->11917K(235968K), 0.0294256 secs] 723145K->519435K(842580K), 0.0295973 secs] [Times: user=0.06 sys=0.00, real=0.03 secs] 
2019-03-15T15:48:07.527+0900: 285.666: Total time for which application threads were stopped: 0.0298925 seconds, Stopping threads took: 0.0000532 seconds
2019-03-15T15:48:07.529+0900: 285.668: Application time: 0.0019591 seconds
2019-03-15T15:48:07.529+0900: 285.668: Total time for which application threads were stopped: 0.0000952 seconds, Stopping threads took: 0.0000407 seconds
2019-03-15T15:48:08.478+0900: 286.617: Application time: 0.9492399 seconds
2019-03-15T15:48:08.478+0900: 286.617: [GC (Allocation Failure) 2019-03-15T15:48:08.479+0900: 286.617: [ParNew: 221709K->9121K(235968K), 0.0114599 secs] 729227K->516641K(842580K), 0.0116048 secs] [Times: user=0.06 sys=0.00, real=0.01 secs] 
2019-03-15T15:48:08.490+0900: 286.629: Total time for which application threads were stopped: 0.0118147 seconds, Stopping threads took: 0.0000610 seconds
2019-03-15T15:48:08.528+0900: 286.667: Application time: 0.0380645 seconds
2019-03-15T15:48:08.528+0900: 286.667: Total time for which application threads were stopped: 0.0000964 seconds, Stopping threads took: 0.0000467 seconds
2019-03-15T15:48:09.428+0900: 287.567: Application time: 0.8995072 seconds
2019-03-15T15:48:09.428+0900: 287.567: [GC (Allocation Failure) 2019-03-15T15:48:09.428+0900: 287.567: [ParNew: 218913K->6935K(235968K), 0.0080190 secs] 726433K->514457K(842580K), 0.0081518 secs] [Times: user=0.06 sys=0.00, real=0.01 secs] 
2019-03-15T15:48:09.436+0900: 287.575: Total time for which application threads were stopped: 0.0083391 seconds, Stopping threads took: 0.0000435 seconds
2019-03-15T15:48:09.530+0900: 287.669: Application time: 0.0942983 seconds
2019-03-15T15:48:09.531+0900: 287.669: Total time for which application threads were stopped: 0.0001773 seconds, Stopping threads took: 0.0000585 seconds
2019-03-15T15:48:09.532+0900: 287.671: Application time: 0.0018991 seconds
2019-03-15T15:48:09.533+0900: 287.671: Total time for which application threads were stopped: 0.0000759 seconds, Stopping threads took: 0.0000271 seconds
2019-03-15T15:48:10.393+0900: 288.532: Application time: 0.8609789 seconds
2019-03-15T15:48:10.394+0900: 288.532: [GC (Allocation Failure) 2019-03-15T15:48:10.394+0900: 288.532: [ParNew: 216727K->6190K(235968K), 0.0135347 secs] 724249K->519228K(842580K), 0.0136613 secs] [Times: user=0.06 sys=0.00, real=0.01 secs] 
2019-03-15T15:48:10.407+0900: 288.546: Total time for which application threads were stopped: 0.0138286 seconds, Stopping threads took: 0.0000267 seconds
2019-03-15T15:48:10.534+0900: 288.672: Application time: 0.1261875 seconds
2019-03-15T15:48:10.534+0900: 288.673: Total time for which application threads were stopped: 0.0001630 seconds, Stopping threads took: 0.0000507 seconds
2019-03-15T15:48:11.316+0900: 289.453: Application time: 0.7809061 seconds
2019-03-15T15:48:11.316+0900: 289.454: [GC (Allocation Failure) 2019-03-15T15:48:11.316+0900: 289.454: [ParNew: 215982K->6983K(235968K), 0.0061147 secs] 729020K->520023K(842580K), 0.0062189 secs] [Times: user=0.06 sys=0.00, real=0.01 secs] 
2019-03-15T15:48:11.322+0900: 289.460: Total time for which application threads were stopped: 0.0063582 seconds, Stopping threads took: 0.0000330 seconds
2019-03-15T15:48:11.533+0900: 289.671: Application time: 0.2111862 seconds
2019-03-15T15:48:11.533+0900: 289.671: Total time for which application threads were stopped: 0.0002286 seconds, Stopping threads took: 0.0001253 seconds
2019-03-15T15:48:12.244+0900: 290.382: Application time: 0.7110525 seconds
2019-03-15T15:48:12.244+0900: 290.382: [GC (Allocation Failure) 2019-03-15T15:48:12.245+0900: 290.382: [ParNew: 216775K->7238K(235968K), 0.0053340 secs] 729815K->520280K(842580K), 0.0054335 secs] [Times: user=0.00 sys=0.00, real=0.01 secs] 
2019-03-15T15:48:12.250+0900: 290.388: Total time for which application threads were stopped: 0.0055884 seconds, Stopping threads took: 0.0000323 seconds
2019-03-15T15:48:12.534+0900: 290.672: Application time: 0.2837280 seconds
2019-03-15T15:48:12.534+0900: 290.672: Total time for which application threads were stopped: 0.0001191 seconds, Stopping threads took: 0.0000572 seconds
2019-03-15T15:48:13.204+0900: 291.342: Application time: 0.6698538 seconds
2019-03-15T15:48:13.204+0900: 291.342: [GC (Allocation Failure) 2019-03-15T15:48:13.204+0900: 291.342: [ParNew: 217030K->9745K(235968K), 0.0218731 secs] 730072K->522787K(842580K), 0.0221518 secs] [Times: user=0.13 sys=0.00, real=0.02 secs] 
2019-03-15T15:48:13.226+0900: 291.364: Total time for which application threads were stopped: 0.0225328 seconds, Stopping threads took: 0.0000722 seconds
2019-03-15T15:48:13.535+0900: 291.673: Application time: 0.3083934 seconds
2019-03-15T15:48:13.535+0900: 291.673: Total time for which application threads were stopped: 0.0001126 seconds, Stopping threads took: 0.0000485 seconds
2019-03-15T15:48:14.174+0900: 292.312: Application time: 0.6394472 seconds
2019-03-15T15:48:14.174+0900: 292.312: [GC (Allocation Failure) 2019-03-15T15:48:14.174+0900: 292.312: [ParNew: 219537K->13787K(235968K), 0.0177499 secs] 732579K->526831K(842580K), 0.0179667 secs] [Times: user=0.09 sys=0.00, real=0.02 secs] 
2019-03-15T15:48:14.192+0900: 292.330: Total time for which application threads were stopped: 0.0182871 seconds, Stopping threads took: 0.0000759 seconds
2019-03-15T15:48:14.537+0900: 292.675: Application time: 0.3441570 seconds
2019-03-15T15:48:14.537+0900: 292.675: Total time for which application threads were stopped: 0.0001275 seconds, Stopping threads took: 0.0000454 seconds
2019-03-15T15:48:15.166+0900: 293.304: Application time: 0.6290734 seconds
2019-03-15T15:48:15.166+0900: 293.304: [GC (Allocation Failure) 2019-03-15T15:48:15.166+0900: 293.304: [ParNew: 223579K->8326K(235968K), 0.0132246 secs] 736623K->521371K(842580K), 0.0134072 secs] [Times: user=0.06 sys=0.00, real=0.01 secs] 
2019-03-15T15:48:15.179+0900: 293.317: Total time for which application threads were stopped: 0.0136799 seconds, Stopping threads took: 0.0000641 seconds
2019-03-15T15:48:15.536+0900: 293.674: Application time: 0.3568062 seconds
2019-03-15T15:48:15.536+0900: 293.674: Total time for which application threads were stopped: 0.0001378 seconds, Stopping threads took: 0.0000837 seconds
2019-03-15T15:48:16.112+0900: 294.250: Application time: 0.5758635 seconds
2019-03-15T15:48:16.112+0900: 294.250: [GC (Allocation Failure) 2019-03-15T15:48:16.112+0900: 294.251: [ParNew: 218118K->11487K(235968K), 0.0140572 secs] 731163K->524535K(842580K), 0.0142429 secs] [Times: user=0.06 sys=0.00, real=0.02 secs] 
2019-03-15T15:48:16.127+0900: 294.265: Total time for which application threads were stopped: 0.0145234 seconds, Stopping threads took: 0.0000641 seconds
2019-03-15T15:48:16.536+0900: 294.675: Application time: 0.4097071 seconds
2019-03-15T15:48:16.536+0900: 294.675: Total time for which application threads were stopped: 0.0000977 seconds, Stopping threads took: 0.0000485 seconds
2019-03-15T15:48:17.045+0900: 295.183: Application time: 0.5080545 seconds
2019-03-15T15:48:17.045+0900: 295.183: [GC (Allocation Failure) 2019-03-15T15:48:17.045+0900: 295.183: [ParNew: 221279K->7379K(235968K), 0.0315116 secs] 734327K->525944K(842580K), 0.0316923 secs] [Times: user=0.08 sys=0.00, real=0.03 secs] 
2019-03-15T15:48:17.076+0900: 295.215: Total time for which application threads were stopped: 0.0319483 seconds, Stopping threads took: 0.0000535 seconds
2019-03-15T15:48:17.536+0900: 295.674: Application time: 0.4595403 seconds
2019-03-15T15:48:17.536+0900: 295.674: Total time for which application threads were stopped: 0.0000706 seconds, Stopping threads took: 0.0000330 seconds
2019-03-15T15:48:18.011+0900: 296.149: Application time: 0.4747595 seconds
2019-03-15T15:48:18.011+0900: 296.149: [GC (Allocation Failure) 2019-03-15T15:48:18.011+0900: 296.149: [ParNew: 217171K->9592K(235968K), 0.0113566 secs] 735736K->528158K(842580K), 0.0115009 secs] [Times: user=0.06 sys=0.00, real=0.01 secs] 
2019-03-15T15:48:18.023+0900: 296.161: Total time for which application threads were stopped: 0.0117205 seconds, Stopping threads took: 0.0000435 seconds
2019-03-15T15:48:18.536+0900: 296.675: Application time: 0.5139483 seconds
2019-03-15T15:48:18.537+0900: 296.675: Total time for which application threads were stopped: 0.0000977 seconds, Stopping threads took: 0.0000426 seconds
2019-03-15T15:48:19.002+0900: 297.141: Application time: 0.4658540 seconds
2019-03-15T15:48:19.003+0900: 297.141: [GC (Allocation Failure) 2019-03-15T15:48:19.003+0900: 297.141: [ParNew: 219384K->11413K(235968K), 0.0146043 secs] 737950K->529981K(842580K), 0.0147890 secs] [Times: user=0.05 sys=0.00, real=0.01 secs] 
2019-03-15T15:48:19.017+0900: 297.156: Total time for which application threads were stopped: 0.0150677 seconds, Stopping threads took: 0.0000641 seconds
2019-03-15T15:48:19.537+0900: 297.676: Application time: 0.5199541 seconds
2019-03-15T15:48:19.538+0900: 297.676: Total time for which application threads were stopped: 0.0001446 seconds, Stopping threads took: 0.0000818 seconds
2019-03-15T15:48:19.539+0900: 297.677: Application time: 0.0013685 seconds
2019-03-15T15:48:19.539+0900: 297.677: Total time for which application threads were stopped: 0.0000697 seconds, Stopping threads took: 0.0000386 seconds
2019-03-15T15:48:19.915+0900: 298.054: Application time: 0.3764826 seconds
2019-03-15T15:48:19.916+0900: 298.054: [GC (Allocation Failure) 2019-03-15T15:48:19.916+0900: 298.054: [ParNew: 221205K->7303K(235968K), 0.0098338 secs] 739773K->528631K(842580K), 0.0099685 secs] [Times: user=0.00 sys=0.00, real=0.01 secs] 
2019-03-15T15:48:19.926+0900: 298.064: Total time for which application threads were stopped: 0.0101514 seconds, Stopping threads took: 0.0000544 seconds
2019-03-15T15:48:20.542+0900: 298.680: Application time: 0.6160016 seconds
2019-03-15T15:48:20.542+0900: 298.680: Total time for which application threads were stopped: 0.0001708 seconds, Stopping threads took: 0.0000535 seconds
2019-03-15T15:48:20.824+0900: 298.962: Application time: 0.2819272 seconds
2019-03-15T15:48:20.824+0900: 298.962: [GC (Allocation Failure) 2019-03-15T15:48:20.824+0900: 298.962: [ParNew: 217095K->5448K(235968K), 0.0130066 secs] 738423K->526778K(842580K), 0.0132193 secs] [Times: user=0.06 sys=0.00, real=0.01 secs] 
2019-03-15T15:48:20.837+0900: 298.976: Total time for which application threads were stopped: 0.0135424 seconds, Stopping threads took: 0.0000718 seconds
2019-03-15T15:48:21.539+0900: 299.677: Application time: 0.7016855 seconds
2019-03-15T15:48:21.539+0900: 299.677: Total time for which application threads were stopped: 0.0000883 seconds, Stopping threads took: 0.0000467 seconds
2019-03-15T15:48:21.734+0900: 299.873: Application time: 0.1954405 seconds
2019-03-15T15:48:21.735+0900: 299.873: [GC (Allocation Failure) 2019-03-15T15:48:21.735+0900: 299.873: [ParNew: 215240K->7612K(235968K), 0.0065703 secs] 736570K->528945K(842580K), 0.0066816 secs] [Times: user=0.06 sys=0.00, real=0.01 secs] 
2019-03-15T15:48:21.741+0900: 299.880: Total time for which application threads were stopped: 0.0068723 seconds, Stopping threads took: 0.0000485 seconds
2019-03-15T15:48:22.540+0900: 300.678: Application time: 0.7984159 seconds
2019-03-15T15:48:22.540+0900: 300.678: Total time for which application threads were stopped: 0.0000538 seconds, Stopping threads took: 0.0000171 seconds
2019-03-15T15:48:22.638+0900: 300.777: Application time: 0.0984936 seconds
2019-03-15T15:48:22.638+0900: 300.777: [GC (Allocation Failure) 2019-03-15T15:48:22.638+0900: 300.777: [ParNew: 217404K->9509K(235968K), 0.0108372 secs] 738737K->530844K(842580K), 0.0109809 secs] [Times: user=0.06 sys=0.00, real=0.01 secs] 
2019-03-15T15:48:22.649+0900: 300.788: Total time for which application threads were stopped: 0.0111734 seconds, Stopping threads took: 0.0000547 seconds
2019-03-15T15:48:23.540+0900: 301.678: Application time: 0.8904562 seconds
2019-03-15T15:48:23.540+0900: 301.678: Total time for which application threads were stopped: 0.0000594 seconds, Stopping threads took: 0.0000193 seconds
2019-03-15T15:48:23.563+0900: 301.702: Application time: 0.0233396 seconds
2019-03-15T15:48:23.563+0900: 301.702: [GC (Allocation Failure) 2019-03-15T15:48:23.563+0900: 301.702: [ParNew: 219301K->7108K(235968K), 0.0077108 secs] 740636K->531203K(842580K), 0.0078091 secs] [Times: user=0.06 sys=0.00, real=0.01 secs] 
2019-03-15T15:48:23.571+0900: 301.710: Total time for which application threads were stopped: 0.0079568 seconds, Stopping threads took: 0.0000482 seconds
2019-03-15T15:48:24.433+0900: 302.571: Application time: 0.8616196 seconds
2019-03-15T15:48:24.433+0900: 302.572: [GC (Allocation Failure) 2019-03-15T15:48:24.433+0900: 302.572: [ParNew: 216900K->10889K(235968K), 0.0151694 secs] 740995K->534985K(842580K), 0.0153038 secs] [Times: user=0.06 sys=0.00, real=0.01 secs] 
2019-03-15T15:48:24.448+0900: 302.587: Total time for which application threads were stopped: 0.0155862 seconds, Stopping threads took: 0.0001337 seconds
2019-03-15T15:48:24.541+0900: 302.679: Application time: 0.0922704 seconds
2019-03-15T15:48:24.541+0900: 302.679: Total time for which application threads were stopped: 0.0001104 seconds, Stopping threads took: 0.0000448 seconds
2019-03-15T15:48:25.394+0900: 303.532: Application time: 0.8529571 seconds
2019-03-15T15:48:25.394+0900: 303.532: [GC (Allocation Failure) 2019-03-15T15:48:25.394+0900: 303.532: [ParNew: 220681K->16221K(235968K), 0.0165192 secs] 744777K->540319K(842580K), 0.0166729 secs] [Times: user=0.06 sys=0.00, real=0.02 secs] 
2019-03-15T15:48:25.410+0900: 303.549: Total time for which application threads were stopped: 0.0168545 seconds, Stopping threads took: 0.0000383 seconds
2019-03-15T15:48:25.540+0900: 303.679: Application time: 0.1299788 seconds
2019-03-15T15:48:25.541+0900: 303.679: Total time for which application threads were stopped: 0.0000989 seconds, Stopping threads took: 0.0000445 seconds
2019-03-15T15:48:26.337+0900: 304.476: Application time: 0.7969134 seconds
2019-03-15T15:48:26.338+0900: 304.476: [GC (Allocation Failure) 2019-03-15T15:48:26.338+0900: 304.476: [ParNew: 226013K->10074K(235968K), 0.0110981 secs] 750111K->536932K(842580K), 0.0112082 secs] [Times: user=0.06 sys=0.00, real=0.01 secs] 
2019-03-15T15:48:26.349+0900: 304.487: Total time for which application threads were stopped: 0.0113815 seconds, Stopping threads took: 0.0000407 seconds
2019-03-15T15:48:26.542+0900: 304.681: Application time: 0.1933271 seconds
2019-03-15T15:48:26.542+0900: 304.681: Total time for which application threads were stopped: 0.0002379 seconds, Stopping threads took: 0.0001201 seconds
2019-03-15T15:48:27.256+0900: 305.394: Application time: 0.7132607 seconds
2019-03-15T15:48:27.256+0900: 305.394: [GC (Allocation Failure) 2019-03-15T15:48:27.256+0900: 305.394: [ParNew: 219866K->12380K(235968K), 0.0090868 secs] 746724K->539239K(842580K), 0.0092074 secs] [Times: user=0.06 sys=0.00, real=0.01 secs] 
2019-03-15T15:48:27.265+0900: 305.404: Total time for which application threads were stopped: 0.0093742 seconds, Stopping threads took: 0.0000395 seconds
2019-03-15T15:48:27.541+0900: 305.680: Application time: 0.2762265 seconds
2019-03-15T15:48:27.541+0900: 305.680: Total time for which application threads were stopped: 0.0000802 seconds, Stopping threads took: 0.0000364 seconds
2019-03-15T15:48:28.158+0900: 306.297: Application time: 0.6166494 seconds
2019-03-15T15:48:28.158+0900: 306.297: [GC (Allocation Failure) 2019-03-15T15:48:28.158+0900: 306.297: [ParNew: 222172K->7512K(235968K), 0.0098783 secs] 749031K->534372K(842580K), 0.0100111 secs] [Times: user=0.06 sys=0.00, real=0.01 secs] 
2019-03-15T15:48:28.168+0900: 306.307: Total time for which application threads were stopped: 0.0102080 seconds, Stopping threads took: 0.0000420 seconds
2019-03-15T15:48:28.276+0900: 306.414: Application time: 0.1075972 seconds
2019-03-15T15:48:28.276+0900: 306.415: Total time for which application threads were stopped: 0.0001337 seconds, Stopping threads took: 0.0000694 seconds
2019-03-15T15:48:28.542+0900: 306.681: Application time: 0.2661031 seconds
2019-03-15T15:48:28.542+0900: 306.681: Total time for which application threads were stopped: 0.0001207 seconds, Stopping threads took: 0.0000575 seconds
2019-03-15T15:48:29.122+0900: 307.259: Application time: 0.5785040 seconds
2019-03-15T15:48:29.122+0900: 307.260: [GC (Allocation Failure) 2019-03-15T15:48:29.122+0900: 307.260: [ParNew: 217304K->14054K(235968K), 0.0215702 secs] 744164K->540916K(842580K), 0.0217882 secs] [Times: user=0.06 sys=0.00, real=0.02 secs] 
2019-03-15T15:48:29.144+0900: 307.281: Total time for which application threads were stopped: 0.0221204 seconds, Stopping threads took: 0.0000830 seconds
2019-03-15T15:48:29.544+0900: 307.682: Application time: 0.4000241 seconds
2019-03-15T15:48:29.544+0900: 307.682: Total time for which application threads were stopped: 0.0001879 seconds, Stopping threads took: 0.0000973 seconds
2019-03-15T15:48:29.547+0900: 307.684: Application time: 0.0026841 seconds
2019-03-15T15:48:29.547+0900: 307.685: Total time for which application threads were stopped: 0.0001051 seconds, Stopping threads took: 0.0000467 seconds
2019-03-15T15:48:30.075+0900: 308.213: Application time: 0.5280186 seconds
2019-03-15T15:48:30.075+0900: 308.213: [GC (Allocation Failure) 2019-03-15T15:48:30.075+0900: 308.213: [ParNew: 223846K->8389K(235968K), 0.0181969 secs] 750708K->540767K(842580K), 0.0187038 secs] [Times: user=0.06 sys=0.00, real=0.02 secs] 
2019-03-15T15:48:30.094+0900: 308.232: Total time for which application threads were stopped: 0.0189663 seconds, Stopping threads took: 0.0000871 seconds
2019-03-15T15:48:30.544+0900: 308.682: Application time: 0.4502688 seconds
2019-03-15T15:48:30.544+0900: 308.682: Total time for which application threads were stopped: 0.0001381 seconds, Stopping threads took: 0.0000734 seconds
2019-03-15T15:48:31.046+0900: 309.183: Application time: 0.5014994 seconds
2019-03-15T15:48:31.046+0900: 309.184: [GC (Allocation Failure) 2019-03-15T15:48:31.046+0900: 309.184: [ParNew: 218181K->6229K(235968K), 0.0158067 secs] 750559K->538608K(842580K), 0.0161118 secs] [Times: user=0.05 sys=0.00, real=0.02 secs] 
2019-03-15T15:48:31.062+0900: 309.200: Total time for which application threads were stopped: 0.0164405 seconds, Stopping threads took: 0.0000793 seconds
2019-03-15T15:48:31.546+0900: 309.683: Application time: 0.4836015 seconds
2019-03-15T15:48:31.546+0900: 309.684: Total time for which application threads were stopped: 0.0001359 seconds, Stopping threads took: 0.0000457 seconds
2019-03-15T15:48:31.988+0900: 310.126: Application time: 0.4420591 seconds
2019-03-15T15:48:31.988+0900: 310.126: [GC (Allocation Failure) 2019-03-15T15:48:31.988+0900: 310.126: [ParNew: 216021K->7975K(235968K), 0.0101302 secs] 748400K->540356K(842580K), 0.0102889 secs] [Times: user=0.06 sys=0.00, real=0.01 secs] 
2019-03-15T15:48:31.998+0900: 310.136: Total time for which application threads were stopped: 0.0105168 seconds, Stopping threads took: 0.0000544 seconds
2019-03-15T15:48:32.546+0900: 310.684: Application time: 0.5474300 seconds
2019-03-15T15:48:32.546+0900: 310.684: Total time for which application threads were stopped: 0.0000846 seconds, Stopping threads took: 0.0000261 seconds
2019-03-15T15:48:32.907+0900: 311.045: Application time: 0.3612454 seconds
2019-03-15T15:48:32.907+0900: 311.045: [GC (Allocation Failure) 2019-03-15T15:48:32.907+0900: 311.045: [ParNew: 217767K->5318K(235968K), 0.0080641 secs] 750148K->540459K(842580K), 0.0081957 secs] [Times: user=0.06 sys=0.00, real=0.01 secs] 
2019-03-15T15:48:32.915+0900: 311.053: Total time for which application threads were stopped: 0.0084016 seconds, Stopping threads took: 0.0000610 seconds
2019-03-15T15:48:33.545+0900: 311.683: Application time: 0.6297592 seconds
2019-03-15T15:48:33.545+0900: 311.683: Total time for which application threads were stopped: 0.0000846 seconds, Stopping threads took: 0.0000435 seconds
2019-03-15T15:48:33.792+0900: 311.930: Application time: 0.2463822 seconds
2019-03-15T15:48:33.792+0900: 311.930: [GC (Allocation Failure) 2019-03-15T15:48:33.792+0900: 311.930: [ParNew: 215110K->2999K(235968K), 0.0051900 secs] 750251K->538142K(842580K), 0.0052982 secs] [Times: user=0.00 sys=0.00, real=0.00 secs] 
2019-03-15T15:48:33.797+0900: 311.935: Total time for which application threads were stopped: 0.0054671 seconds, Stopping threads took: 0.0000364 seconds
2019-03-15T15:48:34.549+0900: 312.687: Application time: 0.7521859 seconds
2019-03-15T15:48:34.549+0900: 312.687: Total time for which application threads were stopped: 0.0000569 seconds, Stopping threads took: 0.0000184 seconds
2019-03-15T15:48:34.702+0900: 312.841: Application time: 0.1531937 seconds
2019-03-15T15:48:34.703+0900: 312.841: [GC (Allocation Failure) 2019-03-15T15:48:34.703+0900: 312.841: [ParNew: 212791K->4211K(235968K), 0.0053573 secs] 747934K->539356K(842580K), 0.0054752 secs] [Times: user=0.06 sys=0.00, real=0.00 secs] 
2019-03-15T15:48:34.708+0900: 312.846: Total time for which application threads were stopped: 0.0056780 seconds, Stopping threads took: 0.0000756 seconds
2019-03-15T15:48:35.546+0900: 313.684: Application time: 0.8379114 seconds
2019-03-15T15:48:35.546+0900: 313.684: Total time for which application threads were stopped: 0.0000759 seconds, Stopping threads took: 0.0000392 seconds
2019-03-15T15:48:35.548+0900: 313.686: Application time: 0.0018132 seconds
2019-03-15T15:48:35.548+0900: 313.686: [GC (Allocation Failure) 2019-03-15T15:48:35.548+0900: 313.686: [ParNew: 214003K->4743K(235968K), 0.0041848 secs] 749148K->539890K(842580K), 0.0042967 secs] [Times: user=0.00 sys=0.00, real=0.00 secs] 
2019-03-15T15:48:35.552+0900: 313.690: Total time for which application threads were stopped: 0.0044140 seconds, Stopping threads took: 0.0000243 seconds
2019-03-15T15:48:36.442+0900: 314.581: Application time: 0.8900518 seconds
2019-03-15T15:48:36.442+0900: 314.581: [GC (Allocation Failure) 2019-03-15T15:48:36.442+0900: 314.581: [ParNew: 214535K->7676K(235968K), 0.0047673 secs] 749682K->542824K(842580K), 0.0048584 secs] [Times: user=0.00 sys=0.00, real=0.01 secs] 
2019-03-15T15:48:36.447+0900: 314.585: Total time for which application threads were stopped: 0.0049633 seconds, Stopping threads took: 0.0000180 seconds
2019-03-15T15:48:36.547+0900: 314.686: Application time: 0.1002319 seconds
2019-03-15T15:48:36.548+0900: 314.686: Total time for which application threads were stopped: 0.0000883 seconds, Stopping threads took: 0.0000330 seconds
2019-03-15T15:48:37.384+0900: 315.522: Application time: 0.8364136 seconds
2019-03-15T15:48:37.384+0900: 315.522: [GC (Allocation Failure) 2019-03-15T15:48:37.384+0900: 315.522: [ParNew: 217468K->7575K(235968K), 0.0077904 secs] 752616K->542725K(842580K), 0.0078775 secs] [Times: user=0.05 sys=0.00, real=0.01 secs] 
2019-03-15T15:48:37.392+0900: 315.530: Total time for which application threads were stopped: 0.0079901 seconds, Stopping threads took: 0.0000190 seconds
2019-03-15T15:48:37.573+0900: 315.711: Application time: 0.1810456 seconds
2019-03-15T15:48:37.573+0900: 315.711: Total time for which application threads were stopped: 0.0001095 seconds, Stopping threads took: 0.0000523 seconds
2019-03-15T15:48:38.359+0900: 316.498: Application time: 0.7864223 seconds
2019-03-15T15:48:38.360+0900: 316.498: [GC (Allocation Failure) 2019-03-15T15:48:38.360+0900: 316.498: [ParNew: 217367K->9410K(235968K), 0.0198882 secs] 752517K->544561K(842580K), 0.0201128 secs] [Times: user=0.05 sys=0.00, real=0.02 secs] 
2019-03-15T15:48:38.380+0900: 316.518: Total time for which application threads were stopped: 0.0204490 seconds, Stopping threads took: 0.0000684 seconds
2019-03-15T15:48:38.551+0900: 316.689: Application time: 0.1705785 seconds
2019-03-15T15:48:38.551+0900: 316.689: Total time for which application threads were stopped: 0.0001253 seconds, Stopping threads took: 0.0000526 seconds
2019-03-15T15:48:39.337+0900: 317.476: Application time: 0.7865334 seconds
2019-03-15T15:48:39.337+0900: 317.476: [GC (Allocation Failure) 2019-03-15T15:48:39.337+0900: 317.476: [ParNew: 219202K->8930K(235968K), 0.0070048 secs] 754353K->546841K(842580K), 0.0070891 secs] [Times: user=0.00 sys=0.00, real=0.01 secs] 
2019-03-15T15:48:39.344+0900: 317.483: Total time for which application threads were stopped: 0.0072219 seconds, Stopping threads took: 0.0000439 seconds
2019-03-15T15:48:39.550+0900: 317.689: Application time: 0.2058606 seconds
2019-03-15T15:48:39.550+0900: 317.689: Total time for which application threads were stopped: 0.0000790 seconds, Stopping threads took: 0.0000367 seconds
2019-03-15T15:48:39.551+0900: 317.690: Application time: 0.0011110 seconds
2019-03-15T15:48:39.551+0900: 317.690: Total time for which application threads were stopped: 0.0000541 seconds, Stopping threads took: 0.0000339 seconds
2019-03-15T15:48:40.293+0900: 318.431: Application time: 0.7412081 seconds
2019-03-15T15:48:40.293+0900: 318.431: [GC (Allocation Failure) 2019-03-15T15:48:40.293+0900: 318.431: [ParNew: 218722K->6642K(235968K), 0.0186923 secs] 756633K->544555K(842580K), 0.0189536 secs] [Times: user=0.06 sys=0.00, real=0.02 secs] 
2019-03-15T15:48:40.312+0900: 318.450: Total time for which application threads were stopped: 0.0194039 seconds, Stopping threads took: 0.0000902 seconds
2019-03-15T15:48:40.554+0900: 318.692: Application time: 0.2415875 seconds
2019-03-15T15:48:40.554+0900: 318.692: Total time for which application threads were stopped: 0.0001975 seconds, Stopping threads took: 0.0000855 seconds
2019-03-15T15:48:41.284+0900: 319.422: Application time: 0.7300396 seconds
2019-03-15T15:48:41.284+0900: 319.423: [GC (Allocation Failure) 2019-03-15T15:48:41.284+0900: 319.423: [ParNew: 216434K->6696K(235968K), 0.0175120 secs] 754347K->544610K(842580K), 0.0177776 secs] [Times: user=0.06 sys=0.00, real=0.02 secs] 
2019-03-15T15:48:41.302+0900: 319.440: Total time for which application threads were stopped: 0.0181683 seconds, Stopping threads took: 0.0000877 seconds
2019-03-15T15:48:41.553+0900: 319.691: Application time: 0.2506118 seconds
2019-03-15T15:48:41.553+0900: 319.691: Total time for which application threads were stopped: 0.0001154 seconds, Stopping threads took: 0.0000448 seconds
2019-03-15T15:48:42.249+0900: 320.387: Application time: 0.6959951 seconds
2019-03-15T15:48:42.249+0900: 320.387: [GC (Allocation Failure) 2019-03-15T15:48:42.249+0900: 320.388: [ParNew: 216488K->6869K(235968K), 0.0191498 secs] 754402K->547541K(842580K), 0.0193088 secs] [Times: user=0.06 sys=0.00, real=0.02 secs] 
2019-03-15T15:48:42.268+0900: 320.407: Total time for which application threads were stopped: 0.0195423 seconds, Stopping threads took: 0.0000694 seconds
2019-03-15T15:48:42.553+0900: 320.692: Application time: 0.2847599 seconds
2019-03-15T15:48:42.553+0900: 320.692: Total time for which application threads were stopped: 0.0000840 seconds, Stopping threads took: 0.0000351 seconds
2019-03-15T15:48:43.151+0900: 321.289: Application time: 0.5977251 seconds
2019-03-15T15:48:43.151+0900: 321.290: [GC (Allocation Failure) 2019-03-15T15:48:43.151+0900: 321.290: [ParNew: 216661K->6612K(235968K), 0.0142954 secs] 757333K->547286K(842580K), 0.0145100 secs] [Times: user=0.06 sys=0.00, real=0.01 secs] 
2019-03-15T15:48:43.166+0900: 321.304: Total time for which application threads were stopped: 0.0148634 seconds, Stopping threads took: 0.0000445 seconds
2019-03-15T15:48:43.555+0900: 321.694: Application time: 0.3895607 seconds
2019-03-15T15:48:43.555+0900: 321.694: Total time for which application threads were stopped: 0.0001708 seconds, Stopping threads took: 0.0000435 seconds
2019-03-15T15:48:44.163+0900: 322.302: Application time: 0.6080559 seconds
2019-03-15T15:48:44.164+0900: 322.302: [GC (Allocation Failure) 2019-03-15T15:48:44.164+0900: 322.302: [ParNew: 216404K->8657K(235968K), 0.0193514 secs] 757078K->549333K(842580K), 0.0196052 secs] [Times: user=0.06 sys=0.00, real=0.02 secs] 
2019-03-15T15:48:44.183+0900: 322.322: Total time for which application threads were stopped: 0.0199921 seconds, Stopping threads took: 0.0000818 seconds
2019-03-15T15:48:44.555+0900: 322.694: Application time: 0.3714600 seconds
2019-03-15T15:48:44.555+0900: 322.694: Total time for which application threads were stopped: 0.0001263 seconds, Stopping threads took: 0.0000554 seconds
2019-03-15T15:48:45.166+0900: 323.304: Application time: 0.6107295 seconds
2019-03-15T15:48:45.166+0900: 323.305: [GC (Allocation Failure) 2019-03-15T15:48:45.166+0900: 323.305: [ParNew: 218449K->6889K(235968K), 0.0085820 secs] 759125K->547567K(842580K), 0.0087571 secs] [Times: user=0.06 sys=0.00, real=0.01 secs] 
2019-03-15T15:48:45.175+0900: 323.313: Total time for which application threads were stopped: 0.0089627 seconds, Stopping threads took: 0.0000491 seconds
2019-03-15T15:48:45.556+0900: 323.695: Application time: 0.3812248 seconds
2019-03-15T15:48:45.556+0900: 323.695: Total time for which application threads were stopped: 0.0001340 seconds, Stopping threads took: 0.0000638 seconds
2019-03-15T15:48:46.116+0900: 324.255: Application time: 0.5603507 seconds
2019-03-15T15:48:46.117+0900: 324.255: [GC (Allocation Failure) 2019-03-15T15:48:46.117+0900: 324.255: [ParNew: 216681K->5045K(235968K), 0.0125189 secs] 757359K->548482K(842580K), 0.0126725 secs] [Times: user=0.06 sys=0.00, real=0.01 secs] 
2019-03-15T15:48:46.129+0900: 324.268: Total time for which application threads were stopped: 0.0129332 seconds, Stopping threads took: 0.0000588 seconds
2019-03-15T15:48:46.559+0900: 324.697: Application time: 0.4285555 seconds
2019-03-15T15:48:46.559+0900: 324.697: Total time for which application threads were stopped: 0.0001916 seconds, Stopping threads took: 0.0000827 seconds
2019-03-15T15:48:47.106+0900: 325.244: Application time: 0.5468658 seconds
2019-03-15T15:48:47.106+0900: 325.244: [GC (Allocation Failure) 2019-03-15T15:48:47.106+0900: 325.244: [ParNew: 214837K->5843K(235968K), 0.0177157 secs] 758274K->549282K(842580K), 0.0179732 secs] [Times: user=0.13 sys=0.00, real=0.02 secs] 
2019-03-15T15:48:47.124+0900: 325.262: Total time for which application threads were stopped: 0.0183667 seconds, Stopping threads took: 0.0000877 seconds
2019-03-15T15:48:47.559+0900: 325.696: Application time: 0.4344556 seconds
2019-03-15T15:48:47.559+0900: 325.697: Total time for which application threads were stopped: 0.0001403 seconds, Stopping threads took: 0.0000603 seconds
2019-03-15T15:48:48.067+0900: 326.205: Application time: 0.5079301 seconds
2019-03-15T15:48:48.067+0900: 326.205: [GC (Allocation Failure) 2019-03-15T15:48:48.067+0900: 326.205: [ParNew: 215635K->3739K(235968K), 0.0101592 secs] 759074K->547181K(842580K), 0.0103654 secs] [Times: user=0.06 sys=0.00, real=0.01 secs] 
2019-03-15T15:48:48.077+0900: 326.215: Total time for which application threads were stopped: 0.0106873 seconds, Stopping threads took: 0.0000743 seconds
2019-03-15T15:48:48.558+0900: 326.696: Application time: 0.4807905 seconds
2019-03-15T15:48:48.558+0900: 326.696: Total time for which application threads were stopped: 0.0000930 seconds, Stopping threads took: 0.0000488 seconds
2019-03-15T15:48:48.930+0900: 327.068: Application time: 0.3717881 seconds
2019-03-15T15:48:48.930+0900: 327.068: [GC (Allocation Failure) 2019-03-15T15:48:48.930+0900: 327.068: [ParNew: 213531K->3808K(235968K), 0.0139835 secs] 756973K->547251K(842580K), 0.0142348 secs] [Times: user=0.06 sys=0.00, real=0.01 secs] 
2019-03-15T15:48:48.945+0900: 327.083: Total time for which application threads were stopped: 0.0146413 seconds, Stopping threads took: 0.0000883 seconds
2019-03-15T15:48:49.560+0900: 327.697: Application time: 0.6148520 seconds
2019-03-15T15:48:49.560+0900: 327.698: Total time for which application threads were stopped: 0.0001225 seconds, Stopping threads took: 0.0000613 seconds
2019-03-15T15:48:49.561+0900: 327.699: Application time: 0.0016979 seconds
2019-03-15T15:48:49.561+0900: 327.699: Total time for which application threads were stopped: 0.0000802 seconds, Stopping threads took: 0.0000411 seconds
2019-03-15T15:48:49.852+0900: 327.989: Application time: 0.2900793 seconds
2019-03-15T15:48:49.852+0900: 327.990: [GC (Allocation Failure) 2019-03-15T15:48:49.852+0900: 327.990: [ParNew: 213600K->7170K(235968K), 0.0122847 secs] 757043K->550615K(842580K), 0.0124707 secs] [Times: user=0.00 sys=0.00, real=0.01 secs] 
2019-03-15T15:48:49.864+0900: 328.002: Total time for which application threads were stopped: 0.0127288 seconds, Stopping threads took: 0.0000588 seconds
2019-03-15T15:48:50.560+0900: 328.698: Application time: 0.6956909 seconds
2019-03-15T15:48:50.560+0900: 328.698: Total time for which application threads were stopped: 0.0001201 seconds, Stopping threads took: 0.0000575 seconds
2019-03-15T15:48:50.770+0900: 328.908: Application time: 0.2102768 seconds
2019-03-15T15:48:50.770+0900: 328.908: [GC (Allocation Failure) 2019-03-15T15:48:50.770+0900: 328.908: [ParNew: 216962K->10131K(235968K), 0.0067292 secs] 760407K->553578K(842580K), 0.0068443 secs] [Times: user=0.06 sys=0.00, real=0.01 secs] 
2019-03-15T15:48:50.777+0900: 328.915: Total time for which application threads were stopped: 0.0069989 seconds, Stopping threads took: 0.0000386 seconds
2019-03-15T15:48:51.573+0900: 329.711: Application time: 0.7955520 seconds
2019-03-15T15:48:51.573+0900: 329.711: Total time for which application threads were stopped: 0.0000572 seconds, Stopping threads took: 0.0000177 seconds
2019-03-15T15:48:51.679+0900: 329.817: Application time: 0.1060119 seconds
2019-03-15T15:48:51.679+0900: 329.817: [GC (Allocation Failure) 2019-03-15T15:48:51.679+0900: 329.817: [ParNew: 219923K->6416K(235968K), 0.0047032 secs] 763370K->549865K(842580K), 0.0048130 secs] [Times: user=0.00 sys=0.00, real=0.01 secs] 
2019-03-15T15:48:51.684+0900: 329.822: Total time for which application threads were stopped: 0.0049356 seconds, Stopping threads took: 0.0000205 seconds
2019-03-15T15:48:52.563+0900: 330.701: Application time: 0.8791008 seconds
2019-03-15T15:48:52.563+0900: 330.701: Total time for which application threads were stopped: 0.0002308 seconds, Stopping threads took: 0.0000967 seconds
2019-03-15T15:48:52.614+0900: 330.752: Application time: 0.0504522 seconds
2019-03-15T15:48:52.614+0900: 330.752: [GC (Allocation Failure) 2019-03-15T15:48:52.614+0900: 330.752: [ParNew: 216208K->5788K(235968K), 0.0106792 secs] 759657K->551995K(842580K), 0.0107772 secs] [Times: user=0.00 sys=0.00, real=0.01 secs] 
2019-03-15T15:48:52.625+0900: 330.763: Total time for which application threads were stopped: 0.0109436 seconds, Stopping threads took: 0.0000255 seconds
2019-03-15T15:48:53.561+0900: 331.700: Application time: 0.9368918 seconds
2019-03-15T15:48:53.562+0900: 331.700: [GC (Allocation Failure) 2019-03-15T15:48:53.562+0900: 331.700: [ParNew: 215580K->5037K(235968K), 0.0086884 secs] 761787K->551247K(842580K), 0.0088495 secs] [Times: user=0.06 sys=0.00, real=0.01 secs] 
2019-03-15T15:48:53.571+0900: 331.709: Total time for which application threads were stopped: 0.0091275 seconds, Stopping threads took: 0.0000955 seconds
2019-03-15T15:48:53.571+0900: 331.709: Application time: 0.0005384 seconds
2019-03-15T15:48:53.571+0900: 331.709: Total time for which application threads were stopped: 0.0001204 seconds, Stopping threads took: 0.0000498 seconds
2019-03-15T15:48:54.497+0900: 332.635: Application time: 0.9254198 seconds
2019-03-15T15:48:54.497+0900: 332.635: [GC (Allocation Failure) 2019-03-15T15:48:54.497+0900: 332.635: [ParNew: 214829K->7204K(235968K), 0.0093166 secs] 761039K->553416K(842580K), 0.0094650 secs] [Times: user=0.06 sys=0.00, real=0.01 secs] 
2019-03-15T15:48:54.506+0900: 332.644: Total time for which application threads were stopped: 0.0096889 seconds, Stopping threads took: 0.0000467 seconds
2019-03-15T15:48:54.561+0900: 332.699: Application time: 0.0547315 seconds
2019-03-15T15:48:54.561+0900: 332.699: Total time for which application threads were stopped: 0.0000743 seconds, Stopping threads took: 0.0000339 seconds
2019-03-15T15:48:55.431+0900: 333.569: Application time: 0.8699042 seconds
2019-03-15T15:48:55.431+0900: 333.569: [GC (Allocation Failure) 2019-03-15T15:48:55.431+0900: 333.569: [ParNew: 216996K->6669K(235968K), 0.0081036 secs] 763208K->555639K(842580K), 0.0082162 secs] [Times: user=0.05 sys=0.00, real=0.01 secs] 
2019-03-15T15:48:55.439+0900: 333.578: Total time for which application threads were stopped: 0.0083518 seconds, Stopping threads took: 0.0000457 seconds
2019-03-15T15:48:55.561+0900: 333.700: Application time: 0.1220210 seconds
2019-03-15T15:48:55.561+0900: 333.700: Total time for which application threads were stopped: 0.0000868 seconds, Stopping threads took: 0.0000404 seconds
2019-03-15T15:48:56.327+0900: 334.465: Application time: 0.7654997 seconds
2019-03-15T15:48:56.327+0900: 334.465: [GC (Allocation Failure) 2019-03-15T15:48:56.327+0900: 334.465: [ParNew: 216461K->3226K(235968K), 0.0077671 secs] 765431K->552199K(842580K), 0.0079537 secs] [Times: user=0.00 sys=0.00, real=0.01 secs] 
2019-03-15T15:48:56.335+0900: 334.473: Total time for which application threads were stopped: 0.0081826 seconds, Stopping threads took: 0.0000554 seconds
2019-03-15T15:48:56.562+0900: 334.701: Application time: 0.2272237 seconds
2019-03-15T15:48:56.562+0900: 334.701: Total time for which application threads were stopped: 0.0001723 seconds, Stopping threads took: 0.0000899 seconds
2019-03-15T15:48:57.300+0900: 335.438: Application time: 0.7371894 seconds
2019-03-15T15:48:57.300+0900: 335.438: [GC (Allocation Failure) 2019-03-15T15:48:57.300+0900: 335.438: [ParNew: 213018K->7777K(235968K), 0.0141300 secs] 761991K->556752K(842580K), 0.0142681 secs] [Times: user=0.06 sys=0.00, real=0.01 secs] 
2019-03-15T15:48:57.314+0900: 335.452: Total time for which application threads were stopped: 0.0144429 seconds, Stopping threads took: 0.0000323 seconds
2019-03-15T15:48:57.562+0900: 335.701: Application time: 0.2482440 seconds
2019-03-15T15:48:57.562+0900: 335.701: Total time for which application threads were stopped: 0.0000946 seconds, Stopping threads took: 0.0000426 seconds
2019-03-15T15:48:58.267+0900: 336.405: Application time: 0.7045711 seconds
2019-03-15T15:48:58.267+0900: 336.406: [GC (Allocation Failure) 2019-03-15T15:48:58.267+0900: 336.406: [ParNew: 217569K->5108K(235968K), 0.0142366 secs] 766544K->554084K(842580K), 0.0144926 secs] [Times: user=0.06 sys=0.00, real=0.02 secs] 
2019-03-15T15:48:58.282+0900: 336.420: Total time for which application threads were stopped: 0.0148857 seconds, Stopping threads took: 0.0000868 seconds
2019-03-15T15:48:58.565+0900: 336.703: Application time: 0.2828848 seconds
2019-03-15T15:48:58.565+0900: 336.703: Total time for which application threads were stopped: 0.0002034 seconds, Stopping threads took: 0.0000837 seconds
2019-03-15T15:48:59.270+0900: 337.408: Application time: 0.7048181 seconds
2019-03-15T15:48:59.270+0900: 337.408: [GC (Allocation Failure) 2019-03-15T15:48:59.270+0900: 337.408: [ParNew: 214900K->2952K(235968K), 0.0083649 secs] 763876K->551928K(842580K), 0.0085328 secs] [Times: user=0.06 sys=0.00, real=0.01 secs] 
2019-03-15T15:48:59.279+0900: 337.417: Total time for which application threads were stopped: 0.0088041 seconds, Stopping threads took: 0.0000631 seconds
2019-03-15T15:48:59.563+0900: 337.701: Application time: 0.2843012 seconds
2019-03-15T15:48:59.563+0900: 337.701: Total time for which application threads were stopped: 0.0000700 seconds, Stopping threads took: 0.0000305 seconds
2019-03-15T15:48:59.564+0900: 337.702: Application time: 0.0007723 seconds
2019-03-15T15:48:59.564+0900: 337.702: Total time for which application threads were stopped: 0.0000563 seconds, Stopping threads took: 0.0000373 seconds
2019-03-15T15:49:00.224+0900: 338.363: Application time: 0.6606308 seconds
2019-03-15T15:49:00.224+0900: 338.363: [GC (Allocation Failure) 2019-03-15T15:49:00.225+0900: 338.363: [ParNew: 212744K->7950K(235968K), 0.0137592 secs] 761720K->556928K(842580K), 0.0139188 secs] [Times: user=0.06 sys=0.00, real=0.01 secs] 
2019-03-15T15:49:00.238+0900: 338.377: Total time for which application threads were stopped: 0.0141530 seconds, Stopping threads took: 0.0000638 seconds
2019-03-15T15:49:00.563+0900: 338.702: Application time: 0.3249814 seconds
2019-03-15T15:49:00.564+0900: 338.702: Total time for which application threads were stopped: 0.0000902 seconds, Stopping threads took: 0.0000274 seconds
2019-03-15T15:49:01.159+0900: 339.298: Application time: 0.5955280 seconds
2019-03-15T15:49:01.159+0900: 339.298: [GC (Allocation Failure) 2019-03-15T15:49:01.159+0900: 339.298: [ParNew: 217742K->9940K(235968K), 0.0128775 secs] 766720K->558920K(842580K), 0.0130601 secs] [Times: user=0.06 sys=0.00, real=0.01 secs] 
2019-03-15T15:49:01.172+0900: 339.311: Total time for which application threads were stopped: 0.0133338 seconds, Stopping threads took: 0.0000613 seconds
2019-03-15T15:49:01.566+0900: 339.704: Application time: 0.3935856 seconds
2019-03-15T15:49:01.566+0900: 339.705: Total time for which application threads were stopped: 0.0001903 seconds, Stopping threads took: 0.0000768 seconds
2019-03-15T15:49:02.129+0900: 340.268: Application time: 0.5631377 seconds
2019-03-15T15:49:02.129+0900: 340.268: [GC (Allocation Failure) 2019-03-15T15:49:02.129+0900: 340.268: [ParNew: 219732K->4515K(235968K), 0.0160054 secs] 768712K->556254K(842580K), 0.0161861 secs] [Times: user=0.06 sys=0.00, real=0.02 secs] 
2019-03-15T15:49:02.146+0900: 340.284: Total time for which application threads were stopped: 0.0164608 seconds, Stopping threads took: 0.0000647 seconds
2019-03-15T15:49:02.566+0900: 340.704: Application time: 0.4198740 seconds
2019-03-15T15:49:02.566+0900: 340.704: Total time for which application threads were stopped: 0.0001421 seconds, Stopping threads took: 0.0000616 seconds
2019-03-15T15:49:03.058+0900: 341.197: Application time: 0.4922009 seconds
2019-03-15T15:49:03.058+0900: 341.197: [GC (Allocation Failure) 2019-03-15T15:49:03.058+0900: 341.197: [ParNew: 214307K->11577K(235968K), 0.0164670 secs] 766046K->563318K(842580K), 0.0166271 secs] [Times: user=0.06 sys=0.00, real=0.02 secs] 
2019-03-15T15:49:03.075+0900: 341.213: Total time for which application threads were stopped: 0.0168582 seconds, Stopping threads took: 0.0000547 seconds
2019-03-15T15:49:03.566+0900: 341.704: Application time: 0.4908952 seconds
2019-03-15T15:49:03.566+0900: 341.704: Total time for which application threads were stopped: 0.0001070 seconds, Stopping threads took: 0.0000476 seconds
2019-03-15T15:49:03.985+0900: 342.123: Application time: 0.4185052 seconds
2019-03-15T15:49:03.985+0900: 342.123: [GC (Allocation Failure) 2019-03-15T15:49:03.985+0900: 342.123: [ParNew: 221369K->16069K(235968K), 0.0178193 secs] 773110K->567811K(842580K), 0.0179891 secs] [Times: user=0.08 sys=0.00, real=0.02 secs] 
2019-03-15T15:49:04.004+0900: 342.141: Total time for which application threads were stopped: 0.0182606 seconds, Stopping threads took: 0.0000634 seconds
2019-03-15T15:49:04.569+0900: 342.706: Application time: 0.5652913 seconds
2019-03-15T15:49:04.569+0900: 342.707: Total time for which application threads were stopped: 0.0001981 seconds, Stopping threads took: 0.0000855 seconds
2019-03-15T15:49:05.052+0900: 343.189: Application time: 0.4826137 seconds
2019-03-15T15:49:05.052+0900: 343.189: [GC (Allocation Failure) 2019-03-15T15:49:05.052+0900: 343.190: [ParNew: 225861K->10650K(235968K), 0.0145713 secs] 777603K->562395K(842580K), 0.0147517 secs] [Times: user=0.06 sys=0.00, real=0.01 secs] 
2019-03-15T15:49:05.067+0900: 343.204: Total time for which application threads were stopped: 0.0150248 seconds, Stopping threads took: 0.0000644 seconds
2019-03-15T15:49:05.569+0900: 343.707: Application time: 0.5023554 seconds
2019-03-15T15:49:05.569+0900: 343.707: Total time for which application threads were stopped: 0.0001676 seconds, Stopping threads took: 0.0000703 seconds
2019-03-15T15:49:06.061+0900: 344.199: Application time: 0.4921128 seconds
2019-03-15T15:49:06.061+0900: 344.199: [GC (Allocation Failure) 2019-03-15T15:49:06.061+0900: 344.199: [ParNew: 220442K->12352K(235968K), 0.0244347 secs] 772187K->566856K(842580K), 0.0245967 secs] [Times: user=0.06 sys=0.00, real=0.02 secs] 
2019-03-15T15:49:06.086+0900: 344.224: Total time for which application threads were stopped: 0.0248683 seconds, Stopping threads took: 0.0000638 seconds
2019-03-15T15:49:06.569+0900: 344.707: Application time: 0.4833943 seconds
2019-03-15T15:49:06.570+0900: 344.707: Total time for which application threads were stopped: 0.0001658 seconds, Stopping threads took: 0.0000700 seconds
2019-03-15T15:49:07.021+0900: 345.159: Application time: 0.4512193 seconds
2019-03-15T15:49:07.021+0900: 345.159: [GC (Allocation Failure) 2019-03-15T15:49:07.021+0900: 345.159: [ParNew: 222144K->17629K(235968K), 0.0168302 secs] 776648K->572135K(842580K), 0.0169690 secs] [Times: user=0.06 sys=0.00, real=0.02 secs] 
2019-03-15T15:49:07.038+0900: 345.176: Total time for which application threads were stopped: 0.0171836 seconds, Stopping threads took: 0.0000569 seconds
2019-03-15T15:49:07.569+0900: 345.707: Application time: 0.5308594 seconds
2019-03-15T15:49:07.569+0900: 345.707: Total time for which application threads were stopped: 0.0001530 seconds, Stopping threads took: 0.0000796 seconds
2019-03-15T15:49:07.936+0900: 346.074: Application time: 0.3671483 seconds
2019-03-15T15:49:07.936+0900: 346.074: [GC (Allocation Failure) 2019-03-15T15:49:07.936+0900: 346.074: [ParNew: 227421K->18087K(235968K), 0.0090414 secs] 781927K->572595K(842580K), 0.0091396 secs] [Times: user=0.00 sys=0.00, real=0.01 secs] 
2019-03-15T15:49:07.945+0900: 346.083: Total time for which application threads were stopped: 0.0093119 seconds, Stopping threads took: 0.0000361 seconds
2019-03-15T15:49:08.571+0900: 346.709: Application time: 0.6254911 seconds
2019-03-15T15:49:08.571+0900: 346.709: Total time for which application threads were stopped: 0.0001596 seconds, Stopping threads took: 0.0000690 seconds
2019-03-15T15:49:08.905+0900: 347.043: Application time: 0.3336931 seconds
2019-03-15T15:49:08.905+0900: 347.043: [GC (Allocation Failure) 2019-03-15T15:49:08.905+0900: 347.043: [ParNew: 227879K->11623K(235968K), 0.0160110 secs] 782387K->571648K(842580K), 0.0161827 secs] [Times: user=0.05 sys=0.00, real=0.02 secs] 
2019-03-15T15:49:08.921+0900: 347.059: Total time for which application threads were stopped: 0.0164169 seconds, Stopping threads took: 0.0000516 seconds
2019-03-15T15:49:08.921+0900: 347.059: Application time: 0.0000401 seconds
2019-03-15T15:49:08.921+0900: 347.059: [GC (CMS Initial Mark) [1 CMS-initial-mark: 560024K(606612K)] 575827K(842580K), 0.0016655 secs] [Times: user=0.00 sys=0.00, real=0.00 secs] 
2019-03-15T15:49:08.923+0900: 347.061: Total time for which application threads were stopped: 0.0017682 seconds, Stopping threads took: 0.0000364 seconds
2019-03-15T15:49:08.923+0900: 347.061: [CMS-concurrent-mark-start]
2019-03-15T15:49:09.115+0900: 347.253: [CMS-concurrent-mark: 0.192/0.192 secs] [Times: user=0.20 sys=0.00, real=0.19 secs] 
2019-03-15T15:49:09.115+0900: 347.253: [CMS-concurrent-preclean-start]
2019-03-15T15:49:09.115+0900: 347.253: [CMS-concurrent-preclean: 0.001/0.001 secs] [Times: user=0.00 sys=0.00, real=0.00 secs] 
2019-03-15T15:49:09.115+0900: 347.253: [CMS-concurrent-abortable-preclean-start]
2019-03-15T15:49:09.571+0900: 347.709: Application time: 0.6480805 seconds
2019-03-15T15:49:09.571+0900: 347.709: Total time for which application threads were stopped: 0.0001266 seconds, Stopping threads took: 0.0000563 seconds
2019-03-15T15:49:09.573+0900: 347.711: Application time: 0.0021837 seconds
2019-03-15T15:49:09.574+0900: 347.711: Total time for which application threads were stopped: 0.0001515 seconds, Stopping threads took: 0.0000868 seconds
2019-03-15T15:49:09.759+0900: 347.897: Application time: 0.1853849 seconds
2019-03-15T15:49:09.759+0900: 347.897: [GC (Allocation Failure) 2019-03-15T15:49:09.759+0900: 347.897: [ParNew: 221415K->8751K(235968K), 0.0106176 secs] 781440K->568778K(842580K), 0.0107526 secs] [Times: user=0.00 sys=0.00, real=0.01 secs] 
2019-03-15T15:49:09.770+0900: 347.908: Total time for which application threads were stopped: 0.0109386 seconds, Stopping threads took: 0.0000351 seconds
2019-03-15T15:49:10.456+0900: 348.594: [CMS-concurrent-abortable-preclean: 0.579/1.340 secs] [Times: user=0.75 sys=0.00, real=1.34 secs] 
2019-03-15T15:49:10.456+0900: 348.594: Application time: 0.6859056 seconds
2019-03-15T15:49:10.456+0900: 348.594: [GC (CMS Final Remark) [YG occupancy: 174012 K (235968 K)]2019-03-15T15:49:10.456+0900: 348.594: [Rescan (parallel) , 0.0499321 secs]2019-03-15T15:49:10.506+0900: 348.644: [weak refs processing, 0.0000274 secs]2019-03-15T15:49:10.506+0900: 348.644: [class unloading, 0.0016123 secs]2019-03-15T15:49:10.507+0900: 348.645: [scrub symbol table, 0.0008195 secs]2019-03-15T15:49:10.508+0900: 348.646: [scrub string table, 0.0002152 secs][1 CMS-remark: 560026K(606612K)] 734039K(842580K), 0.0527652 secs] [Times: user=0.22 sys=0.00, real=0.05 secs] 
2019-03-15T15:49:10.509+0900: 348.647: Total time for which application threads were stopped: 0.0528632 seconds, Stopping threads took: 0.0000460 seconds
2019-03-15T15:49:10.509+0900: 348.647: [CMS-concurrent-sweep-start]
2019-03-15T15:49:10.509+0900: 348.647: Application time: 0.0000656 seconds
2019-03-15T15:49:10.509+0900: 348.647: Total time for which application threads were stopped: 0.0000460 seconds, Stopping threads took: 0.0000283 seconds
2019-03-15T15:49:10.571+0900: 348.709: Application time: 0.0622837 seconds
2019-03-15T15:49:10.571+0900: 348.709: Total time for which application threads were stopped: 0.0001981 seconds, Stopping threads took: 0.0001477 seconds
2019-03-15T15:49:10.674+0900: 348.812: Application time: 0.1032961 seconds
2019-03-15T15:49:10.675+0900: 348.813: [GC (Allocation Failure) 2019-03-15T15:49:10.675+0900: 348.813: [ParNew: 218543K->12245K(235968K), 0.0054065 secs] 634602K->428306K(842580K), 0.0055219 secs] [Times: user=0.06 sys=0.00, real=0.01 secs] 
2019-03-15T15:49:10.680+0900: 348.818: Total time for which application threads were stopped: 0.0057035 seconds, Stopping threads took: 0.0000557 seconds
2019-03-15T15:49:10.826+0900: 348.964: [CMS-concurrent-sweep: 0.311/0.317 secs] [Times: user=0.39 sys=0.00, real=0.32 secs] 
2019-03-15T15:49:10.826+0900: 348.964: [CMS-concurrent-reset-start]
2019-03-15T15:49:10.827+0900: 348.965: [CMS-concurrent-reset: 0.001/0.001 secs] [Times: user=0.00 sys=0.00, real=0.00 secs] 
2019-03-15T15:49:11.574+0900: 349.712: Application time: 0.8934345 seconds
2019-03-15T15:49:11.574+0900: 349.712: Total time for which application threads were stopped: 0.0002127 seconds, Stopping threads took: 0.0000445 seconds
2019-03-15T15:49:11.658+0900: 349.796: Application time: 0.0843562 seconds
2019-03-15T15:49:11.658+0900: 349.796: [GC (Allocation Failure) 2019-03-15T15:49:11.658+0900: 349.796: [ParNew: 222037K->7188K(235968K), 0.0189094 secs] 514204K->304873K(842580K), 0.0190774 secs] [Times: user=0.08 sys=0.00, real=0.02 secs] 
2019-03-15T15:49:11.678+0900: 349.816: Total time for which application threads were stopped: 0.0193520 seconds, Stopping threads took: 0.0000644 seconds
2019-03-15T15:49:12.574+0900: 350.712: Application time: 0.8962520 seconds
2019-03-15T15:49:12.574+0900: 350.712: Total time for which application threads were stopped: 0.0001997 seconds, Stopping threads took: 0.0000855 seconds
2019-03-15T15:49:12.627+0900: 350.765: Application time: 0.0527904 seconds
2019-03-15T15:49:12.627+0900: 350.765: [GC (Allocation Failure) 2019-03-15T15:49:12.627+0900: 350.765: [ParNew: 216980K->4900K(235968K), 0.0101620 secs] 514665K->302586K(842580K), 0.0103747 secs] [Times: user=0.05 sys=0.00, real=0.01 secs] 
2019-03-15T15:49:12.637+0900: 350.776: Total time for which application threads were stopped: 0.0106988 seconds, Stopping threads took: 0.0000862 seconds
2019-03-15T15:49:13.573+0900: 351.712: Application time: 0.9360122 seconds
2019-03-15T15:49:13.574+0900: 351.712: Total time for which application threads were stopped: 0.0002031 seconds, Stopping threads took: 0.0000961 seconds
2019-03-15T15:49:13.612+0900: 351.750: Application time: 0.0385659 seconds
2019-03-15T15:49:13.612+0900: 351.751: [GC (Allocation Failure) 2019-03-15T15:49:13.612+0900: 351.751: [ParNew: 214692K->4344K(235968K), 0.0095035 secs] 512378K->302032K(842580K), 0.0096665 secs] [Times: user=0.00 sys=0.00, real=0.01 secs] 
2019-03-15T15:49:13.622+0900: 351.760: Total time for which application threads were stopped: 0.0099331 seconds, Stopping threads took: 0.0000628 seconds
2019-03-15T15:49:14.573+0900: 352.712: Application time: 0.9514127 seconds
2019-03-15T15:49:14.574+0900: 352.712: Total time for which application threads were stopped: 0.0001521 seconds, Stopping threads took: 0.0000659 seconds
2019-03-15T15:49:14.580+0900: 352.718: Application time: 0.0062714 seconds
2019-03-15T15:49:14.580+0900: 352.718: [GC (Allocation Failure) 2019-03-15T15:49:14.580+0900: 352.718: [ParNew: 214136K->8398K(235968K), 0.0130013 secs] 511824K->306088K(842580K), 0.0131835 secs] [Times: user=0.06 sys=0.00, real=0.01 secs] 
2019-03-15T15:49:14.593+0900: 352.732: Total time for which application threads were stopped: 0.0134569 seconds, Stopping threads took: 0.0000644 seconds
2019-03-15T15:49:15.572+0900: 353.711: Application time: 0.9789050 seconds
2019-03-15T15:49:15.572+0900: 353.711: [GC (Allocation Failure) 2019-03-15T15:49:15.572+0900: 353.711: [ParNew: 218190K->9095K(235968K), 0.0132638 secs] 515880K->306786K(842580K), 0.0134367 secs] [Times: user=0.06 sys=0.00, real=0.01 secs] 
2019-03-15T15:49:15.586+0900: 353.724: Total time for which application threads were stopped: 0.0137079 seconds, Stopping threads took: 0.0000594 seconds
2019-03-15T15:49:15.589+0900: 353.728: Application time: 0.0033049 seconds
2019-03-15T15:49:15.589+0900: 353.728: Total time for which application threads were stopped: 0.0001493 seconds, Stopping threads took: 0.0000622 seconds
2019-03-15T15:49:16.541+0900: 354.679: Application time: 0.9517234 seconds
2019-03-15T15:49:16.541+0900: 354.680: [GC (Allocation Failure) 2019-03-15T15:49:16.541+0900: 354.680: [ParNew: 218887K->11513K(235968K), 0.0185209 secs] 516578K->309207K(842580K), 0.0186995 secs] [Times: user=0.13 sys=0.00, real=0.02 secs] 
2019-03-15T15:49:16.560+0900: 354.698: Total time for which application threads were stopped: 0.0189567 seconds, Stopping threads took: 0.0000734 seconds
2019-03-15T15:49:16.575+0900: 354.713: Application time: 0.0145806 seconds
2019-03-15T15:49:16.575+0900: 354.713: Total time for which application threads were stopped: 0.0000989 seconds, Stopping threads took: 0.0000386 seconds
2019-03-15T15:49:17.569+0900: 355.708: Application time: 0.9946399 seconds
2019-03-15T15:49:17.570+0900: 355.708: [GC (Allocation Failure) 2019-03-15T15:49:17.570+0900: 355.708: [ParNew: 221305K->16279K(235968K), 0.0193825 secs] 518999K->313975K(842580K), 0.0195688 secs] [Times: user=0.13 sys=0.00, real=0.02 secs] 
2019-03-15T15:49:17.589+0900: 355.728: Total time for which application threads were stopped: 0.0198506 seconds, Stopping threads took: 0.0000737 seconds
2019-03-15T15:49:17.592+0900: 355.731: Application time: 0.0030035 seconds
2019-03-15T15:49:17.592+0900: 355.731: Total time for which application threads were stopped: 0.0001204 seconds, Stopping threads took: 0.0000566 seconds
2019-03-15T15:49:18.498+0900: 356.637: Application time: 0.9061960 seconds
2019-03-15T15:49:18.499+0900: 356.637: [GC (Allocation Failure) 2019-03-15T15:49:18.499+0900: 356.637: [ParNew: 226071K->9626K(235968K), 0.0111551 secs] 523767K->310081K(842580K), 0.0112701 secs] [Times: user=0.06 sys=0.00, real=0.01 secs] 
2019-03-15T15:49:18.510+0900: 356.648: Total time for which application threads were stopped: 0.0114263 seconds, Stopping threads took: 0.0000317 seconds
2019-03-15T15:49:18.591+0900: 356.730: Application time: 0.0815051 seconds
2019-03-15T15:49:18.592+0900: 356.730: Total time for which application threads were stopped: 0.0000914 seconds, Stopping threads took: 0.0000411 seconds
2019-03-15T15:49:19.439+0900: 357.578: Application time: 0.8479898 seconds
2019-03-15T15:49:19.440+0900: 357.578: [GC (Allocation Failure) 2019-03-15T15:49:19.440+0900: 357.578: [ParNew: 219418K->13049K(235968K), 0.0143816 secs] 519873K->313507K(842580K), 0.0145169 secs] [Times: user=0.06 sys=0.00, real=0.01 secs] 
2019-03-15T15:49:19.454+0900: 357.593: Total time for which application threads were stopped: 0.0147187 seconds, Stopping threads took: 0.0000463 seconds
2019-03-15T15:49:19.593+0900: 357.731: Application time: 0.1386504 seconds
2019-03-15T15:49:19.593+0900: 357.731: Total time for which application threads were stopped: 0.0001076 seconds, Stopping threads took: 0.0000327 seconds
2019-03-15T15:49:19.595+0900: 357.734: Application time: 0.0020907 seconds
2019-03-15T15:49:19.595+0900: 357.734: Total time for which application threads were stopped: 0.0001742 seconds, Stopping threads took: 0.0001017 seconds
2019-03-15T15:49:20.402+0900: 358.541: Application time: 0.8069572 seconds
2019-03-15T15:49:20.402+0900: 358.541: [GC (Allocation Failure) 2019-03-15T15:49:20.402+0900: 358.541: [ParNew: 222841K->11027K(235968K), 0.0179334 secs] 523299K->311486K(842580K), 0.0181185 secs] [Times: user=0.06 sys=0.00, real=0.02 secs] 
2019-03-15T15:49:20.421+0900: 358.559: Total time for which application threads were stopped: 0.0183984 seconds, Stopping threads took: 0.0000644 seconds
2019-03-15T15:49:20.593+0900: 358.732: Application time: 0.1727665 seconds
2019-03-15T15:49:20.593+0900: 358.732: Total time for which application threads were stopped: 0.0001291 seconds, Stopping threads took: 0.0000557 seconds
2019-03-15T15:49:21.391+0900: 359.528: Application time: 0.7962916 seconds
2019-03-15T15:49:21.391+0900: 359.528: [GC (Allocation Failure) 2019-03-15T15:49:21.391+0900: 359.528: [ParNew: 220819K->8829K(235968K), 0.0095517 secs] 521278K->309288K(842580K), 0.0096867 secs] [Times: user=0.06 sys=0.00, real=0.01 secs] 
2019-03-15T15:49:21.401+0900: 359.538: Total time for which application threads were stopped: 0.0098976 seconds, Stopping threads took: 0.0000669 seconds
2019-03-15T15:49:21.594+0900: 359.732: Application time: 0.1939448 seconds
2019-03-15T15:49:21.595+0900: 359.732: Total time for which application threads were stopped: 0.0000812 seconds, Stopping threads took: 0.0000283 seconds
2019-03-15T15:49:22.336+0900: 360.474: Application time: 0.7414022 seconds
2019-03-15T15:49:22.336+0900: 360.474: [GC (Allocation Failure) 2019-03-15T15:49:22.336+0900: 360.474: [ParNew: 218621K->8187K(235968K), 0.0201606 secs] 519080K->314163K(842580K), 0.0203507 secs] [Times: user=0.06 sys=0.00, real=0.02 secs] 
2019-03-15T15:49:22.357+0900: 360.494: Total time for which application threads were stopped: 0.0206424 seconds, Stopping threads took: 0.0000799 seconds
2019-03-15T15:49:22.597+0900: 360.734: Application time: 0.2400707 seconds
2019-03-15T15:49:22.597+0900: 360.735: Total time for which application threads were stopped: 0.0001882 seconds, Stopping threads took: 0.0000678 seconds
2019-03-15T15:49:23.294+0900: 361.432: Application time: 0.6970811 seconds
2019-03-15T15:49:23.294+0900: 361.432: [GC (Allocation Failure) 2019-03-15T15:49:23.294+0900: 361.432: [ParNew: 217979K->7631K(235968K), 0.0058164 secs] 523955K->313610K(842580K), 0.0059228 secs] [Times: user=0.06 sys=0.00, real=0.01 secs] 
2019-03-15T15:49:23.300+0900: 361.438: Total time for which application threads were stopped: 0.0060627 seconds, Stopping threads took: 0.0000379 seconds
2019-03-15T15:49:23.598+0900: 361.735: Application time: 0.2977677 seconds
2019-03-15T15:49:23.598+0900: 361.736: Total time for which application threads were stopped: 0.0002613 seconds, Stopping threads took: 0.0001263 seconds
2019-03-15T15:49:24.278+0900: 362.416: Application time: 0.6801626 seconds
2019-03-15T15:49:24.278+0900: 362.416: [GC (Allocation Failure) 2019-03-15T15:49:24.278+0900: 362.416: [ParNew: 217423K->7696K(235968K), 0.0043390 secs] 523402K->313677K(842580K), 0.0044659 secs] [Times: user=0.06 sys=0.00, real=0.00 secs] 
2019-03-15T15:49:24.283+0900: 362.421: Total time for which application threads were stopped: 0.0046361 seconds, Stopping threads took: 0.0000376 seconds
2019-03-15T15:49:24.597+0900: 362.735: Application time: 0.3146157 seconds
2019-03-15T15:49:24.598+0900: 362.735: Total time for which application threads were stopped: 0.0001617 seconds, Stopping threads took: 0.0000619 seconds
2019-03-15T15:49:25.193+0900: 363.330: Application time: 0.5950624 seconds
2019-03-15T15:49:25.193+0900: 363.331: [GC (Allocation Failure) 2019-03-15T15:49:25.193+0900: 363.331: [ParNew: 217488K->4950K(235968K), 0.0097539 secs] 523469K->313690K(842580K), 0.0099212 secs] [Times: user=0.06 sys=0.00, real=0.01 secs] 
2019-03-15T15:49:25.203+0900: 363.341: Total time for which application threads were stopped: 0.0101610 seconds, Stopping threads took: 0.0000538 seconds
2019-03-15T15:49:25.599+0900: 363.736: Application time: 0.3959161 seconds
2019-03-15T15:49:25.599+0900: 363.737: Total time for which application threads were stopped: 0.0001997 seconds, Stopping threads took: 0.0000865 seconds
2019-03-15T15:49:26.143+0900: 364.281: Application time: 0.5439497 seconds
2019-03-15T15:49:26.143+0900: 364.281: [GC (Allocation Failure) 2019-03-15T15:49:26.143+0900: 364.281: [ParNew: 214742K->5777K(235968K), 0.0094671 secs] 523482K->314519K(842580K), 0.0096295 secs] [Times: user=0.01 sys=0.00, real=0.01 secs] 
2019-03-15T15:49:26.153+0900: 364.291: Total time for which application threads were stopped: 0.0098578 seconds, Stopping threads took: 0.0000526 seconds
2019-03-15T15:49:26.599+0900: 364.737: Application time: 0.4464582 seconds
2019-03-15T15:49:26.599+0900: 364.737: Total time for which application threads were stopped: 0.0001487 seconds, Stopping threads took: 0.0000603 seconds
2019-03-15T15:49:27.106+0900: 365.244: Application time: 0.5064817 seconds
2019-03-15T15:49:27.106+0900: 365.244: [GC (Allocation Failure) 2019-03-15T15:49:27.106+0900: 365.244: [ParNew: 215569K->3428K(235968K), 0.0113171 secs] 524311K->312172K(842580K), 0.0115927 secs] [Times: user=0.00 sys=0.00, real=0.01 secs] 
2019-03-15T15:49:27.118+0900: 365.256: Total time for which application threads were stopped: 0.0118922 seconds, Stopping threads took: 0.0000905 seconds
2019-03-15T15:49:27.599+0900: 365.737: Application time: 0.4810094 seconds
2019-03-15T15:49:27.599+0900: 365.737: Total time for which application threads were stopped: 0.0001067 seconds, Stopping threads took: 0.0000423 seconds
2019-03-15T15:49:28.002+0900: 366.140: Application time: 0.4036643 seconds
2019-03-15T15:49:28.002+0900: 366.140: [GC (Allocation Failure) 2019-03-15T15:49:28.003+0900: 366.140: [ParNew: 213220K->3647K(235968K), 0.0038545 secs] 521964K->312393K(842580K), 0.0039437 secs] [Times: user=0.00 sys=0.00, real=0.00 secs] 
2019-03-15T15:49:28.006+0900: 366.144: Total time for which application threads were stopped: 0.0040629 seconds, Stopping threads took: 0.0000327 seconds
2019-03-15T15:49:28.601+0900: 366.739: Application time: 0.5942118 seconds
2019-03-15T15:49:28.601+0900: 366.739: Total time for which application threads were stopped: 0.0002622 seconds, Stopping threads took: 0.0001328 seconds
2019-03-15T15:49:29.011+0900: 367.149: Application time: 0.4106022 seconds
2019-03-15T15:49:29.012+0900: 367.150: [GC (Allocation Failure) 2019-03-15T15:49:29.012+0900: 367.150: [ParNew: 213439K->6257K(235968K), 0.0161541 secs] 522185K->315004K(842580K), 0.0163628 secs] [Times: user=0.06 sys=0.00, real=0.02 secs] 
2019-03-15T15:49:29.028+0900: 367.166: Total time for which application threads were stopped: 0.0166828 seconds, Stopping threads took: 0.0000712 seconds
2019-03-15T15:49:29.600+0900: 367.739: Application time: 0.5723352 seconds
2019-03-15T15:49:29.601+0900: 367.739: Total time for which application threads were stopped: 0.0001263 seconds, Stopping threads took: 0.0000429 seconds
2019-03-15T15:49:29.603+0900: 367.741: Application time: 0.0021728 seconds
2019-03-15T15:49:29.603+0900: 367.741: Total time for which application threads were stopped: 0.0001104 seconds, Stopping threads took: 0.0000585 seconds
2019-03-15T15:49:29.954+0900: 368.092: Application time: 0.3506530 seconds
2019-03-15T15:49:29.954+0900: 368.092: [GC (Allocation Failure) 2019-03-15T15:49:29.954+0900: 368.092: [ParNew: 216049K->9986K(235968K), 0.0085416 secs] 524796K->318735K(842580K), 0.0086700 secs] [Times: user=0.06 sys=0.00, real=0.01 secs] 
2019-03-15T15:49:29.962+0900: 368.100: Total time for which application threads were stopped: 0.0088675 seconds, Stopping threads took: 0.0000582 seconds
2019-03-15T15:49:30.601+0900: 368.739: Application time: 0.6382846 seconds
2019-03-15T15:49:30.601+0900: 368.739: Total time for which application threads were stopped: 0.0002099 seconds, Stopping threads took: 0.0001005 seconds
2019-03-15T15:49:30.905+0900: 369.043: Application time: 0.3037415 seconds
2019-03-15T15:49:30.905+0900: 369.043: [GC (Allocation Failure) 2019-03-15T15:49:30.905+0900: 369.043: [ParNew: 219778K->12797K(235968K), 0.0214797 secs] 528527K->321548K(842580K), 0.0217462 secs] [Times: user=0.06 sys=0.01, real=0.02 secs] 
2019-03-15T15:49:30.927+0900: 369.065: Total time for which application threads were stopped: 0.0221409 seconds, Stopping threads took: 0.0000883 seconds
2019-03-15T15:49:31.601+0900: 369.739: Application time: 0.6738289 seconds
2019-03-15T15:49:31.601+0900: 369.739: Total time for which application threads were stopped: 0.0001257 seconds, Stopping threads took: 0.0000582 seconds
2019-03-15T15:49:31.878+0900: 370.016: Application time: 0.2774852 seconds
2019-03-15T15:49:31.878+0900: 370.016: [GC (Allocation Failure) 2019-03-15T15:49:31.878+0900: 370.017: [ParNew: 222589K->7763K(235968K), 0.0179278 secs] 531340K->319273K(842580K), 0.0180958 secs] [Times: user=0.06 sys=0.00, real=0.02 secs] 
2019-03-15T15:49:31.897+0900: 370.035: Total time for which application threads were stopped: 0.0183816 seconds, Stopping threads took: 0.0000690 seconds
2019-03-15T15:49:32.603+0900: 370.741: Application time: 0.7060279 seconds
2019-03-15T15:49:32.603+0900: 370.741: Total time for which application threads were stopped: 0.0001879 seconds, Stopping threads took: 0.0000762 seconds
2019-03-15T15:49:32.924+0900: 371.062: Application time: 0.3209944 seconds
2019-03-15T15:49:32.924+0900: 371.062: [GC (Allocation Failure) 2019-03-15T15:49:32.924+0900: 371.062: [ParNew: 217555K->9483K(235968K), 0.0166380 secs] 529065K->320996K(842580K), 0.0168386 secs] [Times: user=0.06 sys=0.00, real=0.02 secs] 
2019-03-15T15:49:32.941+0900: 371.079: Total time for which application threads were stopped: 0.0172800 seconds, Stopping threads took: 0.0000877 seconds
2019-03-15T15:49:33.601+0900: 371.739: Application time: 0.6598819 seconds
2019-03-15T15:49:33.601+0900: 371.739: Total time for which application threads were stopped: 0.0000712 seconds, Stopping threads took: 0.0000330 seconds
2019-03-15T15:49:33.849+0900: 371.987: Application time: 0.2476481 seconds
2019-03-15T15:49:33.849+0900: 371.987: [GC (Allocation Failure) 2019-03-15T15:49:33.849+0900: 371.987: [ParNew: 219275K->9913K(235968K), 0.0089086 secs] 530788K->321427K(842580K), 0.0090470 secs] [Times: user=0.00 sys=0.00, real=0.01 secs] 
2019-03-15T15:49:33.858+0900: 371.996: Total time for which application threads were stopped: 0.0092252 seconds, Stopping threads took: 0.0000367 seconds
2019-03-15T15:49:34.601+0900: 372.740: Application time: 0.7434337 seconds
2019-03-15T15:49:34.601+0900: 372.740: Total time for which application threads were stopped: 0.0000868 seconds, Stopping threads took: 0.0000376 seconds
2019-03-15T15:49:34.846+0900: 372.984: Application time: 0.2442443 seconds
2019-03-15T15:49:34.846+0900: 372.984: [GC (Allocation Failure) 2019-03-15T15:49:34.846+0900: 372.984: [ParNew: 219705K->6566K(235968K), 0.0157193 secs] 531219K->320839K(842580K), 0.0158689 secs] [Times: user=0.06 sys=0.00, real=0.02 secs] 
2019-03-15T15:49:34.862+0900: 373.000: Total time for which application threads were stopped: 0.0161199 seconds, Stopping threads took: 0.0000834 seconds
2019-03-15T15:49:35.602+0900: 373.740: Application time: 0.7403487 seconds
2019-03-15T15:49:35.602+0900: 373.741: Total time for which application threads were stopped: 0.0002233 seconds, Stopping threads took: 0.0001232 seconds
2019-03-15T15:49:35.873+0900: 374.011: Application time: 0.2709214 seconds
2019-03-15T15:49:35.873+0900: 374.012: [GC (Allocation Failure) 2019-03-15T15:49:35.873+0900: 374.012: [ParNew: 216358K->10949K(235968K), 0.0111802 secs] 530631K->325224K(842580K), 0.0113289 secs] [Times: user=0.00 sys=0.00, real=0.01 secs] 
2019-03-15T15:49:35.885+0900: 374.023: Total time for which application threads were stopped: 0.0115473 seconds, Stopping threads took: 0.0000613 seconds
2019-03-15T15:49:36.602+0900: 374.741: Application time: 0.7177419 seconds
2019-03-15T15:49:36.603+0900: 374.741: Total time for which application threads were stopped: 0.0001810 seconds, Stopping threads took: 0.0000855 seconds
2019-03-15T15:49:36.804+0900: 374.942: Application time: 0.2013216 seconds
2019-03-15T15:49:36.804+0900: 374.942: [GC (Allocation Failure) 2019-03-15T15:49:36.804+0900: 374.943: [ParNew: 220741K->13572K(235968K), 0.0108960 secs] 535016K->327849K(842580K), 0.0110639 secs] [Times: user=0.06 sys=0.00, real=0.01 secs] 
2019-03-15T15:49:36.815+0900: 374.954: Total time for which application threads were stopped: 0.0113221 seconds, Stopping threads took: 0.0000740 seconds
2019-03-15T15:49:37.605+0900: 375.743: Application time: 0.7897304 seconds
2019-03-15T15:49:37.605+0900: 375.744: Total time for which application threads were stopped: 0.0002992 seconds, Stopping threads took: 0.0001564 seconds
2019-03-15T15:49:37.762+0900: 375.901: Application time: 0.1569987 seconds
2019-03-15T15:49:37.762+0900: 375.901: [GC (Allocation Failure) 2019-03-15T15:49:37.762+0900: 375.901: [ParNew: 223364K->9064K(235968K), 0.0062440 secs] 537641K->323343K(842580K), 0.0063629 secs] [Times: user=0.00 sys=0.00, real=0.01 secs] 
2019-03-15T15:49:37.769+0900: 375.907: Total time for which application threads were stopped: 0.0065162 seconds, Stopping threads took: 0.0000367 seconds
2019-03-15T15:49:38.606+0900: 376.745: Application time: 0.8374969 seconds
2019-03-15T15:49:38.606+0900: 376.745: Total time for which application threads were stopped: 0.0001975 seconds, Stopping threads took: 0.0000843 seconds
2019-03-15T15:49:38.707+0900: 376.845: Application time: 0.1004418 seconds
2019-03-15T15:49:38.707+0900: 376.846: [GC (Allocation Failure) 2019-03-15T15:49:38.707+0900: 376.846: [ParNew: 218856K->6248K(235968K), 0.0194677 secs] 533135K->323286K(842580K), 0.0196189 secs] [Times: user=0.08 sys=0.00, real=0.02 secs] 
2019-03-15T15:49:38.727+0900: 376.865: Total time for which application threads were stopped: 0.0198338 seconds, Stopping threads took: 0.0000457 seconds
2019-03-15T15:49:39.605+0900: 377.743: Application time: 0.8776406 seconds
2019-03-15T15:49:39.606+0900: 377.743: [GC (Allocation Failure) 2019-03-15T15:49:39.606+0900: 377.743: [ParNew: 216040K->9113K(235968K), 0.0221027 secs] 533078K->326153K(842580K), 0.0222936 secs] [Times: user=0.06 sys=0.00, real=0.02 secs] 
2019-03-15T15:49:39.628+0900: 377.766: Total time for which application threads were stopped: 0.0226575 seconds, Stopping threads took: 0.0001381 seconds
2019-03-15T15:49:39.630+0900: 377.768: Application time: 0.0021647 seconds
2019-03-15T15:49:39.630+0900: 377.768: Total time for which application threads were stopped: 0.0000958 seconds, Stopping threads took: 0.0000426 seconds
2019-03-15T15:49:39.632+0900: 377.769: Application time: 0.0015001 seconds
2019-03-15T15:49:39.632+0900: 377.769: Total time for which application threads were stopped: 0.0000728 seconds, Stopping threads took: 0.0000411 seconds
2019-03-15T15:49:40.543+0900: 378.680: Application time: 0.9109390 seconds
2019-03-15T15:49:40.543+0900: 378.681: [GC (Allocation Failure) 2019-03-15T15:49:40.543+0900: 378.681: [ParNew: 218905K->6627K(235968K), 0.0156393 secs] 535945K->323669K(842580K), 0.0158424 secs] [Times: user=0.06 sys=0.00, real=0.02 secs] 
2019-03-15T15:49:40.559+0900: 378.696: Total time for which application threads were stopped: 0.0161497 seconds, Stopping threads took: 0.0000871 seconds
2019-03-15T15:49:40.607+0900: 378.745: Application time: 0.0482700 seconds
2019-03-15T15:49:40.607+0900: 378.745: Total time for which application threads were stopped: 0.0001160 seconds, Stopping threads took: 0.0000519 seconds
2019-03-15T15:49:41.442+0900: 379.579: Application time: 0.8345571 seconds
2019-03-15T15:49:41.442+0900: 379.580: [GC (Allocation Failure) 2019-03-15T15:49:41.442+0900: 379.580: [ParNew: 216419K->4901K(235968K), 0.0115843 secs] 533461K->327460K(842580K), 0.0116903 secs] [Times: user=0.00 sys=0.00, real=0.01 secs] 
2019-03-15T15:49:41.454+0900: 379.591: Total time for which application threads were stopped: 0.0118552 seconds, Stopping threads took: 0.0000392 seconds
2019-03-15T15:49:41.609+0900: 379.746: Application time: 0.1551724 seconds
2019-03-15T15:49:41.609+0900: 379.747: Total time for which application threads were stopped: 0.0001633 seconds, Stopping threads took: 0.0000715 seconds
2019-03-15T15:49:42.425+0900: 380.563: Application time: 0.8160337 seconds
2019-03-15T15:49:42.425+0900: 380.563: [GC (Allocation Failure) 2019-03-15T15:49:42.425+0900: 380.563: [ParNew: 214693K->5834K(235968K), 0.0230407 secs] 537252K->328395K(842580K), 0.0232326 secs] [Times: user=0.06 sys=0.00, real=0.02 secs] 
2019-03-15T15:49:42.448+0900: 380.586: Total time for which application threads were stopped: 0.0234851 seconds, Stopping threads took: 0.0000557 seconds
2019-03-15T15:49:42.608+0900: 380.745: Application time: 0.1592601 seconds
2019-03-15T15:49:42.608+0900: 380.746: Total time for which application threads were stopped: 0.0001166 seconds, Stopping threads took: 0.0000501 seconds
2019-03-15T15:49:43.365+0900: 381.502: Application time: 0.7568328 seconds
2019-03-15T15:49:43.365+0900: 381.502: [GC (Allocation Failure) 2019-03-15T15:49:43.365+0900: 381.503: [ParNew: 215626K->3831K(235968K), 0.0071690 secs] 538187K->326393K(842580K), 0.0073236 secs] [Times: user=0.00 sys=0.00, real=0.01 secs] 
2019-03-15T15:49:43.372+0900: 381.510: Total time for which application threads were stopped: 0.0075385 seconds, Stopping threads took: 0.0000439 seconds
2019-03-15T15:49:43.610+0900: 381.747: Application time: 0.2374478 seconds
2019-03-15T15:49:43.610+0900: 381.748: Total time for which application threads were stopped: 0.0002445 seconds, Stopping threads took: 0.0000973 seconds
2019-03-15T15:49:44.300+0900: 382.438: Application time: 0.6902829 seconds
2019-03-15T15:49:44.300+0900: 382.438: [GC (Allocation Failure) 2019-03-15T15:49:44.300+0900: 382.438: [ParNew: 213623K->6024K(235968K), 0.0100867 secs] 536185K->328588K(842580K), 0.0102742 secs] [Times: user=0.00 sys=0.00, real=0.01 secs] 
2019-03-15T15:49:44.311+0900: 382.448: Total time for which application threads were stopped: 0.0105203 seconds, Stopping threads took: 0.0000597 seconds
2019-03-15T15:49:44.611+0900: 382.749: Application time: 0.3001561 seconds
2019-03-15T15:49:44.611+0900: 382.749: Total time for which application threads were stopped: 0.0002538 seconds, Stopping threads took: 0.0001201 seconds
2019-03-15T15:49:45.313+0900: 383.451: Application time: 0.7023467 seconds
2019-03-15T15:49:45.314+0900: 383.451: [GC (Allocation Failure) 2019-03-15T15:49:45.314+0900: 383.451: [ParNew: 215816K->6144K(235968K), 0.0102680 secs] 538380K->328708K(842580K), 0.0104497 secs] [Times: user=0.00 sys=0.00, real=0.01 secs] 
2019-03-15T15:49:45.324+0900: 383.462: Total time for which application threads were stopped: 0.0107268 seconds, Stopping threads took: 0.0000650 seconds
2019-03-15T15:49:45.613+0900: 383.751: Application time: 0.2887332 seconds
2019-03-15T15:49:45.613+0900: 383.751: Total time for which application threads were stopped: 0.0001978 seconds, Stopping threads took: 0.0000849 seconds
2019-03-15T15:49:46.315+0900: 384.453: Application time: 0.7020049 seconds
2019-03-15T15:49:46.315+0900: 384.453: [GC (Allocation Failure) 2019-03-15T15:49:46.315+0900: 384.453: [ParNew: 215936K->7630K(235968K), 0.0170246 secs] 538500K->330196K(842580K), 0.0172567 secs] [Times: user=0.06 sys=0.00, real=0.02 secs] 
2019-03-15T15:49:46.333+0900: 384.471: Total time for which application threads were stopped: 0.0176395 seconds, Stopping threads took: 0.0000880 seconds
2019-03-15T15:49:46.611+0900: 384.749: Application time: 0.2783358 seconds
2019-03-15T15:49:46.611+0900: 384.749: Total time for which application threads were stopped: 0.0001630 seconds, Stopping threads took: 0.0000740 seconds
2019-03-15T15:49:47.322+0900: 385.460: Application time: 0.7104905 seconds
2019-03-15T15:49:47.322+0900: 385.460: [GC (Allocation Failure) 2019-03-15T15:49:47.322+0900: 385.460: [ParNew: 217422K->9518K(235968K), 0.0128414 secs] 539988K->332085K(842580K), 0.0130240 secs] [Times: user=0.06 sys=0.00, real=0.01 secs] 
2019-03-15T15:49:47.335+0900: 385.473: Total time for which application threads were stopped: 0.0133285 seconds, Stopping threads took: 0.0000395 seconds
2019-03-15T15:49:47.612+0900: 385.750: Application time: 0.2775408 seconds
2019-03-15T15:49:47.613+0900: 385.751: Total time for which application threads were stopped: 0.0001907 seconds, Stopping threads took: 0.0000774 seconds
2019-03-15T15:49:48.294+0900: 386.432: Application time: 0.6814269 seconds
2019-03-15T15:49:48.294+0900: 386.432: [GC (Allocation Failure) 2019-03-15T15:49:48.294+0900: 386.432: [ParNew: 219310K->8511K(235968K), 0.0166483 secs] 541877K->333838K(842580K), 0.0168060 secs] [Times: user=0.06 sys=0.00, real=0.02 secs] 
2019-03-15T15:49:48.311+0900: 386.449: Total time for which application threads were stopped: 0.0171052 seconds, Stopping threads took: 0.0000603 seconds
2019-03-15T15:49:48.614+0900: 386.752: Application time: 0.3024869 seconds
2019-03-15T15:49:48.614+0900: 386.752: Total time for which application threads were stopped: 0.0001991 seconds, Stopping threads took: 0.0000858 seconds
2019-03-15T15:49:49.277+0900: 387.415: Application time: 0.6630400 seconds
2019-03-15T15:49:49.277+0900: 387.415: [GC (Allocation Failure) 2019-03-15T15:49:49.277+0900: 387.415: [ParNew: 218303K->6504K(235968K), 0.0131142 secs] 543630K->331833K(842580K), 0.0133381 secs] [Times: user=0.06 sys=0.00, real=0.01 secs] 
2019-03-15T15:49:49.291+0900: 387.429: Total time for which application threads were stopped: 0.0136155 seconds, Stopping threads took: 0.0000862 seconds
2019-03-15T15:49:49.615+0900: 387.753: Application time: 0.3241420 seconds
2019-03-15T15:49:49.615+0900: 387.753: Total time for which application threads were stopped: 0.0001978 seconds, Stopping threads took: 0.0000852 seconds
2019-03-15T15:49:49.618+0900: 387.756: Application time: 0.0030779 seconds
2019-03-15T15:49:49.618+0900: 387.756: Total time for which application threads were stopped: 0.0000921 seconds, Stopping threads took: 0.0000485 seconds
2019-03-15T15:49:50.261+0900: 388.399: Application time: 0.6427145 seconds
2019-03-15T15:49:50.261+0900: 388.399: [GC (Allocation Failure) 2019-03-15T15:49:50.261+0900: 388.399: [ParNew: 216296K->7531K(235968K), 0.0083829 secs] 541625K->332862K(842580K), 0.0085192 secs] [Times: user=0.00 sys=0.00, real=0.01 secs] 
2019-03-15T15:49:50.269+0900: 388.408: Total time for which application threads were stopped: 0.0087216 seconds, Stopping threads took: 0.0000507 seconds
2019-03-15T15:49:50.616+0900: 388.754: Application time: 0.3463572 seconds
2019-03-15T15:49:50.616+0900: 388.754: Total time for which application threads were stopped: 0.0002541 seconds, Stopping threads took: 0.0001421 seconds
2019-03-15T15:49:51.226+0900: 389.364: Application time: 0.6097289 seconds
2019-03-15T15:49:51.226+0900: 389.364: [GC (Allocation Failure) 2019-03-15T15:49:51.226+0900: 389.364: [ParNew: 217323K->4895K(235968K), 0.0107206 secs] 542654K->330228K(842580K), 0.0109006 secs] [Times: user=0.00 sys=0.00, real=0.01 secs] 
2019-03-15T15:49:51.237+0900: 389.375: Total time for which application threads were stopped: 0.0111768 seconds, Stopping threads took: 0.0000647 seconds
2019-03-15T15:49:51.617+0900: 389.755: Application time: 0.3802270 seconds
2019-03-15T15:49:51.617+0900: 389.756: Total time for which application threads were stopped: 0.0002037 seconds, Stopping threads took: 0.0000846 seconds
2019-03-15T15:49:52.195+0900: 390.333: Application time: 0.5776935 seconds
2019-03-15T15:49:52.195+0900: 390.333: [GC (Allocation Failure) 2019-03-15T15:49:52.195+0900: 390.333: [ParNew: 214687K->4223K(235968K), 0.0079242 secs] 540020K->332315K(842580K), 0.0080305 secs] [Times: user=0.00 sys=0.00, real=0.01 secs] 
2019-03-15T15:49:52.203+0900: 390.341: Total time for which application threads were stopped: 0.0082044 seconds, Stopping threads took: 0.0000355 seconds
2019-03-15T15:49:52.616+0900: 390.755: Application time: 0.4132611 seconds
2019-03-15T15:49:52.617+0900: 390.755: Total time for which application threads were stopped: 0.0001396 seconds, Stopping threads took: 0.0000538 seconds
2019-03-15T15:49:53.174+0900: 391.312: Application time: 0.5572420 seconds
2019-03-15T15:49:53.174+0900: 391.312: [GC (Allocation Failure) 2019-03-15T15:49:53.174+0900: 391.312: [ParNew: 214015K->4860K(235968K), 0.0040255 secs] 542107K->332954K(842580K), 0.0041303 secs] [Times: user=0.00 sys=0.00, real=0.00 secs] 
2019-03-15T15:49:53.178+0900: 391.316: Total time for which application threads were stopped: 0.0043142 seconds, Stopping threads took: 0.0000809 seconds
2019-03-15T15:49:53.619+0900: 391.757: Application time: 0.4404493 seconds
2019-03-15T15:49:53.619+0900: 391.757: Total time for which application threads were stopped: 0.0002093 seconds, Stopping threads took: 0.0000980 seconds
2019-03-15T15:49:54.130+0900: 392.268: Application time: 0.5111264 seconds
2019-03-15T15:49:54.130+0900: 392.268: [GC (Allocation Failure) 2019-03-15T15:49:54.130+0900: 392.268: [ParNew: 214652K->7500K(235968K), 0.0095617 secs] 542746K->335596K(842580K), 0.0097175 secs] [Times: user=0.06 sys=0.00, real=0.01 secs] 
2019-03-15T15:49:54.140+0900: 392.278: Total time for which application threads were stopped: 0.0100372 seconds, Stopping threads took: 0.0000538 seconds
2019-03-15T15:49:54.619+0900: 392.757: Application time: 0.4790114 seconds
2019-03-15T15:49:54.619+0900: 392.757: Total time for which application threads were stopped: 0.0001882 seconds, Stopping threads took: 0.0000784 seconds
2019-03-15T15:49:55.099+0900: 393.237: Application time: 0.4794347 seconds
2019-03-15T15:49:55.099+0900: 393.237: [GC (Allocation Failure) 2019-03-15T15:49:55.099+0900: 393.237: [ParNew: 217292K->5756K(235968K), 0.0190033 secs] 545388K->336611K(842580K), 0.0192170 secs] [Times: user=0.05 sys=0.00, real=0.02 secs] 
2019-03-15T15:49:55.118+0900: 393.256: Total time for which application threads were stopped: 0.0195308 seconds, Stopping threads took: 0.0000718 seconds
2019-03-15T15:49:55.619+0900: 393.758: Application time: 0.5012064 seconds
2019-03-15T15:49:55.619+0900: 393.758: Total time for which application threads were stopped: 0.0001639 seconds, Stopping threads took: 0.0000703 seconds
2019-03-15T15:49:56.085+0900: 394.224: Application time: 0.4656680 seconds
2019-03-15T15:49:56.085+0900: 394.224: [GC (Allocation Failure) 2019-03-15T15:49:56.085+0900: 394.224: [ParNew: 215548K->3855K(235968K), 0.0046712 secs] 546403K->334712K(842580K), 0.0048407 secs] [Times: user=0.06 sys=0.00, real=0.00 secs] 
2019-03-15T15:49:56.090+0900: 394.229: Total time for which application threads were stopped: 0.0051113 seconds, Stopping threads took: 0.0000628 seconds
2019-03-15T15:49:56.620+0900: 394.758: Application time: 0.5289750 seconds
2019-03-15T15:49:56.620+0900: 394.758: Total time for which application threads were stopped: 0.0001757 seconds, Stopping threads took: 0.0000905 seconds
2019-03-15T15:49:57.070+0900: 395.207: Application time: 0.4494300 seconds
2019-03-15T15:49:57.070+0900: 395.207: [GC (Allocation Failure) 2019-03-15T15:49:57.070+0900: 395.208: [ParNew: 213647K->1185K(235968K), 0.0022061 secs] 544504K->332044K(842580K), 0.0023833 secs] [Times: user=0.00 sys=0.00, real=0.00 secs] 
2019-03-15T15:49:57.072+0900: 395.210: Total time for which application threads were stopped: 0.0026925 seconds, Stopping threads took: 0.0000731 seconds
2019-03-15T15:49:57.620+0900: 395.758: Application time: 0.5479407 seconds
2019-03-15T15:49:57.620+0900: 395.758: Total time for which application threads were stopped: 0.0000936 seconds, Stopping threads took: 0.0000423 seconds
2019-03-15T15:49:58.012+0900: 396.150: Application time: 0.3919245 seconds
2019-03-15T15:49:58.012+0900: 396.150: [GC (Allocation Failure) 2019-03-15T15:49:58.013+0900: 396.150: [ParNew: 210977K->1095K(235968K), 0.0027438 secs] 541836K->331956K(842580K), 0.0028564 secs] [Times: user=0.00 sys=0.00, real=0.00 secs] 
2019-03-15T15:49:58.015+0900: 396.153: Total time for which application threads were stopped: 0.0030157 seconds, Stopping threads took: 0.0000398 seconds
2019-03-15T15:49:58.621+0900: 396.759: Application time: 0.6059463 seconds
2019-03-15T15:49:58.621+0900: 396.759: Total time for which application threads were stopped: 0.0000921 seconds, Stopping threads took: 0.0000417 seconds
2019-03-15T15:49:58.938+0900: 397.075: Application time: 0.3161612 seconds
2019-03-15T15:49:58.938+0900: 397.075: [GC (Allocation Failure) 2019-03-15T15:49:58.938+0900: 397.076: [ParNew: 210887K->8047K(235968K), 0.0197041 secs] 541748K->338910K(842580K), 0.0199386 secs] [Times: user=0.06 sys=0.00, real=0.02 secs] 
2019-03-15T15:49:58.958+0900: 397.095: Total time for which application threads were stopped: 0.0203149 seconds, Stopping threads took: 0.0000964 seconds
2019-03-15T15:49:59.624+0900: 397.761: Application time: 0.6657804 seconds
2019-03-15T15:49:59.624+0900: 397.762: Total time for which application threads were stopped: 0.0002737 seconds, Stopping threads took: 0.0001400 seconds
2019-03-15T15:49:59.627+0900: 397.765: Application time: 0.0033254 seconds
2019-03-15T15:49:59.628+0900: 397.765: Total time for which application threads were stopped: 0.0002939 seconds, Stopping threads took: 0.0001763 seconds
2019-03-15T15:49:59.981+0900: 398.119: Application time: 0.3539473 seconds
2019-03-15T15:49:59.982+0900: 398.119: [GC (Allocation Failure) 2019-03-15T15:49:59.982+0900: 398.119: [ParNew: 217839K->9630K(235968K), 0.0161902 secs] 548702K->340494K(842580K), 0.0163578 secs] [Times: user=0.06 sys=0.00, real=0.02 secs] 
2019-03-15T15:49:59.998+0900: 398.136: Total time for which application threads were stopped: 0.0165817 seconds, Stopping threads took: 0.0000445 seconds
2019-03-15T15:50:00.625+0900: 398.763: Application time: 0.6269632 seconds
2019-03-15T15:50:00.625+0900: 398.763: Total time for which application threads were stopped: 0.0001981 seconds, Stopping threads took: 0.0000874 seconds
2019-03-15T15:50:00.934+0900: 399.071: Application time: 0.3083399 seconds
2019-03-15T15:50:00.934+0900: 399.071: [GC (Allocation Failure) 2019-03-15T15:50:00.934+0900: 399.072: [ParNew: 219422K->6354K(235968K), 0.0192702 secs] 550286K->337220K(842580K), 0.0195252 secs] [Times: user=0.06 sys=0.00, real=0.02 secs] 
2019-03-15T15:50:00.953+0900: 399.091: Total time for which application threads were stopped: 0.0199009 seconds, Stopping threads took: 0.0000675 seconds
2019-03-15T15:50:01.623+0900: 399.761: Application time: 0.6700118 seconds
2019-03-15T15:50:01.624+0900: 399.761: Total time for which application threads were stopped: 0.0001303 seconds, Stopping threads took: 0.0000488 seconds
2019-03-15T15:50:01.916+0900: 400.054: Application time: 0.2924736 seconds
2019-03-15T15:50:01.916+0900: 400.054: [GC (Allocation Failure) 2019-03-15T15:50:01.916+0900: 400.054: [ParNew: 216146K->11549K(235968K), 0.0138143 secs] 547012K->342417K(842580K), 0.0140037 secs] [Times: user=0.06 sys=0.00, real=0.01 secs] 
2019-03-15T15:50:01.930+0900: 400.068: Total time for which application threads were stopped: 0.0142883 seconds, Stopping threads took: 0.0000697 seconds
2019-03-15T15:50:02.626+0900: 400.764: Application time: 0.6954445 seconds
2019-03-15T15:50:02.626+0900: 400.764: Total time for which application threads were stopped: 0.0001907 seconds, Stopping threads took: 0.0000669 seconds
2019-03-15T15:50:02.891+0900: 401.028: Application time: 0.2646718 seconds
2019-03-15T15:50:02.891+0900: 401.029: [GC (Allocation Failure) 2019-03-15T15:50:02.891+0900: 401.029: [ParNew: 221341K->11419K(235968K), 0.0193044 secs] 552209K->342288K(842580K), 0.0194515 secs] [Times: user=0.11 sys=0.00, real=0.02 secs] 
2019-03-15T15:50:02.910+0900: 401.048: Total time for which application threads were stopped: 0.0197856 seconds, Stopping threads took: 0.0001745 seconds
2019-03-15T15:50:03.626+0900: 401.764: Application time: 0.7155361 seconds
2019-03-15T15:50:03.626+0900: 401.764: Total time for which application threads were stopped: 0.0001633 seconds, Stopping threads took: 0.0000697 seconds
2019-03-15T15:50:03.843+0900: 401.980: Application time: 0.2164107 seconds
2019-03-15T15:50:03.843+0900: 401.980: [GC (Allocation Failure) 2019-03-15T15:50:03.843+0900: 401.981: [ParNew: 221211K->14228K(235968K), 0.0108493 secs] 552080K->345100K(842580K), 0.0109775 secs] [Times: user=0.00 sys=0.00, real=0.01 secs] 
2019-03-15T15:50:03.854+0900: 401.992: Total time for which application threads were stopped: 0.0111619 seconds, Stopping threads took: 0.0000457 seconds
2019-03-15T15:50:04.626+0900: 402.763: Application time: 0.7718657 seconds
2019-03-15T15:50:04.626+0900: 402.764: Total time for which application threads were stopped: 0.0001213 seconds, Stopping threads took: 0.0000687 seconds
2019-03-15T15:50:04.775+0900: 402.913: Application time: 0.1496471 seconds
2019-03-15T15:50:04.775+0900: 402.913: [GC (Allocation Failure) 2019-03-15T15:50:04.775+0900: 402.913: [ParNew: 224020K->8666K(235968K), 0.0241355 secs] 554892K->345054K(842580K), 0.0242624 secs] [Times: user=0.13 sys=0.00, real=0.02 secs] 
2019-03-15T15:50:04.800+0900: 402.938: Total time for which application threads were stopped: 0.0244453 seconds, Stopping threads took: 0.0000538 seconds
2019-03-15T15:50:05.626+0900: 403.764: Application time: 0.8259524 seconds
2019-03-15T15:50:05.626+0900: 403.764: Total time for which application threads were stopped: 0.0000541 seconds, Stopping threads took: 0.0000168 seconds
2019-03-15T15:50:05.813+0900: 403.951: Application time: 0.1872899 seconds
2019-03-15T15:50:05.813+0900: 403.951: [GC (Allocation Failure) 2019-03-15T15:50:05.813+0900: 403.951: [ParNew: 218458K->13179K(235968K), 0.0148938 secs] 554846K->349570K(842580K), 0.0150683 secs] [Times: user=0.06 sys=0.00, real=0.02 secs] 
2019-03-15T15:50:05.828+0900: 403.966: Total time for which application threads were stopped: 0.0153513 seconds, Stopping threads took: 0.0000740 seconds
2019-03-15T15:50:06.628+0900: 404.766: Application time: 0.7996911 seconds
2019-03-15T15:50:06.628+0900: 404.766: Total time for which application threads were stopped: 0.0000591 seconds, Stopping threads took: 0.0000208 seconds
2019-03-15T15:50:06.756+0900: 404.894: Application time: 0.1280284 seconds
2019-03-15T15:50:06.756+0900: 404.894: [GC (Allocation Failure) 2019-03-15T15:50:06.756+0900: 404.894: [ParNew: 222971K->16561K(235968K), 0.0110798 secs] 559362K->352954K(842580K), 0.0112017 secs] [Times: user=0.06 sys=0.00, real=0.01 secs] 
2019-03-15T15:50:06.767+0900: 404.905: Total time for which application threads were stopped: 0.0113793 seconds, Stopping threads took: 0.0000498 seconds
2019-03-15T15:50:07.629+0900: 405.767: Application time: 0.8610933 seconds
2019-03-15T15:50:07.629+0900: 405.767: Total time for which application threads were stopped: 0.0001148 seconds, Stopping threads took: 0.0000523 seconds
2019-03-15T15:50:07.760+0900: 405.898: Application time: 0.1310307 seconds
2019-03-15T15:50:07.760+0900: 405.898: [GC (Allocation Failure) 2019-03-15T15:50:07.760+0900: 405.898: [ParNew: 226353K->11710K(235968K), 0.0125033 secs] 562746K->348104K(842580K), 0.0126439 secs] [Times: user=0.00 sys=0.00, real=0.01 secs] 
2019-03-15T15:50:07.773+0900: 405.911: Total time for which application threads were stopped: 0.0128495 seconds, Stopping threads took: 0.0000498 seconds
2019-03-15T15:50:08.629+0900: 406.767: Application time: 0.8563413 seconds
2019-03-15T15:50:08.629+0900: 406.767: Total time for which application threads were stopped: 0.0000762 seconds, Stopping threads took: 0.0000289 seconds
2019-03-15T15:50:08.683+0900: 406.821: Application time: 0.0536631 seconds
2019-03-15T15:50:08.683+0900: 406.821: [GC (Allocation Failure) 2019-03-15T15:50:08.683+0900: 406.821: [ParNew: 221502K->11543K(235968K), 0.0082993 secs] 557896K->353454K(842580K), 0.0083767 secs] [Times: user=0.00 sys=0.00, real=0.01 secs] 
2019-03-15T15:50:08.691+0900: 406.829: Total time for which application threads were stopped: 0.0084828 seconds, Stopping threads took: 0.0000187 seconds
2019-03-15T15:50:09.614+0900: 407.752: Application time: 0.9233167 seconds
2019-03-15T15:50:09.614+0900: 407.753: [GC (Allocation Failure) 2019-03-15T15:50:09.614+0900: 407.753: [ParNew: 221335K->8762K(235968K), 0.0079061 secs] 563246K->350675K(842580K), 0.0080256 secs] [Times: user=0.02 sys=0.00, real=0.01 secs] 
2019-03-15T15:50:09.622+0900: 407.761: Total time for which application threads were stopped: 0.0081671 seconds, Stopping threads took: 0.0000211 seconds
2019-03-15T15:50:09.629+0900: 407.767: Application time: 0.0068540 seconds
2019-03-15T15:50:09.629+0900: 407.768: Total time for which application threads were stopped: 0.0000628 seconds, Stopping threads took: 0.0000243 seconds
2019-03-15T15:50:09.631+0900: 407.769: Application time: 0.0013318 seconds
2019-03-15T15:50:09.631+0900: 407.769: Total time for which application threads were stopped: 0.0000544 seconds, Stopping threads took: 0.0000218 seconds
2019-03-15T15:50:10.573+0900: 408.711: Application time: 0.9418572 seconds
2019-03-15T15:50:10.573+0900: 408.711: [GC (Allocation Failure) 2019-03-15T15:50:10.573+0900: 408.711: [ParNew: 218554K->11758K(235968K), 0.0172977 secs] 560467K->353673K(842580K), 0.0174414 secs] [Times: user=0.06 sys=0.00, real=0.02 secs] 
2019-03-15T15:50:10.590+0900: 408.728: Total time for which application threads were stopped: 0.0176299 seconds, Stopping threads took: 0.0000361 seconds
2019-03-15T15:50:10.630+0900: 408.768: Application time: 0.0399639 seconds
2019-03-15T15:50:10.630+0900: 408.768: Total time for which application threads were stopped: 0.0000787 seconds, Stopping threads took: 0.0000345 seconds
2019-03-15T15:50:11.583+0900: 409.721: Application time: 0.9524397 seconds
2019-03-15T15:50:11.583+0900: 409.721: [GC (Allocation Failure) 2019-03-15T15:50:11.583+0900: 409.721: [ParNew: 221550K->8862K(235968K), 0.0149262 secs] 563465K->353537K(842580K), 0.0150608 secs] [Times: user=0.06 sys=0.00, real=0.02 secs] 
2019-03-15T15:50:11.598+0900: 409.736: Total time for which application threads were stopped: 0.0152590 seconds, Stopping threads took: 0.0000491 seconds
2019-03-15T15:50:11.631+0900: 409.769: Application time: 0.0329722 seconds
2019-03-15T15:50:11.631+0900: 409.769: Total time for which application threads were stopped: 0.0000852 seconds, Stopping threads took: 0.0000339 seconds
2019-03-15T15:50:12.517+0900: 410.655: Application time: 0.8860913 seconds
2019-03-15T15:50:12.517+0900: 410.655: [GC (Allocation Failure) 2019-03-15T15:50:12.517+0900: 410.656: [ParNew: 218654K->7364K(235968K), 0.0071109 secs] 563329K->352040K(842580K), 0.0072378 secs] [Times: user=0.00 sys=0.00, real=0.01 secs] 
2019-03-15T15:50:12.524+0900: 410.663: Total time for which application threads were stopped: 0.0074014 seconds, Stopping threads took: 0.0000411 seconds
2019-03-15T15:50:12.634+0900: 410.772: Application time: 0.1092518 seconds
2019-03-15T15:50:12.634+0900: 410.772: Total time for which application threads were stopped: 0.0001994 seconds, Stopping threads took: 0.0000852 seconds
2019-03-15T15:50:13.462+0900: 411.601: Application time: 0.8286371 seconds
2019-03-15T15:50:13.463+0900: 411.601: [GC (Allocation Failure) 2019-03-15T15:50:13.463+0900: 411.601: [ParNew: 217156K->12068K(235968K), 0.0117295 secs] 561832K->356746K(842580K), 0.0118804 secs] [Times: user=0.06 sys=0.00, real=0.01 secs] 
2019-03-15T15:50:13.475+0900: 411.613: Total time for which application threads were stopped: 0.0121077 seconds, Stopping threads took: 0.0000479 seconds
2019-03-15T15:50:13.632+0900: 411.771: Application time: 0.1579072 seconds
2019-03-15T15:50:13.633+0900: 411.771: Total time for which application threads were stopped: 0.0000989 seconds, Stopping threads took: 0.0000373 seconds
2019-03-15T15:50:14.396+0900: 412.533: Application time: 0.7624520 seconds
2019-03-15T15:50:14.396+0900: 412.534: [GC (Allocation Failure) 2019-03-15T15:50:14.396+0900: 412.534: [ParNew: 221860K->7447K(235968K), 0.0109939 secs] 566538K->352127K(842580K), 0.0111746 secs] [Times: user=0.06 sys=0.00, real=0.01 secs] 
2019-03-15T15:50:14.407+0900: 412.545: Total time for which application threads were stopped: 0.0114384 seconds, Stopping threads took: 0.0000631 seconds
2019-03-15T15:50:14.635+0900: 412.773: Application time: 0.2277984 seconds
2019-03-15T15:50:14.635+0900: 412.773: Total time for which application threads were stopped: 0.0001882 seconds, Stopping threads took: 0.0000952 seconds
2019-03-15T15:50:15.374+0900: 413.511: Application time: 0.7382487 seconds
2019-03-15T15:50:15.374+0900: 413.511: [GC (Allocation Failure) 2019-03-15T15:50:15.374+0900: 413.511: [ParNew: 217239K->2752K(235968K), 0.0163457 secs] 561919K->352947K(842580K), 0.0164978 secs] [Times: user=0.06 sys=0.00, real=0.02 secs] 
2019-03-15T15:50:15.390+0900: 413.528: Total time for which application threads were stopped: 0.0167130 seconds, Stopping threads took: 0.0000578 seconds
2019-03-15T15:50:15.636+0900: 413.773: Application time: 0.2454373 seconds
2019-03-15T15:50:15.636+0900: 413.774: Total time for which application threads were stopped: 0.0001994 seconds, Stopping threads took: 0.0000896 seconds
2019-03-15T15:50:16.304+0900: 414.442: Application time: 0.6682113 seconds
2019-03-15T15:50:16.304+0900: 414.442: [GC (Allocation Failure) 2019-03-15T15:50:16.304+0900: 414.442: [ParNew: 212544K->3531K(235968K), 0.0097704 secs] 562739K->353728K(842580K), 0.0099545 secs] [Times: user=0.06 sys=0.00, real=0.01 secs] 
2019-03-15T15:50:16.314+0900: 414.452: Total time for which application threads were stopped: 0.0102344 seconds, Stopping threads took: 0.0000638 seconds
2019-03-15T15:50:16.635+0900: 414.773: Application time: 0.3209947 seconds
2019-03-15T15:50:16.636+0900: 414.773: Total time for which application threads were stopped: 0.0000998 seconds, Stopping threads took: 0.0000445 seconds
2019-03-15T15:50:17.271+0900: 415.408: Application time: 0.6352904 seconds
2019-03-15T15:50:17.271+0900: 415.409: [GC (Allocation Failure) 2019-03-15T15:50:17.271+0900: 415.409: [ParNew: 213323K->5544K(235968K), 0.0106829 secs] 563520K->355743K(842580K), 0.0108639 secs] [Times: user=0.06 sys=0.00, real=0.01 secs] 
2019-03-15T15:50:17.282+0900: 415.420: Total time for which application threads were stopped: 0.0111523 seconds, Stopping threads took: 0.0000644 seconds
2019-03-15T15:50:17.636+0900: 415.774: Application time: 0.3543977 seconds
2019-03-15T15:50:17.637+0900: 415.774: Total time for which application threads were stopped: 0.0001512 seconds, Stopping threads took: 0.0000619 seconds
2019-03-15T15:50:18.223+0900: 416.360: Application time: 0.5861004 seconds
2019-03-15T15:50:18.223+0900: 416.360: [GC (Allocation Failure) 2019-03-15T15:50:18.223+0900: 416.360: [ParNew: 215336K->6948K(235968K), 0.0076184 secs] 565535K->357148K(842580K), 0.0077512 secs] [Times: user=0.06 sys=0.00, real=0.01 secs] 
2019-03-15T15:50:18.231+0900: 416.368: Total time for which application threads were stopped: 0.0079360 seconds, Stopping threads took: 0.0000435 seconds
2019-03-15T15:50:18.636+0900: 416.774: Application time: 0.4059366 seconds
2019-03-15T15:50:18.637+0900: 416.774: Total time for which application threads were stopped: 0.0001390 seconds, Stopping threads took: 0.0000784 seconds
2019-03-15T15:50:19.164+0900: 417.302: Application time: 0.5279265 seconds
2019-03-15T15:50:19.165+0900: 417.302: [GC (Allocation Failure) 2019-03-15T15:50:19.165+0900: 417.302: [ParNew: 216740K->9071K(235968K), 0.0146416 secs] 566940K->359273K(842580K), 0.0148590 secs] [Times: user=0.06 sys=0.00, real=0.02 secs] 
2019-03-15T15:50:19.180+0900: 417.317: Total time for which application threads were stopped: 0.0151927 seconds, Stopping threads took: 0.0000818 seconds
2019-03-15T15:50:19.637+0900: 417.774: Application time: 0.4570217 seconds
2019-03-15T15:50:19.637+0900: 417.774: Total time for which application threads were stopped: 0.0001020 seconds, Stopping threads took: 0.0000560 seconds
2019-03-15T15:50:19.638+0900: 417.775: Application time: 0.0009094 seconds
2019-03-15T15:50:19.638+0900: 417.775: Total time for which application threads were stopped: 0.0000519 seconds, Stopping threads took: 0.0000261 seconds
2019-03-15T15:50:20.108+0900: 418.246: Application time: 0.4704615 seconds
2019-03-15T15:50:20.108+0900: 418.246: [GC (Allocation Failure) 2019-03-15T15:50:20.108+0900: 418.246: [ParNew: 218863K->12064K(235968K), 0.0128305 secs] 569065K->362268K(842580K), 0.0129991 secs] [Times: user=0.06 sys=0.00, real=0.01 secs] 
2019-03-15T15:50:20.121+0900: 418.259: Total time for which application threads were stopped: 0.0132535 seconds, Stopping threads took: 0.0000594 seconds
2019-03-15T15:50:20.639+0900: 418.777: Application time: 0.5176255 seconds
2019-03-15T15:50:20.639+0900: 418.777: Total time for which application threads were stopped: 0.0001390 seconds, Stopping threads took: 0.0000600 seconds
2019-03-15T15:50:21.087+0900: 419.224: Application time: 0.4475243 seconds
2019-03-15T15:50:21.087+0900: 419.225: [GC (Allocation Failure) 2019-03-15T15:50:21.087+0900: 419.225: [ParNew: 221856K->8598K(235968K), 0.0142139 secs] 572060K->358804K(842580K), 0.0143589 secs] [Times: user=0.06 sys=0.00, real=0.01 secs] 
2019-03-15T15:50:21.101+0900: 419.239: Total time for which application threads were stopped: 0.0145592 seconds, Stopping threads took: 0.0000339 seconds
2019-03-15T15:50:21.639+0900: 419.776: Application time: 0.5372462 seconds
2019-03-15T15:50:21.639+0900: 419.776: Total time for which application threads were stopped: 0.0001763 seconds, Stopping threads took: 0.0000476 seconds
2019-03-15T15:50:22.080+0900: 420.218: Application time: 0.4417300 seconds
2019-03-15T15:50:22.080+0900: 420.218: [GC (Allocation Failure) 2019-03-15T15:50:22.081+0900: 420.218: [ParNew: 218390K->6963K(235968K), 0.0102248 secs] 568596K->359929K(842580K), 0.0103445 secs] [Times: user=0.00 sys=0.00, real=0.01 secs] 
2019-03-15T15:50:22.091+0900: 420.229: Total time for which application threads were stopped: 0.0104932 seconds, Stopping threads took: 0.0000246 seconds
2019-03-15T15:50:22.639+0900: 420.777: Application time: 0.5485957 seconds
2019-03-15T15:50:22.640+0900: 420.777: Total time for which application threads were stopped: 0.0000905 seconds, Stopping threads took: 0.0000314 seconds
2019-03-15T15:50:23.053+0900: 421.191: Application time: 0.4139572 seconds
2019-03-15T15:50:23.054+0900: 421.191: [GC (Allocation Failure) 2019-03-15T15:50:23.054+0900: 421.192: [ParNew: 216755K->10819K(235968K), 0.0083562 secs] 569721K->363786K(842580K), 0.0084831 secs] [Times: user=0.06 sys=0.00, real=0.01 secs] 
2019-03-15T15:50:23.062+0900: 421.200: Total time for which application threads were stopped: 0.0086454 seconds, Stopping threads took: 0.0000336 seconds
2019-03-15T15:50:23.639+0900: 421.777: Application time: 0.5767779 seconds
2019-03-15T15:50:23.639+0900: 421.777: Total time for which application threads were stopped: 0.0001141 seconds, Stopping threads took: 0.0000678 seconds
2019-03-15T15:50:23.925+0900: 422.063: Application time: 0.2861888 seconds
2019-03-15T15:50:23.925+0900: 422.063: [GC (Allocation Failure) 2019-03-15T15:50:23.925+0900: 422.063: [ParNew: 220611K->9115K(235968K), 0.0050603 secs] 573578K->362084K(842580K), 0.0051455 secs] [Times: user=0.00 sys=0.00, real=0.01 secs] 
2019-03-15T15:50:23.930+0900: 422.068: Total time for which application threads were stopped: 0.0052590 seconds, Stopping threads took: 0.0000162 seconds
2019-03-15T15:50:24.639+0900: 422.777: Application time: 0.7085908 seconds
2019-03-15T15:50:24.639+0900: 422.777: Total time for which application threads were stopped: 0.0000858 seconds, Stopping threads took: 0.0000442 seconds
2019-03-15T15:50:24.808+0900: 422.946: Application time: 0.1689814 seconds
2019-03-15T15:50:24.808+0900: 422.946: [GC (Allocation Failure) 2019-03-15T15:50:24.808+0900: 422.946: [ParNew: 218907K->6974K(235968K), 0.0151566 secs] 571876K->362704K(842580K), 0.0153237 secs] [Times: user=0.06 sys=0.00, real=0.02 secs] 
2019-03-15T15:50:24.824+0900: 422.962: Total time for which application threads were stopped: 0.0155759 seconds, Stopping threads took: 0.0000582 seconds
2019-03-15T15:50:25.640+0900: 423.778: Application time: 0.8161235 seconds
2019-03-15T15:50:25.640+0900: 423.778: Total time for which application threads were stopped: 0.0001169 seconds, Stopping threads took: 0.0000504 seconds
2019-03-15T15:50:25.759+0900: 423.897: Application time: 0.1193130 seconds
2019-03-15T15:50:25.759+0900: 423.897: [GC (Allocation Failure) 2019-03-15T15:50:25.759+0900: 423.897: [ParNew: 216766K->6178K(235968K), 0.0061905 secs] 572496K->361910K(842580K), 0.0063010 secs] [Times: user=0.05 sys=0.00, real=0.01 secs] 
2019-03-15T15:50:25.766+0900: 423.904: Total time for which application threads were stopped: 0.0064490 seconds, Stopping threads took: 0.0000457 seconds
2019-03-15T15:50:26.639+0900: 424.777: Application time: 0.8730076 seconds
2019-03-15T15:50:26.639+0900: 424.777: [GC (Allocation Failure) 2019-03-15T15:50:26.639+0900: 424.777: [ParNew: 215970K->6585K(235968K), 0.0160434 secs] 571702K->362319K(842580K), 0.0162903 secs] [Times: user=0.06 sys=0.00, real=0.02 secs] 
2019-03-15T15:50:26.655+0900: 424.793: Total time for which application threads were stopped: 0.0166918 seconds, Stopping threads took: 0.0000902 seconds
2019-03-15T15:50:26.659+0900: 424.797: Application time: 0.0034455 seconds
2019-03-15T15:50:26.659+0900: 424.797: Total time for which application threads were stopped: 0.0002774 seconds, Stopping threads took: 0.0001431 seconds
2019-03-15T15:50:27.559+0900: 425.697: Application time: 0.9000042 seconds
2019-03-15T15:50:27.559+0900: 425.697: [GC (Allocation Failure) 2019-03-15T15:50:27.559+0900: 425.697: [ParNew: 216377K->4071K(235968K), 0.0057987 secs] 572111K->362564K(842580K), 0.0059025 secs] [Times: user=0.00 sys=0.00, real=0.01 secs] 
2019-03-15T15:50:27.565+0900: 425.703: Total time for which application threads were stopped: 0.0060329 seconds, Stopping threads took: 0.0000308 seconds
2019-03-15T15:50:27.641+0900: 425.779: Application time: 0.0755350 seconds
2019-03-15T15:50:27.641+0900: 425.779: Total time for which application threads were stopped: 0.0001568 seconds, Stopping threads took: 0.0000725 seconds
2019-03-15T15:50:28.458+0900: 426.597: Application time: 0.8177813 seconds
2019-03-15T15:50:28.459+0900: 426.597: [GC (Allocation Failure) 2019-03-15T15:50:28.459+0900: 426.597: [ParNew: 213863K->3063K(235968K), 0.0107461 secs] 572356K->361557K(842580K), 0.0109153 secs] [Times: user=0.05 sys=0.00, real=0.01 secs] 
2019-03-15T15:50:28.470+0900: 426.608: Total time for which application threads were stopped: 0.0112281 seconds, Stopping threads took: 0.0001001 seconds
2019-03-15T15:50:28.641+0900: 426.779: Application time: 0.1709564 seconds
2019-03-15T15:50:28.641+0900: 426.779: Total time for which application threads were stopped: 0.0001054 seconds, Stopping threads took: 0.0000470 seconds
2019-03-15T15:50:29.388+0900: 427.526: Application time: 0.7472301 seconds
2019-03-15T15:50:29.388+0900: 427.526: [GC (Allocation Failure) 2019-03-15T15:50:29.388+0900: 427.526: [ParNew: 212855K->4401K(235968K), 0.0110487 secs] 571349K->362898K(842580K), 0.0112334 secs] [Times: user=0.06 sys=0.00, real=0.01 secs] 
2019-03-15T15:50:29.399+0900: 427.538: Total time for which application threads were stopped: 0.0115143 seconds, Stopping threads took: 0.0000868 seconds
2019-03-15T15:50:29.641+0900: 427.779: Application time: 0.2414930 seconds
2019-03-15T15:50:29.641+0900: 427.779: Total time for which application threads were stopped: 0.0001748 seconds, Stopping threads took: 0.0000893 seconds
2019-03-15T15:50:29.643+0900: 427.781: Application time: 0.0018664 seconds
2019-03-15T15:50:29.643+0900: 427.781: Total time for which application threads were stopped: 0.0001950 seconds, Stopping threads took: 0.0001188 seconds
2019-03-15T15:50:30.342+0900: 428.480: Application time: 0.6988011 seconds
2019-03-15T15:50:30.342+0900: 428.480: [GC (Allocation Failure) 2019-03-15T15:50:30.342+0900: 428.480: [ParNew: 214193K->5466K(235968K), 0.0048917 secs] 572690K->363964K(842580K), 0.0049975 secs] [Times: user=0.06 sys=0.00, real=0.00 secs] 
2019-03-15T15:50:30.347+0900: 428.485: Total time for which application threads were stopped: 0.0051570 seconds, Stopping threads took: 0.0000572 seconds
2019-03-15T15:50:30.641+0900: 428.780: Application time: 0.2941042 seconds
2019-03-15T15:50:30.641+0900: 428.780: Total time for which application threads were stopped: 0.0001098 seconds, Stopping threads took: 0.0000519 seconds
2019-03-15T15:50:31.293+0900: 429.431: Application time: 0.6509755 seconds
2019-03-15T15:50:31.294+0900: 429.431: [GC (Allocation Failure) 2019-03-15T15:50:31.294+0900: 429.431: [ParNew: 215258K->4503K(235968K), 0.0146559 secs] 573756K->363004K(842580K), 0.0149097 secs] [Times: user=0.06 sys=0.00, real=0.01 secs] 
2019-03-15T15:50:31.309+0900: 429.446: Total time for which application threads were stopped: 0.0153296 seconds, Stopping threads took: 0.0000980 seconds
2019-03-15T15:50:31.645+0900: 429.782: Application time: 0.3363442 seconds
2019-03-15T15:50:31.645+0900: 429.782: Total time for which application threads were stopped: 0.0001680 seconds, Stopping threads took: 0.0000485 seconds
2019-03-15T15:50:32.279+0900: 430.416: Application time: 0.6336246 seconds
2019-03-15T15:50:32.279+0900: 430.416: [GC (Allocation Failure) 2019-03-15T15:50:32.279+0900: 430.416: [ParNew: 214295K->6133K(235968K), 0.0101396 secs] 572796K->364634K(842580K), 0.0103122 secs] [Times: user=0.06 sys=0.00, real=0.01 secs] 
2019-03-15T15:50:32.289+0900: 430.427: Total time for which application threads were stopped: 0.0105790 seconds, Stopping threads took: 0.0000603 seconds
2019-03-15T15:50:32.646+0900: 430.783: Application time: 0.3563736 seconds
2019-03-15T15:50:32.646+0900: 430.783: Total time for which application threads were stopped: 0.0002090 seconds, Stopping threads took: 0.0000942 seconds
2019-03-15T15:50:33.278+0900: 431.416: Application time: 0.6326107 seconds
2019-03-15T15:50:33.279+0900: 431.416: [GC (Allocation Failure) 2019-03-15T15:50:33.279+0900: 431.416: [ParNew: 215925K->6607K(235968K), 0.0078044 secs] 574426K->365109K(842580K), 0.0079338 secs] [Times: user=0.05 sys=0.00, real=0.01 secs] 
2019-03-15T15:50:33.287+0900: 431.424: Total time for which application threads were stopped: 0.0081086 seconds, Stopping threads took: 0.0000373 seconds
2019-03-15T15:50:33.647+0900: 431.784: Application time: 0.3599544 seconds
2019-03-15T15:50:33.647+0900: 431.784: Total time for which application threads were stopped: 0.0002634 seconds, Stopping threads took: 0.0001303 seconds
2019-03-15T15:50:34.214+0900: 432.351: Application time: 0.5667446 seconds
2019-03-15T15:50:34.214+0900: 432.351: [GC (Allocation Failure) 2019-03-15T15:50:34.214+0900: 432.351: [ParNew: 216399K->5764K(235968K), 0.0097856 secs] 574901K->364267K(842580K), 0.0099623 secs] [Times: user=0.06 sys=0.00, real=0.01 secs] 
2019-03-15T15:50:34.224+0900: 432.361: Total time for which application threads were stopped: 0.0102030 seconds, Stopping threads took: 0.0000463 seconds
2019-03-15T15:50:34.646+0900: 432.783: Application time: 0.4218841 seconds
2019-03-15T15:50:34.646+0900: 432.783: Total time for which application threads were stopped: 0.0001129 seconds, Stopping threads took: 0.0000554 seconds
2019-03-15T15:50:35.157+0900: 433.294: Application time: 0.5111756 seconds
2019-03-15T15:50:35.157+0900: 433.295: [GC (Allocation Failure) 2019-03-15T15:50:35.157+0900: 433.295: [ParNew: 215556K->7092K(235968K), 0.0095524 secs] 574059K->365597K(842580K), 0.0097231 secs] [Times: user=0.00 sys=0.00, real=0.01 secs] 
2019-03-15T15:50:35.167+0900: 433.304: Total time for which application threads were stopped: 0.0099533 seconds, Stopping threads took: 0.0000544 seconds
2019-03-15T15:50:35.649+0900: 433.786: Application time: 0.4818849 seconds
2019-03-15T15:50:35.649+0900: 433.787: Total time for which application threads were stopped: 0.0002653 seconds, Stopping threads took: 0.0001353 seconds
2019-03-15T15:50:36.147+0900: 434.284: Application time: 0.4977902 seconds
2019-03-15T15:50:36.147+0900: 434.284: [GC (Allocation Failure) 2019-03-15T15:50:36.147+0900: 434.284: [ParNew: 216884K->8190K(235968K), 0.0122250 secs] 575389K->366698K(842580K), 0.0123612 secs] [Times: user=0.06 sys=0.00, real=0.01 secs] 
2019-03-15T15:50:36.159+0900: 434.297: Total time for which application threads were stopped: 0.0125518 seconds, Stopping threads took: 0.0000351 seconds
2019-03-15T15:50:36.647+0900: 434.784: Application time: 0.4875763 seconds
2019-03-15T15:50:36.647+0900: 434.785: Total time for which application threads were stopped: 0.0000712 seconds, Stopping threads took: 0.0000323 seconds
2019-03-15T15:50:37.039+0900: 435.177: Application time: 0.3922084 seconds
2019-03-15T15:50:37.039+0900: 435.177: [GC (Allocation Failure) 2019-03-15T15:50:37.039+0900: 435.177: [ParNew: 217982K->6832K(235968K), 0.0052258 secs] 576490K->365341K(842580K), 0.0053184 secs] [Times: user=0.05 sys=0.00, real=0.01 secs] 
2019-03-15T15:50:37.045+0900: 435.182: Total time for which application threads were stopped: 0.0054985 seconds, Stopping threads took: 0.0000653 seconds
2019-03-15T15:50:37.647+0900: 435.785: Application time: 0.6025527 seconds
2019-03-15T15:50:37.647+0900: 435.785: Total time for which application threads were stopped: 0.0000967 seconds, Stopping threads took: 0.0000491 seconds
2019-03-15T15:50:37.880+0900: 436.017: Application time: 0.2323191 seconds
2019-03-15T15:50:37.880+0900: 436.017: [GC (Allocation Failure) 2019-03-15T15:50:37.880+0900: 436.017: [ParNew: 216624K->5033K(235968K), 0.0060668 secs] 575133K->366302K(842580K), 0.0061420 secs] [Times: user=0.06 sys=0.00, real=0.01 secs] 
2019-03-15T15:50:37.886+0900: 436.024: Total time for which application threads were stopped: 0.0063224 seconds, Stopping threads took: 0.0000694 seconds
2019-03-15T15:50:38.647+0900: 436.784: Application time: 0.7609000 seconds
2019-03-15T15:50:38.647+0900: 436.785: Total time for which application threads were stopped: 0.0000824 seconds, Stopping threads took: 0.0000429 seconds
2019-03-15T15:50:38.716+0900: 436.853: Application time: 0.0687921 seconds
2019-03-15T15:50:38.716+0900: 436.853: [GC (Allocation Failure) 2019-03-15T15:50:38.716+0900: 436.853: [ParNew: 214825K->5894K(235968K), 0.0076455 secs] 576094K->367165K(842580K), 0.0077876 secs] [Times: user=0.00 sys=0.00, real=0.01 secs] 
2019-03-15T15:50:38.724+0900: 436.861: Total time for which application threads were stopped: 0.0079817 seconds, Stopping threads took: 0.0000557 seconds
2019-03-15T15:50:39.647+0900: 437.785: Application time: 0.9233497 seconds
2019-03-15T15:50:39.647+0900: 437.785: [GC (Allocation Failure) 2019-03-15T15:50:39.647+0900: 437.785: [ParNew: 215686K->8176K(235968K), 0.0055138 secs] 576957K->369448K(842580K), 0.0056040 secs] [Times: user=0.00 sys=0.00, real=0.01 secs] 
2019-03-15T15:50:39.653+0900: 437.790: Total time for which application threads were stopped: 0.0057747 seconds, Stopping threads took: 0.0000796 seconds
2019-03-15T15:50:39.654+0900: 437.792: Application time: 0.0012858 seconds
2019-03-15T15:50:39.654+0900: 437.792: Total time for which application threads were stopped: 0.0000694 seconds, Stopping threads took: 0.0000323 seconds
2019-03-15T15:50:39.655+0900: 437.793: Application time: 0.0009156 seconds
2019-03-15T15:50:39.655+0900: 437.793: Total time for which application threads were stopped: 0.0000566 seconds, Stopping threads took: 0.0000395 seconds
2019-03-15T15:50:40.486+0900: 438.624: Application time: 0.8308392 seconds
2019-03-15T15:50:40.486+0900: 438.624: [GC (Allocation Failure) 2019-03-15T15:50:40.486+0900: 438.624: [ParNew: 217968K->11814K(235968K), 0.0075043 secs] 579240K->373088K(842580K), 0.0076128 secs] [Times: user=0.06 sys=0.00, real=0.01 secs] 
2019-03-15T15:50:40.494+0900: 438.631: Total time for which application threads were stopped: 0.0077708 seconds, Stopping threads took: 0.0000407 seconds
2019-03-15T15:50:40.648+0900: 438.786: Application time: 0.1544067 seconds
2019-03-15T15:50:40.648+0900: 438.786: Total time for which application threads were stopped: 0.0000827 seconds, Stopping threads took: 0.0000358 seconds
2019-03-15T15:50:41.320+0900: 439.458: Application time: 0.6720076 seconds
2019-03-15T15:50:41.320+0900: 439.458: [GC (Allocation Failure) 2019-03-15T15:50:41.320+0900: 439.458: [ParNew: 221606K->11092K(235968K), 0.0095101 secs] 582880K->372368K(842580K), 0.0095919 secs] [Times: user=0.00 sys=0.00, real=0.01 secs] 
2019-03-15T15:50:41.330+0900: 439.468: Total time for which application threads were stopped: 0.0097125 seconds, Stopping threads took: 0.0000299 seconds
2019-03-15T15:50:41.648+0900: 439.786: Application time: 0.3182858 seconds
2019-03-15T15:50:41.648+0900: 439.786: Total time for which application threads were stopped: 0.0000942 seconds, Stopping threads took: 0.0000460 seconds
2019-03-15T15:50:42.216+0900: 440.353: Application time: 0.5674867 seconds
2019-03-15T15:50:42.216+0900: 440.354: [GC (Allocation Failure) 2019-03-15T15:50:42.216+0900: 440.354: [ParNew: 220884K->12498K(235968K), 0.0077478 secs] 582160K->373775K(842580K), 0.0078446 secs] [Times: user=0.05 sys=0.00, real=0.01 secs] 
2019-03-15T15:50:42.224+0900: 440.361: Total time for which application threads were stopped: 0.0079761 seconds, Stopping threads took: 0.0000355 seconds
2019-03-15T15:50:42.649+0900: 440.787: Application time: 0.4253523 seconds
2019-03-15T15:50:42.649+0900: 440.787: Total time for which application threads were stopped: 0.0000678 seconds, Stopping threads took: 0.0000202 seconds
2019-03-15T15:50:43.052+0900: 441.190: Application time: 0.4031840 seconds
2019-03-15T15:50:43.052+0900: 441.190: [GC (Allocation Failure) 2019-03-15T15:50:43.053+0900: 441.190: [ParNew: 222290K->13398K(235968K), 0.0279243 secs] 583567K->374677K(842580K), 0.0281293 secs] [Times: user=0.09 sys=0.00, real=0.03 secs] 
2019-03-15T15:50:43.081+0900: 441.219: Total time for which application threads were stopped: 0.0284080 seconds, Stopping threads took: 0.0000961 seconds
2019-03-15T15:50:43.650+0900: 441.788: Application time: 0.5690981 seconds
2019-03-15T15:50:43.650+0900: 441.788: Total time for which application threads were stopped: 0.0000557 seconds, Stopping threads took: 0.0000171 seconds
2019-03-15T15:50:43.896+0900: 442.034: Application time: 0.2461051 seconds
2019-03-15T15:50:43.896+0900: 442.034: [GC (Allocation Failure) 2019-03-15T15:50:43.896+0900: 442.034: [ParNew: 223190K->13237K(235968K), 0.0108627 secs] 584469K->380033K(842580K), 0.0109470 secs] [Times: user=0.06 sys=0.00, real=0.01 secs] 
2019-03-15T15:50:43.907+0900: 442.045: Total time for which application threads were stopped: 0.0110935 seconds, Stopping threads took: 0.0000513 seconds
2019-03-15T15:50:44.651+0900: 442.789: Application time: 0.7438175 seconds
2019-03-15T15:50:44.651+0900: 442.789: Total time for which application threads were stopped: 0.0001540 seconds, Stopping threads took: 0.0000784 seconds
2019-03-15T15:50:44.859+0900: 442.998: Application time: 0.2086962 seconds
2019-03-15T15:50:44.860+0900: 442.998: [GC (Allocation Failure) 2019-03-15T15:50:44.860+0900: 442.998: [ParNew: 223029K->6294K(235968K), 0.0142544 secs] 589825K->373090K(842580K), 0.0144718 secs] [Times: user=0.06 sys=0.00, real=0.01 secs] 
2019-03-15T15:50:44.874+0900: 443.012: Total time for which application threads were stopped: 0.0147638 seconds, Stopping threads took: 0.0000426 seconds
2019-03-15T15:50:45.651+0900: 443.789: Application time: 0.7765767 seconds
2019-03-15T15:50:45.651+0900: 443.789: Total time for which application threads were stopped: 0.0000563 seconds, Stopping threads took: 0.0000180 seconds
2019-03-15T15:50:45.758+0900: 443.897: Application time: 0.1075620 seconds
2019-03-15T15:50:45.759+0900: 443.897: [GC (Allocation Failure) 2019-03-15T15:50:45.759+0900: 443.897: [ParNew: 216086K->9434K(235968K), 0.0053116 secs] 582882K->376232K(842580K), 0.0054030 secs] [Times: user=0.06 sys=0.00, real=0.00 secs] 
2019-03-15T15:50:45.764+0900: 443.902: Total time for which application threads were stopped: 0.0055194 seconds, Stopping threads took: 0.0000184 seconds
2019-03-15T15:50:46.652+0900: 444.790: Application time: 0.8879798 seconds
2019-03-15T15:50:46.652+0900: 444.790: Total time for which application threads were stopped: 0.0001325 seconds, Stopping threads took: 0.0000594 seconds
2019-03-15T15:50:46.686+0900: 444.824: Application time: 0.0339628 seconds
2019-03-15T15:50:46.686+0900: 444.824: [GC (Allocation Failure) 2019-03-15T15:50:46.686+0900: 444.824: [ParNew: 219226K->6855K(235968K), 0.0138326 secs] 586024K->376413K(842580K), 0.0139897 secs] [Times: user=0.06 sys=0.00, real=0.01 secs] 
2019-03-15T15:50:46.700+0900: 444.838: Total time for which application threads were stopped: 0.0142646 seconds, Stopping threads took: 0.0000606 seconds
2019-03-15T15:50:47.636+0900: 445.774: Application time: 0.9354770 seconds
2019-03-15T15:50:47.636+0900: 445.774: [GC (Allocation Failure) 2019-03-15T15:50:47.636+0900: 445.774: [ParNew: 216647K->7676K(235968K), 0.0107109 secs] 586205K->377235K(842580K), 0.0108671 secs] [Times: user=0.00 sys=0.00, real=0.01 secs] 
2019-03-15T15:50:47.647+0900: 445.785: Total time for which application threads were stopped: 0.0110866 seconds, Stopping threads took: 0.0000488 seconds
2019-03-15T15:50:47.652+0900: 445.790: Application time: 0.0049101 seconds
2019-03-15T15:50:47.652+0900: 445.790: Total time for which application threads were stopped: 0.0001163 seconds, Stopping threads took: 0.0000513 seconds
2019-03-15T15:50:48.541+0900: 446.679: Application time: 0.8892985 seconds
2019-03-15T15:50:48.541+0900: 446.679: [GC (Allocation Failure) 2019-03-15T15:50:48.541+0900: 446.679: [ParNew: 217468K->10428K(235968K), 0.0052469 secs] 587027K->379990K(842580K), 0.0053551 secs] [Times: user=0.00 sys=0.00, real=0.01 secs] 
2019-03-15T15:50:48.547+0900: 446.685: Total time for which application threads were stopped: 0.0054914 seconds, Stopping threads took: 0.0000180 seconds
2019-03-15T15:50:48.654+0900: 446.792: Application time: 0.1072435 seconds
2019-03-15T15:50:48.654+0900: 446.792: Total time for which application threads were stopped: 0.0001652 seconds, Stopping threads took: 0.0000715 seconds
2019-03-15T15:50:49.549+0900: 447.687: Application time: 0.8945604 seconds
2019-03-15T15:50:49.550+0900: 447.687: [GC (Allocation Failure) 2019-03-15T15:50:49.550+0900: 447.687: [ParNew: 220220K->12905K(235968K), 0.0179493 secs] 589782K->382469K(842580K), 0.0181804 secs] [Times: user=0.12 sys=0.00, real=0.02 secs] 
2019-03-15T15:50:49.568+0900: 447.705: Total time for which application threads were stopped: 0.0184715 seconds, Stopping threads took: 0.0000411 seconds
2019-03-15T15:50:49.656+0900: 447.793: Application time: 0.0878228 seconds
2019-03-15T15:50:49.656+0900: 447.793: Total time for which application threads were stopped: 0.0001620 seconds, Stopping threads took: 0.0000715 seconds
2019-03-15T15:50:49.659+0900: 447.796: Application time: 0.0028014 seconds
2019-03-15T15:50:49.659+0900: 447.796: Total time for which application threads were stopped: 0.0001219 seconds, Stopping threads took: 0.0000675 seconds
2019-03-15T15:50:50.541+0900: 448.678: Application time: 0.8822169 seconds
2019-03-15T15:50:50.541+0900: 448.679: [GC (Allocation Failure) 2019-03-15T15:50:50.541+0900: 448.679: [ParNew: 222697K->13182K(235968K), 0.0122564 secs] 592261K->385506K(842580K), 0.0123960 secs] [Times: user=0.06 sys=0.00, real=0.01 secs] 
2019-03-15T15:50:50.554+0900: 448.691: Total time for which application threads were stopped: 0.0125786 seconds, Stopping threads took: 0.0000420 seconds
2019-03-15T15:50:50.656+0900: 448.793: Application time: 0.1022856 seconds
2019-03-15T15:50:50.656+0900: 448.793: Total time for which application threads were stopped: 0.0001670 seconds, Stopping threads took: 0.0000687 seconds
2019-03-15T15:50:51.532+0900: 449.669: Application time: 0.8757763 seconds
2019-03-15T15:50:51.532+0900: 449.669: [GC (Allocation Failure) 2019-03-15T15:50:51.532+0900: 449.670: [ParNew: 222974K->8915K(235968K), 0.0125540 secs] 595298K->381241K(842580K), 0.0127350 secs] [Times: user=0.06 sys=0.00, real=0.01 secs] 
2019-03-15T15:50:51.545+0900: 449.682: Total time for which application threads were stopped: 0.0130003 seconds, Stopping threads took: 0.0000750 seconds
2019-03-15T15:50:51.658+0900: 449.796: Application time: 0.1134742 seconds
2019-03-15T15:50:51.659+0900: 449.796: Total time for which application threads were stopped: 0.0002124 seconds, Stopping threads took: 0.0001079 seconds
2019-03-15T15:50:52.509+0900: 450.647: Application time: 0.8506070 seconds
2019-03-15T15:50:52.509+0900: 450.647: [GC (Allocation Failure) 2019-03-15T15:50:52.509+0900: 450.647: [ParNew: 218707K->6814K(235968K), 0.0118595 secs] 591033K->379141K(842580K), 0.0120424 secs] [Times: user=0.06 sys=0.00, real=0.01 secs] 
2019-03-15T15:50:52.521+0900: 450.659: Total time for which application threads were stopped: 0.0123133 seconds, Stopping threads took: 0.0000628 seconds
2019-03-15T15:50:52.657+0900: 450.795: Application time: 0.1360319 seconds
2019-03-15T15:50:52.658+0900: 450.795: Total time for which application threads were stopped: 0.0001216 seconds, Stopping threads took: 0.0000351 seconds
2019-03-15T15:50:53.496+0900: 451.633: Application time: 0.8380178 seconds
2019-03-15T15:50:53.496+0900: 451.633: [GC (Allocation Failure) 2019-03-15T15:50:53.496+0900: 451.633: [ParNew: 216606K->5363K(235968K), 0.0061417 secs] 588933K->380448K(842580K), 0.0062472 secs] [Times: user=0.06 sys=0.00, real=0.01 secs] 
2019-03-15T15:50:53.502+0900: 451.639: Total time for which application threads were stopped: 0.0063653 seconds, Stopping threads took: 0.0000199 seconds
2019-03-15T15:50:53.660+0900: 451.797: Application time: 0.1579218 seconds
2019-03-15T15:50:53.660+0900: 451.798: Total time for which application threads were stopped: 0.0003412 seconds, Stopping threads took: 0.0001928 seconds
2019-03-15T15:50:54.420+0900: 452.557: Application time: 0.7595010 seconds
2019-03-15T15:50:54.420+0900: 452.557: [GC (Allocation Failure) 2019-03-15T15:50:54.420+0900: 452.557: [ParNew: 215155K->8708K(235968K), 0.0100780 secs] 590240K->383795K(842580K), 0.0102276 secs] [Times: user=0.00 sys=0.00, real=0.01 secs] 
2019-03-15T15:50:54.430+0900: 452.568: Total time for which application threads were stopped: 0.0104126 seconds, Stopping threads took: 0.0000292 seconds
2019-03-15T15:50:54.660+0900: 452.797: Application time: 0.2298210 seconds
2019-03-15T15:50:54.660+0900: 452.798: Total time for which application threads were stopped: 0.0001452 seconds, Stopping threads took: 0.0000631 seconds
2019-03-15T15:50:55.417+0900: 453.555: Application time: 0.7574925 seconds
2019-03-15T15:50:55.418+0900: 453.555: [GC (Allocation Failure) 2019-03-15T15:50:55.418+0900: 453.555: [ParNew: 218500K->12478K(235968K), 0.0178296 secs] 593587K->387567K(842580K), 0.0180470 secs] [Times: user=0.06 sys=0.00, real=0.02 secs] 
2019-03-15T15:50:55.436+0900: 453.573: Total time for which application threads were stopped: 0.0183402 seconds, Stopping threads took: 0.0000426 seconds
2019-03-15T15:50:55.660+0900: 453.798: Application time: 0.2242914 seconds
2019-03-15T15:50:55.660+0900: 453.798: Total time for which application threads were stopped: 0.0001863 seconds, Stopping threads took: 0.0000939 seconds
2019-03-15T15:50:56.400+0900: 454.537: Application time: 0.7392602 seconds
2019-03-15T15:50:56.400+0900: 454.537: [GC (Allocation Failure) 2019-03-15T15:50:56.400+0900: 454.537: [ParNew: 222270K->7484K(235968K), 0.0110446 secs] 597359K->385332K(842580K), 0.0111644 secs] [Times: user=0.00 sys=0.00, real=0.01 secs] 
2019-03-15T15:50:56.411+0900: 454.549: Total time for which application threads were stopped: 0.0113560 seconds, Stopping threads took: 0.0000532 seconds
2019-03-15T15:50:56.659+0900: 454.797: Application time: 0.2485466 seconds
2019-03-15T15:50:56.660+0900: 454.797: Total time for which application threads were stopped: 0.0000871 seconds, Stopping threads took: 0.0000243 seconds
2019-03-15T15:50:57.409+0900: 455.547: Application time: 0.7493671 seconds
2019-03-15T15:50:57.409+0900: 455.547: [GC (Allocation Failure) 2019-03-15T15:50:57.409+0900: 455.547: [ParNew: 217276K->9692K(235968K), 0.0151386 secs] 595124K->387542K(842580K), 0.0153457 secs] [Times: user=0.06 sys=0.00, real=0.02 secs] 
2019-03-15T15:50:57.425+0900: 455.562: Total time for which application threads were stopped: 0.0156754 seconds, Stopping threads took: 0.0000750 seconds
2019-03-15T15:50:57.660+0900: 455.798: Application time: 0.2358713 seconds
2019-03-15T15:50:57.661+0900: 455.798: Total time for which application threads were stopped: 0.0001110 seconds, Stopping threads took: 0.0000488 seconds
2019-03-15T15:50:58.336+0900: 456.473: Application time: 0.6751178 seconds
2019-03-15T15:50:58.336+0900: 456.474: [GC (Allocation Failure) 2019-03-15T15:50:58.336+0900: 456.474: [ParNew: 219484K->6099K(235968K), 0.0088787 secs] 597334K->383951K(842580K), 0.0090230 secs] [Times: user=0.00 sys=0.00, real=0.01 secs] 
2019-03-15T15:50:58.345+0900: 456.483: Total time for which application threads were stopped: 0.0092158 seconds, Stopping threads took: 0.0000392 seconds
2019-03-15T15:50:58.661+0900: 456.798: Application time: 0.3158169 seconds
2019-03-15T15:50:58.661+0900: 456.799: Total time for which application threads were stopped: 0.0001580 seconds, Stopping threads took: 0.0000818 seconds
2019-03-15T15:50:59.270+0900: 457.407: Application time: 0.6088375 seconds
2019-03-15T15:50:59.270+0900: 457.408: [GC (Allocation Failure) 2019-03-15T15:50:59.270+0900: 457.408: [ParNew: 215891K->6776K(235968K), 0.0096587 secs] 593743K->384629K(842580K), 0.0098233 secs] [Times: user=0.00 sys=0.00, real=0.01 secs] 
2019-03-15T15:50:59.280+0900: 457.418: Total time for which application threads were stopped: 0.0100612 seconds, Stopping threads took: 0.0000585 seconds
2019-03-15T15:50:59.664+0900: 457.801: Application time: 0.3838529 seconds
2019-03-15T15:50:59.664+0900: 457.802: Total time for which application threads were stopped: 0.0001910 seconds, Stopping threads took: 0.0000706 seconds
2019-03-15T15:50:59.667+0900: 457.804: Application time: 0.0028312 seconds
2019-03-15T15:50:59.667+0900: 457.805: Total time for which application threads were stopped: 0.0001502 seconds, Stopping threads took: 0.0000796 seconds
2019-03-15T15:51:00.232+0900: 458.370: Application time: 0.5655743 seconds
2019-03-15T15:51:00.232+0900: 458.370: [GC (Allocation Failure) 2019-03-15T15:51:00.232+0900: 458.370: [ParNew: 216568K->3949K(235968K), 0.0070275 secs] 594421K->384562K(842580K), 0.0071336 secs] [Times: user=0.06 sys=0.00, real=0.01 secs] 
2019-03-15T15:51:00.240+0900: 458.377: Total time for which application threads were stopped: 0.0072745 seconds, Stopping threads took: 0.0000364 seconds
2019-03-15T15:51:00.663+0900: 458.801: Application time: 0.4231970 seconds
2019-03-15T15:51:00.663+0900: 458.801: Total time for which application threads were stopped: 0.0001440 seconds, Stopping threads took: 0.0000743 seconds
2019-03-15T15:51:01.178+0900: 459.316: Application time: 0.5155712 seconds
2019-03-15T15:51:01.179+0900: 459.317: [GC (Allocation Failure) 2019-03-15T15:51:01.179+0900: 459.317: [ParNew: 213741K->7816K(235968K), 0.0190267 secs] 594354K->388431K(842580K), 0.0192239 secs] [Times: user=0.06 sys=0.00, real=0.02 secs] 
2019-03-15T15:51:01.198+0900: 459.336: Total time for which application threads were stopped: 0.0195367 seconds, Stopping threads took: 0.0001036 seconds
2019-03-15T15:51:01.663+0900: 459.801: Application time: 0.4646777 seconds
2019-03-15T15:51:01.663+0900: 459.801: Total time for which application threads were stopped: 0.0001173 seconds, Stopping threads took: 0.0000519 seconds
2019-03-15T15:51:02.115+0900: 460.253: Application time: 0.4523551 seconds
2019-03-15T15:51:02.115+0900: 460.253: [GC (Allocation Failure) 2019-03-15T15:51:02.115+0900: 460.253: [ParNew: 217608K->9000K(235968K), 0.0128647 secs] 598223K->389617K(842580K), 0.0129804 secs] [Times: user=0.05 sys=0.00, real=0.01 secs] 
2019-03-15T15:51:02.128+0900: 460.266: Total time for which application threads were stopped: 0.0131997 seconds, Stopping threads took: 0.0000625 seconds
2019-03-15T15:51:02.664+0900: 460.802: Application time: 0.5355835 seconds
2019-03-15T15:51:02.664+0900: 460.802: Total time for which application threads were stopped: 0.0001350 seconds, Stopping threads took: 0.0000619 seconds
2019-03-15T15:51:03.077+0900: 461.215: Application time: 0.4131647 seconds
2019-03-15T15:51:03.077+0900: 461.215: [GC (Allocation Failure) 2019-03-15T15:51:03.077+0900: 461.215: [ParNew: 218792K->4679K(235968K), 0.0157613 secs] 599409K->388055K(842580K), 0.0159376 secs] [Times: user=0.06 sys=0.00, real=0.02 secs] 
2019-03-15T15:51:03.093+0900: 461.231: Total time for which application threads were stopped: 0.0162116 seconds, Stopping threads took: 0.0000634 seconds
2019-03-15T15:51:03.664+0900: 461.802: Application time: 0.5705155 seconds
2019-03-15T15:51:03.664+0900: 461.802: Total time for which application threads were stopped: 0.0001723 seconds, Stopping threads took: 0.0000862 seconds
2019-03-15T15:51:03.987+0900: 462.125: Application time: 0.3226382 seconds
2019-03-15T15:51:03.987+0900: 462.125: [GC (Allocation Failure) 2019-03-15T15:51:03.987+0900: 462.125: [ParNew: 214471K->8730K(235968K), 0.0099918 secs] 597847K->392108K(842580K), 0.0101349 secs] [Times: user=0.06 sys=0.00, real=0.01 secs] 
2019-03-15T15:51:03.997+0900: 462.135: Total time for which application threads were stopped: 0.0103545 seconds, Stopping threads took: 0.0000501 seconds
2019-03-15T15:51:04.663+0900: 462.801: Application time: 0.6661657 seconds
2019-03-15T15:51:04.663+0900: 462.801: Total time for which application threads were stopped: 0.0001085 seconds, Stopping threads took: 0.0000625 seconds
2019-03-15T15:51:04.872+0900: 463.010: Application time: 0.2082754 seconds
2019-03-15T15:51:04.872+0900: 463.010: [GC (Allocation Failure) 2019-03-15T15:51:04.872+0900: 463.010: [ParNew: 218522K->8996K(235968K), 0.0070390 secs] 601900K->392376K(842580K), 0.0071311 secs] [Times: user=0.00 sys=0.00, real=0.01 secs] 
2019-03-15T15:51:04.879+0900: 463.017: Total time for which application threads were stopped: 0.0072508 seconds, Stopping threads took: 0.0000180 seconds
2019-03-15T15:51:05.664+0900: 463.802: Application time: 0.7850567 seconds
2019-03-15T15:51:05.664+0900: 463.802: Total time for which application threads were stopped: 0.0000597 seconds, Stopping threads took: 0.0000190 seconds
2019-03-15T15:51:05.792+0900: 463.930: Application time: 0.1282327 seconds
2019-03-15T15:51:05.792+0900: 463.930: [GC (Allocation Failure) 2019-03-15T15:51:05.792+0900: 463.930: [ParNew: 218788K->10468K(235968K), 0.0051082 secs] 602168K->393850K(842580K), 0.0052124 secs] [Times: user=0.00 sys=0.00, real=0.00 secs] 
2019-03-15T15:51:05.797+0900: 463.936: Total time for which application threads were stopped: 0.0053433 seconds, Stopping threads took: 0.0000342 seconds
2019-03-15T15:51:06.665+0900: 464.802: Application time: 0.8666709 seconds
2019-03-15T15:51:06.665+0900: 464.802: Total time for which application threads were stopped: 0.0000840 seconds, Stopping threads took: 0.0000392 seconds
2019-03-15T15:51:06.671+0900: 464.808: Application time: 0.0060363 seconds
2019-03-15T15:51:06.671+0900: 464.809: [GC (Allocation Failure) 2019-03-15T15:51:06.671+0900: 464.809: [ParNew: 220260K->11630K(235968K), 0.0095810 secs] 603642K->397771K(842580K), 0.0096712 secs] [Times: user=0.02 sys=0.00, real=0.01 secs] 
2019-03-15T15:51:06.681+0900: 464.818: Total time for which application threads were stopped: 0.0098242 seconds, Stopping threads took: 0.0000398 seconds
2019-03-15T15:51:07.576+0900: 465.714: Application time: 0.8954608 seconds
2019-03-15T15:51:07.577+0900: 465.714: [GC (Allocation Failure) 2019-03-15T15:51:07.577+0900: 465.714: [ParNew: 221422K->3876K(235968K), 0.0065691 secs] 607563K->390018K(842580K), 0.0066913 secs] [Times: user=0.00 sys=0.00, real=0.01 secs] 
2019-03-15T15:51:07.583+0900: 465.721: Total time for which application threads were stopped: 0.0068241 seconds, Stopping threads took: 0.0000227 seconds
2019-03-15T15:51:07.666+0900: 465.803: Application time: 0.0826838 seconds
2019-03-15T15:51:07.666+0900: 465.803: Total time for which application threads were stopped: 0.0000613 seconds, Stopping threads took: 0.0000187 seconds
2019-03-15T15:51:08.429+0900: 466.566: Application time: 0.7626741 seconds
2019-03-15T15:51:08.429+0900: 466.566: [GC (Allocation Failure) 2019-03-15T15:51:08.429+0900: 466.566: [ParNew: 213668K->4727K(235968K), 0.0039142 secs] 599810K->390872K(842580K), 0.0040031 secs] [Times: user=0.00 sys=0.00, real=0.00 secs] 
2019-03-15T15:51:08.433+0900: 466.570: Total time for which application threads were stopped: 0.0041132 seconds, Stopping threads took: 0.0000196 seconds
2019-03-15T15:51:08.670+0900: 466.808: Application time: 0.2375383 seconds
2019-03-15T15:51:08.670+0900: 466.808: Total time for which application threads were stopped: 0.0000560 seconds, Stopping threads took: 0.0000168 seconds
2019-03-15T15:51:09.371+0900: 467.508: Application time: 0.7005583 seconds
2019-03-15T15:51:09.371+0900: 467.508: [GC (Allocation Failure) 2019-03-15T15:51:09.371+0900: 467.508: [ParNew: 214519K->5272K(235968K), 0.0152120 secs] 600664K->394176K(842580K), 0.0153560 secs] [Times: user=0.06 sys=0.00, real=0.01 secs] 
2019-03-15T15:51:09.386+0900: 467.524: Total time for which application threads were stopped: 0.0155790 seconds, Stopping threads took: 0.0000523 seconds
2019-03-15T15:51:09.667+0900: 467.805: Application time: 0.2809521 seconds
2019-03-15T15:51:09.668+0900: 467.805: Total time for which application threads were stopped: 0.0001073 seconds, Stopping threads took: 0.0000507 seconds
2019-03-15T15:51:09.669+0900: 467.806: Application time: 0.0012938 seconds
2019-03-15T15:51:09.669+0900: 467.806: Total time for which application threads were stopped: 0.0000871 seconds, Stopping threads took: 0.0000532 seconds
2019-03-15T15:51:10.324+0900: 468.461: Application time: 0.6549251 seconds
2019-03-15T15:51:10.324+0900: 468.461: [GC (Allocation Failure) 2019-03-15T15:51:10.324+0900: 468.461: [ParNew: 215064K->2456K(235968K), 0.0088348 secs] 603968K->391362K(842580K), 0.0090261 secs] [Times: user=0.06 sys=0.00, real=0.01 secs] 
2019-03-15T15:51:10.333+0900: 468.471: Total time for which application threads were stopped: 0.0093048 seconds, Stopping threads took: 0.0000628 seconds
2019-03-15T15:51:10.669+0900: 468.806: Application time: 0.3355875 seconds
2019-03-15T15:51:10.669+0900: 468.806: Total time for which application threads were stopped: 0.0001197 seconds, Stopping threads took: 0.0000501 seconds
2019-03-15T15:51:11.252+0900: 469.389: Application time: 0.5831923 seconds
2019-03-15T15:51:11.252+0900: 469.390: [GC (Allocation Failure) 2019-03-15T15:51:11.252+0900: 469.390: [ParNew: 212248K->5450K(235968K), 0.0178190 secs] 601154K->394357K(842580K), 0.0180756 secs] [Times: user=0.06 sys=0.00, real=0.02 secs] 
2019-03-15T15:51:11.270+0900: 469.408: Total time for which application threads were stopped: 0.0184877 seconds, Stopping threads took: 0.0001008 seconds
2019-03-15T15:51:11.672+0900: 469.809: Application time: 0.4012986 seconds
2019-03-15T15:51:11.672+0900: 469.809: Total time for which application threads were stopped: 0.0002075 seconds, Stopping threads took: 0.0000482 seconds
2019-03-15T15:51:12.219+0900: 470.356: Application time: 0.5469936 seconds
2019-03-15T15:51:12.219+0900: 470.357: [GC (Allocation Failure) 2019-03-15T15:51:12.219+0900: 470.357: [ParNew: 215242K->5785K(235968K), 0.0107784 secs] 604149K->394694K(842580K), 0.0109532 secs] [Times: user=0.00 sys=0.00, real=0.01 secs] 
2019-03-15T15:51:12.230+0900: 470.368: Total time for which application threads were stopped: 0.0112235 seconds, Stopping threads took: 0.0000631 seconds
2019-03-15T15:51:12.670+0900: 470.808: Application time: 0.4401513 seconds
2019-03-15T15:51:12.670+0900: 470.808: Total time for which application threads were stopped: 0.0001173 seconds, Stopping threads took: 0.0000672 seconds
2019-03-15T15:51:13.152+0900: 471.290: Application time: 0.4821064 seconds
2019-03-15T15:51:13.153+0900: 471.290: [GC (Allocation Failure) 2019-03-15T15:51:13.153+0900: 471.290: [ParNew: 215577K->6846K(235968K), 0.0142301 secs] 604486K->395756K(842580K), 0.0144484 secs] [Times: user=0.06 sys=0.00, real=0.01 secs] 
2019-03-15T15:51:13.167+0900: 471.305: Total time for which application threads were stopped: 0.0147651 seconds, Stopping threads took: 0.0000432 seconds
2019-03-15T15:51:13.670+0900: 471.807: Application time: 0.5026138 seconds
2019-03-15T15:51:13.670+0900: 471.808: Total time for which application threads were stopped: 0.0000743 seconds, Stopping threads took: 0.0000327 seconds
2019-03-15T15:51:14.062+0900: 472.200: Application time: 0.3925313 seconds
2019-03-15T15:51:14.063+0900: 472.200: [GC (Allocation Failure) 2019-03-15T15:51:14.063+0900: 472.200: [ParNew: 216638K->6968K(235968K), 0.0055318 secs] 605548K->395879K(842580K), 0.0056282 secs] [Times: user=0.00 sys=0.00, real=0.01 secs] 
2019-03-15T15:51:14.068+0900: 472.206: Total time for which application threads were stopped: 0.0057688 seconds, Stopping threads took: 0.0000420 seconds
2019-03-15T15:51:14.679+0900: 472.816: Application time: 0.6103680 seconds
2019-03-15T15:51:14.679+0900: 472.816: Total time for which application threads were stopped: 0.0000566 seconds, Stopping threads took: 0.0000177 seconds
2019-03-15T15:51:14.908+0900: 473.046: Application time: 0.2294241 seconds
2019-03-15T15:51:14.908+0900: 473.046: [GC (Allocation Failure) 2019-03-15T15:51:14.908+0900: 473.046: [ParNew: 216760K->5357K(235968K), 0.0035341 secs] 605671K->394270K(842580K), 0.0036172 secs] [Times: user=0.00 sys=0.00, real=0.00 secs] 
2019-03-15T15:51:14.912+0900: 473.049: Total time for which application threads were stopped: 0.0037441 seconds, Stopping threads took: 0.0000320 seconds
2019-03-15T15:51:15.679+0900: 473.817: Application time: 0.7671702 seconds
2019-03-15T15:51:15.679+0900: 473.817: Total time for which application threads were stopped: 0.0000743 seconds, Stopping threads took: 0.0000299 seconds
2019-03-15T15:51:15.769+0900: 473.906: Application time: 0.0895835 seconds
2019-03-15T15:51:15.769+0900: 473.906: [GC (Allocation Failure) 2019-03-15T15:51:15.769+0900: 473.906: [ParNew: 215149K->1813K(235968K), 0.0051947 secs] 604062K->393486K(842580K), 0.0052914 secs] [Times: user=0.00 sys=0.00, real=0.00 secs] 
2019-03-15T15:51:15.774+0900: 473.912: Total time for which application threads were stopped: 0.0054553 seconds, Stopping threads took: 0.0000690 seconds
2019-03-15T15:51:16.623+0900: 474.760: Application time: 0.8485250 seconds
2019-03-15T15:51:16.623+0900: 474.760: [GC (Allocation Failure) 2019-03-15T15:51:16.623+0900: 474.761: [ParNew: 211605K->3054K(235968K), 0.0114633 secs] 603278K->394728K(842580K), 0.0116972 secs] [Times: user=0.06 sys=0.00, real=0.01 secs] 
2019-03-15T15:51:16.635+0900: 474.772: Total time for which application threads were stopped: 0.0120993 seconds, Stopping threads took: 0.0000771 seconds
2019-03-15T15:51:16.682+0900: 474.819: Application time: 0.0469159 seconds
2019-03-15T15:51:16.682+0900: 474.820: Total time for which application threads were stopped: 0.0002342 seconds, Stopping threads took: 0.0000980 seconds
2019-03-15T15:51:17.598+0900: 475.736: Application time: 0.9160901 seconds
2019-03-15T15:51:17.598+0900: 475.736: [GC (Allocation Failure) 2019-03-15T15:51:17.598+0900: 475.736: [ParNew: 212846K->4711K(235968K), 0.0107834 secs] 604520K->396388K(842580K), 0.0109725 secs] [Times: user=0.06 sys=0.00, real=0.01 secs] 
2019-03-15T15:51:17.609+0900: 475.747: Total time for which application threads were stopped: 0.0112487 seconds, Stopping threads took: 0.0000634 seconds
2019-03-15T15:51:17.681+0900: 475.819: Application time: 0.0721604 seconds
2019-03-15T15:51:17.681+0900: 475.819: Total time for which application threads were stopped: 0.0001406 seconds, Stopping threads took: 0.0000610 seconds
2019-03-15T15:51:18.572+0900: 476.710: Application time: 0.8906695 seconds
2019-03-15T15:51:18.572+0900: 476.710: [GC (Allocation Failure) 2019-03-15T15:51:18.572+0900: 476.710: [ParNew: 214503K->4268K(235968K), 0.0035279 secs] 606180K->395946K(842580K), 0.0036402 secs] [Times: user=0.00 sys=0.00, real=0.00 secs] 
2019-03-15T15:51:18.576+0900: 476.714: Total time for which application threads were stopped: 0.0037487 seconds, Stopping threads took: 0.0000193 seconds
2019-03-15T15:51:18.681+0900: 476.819: Application time: 0.1048932 seconds
2019-03-15T15:51:18.681+0900: 476.819: Total time for which application threads were stopped: 0.0000551 seconds, Stopping threads took: 0.0000159 seconds
2019-03-15T15:51:19.480+0900: 477.618: Application time: 0.7994519 seconds
2019-03-15T15:51:19.480+0900: 477.618: [GC (Allocation Failure) 2019-03-15T15:51:19.480+0900: 477.618: [ParNew: 214060K->4555K(235968K), 0.0094768 secs] 605738K->396234K(842580K), 0.0096251 secs] [Times: user=0.06 sys=0.00, real=0.01 secs] 
2019-03-15T15:51:19.490+0900: 477.628: Total time for which application threads were stopped: 0.0098653 seconds, Stopping threads took: 0.0000454 seconds
2019-03-15T15:51:19.684+0900: 477.822: Application time: 0.1937884 seconds
2019-03-15T15:51:19.684+0900: 477.822: Total time for which application threads were stopped: 0.0002681 seconds, Stopping threads took: 0.0001331 seconds
2019-03-15T15:51:19.687+0900: 477.825: Application time: 0.0032831 seconds
2019-03-15T15:51:19.688+0900: 477.825: Total time for which application threads were stopped: 0.0001726 seconds, Stopping threads took: 0.0000818 seconds
2019-03-15T15:51:20.464+0900: 478.602: Application time: 0.7769549 seconds
2019-03-15T15:51:20.465+0900: 478.603: [GC (Allocation Failure) 2019-03-15T15:51:20.465+0900: 478.603: [ParNew: 214347K->6932K(235968K), 0.0075662 secs] 606026K->398613K(842580K), 0.0076956 secs] [Times: user=0.06 sys=0.00, real=0.01 secs] 
2019-03-15T15:51:20.472+0900: 478.610: Total time for which application threads were stopped: 0.0079935 seconds, Stopping threads took: 0.0000364 seconds
2019-03-15T15:51:20.685+0900: 478.822: Application time: 0.2120521 seconds
2019-03-15T15:51:20.685+0900: 478.823: Total time for which application threads were stopped: 0.0001639 seconds, Stopping threads took: 0.0000470 seconds
2019-03-15T15:51:21.438+0900: 479.576: Application time: 0.7530632 seconds
2019-03-15T15:51:21.438+0900: 479.576: [GC (Allocation Failure) 2019-03-15T15:51:21.438+0900: 479.576: [ParNew: 216724K->6764K(235968K), 0.0109411 secs] 608405K->398448K(842580K), 0.0111308 secs] [Times: user=0.00 sys=0.00, real=0.01 secs] 
2019-03-15T15:51:21.449+0900: 479.587: Total time for which application threads were stopped: 0.0114048 seconds, Stopping threads took: 0.0000628 seconds
2019-03-15T15:51:21.683+0900: 479.821: Application time: 0.2343398 seconds
2019-03-15T15:51:21.684+0900: 479.822: Total time for which application threads were stopped: 0.0001132 seconds, Stopping threads took: 0.0000460 seconds
2019-03-15T15:51:22.447+0900: 480.585: Application time: 0.7632622 seconds
2019-03-15T15:51:22.447+0900: 480.585: [GC (Allocation Failure) 2019-03-15T15:51:22.447+0900: 480.585: [ParNew: 216556K->5915K(235968K), 0.0117827 secs] 608240K->397598K(842580K), 0.0119276 secs] [Times: user=0.05 sys=0.00, real=0.01 secs] 
2019-03-15T15:51:22.459+0900: 480.597: Total time for which application threads were stopped: 0.0121525 seconds, Stopping threads took: 0.0000532 seconds
2019-03-15T15:51:22.683+0900: 480.821: Application time: 0.2242880 seconds
2019-03-15T15:51:22.683+0900: 480.821: Total time for which application threads were stopped: 0.0001029 seconds, Stopping threads took: 0.0000526 seconds
2019-03-15T15:51:23.398+0900: 481.536: Application time: 0.7143462 seconds
2019-03-15T15:51:23.398+0900: 481.536: [GC (Allocation Failure) 2019-03-15T15:51:23.398+0900: 481.536: [ParNew: 215707K->8649K(235968K), 0.0096811 secs] 607390K->400334K(842580K), 0.0098152 secs] [Times: user=0.06 sys=0.00, real=0.01 secs] 
2019-03-15T15:51:23.408+0900: 481.546: Total time for which application threads were stopped: 0.0100055 seconds, Stopping threads took: 0.0000467 seconds
2019-03-15T15:51:23.685+0900: 481.822: Application time: 0.2763658 seconds
2019-03-15T15:51:23.685+0900: 481.822: Total time for which application threads were stopped: 0.0000939 seconds, Stopping threads took: 0.0000535 seconds
2019-03-15T15:51:24.302+0900: 482.439: Application time: 0.6165776 seconds
2019-03-15T15:51:24.302+0900: 482.439: [GC (Allocation Failure) 2019-03-15T15:51:24.302+0900: 482.439: [ParNew: 218441K->12239K(235968K), 0.0100338 secs] 610126K->403926K(842580K), 0.0101806 secs] [Times: user=0.06 sys=0.00, real=0.01 secs] 
2019-03-15T15:51:24.312+0900: 482.449: Total time for which application threads were stopped: 0.0103884 seconds, Stopping threads took: 0.0000491 seconds
2019-03-15T15:51:24.685+0900: 482.822: Application time: 0.3728689 seconds
2019-03-15T15:51:24.685+0900: 482.822: Total time for which application threads were stopped: 0.0000874 seconds, Stopping threads took: 0.0000376 seconds
2019-03-15T15:51:25.264+0900: 483.402: Application time: 0.5794106 seconds
2019-03-15T15:51:25.265+0900: 483.402: [GC (Allocation Failure) 2019-03-15T15:51:25.265+0900: 483.402: [ParNew: 222031K->5404K(235968K), 0.0193315 secs] 613718K->399850K(842580K), 0.0195100 secs] [Times: user=0.06 sys=0.00, real=0.02 secs] 
2019-03-15T15:51:25.284+0900: 483.421: Total time for which application threads were stopped: 0.0197871 seconds, Stopping threads took: 0.0000622 seconds
2019-03-15T15:51:25.686+0900: 483.823: Application time: 0.4014022 seconds
2019-03-15T15:51:25.686+0900: 483.823: Total time for which application threads were stopped: 0.0001639 seconds, Stopping threads took: 0.0000955 seconds
2019-03-15T15:51:26.242+0900: 484.379: Application time: 0.5564038 seconds
2019-03-15T15:51:26.242+0900: 484.380: [GC (Allocation Failure) 2019-03-15T15:51:26.242+0900: 484.380: [ParNew: 215196K->7581K(235968K), 0.0142071 secs] 609642K->402029K(842580K), 0.0143918 secs] [Times: user=0.01 sys=0.00, real=0.01 secs] 
2019-03-15T15:51:26.257+0900: 484.394: Total time for which application threads were stopped: 0.0146643 seconds, Stopping threads took: 0.0000634 seconds
2019-03-15T15:51:26.687+0900: 484.824: Application time: 0.4299287 seconds
2019-03-15T15:51:26.687+0900: 484.824: Total time for which application threads were stopped: 0.0001372 seconds, Stopping threads took: 0.0000569 seconds
2019-03-15T15:51:27.197+0900: 485.334: Application time: 0.5101113 seconds
2019-03-15T15:51:27.197+0900: 485.334: [GC (Allocation Failure) 2019-03-15T15:51:27.197+0900: 485.335: [ParNew: 217373K->6069K(235968K), 0.0141629 secs] 611821K->400519K(842580K), 0.0143953 secs] [Times: user=0.06 sys=0.00, real=0.01 secs] 
2019-03-15T15:51:27.212+0900: 485.349: Total time for which application threads were stopped: 0.0147467 seconds, Stopping threads took: 0.0001036 seconds
2019-03-15T15:51:27.688+0900: 485.825: Application time: 0.4759357 seconds
2019-03-15T15:51:27.688+0900: 485.825: Total time for which application threads were stopped: 0.0000700 seconds, Stopping threads took: 0.0000196 seconds
2019-03-15T15:51:28.161+0900: 486.299: Application time: 0.4735794 seconds
2019-03-15T15:51:28.161+0900: 486.299: [GC (Allocation Failure) 2019-03-15T15:51:28.161+0900: 486.299: [ParNew: 215861K->6775K(235968K), 0.0116965 secs] 610311K->401227K(842580K), 0.0118651 secs] [Times: user=0.00 sys=0.01, real=0.01 secs] 
2019-03-15T15:51:28.173+0900: 486.311: Total time for which application threads were stopped: 0.0121373 seconds, Stopping threads took: 0.0000659 seconds
2019-03-15T15:51:28.687+0900: 486.824: Application time: 0.5132787 seconds
2019-03-15T15:51:28.687+0900: 486.824: Total time for which application threads were stopped: 0.0001098 seconds, Stopping threads took: 0.0000622 seconds
2019-03-15T15:51:29.031+0900: 487.168: Application time: 0.3443505 seconds
2019-03-15T15:51:29.031+0900: 487.169: [GC (Allocation Failure) 2019-03-15T15:51:29.031+0900: 487.169: [ParNew: 216567K->8394K(235968K), 0.0063112 secs] 611019K->402847K(842580K), 0.0064213 secs] [Times: user=0.06 sys=0.00, real=0.01 secs] 
2019-03-15T15:51:29.038+0900: 487.175: Total time for which application threads were stopped: 0.0065672 seconds, Stopping threads took: 0.0000383 seconds
2019-03-15T15:51:29.689+0900: 487.826: Application time: 0.6511901 seconds
2019-03-15T15:51:29.689+0900: 487.826: Total time for which application threads were stopped: 0.0001692 seconds, Stopping threads took: 0.0000718 seconds
2019-03-15T15:51:29.692+0900: 487.829: Application time: 0.0027466 seconds
2019-03-15T15:51:29.692+0900: 487.829: Total time for which application threads were stopped: 0.0001263 seconds, Stopping threads took: 0.0000687 seconds
2019-03-15T15:51:30.075+0900: 488.213: Application time: 0.3832271 seconds
2019-03-15T15:51:30.075+0900: 488.213: [GC (Allocation Failure) 2019-03-15T15:51:30.075+0900: 488.213: [ParNew: 218186K->12652K(235968K), 0.0293252 secs] 612639K->407107K(842580K), 0.0295600 secs] [Times: user=0.12 sys=0.00, real=0.03 secs] 
2019-03-15T15:51:30.105+0900: 488.242: Total time for which application threads were stopped: 0.0299177 seconds, Stopping threads took: 0.0000868 seconds
2019-03-15T15:51:30.688+0900: 488.826: Application time: 0.5832993 seconds
2019-03-15T15:51:30.688+0900: 488.826: Total time for which application threads were stopped: 0.0001026 seconds, Stopping threads took: 0.0000488 seconds
2019-03-15T15:51:31.052+0900: 489.189: Application time: 0.3631766 seconds
2019-03-15T15:51:31.052+0900: 489.189: [GC (Allocation Failure) 2019-03-15T15:51:31.052+0900: 489.189: [ParNew: 222444K->17081K(235968K), 0.0278208 secs] 616899K->411538K(842580K), 0.0280142 secs] [Times: user=0.13 sys=0.00, real=0.03 secs] 
2019-03-15T15:51:31.080+0900: 489.217: Total time for which application threads were stopped: 0.0282929 seconds, Stopping threads took: 0.0000893 seconds
2019-03-15T15:51:31.689+0900: 489.826: Application time: 0.6090117 seconds
2019-03-15T15:51:31.689+0900: 489.827: Total time for which application threads were stopped: 0.0001344 seconds, Stopping threads took: 0.0000572 seconds
2019-03-15T15:51:32.056+0900: 490.194: Application time: 0.3670404 seconds
2019-03-15T15:51:32.056+0900: 490.194: [GC (Allocation Failure) 2019-03-15T15:51:32.056+0900: 490.194: [ParNew: 226873K->8703K(235968K), 0.0216405 secs] 621330K->408677K(842580K), 0.0217972 secs] [Times: user=0.08 sys=0.00, real=0.02 secs] 
2019-03-15T15:51:32.078+0900: 490.216: Total time for which application threads were stopped: 0.0220237 seconds, Stopping threads took: 0.0000610 seconds
2019-03-15T15:51:32.688+0900: 490.826: Application time: 0.6103755 seconds
2019-03-15T15:51:32.689+0900: 490.826: Total time for which application threads were stopped: 0.0001092 seconds, Stopping threads took: 0.0000507 seconds
2019-03-15T15:51:32.998+0900: 491.135: Application time: 0.3091620 seconds
2019-03-15T15:51:32.998+0900: 491.135: [GC (Allocation Failure) 2019-03-15T15:51:32.998+0900: 491.135: [ParNew: 218495K->6536K(235968K), 0.0084370 secs] 618469K->406512K(842580K), 0.0085674 secs] [Times: user=0.00 sys=0.00, real=0.01 secs] 
2019-03-15T15:51:33.006+0900: 491.144: Total time for which application threads were stopped: 0.0087546 seconds, Stopping threads took: 0.0000448 seconds
2019-03-15T15:51:33.689+0900: 491.826: Application time: 0.6823820 seconds
2019-03-15T15:51:33.689+0900: 491.826: Total time for which application threads were stopped: 0.0000973 seconds, Stopping threads took: 0.0000417 seconds
2019-03-15T15:51:33.897+0900: 492.035: Application time: 0.2082169 seconds
2019-03-15T15:51:33.897+0900: 492.035: [GC (Allocation Failure) 2019-03-15T15:51:33.897+0900: 492.035: [ParNew: 216328K->11924K(235968K), 0.0085388 secs] 616304K->411902K(842580K), 0.0086349 secs] [Times: user=0.05 sys=0.00, real=0.01 secs] 
2019-03-15T15:51:33.906+0900: 492.044: Total time for which application threads were stopped: 0.0088069 seconds, Stopping threads took: 0.0000703 seconds
2019-03-15T15:51:34.689+0900: 492.827: Application time: 0.7835529 seconds
2019-03-15T15:51:34.690+0900: 492.827: Total time for which application threads were stopped: 0.0001033 seconds, Stopping threads took: 0.0000439 seconds
2019-03-15T15:51:34.806+0900: 492.944: Application time: 0.1168852 seconds
2019-03-15T15:51:34.807+0900: 492.944: [GC (Allocation Failure) 2019-03-15T15:51:34.807+0900: 492.944: [ParNew: 221716K->16333K(235968K), 0.0169945 secs] 621694K->416313K(842580K), 0.0171518 secs] [Times: user=0.06 sys=0.00, real=0.02 secs] 
2019-03-15T15:51:34.824+0900: 492.962: Total time for which application threads were stopped: 0.0174837 seconds, Stopping threads took: 0.0000538 seconds
2019-03-15T15:51:35.692+0900: 493.829: Application time: 0.8678708 seconds
2019-03-15T15:51:35.692+0900: 493.830: Total time for which application threads were stopped: 0.0002980 seconds, Stopping threads took: 0.0001624 seconds
2019-03-15T15:51:35.809+0900: 493.946: Application time: 0.1165922 seconds
2019-03-15T15:51:35.809+0900: 493.947: [GC (Allocation Failure) 2019-03-15T15:51:35.809+0900: 493.947: [ParNew: 226125K->8294K(235968K), 0.0290073 secs] 626105K->413791K(842580K), 0.0292039 secs] [Times: user=0.08 sys=0.00, real=0.03 secs] 
2019-03-15T15:51:35.838+0900: 493.976: Total time for which application threads were stopped: 0.0295301 seconds, Stopping threads took: 0.0000709 seconds
2019-03-15T15:51:36.690+0900: 494.828: Application time: 0.8521727 seconds
2019-03-15T15:51:36.690+0900: 494.828: Total time for which application threads were stopped: 0.0000899 seconds, Stopping threads took: 0.0000395 seconds
2019-03-15T15:51:36.764+0900: 494.901: Application time: 0.0731582 seconds
2019-03-15T15:51:36.764+0900: 494.902: [GC (Allocation Failure) 2019-03-15T15:51:36.764+0900: 494.902: [ParNew: 218086K->10452K(235968K), 0.0239445 secs] 623583K->415951K(842580K), 0.0241563 secs] [Times: user=0.13 sys=0.00, real=0.02 secs] 
2019-03-15T15:51:36.788+0900: 494.926: Total time for which application threads were stopped: 0.0244645 seconds, Stopping threads took: 0.0000669 seconds
2019-03-15T15:51:37.693+0900: 495.830: Application time: 0.9046113 seconds
2019-03-15T15:51:37.693+0900: 495.831: Total time for which application threads were stopped: 0.0001655 seconds, Stopping threads took: 0.0000482 seconds
2019-03-15T15:51:37.807+0900: 495.945: Application time: 0.1144620 seconds
2019-03-15T15:51:37.807+0900: 495.945: [GC (Allocation Failure) 2019-03-15T15:51:37.808+0900: 495.945: [ParNew: 220244K->7961K(235968K), 0.0203613 secs] 625743K->413461K(842580K), 0.0205939 secs] [Times: user=0.06 sys=0.00, real=0.02 secs] 
2019-03-15T15:51:37.828+0900: 495.966: Total time for which application threads were stopped: 0.0208897 seconds, Stopping threads took: 0.0000862 seconds
2019-03-15T15:51:38.691+0900: 496.829: Application time: 0.8626858 seconds
2019-03-15T15:51:38.691+0900: 496.829: Total time for which application threads were stopped: 0.0000566 seconds, Stopping threads took: 0.0000168 seconds
2019-03-15T15:51:38.754+0900: 496.892: Application time: 0.0628171 seconds
2019-03-15T15:51:38.754+0900: 496.892: [GC (Allocation Failure) 2019-03-15T15:51:38.754+0900: 496.892: [ParNew: 217753K->7109K(235968K), 0.0061473 secs] 623253K->415369K(842580K), 0.0062276 secs] [Times: user=0.00 sys=0.00, real=0.01 secs] 
2019-03-15T15:51:38.760+0900: 496.898: Total time for which application threads were stopped: 0.0063346 seconds, Stopping threads took: 0.0000211 seconds
2019-03-15T15:51:39.637+0900: 497.775: Application time: 0.8770586 seconds
2019-03-15T15:51:39.637+0900: 497.775: [GC (Allocation Failure) 2019-03-15T15:51:39.637+0900: 497.775: [ParNew: 216901K->9831K(235968K), 0.0219468 secs] 625161K->418093K(842580K), 0.0221428 secs] [Times: user=0.13 sys=0.00, real=0.02 secs] 
2019-03-15T15:51:39.659+0900: 497.797: Total time for which application threads were stopped: 0.0224243 seconds, Stopping threads took: 0.0000880 seconds
2019-03-15T15:51:39.691+0900: 497.829: Application time: 0.0315064 seconds
2019-03-15T15:51:39.691+0900: 497.829: Total time for which application threads were stopped: 0.0000862 seconds, Stopping threads took: 0.0000451 seconds
2019-03-15T15:51:39.692+0900: 497.830: Application time: 0.0009489 seconds
2019-03-15T15:51:39.692+0900: 497.830: Total time for which application threads were stopped: 0.0000690 seconds, Stopping threads took: 0.0000426 seconds
2019-03-15T15:51:40.554+0900: 498.692: Application time: 0.8621766 seconds
2019-03-15T15:51:40.554+0900: 498.692: [GC (Allocation Failure) 2019-03-15T15:51:40.554+0900: 498.692: [ParNew: 219623K->13457K(235968K), 0.0120884 secs] 627885K->421720K(842580K), 0.0122150 secs] [Times: user=0.06 sys=0.00, real=0.01 secs] 
2019-03-15T15:51:40.567+0900: 498.705: Total time for which application threads were stopped: 0.0123842 seconds, Stopping threads took: 0.0000401 seconds
2019-03-15T15:51:40.693+0900: 498.831: Application time: 0.1266064 seconds
2019-03-15T15:51:40.693+0900: 498.831: Total time for which application threads were stopped: 0.0001944 seconds, Stopping threads took: 0.0000893 seconds
2019-03-15T15:51:41.501+0900: 499.638: Application time: 0.8068856 seconds
2019-03-15T15:51:41.501+0900: 499.638: [GC (Allocation Failure) 2019-03-15T15:51:41.501+0900: 499.638: [ParNew: 223249K->8931K(235968K), 0.0052071 secs] 631512K->417196K(842580K), 0.0053172 secs] [Times: user=0.00 sys=0.00, real=0.01 secs] 
2019-03-15T15:51:41.507+0900: 499.644: Total time for which application threads were stopped: 0.0054481 seconds, Stopping threads took: 0.0000342 seconds
2019-03-15T15:51:41.693+0900: 499.830: Application time: 0.1867820 seconds
2019-03-15T15:51:41.694+0900: 499.831: Total time for which application threads were stopped: 0.0001148 seconds, Stopping threads took: 0.0000532 seconds
2019-03-15T15:51:42.480+0900: 500.617: Application time: 0.7865418 seconds
2019-03-15T15:51:42.480+0900: 500.617: [GC (Allocation Failure) 2019-03-15T15:51:42.480+0900: 500.617: [ParNew: 218723K->11072K(235968K), 0.0244534 secs] 626988K->424855K(842580K), 0.0246135 secs] [Times: user=0.13 sys=0.00, real=0.03 secs] 
2019-03-15T15:51:42.505+0900: 500.642: Total time for which application threads were stopped: 0.0248819 seconds, Stopping threads took: 0.0000578 seconds
2019-03-15T15:51:42.694+0900: 500.831: Application time: 0.1887334 seconds
2019-03-15T15:51:42.694+0900: 500.831: Total time for which application threads were stopped: 0.0001176 seconds, Stopping threads took: 0.0000510 seconds
2019-03-15T15:51:43.442+0900: 501.579: Application time: 0.7479404 seconds
2019-03-15T15:51:43.442+0900: 501.579: [GC (Allocation Failure) 2019-03-15T15:51:43.442+0900: 501.579: [ParNew: 220864K->7895K(235968K), 0.0168091 secs] 634647K->421679K(842580K), 0.0170209 secs] [Times: user=0.06 sys=0.00, real=0.02 secs] 
2019-03-15T15:51:43.459+0900: 501.596: Total time for which application threads were stopped: 0.0173437 seconds, Stopping threads took: 0.0000737 seconds
2019-03-15T15:51:43.695+0900: 501.832: Application time: 0.2355080 seconds
2019-03-15T15:51:43.695+0900: 501.832: Total time for which application threads were stopped: 0.0000597 seconds, Stopping threads took: 0.0000184 seconds
2019-03-15T15:51:44.319+0900: 502.456: Application time: 0.6242442 seconds
2019-03-15T15:51:44.319+0900: 502.456: [GC (Allocation Failure) 2019-03-15T15:51:44.319+0900: 502.456: [ParNew: 217687K->6120K(235968K), 0.0162306 secs] 631471K->419906K(842580K), 0.0164735 secs] [Times: user=0.06 sys=0.00, real=0.02 secs] 
2019-03-15T15:51:44.336+0900: 502.473: Total time for which application threads were stopped: 0.0168663 seconds, Stopping threads took: 0.0000896 seconds
2019-03-15T15:51:44.695+0900: 502.832: Application time: 0.3590587 seconds
2019-03-15T15:51:44.695+0900: 502.832: Total time for which application threads were stopped: 0.0001085 seconds, Stopping threads took: 0.0000404 seconds
2019-03-15T15:51:45.256+0900: 503.394: Application time: 0.5616822 seconds
2019-03-15T15:51:45.257+0900: 503.394: [GC (Allocation Failure) 2019-03-15T15:51:45.257+0900: 503.394: [ParNew: 215912K->7946K(235968K), 0.0169814 secs] 629698K->424490K(842580K), 0.0171599 secs] [Times: user=0.05 sys=0.00, real=0.02 secs] 
2019-03-15T15:51:45.274+0900: 503.411: Total time for which application threads were stopped: 0.0174091 seconds, Stopping threads took: 0.0000516 seconds
2019-03-15T15:51:45.696+0900: 503.833: Application time: 0.4217653 seconds
2019-03-15T15:51:45.696+0900: 503.833: Total time for which application threads were stopped: 0.0001232 seconds, Stopping threads took: 0.0000572 seconds
2019-03-15T15:51:46.135+0900: 504.272: Application time: 0.4391822 seconds
2019-03-15T15:51:46.135+0900: 504.272: [GC (Allocation Failure) 2019-03-15T15:51:46.135+0900: 504.272: [ParNew: 217738K->8404K(235968K), 0.0077369 secs] 634282K->424949K(842580K), 0.0078903 secs] [Times: user=0.00 sys=0.00, real=0.01 secs] 
2019-03-15T15:51:46.143+0900: 504.280: Total time for which application threads were stopped: 0.0081089 seconds, Stopping threads took: 0.0000641 seconds
2019-03-15T15:51:46.695+0900: 504.832: Application time: 0.5518067 seconds
2019-03-15T15:51:46.695+0900: 504.832: Total time for which application threads were stopped: 0.0000824 seconds, Stopping threads took: 0.0000432 seconds
2019-03-15T15:51:46.997+0900: 505.134: Application time: 0.3021407 seconds
2019-03-15T15:51:46.997+0900: 505.135: [GC (Allocation Failure) 2019-03-15T15:51:46.997+0900: 505.135: [ParNew: 218196K->7041K(235968K), 0.0117320 secs] 634741K->423588K(842580K), 0.0118925 secs] [Times: user=0.06 sys=0.00, real=0.01 secs] 
2019-03-15T15:51:47.009+0900: 505.147: Total time for which application threads were stopped: 0.0121062 seconds, Stopping threads took: 0.0000454 seconds
2019-03-15T15:51:47.698+0900: 505.835: Application time: 0.6886413 seconds
2019-03-15T15:51:47.698+0900: 505.836: Total time for which application threads were stopped: 0.0004591 seconds, Stopping threads took: 0.0003412 seconds
2019-03-15T15:51:47.968+0900: 506.105: Application time: 0.2694325 seconds
2019-03-15T15:51:47.968+0900: 506.105: [GC (Allocation Failure) 2019-03-15T15:51:47.968+0900: 506.105: [ParNew: 216833K->5075K(235968K), 0.0198465 secs] 633380K->424382K(842580K), 0.0201230 secs] [Times: user=0.06 sys=0.00, real=0.02 secs] 
2019-03-15T15:51:47.988+0900: 506.126: Total time for which application threads were stopped: 0.0205090 seconds, Stopping threads took: 0.0000731 seconds
2019-03-15T15:51:48.696+0900: 506.833: Application time: 0.7076608 seconds
2019-03-15T15:51:48.696+0900: 506.833: Total time for which application threads were stopped: 0.0001141 seconds, Stopping threads took: 0.0000666 seconds
2019-03-15T15:51:48.892+0900: 507.030: Application time: 0.1962041 seconds
2019-03-15T15:51:48.892+0900: 507.030: [GC (Allocation Failure) 2019-03-15T15:51:48.892+0900: 507.030: [ParNew: 214867K->5455K(235968K), 0.0055959 secs] 634174K->424763K(842580K), 0.0057138 secs] [Times: user=0.05 sys=0.00, real=0.01 secs] 
2019-03-15T15:51:48.898+0900: 507.035: Total time for which application threads were stopped: 0.0058867 seconds, Stopping threads took: 0.0000684 seconds
2019-03-15T15:51:49.697+0900: 507.834: Application time: 0.7985385 seconds
2019-03-15T15:51:49.697+0900: 507.834: Total time for which application threads were stopped: 0.0000970 seconds, Stopping threads took: 0.0000373 seconds
2019-03-15T15:51:49.698+0900: 507.836: Application time: 0.0015302 seconds
2019-03-15T15:51:49.698+0900: 507.836: Total time for which application threads were stopped: 0.0000765 seconds, Stopping threads took: 0.0000435 seconds
2019-03-15T15:51:49.802+0900: 507.939: Application time: 0.1034506 seconds
2019-03-15T15:51:49.802+0900: 507.939: [GC (Allocation Failure) 2019-03-15T15:51:49.802+0900: 507.939: [ParNew: 215247K->6091K(235968K), 0.0108879 secs] 634555K->425401K(842580K), 0.0110574 secs] [Times: user=0.00 sys=0.00, real=0.01 secs] 
2019-03-15T15:51:49.813+0900: 507.951: Total time for which application threads were stopped: 0.0113339 seconds, Stopping threads took: 0.0000731 seconds
2019-03-15T15:51:50.696+0900: 508.833: Application time: 0.8829618 seconds
2019-03-15T15:51:50.696+0900: 508.834: Total time for which application threads were stopped: 0.0001608 seconds, Stopping threads took: 0.0000812 seconds
2019-03-15T15:51:50.762+0900: 508.900: Application time: 0.0661836 seconds
2019-03-15T15:51:50.762+0900: 508.900: [GC (Allocation Failure) 2019-03-15T15:51:50.762+0900: 508.900: [ParNew: 215883K->4010K(235968K), 0.0042268 secs] 635193K->423322K(842580K), 0.0043101 secs] [Times: user=0.06 sys=0.00, real=0.00 secs] 
2019-03-15T15:51:50.767+0900: 508.904: Total time for which application threads were stopped: 0.0044603 seconds, Stopping threads took: 0.0000448 seconds
2019-03-15T15:51:51.673+0900: 509.810: Application time: 0.9059378 seconds
2019-03-15T15:51:51.673+0900: 509.810: [GC (Allocation Failure) 2019-03-15T15:51:51.673+0900: 509.810: [ParNew: 213802K->5577K(235968K), 0.0100127 secs] 633114K->424890K(842580K), 0.0101837 secs] [Times: user=0.00 sys=0.00, real=0.01 secs] 
2019-03-15T15:51:51.683+0900: 509.821: Total time for which application threads were stopped: 0.0104366 seconds, Stopping threads took: 0.0000594 seconds
2019-03-15T15:51:51.697+0900: 509.835: Application time: 0.0140768 seconds
2019-03-15T15:51:51.697+0900: 509.835: Total time for which application threads were stopped: 0.0000914 seconds, Stopping threads took: 0.0000404 seconds
2019-03-15T15:51:52.590+0900: 510.727: Application time: 0.8923736 seconds
2019-03-15T15:51:52.590+0900: 510.727: [GC (Allocation Failure) 2019-03-15T15:51:52.590+0900: 510.727: [ParNew: 215369K->7579K(235968K), 0.0076446 secs] 634682K->426894K(842580K), 0.0077786 secs] [Times: user=0.06 sys=0.00, real=0.01 secs] 
2019-03-15T15:51:52.598+0900: 510.735: Total time for which application threads were stopped: 0.0079721 seconds, Stopping threads took: 0.0000467 seconds
2019-03-15T15:51:52.700+0900: 510.837: Application time: 0.1021515 seconds
2019-03-15T15:51:52.700+0900: 510.838: Total time for which application threads were stopped: 0.0003297 seconds, Stopping threads took: 0.0001938 seconds
2019-03-15T15:51:53.528+0900: 511.666: Application time: 0.8278773 seconds
2019-03-15T15:51:53.528+0900: 511.666: [GC (Allocation Failure) 2019-03-15T15:51:53.528+0900: 511.666: [ParNew: 217371K->5766K(235968K), 0.0056310 secs] 636686K->425084K(842580K), 0.0057477 secs] [Times: user=0.00 sys=0.00, real=0.01 secs] 
2019-03-15T15:51:53.534+0900: 511.671: Total time for which application threads were stopped: 0.0059007 seconds, Stopping threads took: 0.0000317 seconds
2019-03-15T15:51:53.698+0900: 511.835: Application time: 0.1639419 seconds
2019-03-15T15:51:53.698+0900: 511.836: Total time for which application threads were stopped: 0.0000818 seconds, Stopping threads took: 0.0000292 seconds
2019-03-15T15:51:54.391+0900: 512.529: Application time: 0.6931669 seconds
2019-03-15T15:51:54.391+0900: 512.529: [GC (Allocation Failure) 2019-03-15T15:51:54.391+0900: 512.529: [ParNew: 215558K->4825K(235968K), 0.0131832 secs] 634876K->426902K(842580K), 0.0133341 secs] [Times: user=0.06 sys=0.00, real=0.01 secs] 
2019-03-15T15:51:54.405+0900: 512.542: Total time for which application threads were stopped: 0.0135670 seconds, Stopping threads took: 0.0000597 seconds
2019-03-15T15:51:54.699+0900: 512.836: Application time: 0.2940022 seconds
2019-03-15T15:51:54.699+0900: 512.836: Total time for which application threads were stopped: 0.0001735 seconds, Stopping threads took: 0.0001051 seconds
2019-03-15T15:51:55.326+0900: 513.463: Application time: 0.6268820 seconds
2019-03-15T15:51:55.326+0900: 513.463: [GC (Allocation Failure) 2019-03-15T15:51:55.326+0900: 513.463: [ParNew: 214617K->5127K(235968K), 0.0040492 secs] 636694K->427205K(842580K), 0.0041733 secs] [Times: user=0.00 sys=0.00, real=0.00 secs] 
2019-03-15T15:51:55.330+0900: 513.468: Total time for which application threads were stopped: 0.0043173 seconds, Stopping threads took: 0.0000367 seconds
2019-03-15T15:51:55.699+0900: 513.837: Application time: 0.3691394 seconds
2019-03-15T15:51:55.699+0900: 513.837: Total time for which application threads were stopped: 0.0000631 seconds, Stopping threads took: 0.0000168 seconds
2019-03-15T15:51:56.184+0900: 514.322: Application time: 0.4847740 seconds
2019-03-15T15:51:56.184+0900: 514.322: [GC (Allocation Failure) 2019-03-15T15:51:56.184+0900: 514.322: [ParNew: 214919K->7049K(235968K), 0.0099878 secs] 636997K->429129K(842580K), 0.0101383 secs] [Times: user=0.00 sys=0.00, real=0.01 secs] 
2019-03-15T15:51:56.194+0900: 514.332: Total time for which application threads were stopped: 0.0103626 seconds, Stopping threads took: 0.0000519 seconds
2019-03-15T15:51:56.699+0900: 514.837: Application time: 0.5046451 seconds
2019-03-15T15:51:56.699+0900: 514.837: Total time for which application threads were stopped: 0.0000818 seconds, Stopping threads took: 0.0000429 seconds
2019-03-15T15:51:57.059+0900: 515.197: Application time: 0.3601099 seconds
2019-03-15T15:51:57.059+0900: 515.197: [GC (Allocation Failure) 2019-03-15T15:51:57.059+0900: 515.197: [ParNew: 216841K->9094K(235968K), 0.0104957 secs] 638921K->431174K(842580K), 0.0106543 secs] [Times: user=0.06 sys=0.00, real=0.01 secs] 
2019-03-15T15:51:57.070+0900: 515.208: Total time for which application threads were stopped: 0.0109775 seconds, Stopping threads took: 0.0001459 seconds
2019-03-15T15:51:57.700+0900: 515.838: Application time: 0.6298115 seconds
2019-03-15T15:51:57.700+0900: 515.838: Total time for which application threads were stopped: 0.0000737 seconds, Stopping threads took: 0.0000299 seconds
2019-03-15T15:51:57.975+0900: 516.113: Application time: 0.2756486 seconds
2019-03-15T15:51:57.976+0900: 516.113: [GC (Allocation Failure) 2019-03-15T15:51:57.976+0900: 516.114: [ParNew: 218886K->5568K(235968K), 0.0066655 secs] 640966K->427650K(842580K), 0.0067827 secs] [Times: user=0.00 sys=0.00, real=0.01 secs] 
2019-03-15T15:51:57.982+0900: 516.120: Total time for which application threads were stopped: 0.0069473 seconds, Stopping threads took: 0.0000398 seconds
2019-03-15T15:51:58.702+0900: 516.839: Application time: 0.7185120 seconds
2019-03-15T15:51:58.702+0900: 516.839: Total time for which application threads were stopped: 0.0000790 seconds, Stopping threads took: 0.0000339 seconds
2019-03-15T15:51:58.902+0900: 517.039: Application time: 0.2004821 seconds
2019-03-15T15:51:58.903+0900: 517.039: [GC (Allocation Failure) 2019-03-15T15:51:58.903+0900: 517.040: [ParNew: 215360K->8854K(235968K), 0.0074492 secs] 637442K->430938K(842580K), 0.0075497 secs] [Times: user=0.05 sys=0.00, real=0.01 secs] 
2019-03-15T15:51:58.910+0900: 517.047: Total time for which application threads were stopped: 0.0076772 seconds, Stopping threads took: 0.0000330 seconds
2019-03-15T15:51:59.704+0900: 517.841: Application time: 0.7934206 seconds
2019-03-15T15:51:59.704+0900: 517.841: Total time for which application threads were stopped: 0.0001931 seconds, Stopping threads took: 0.0000890 seconds
2019-03-15T15:51:59.706+0900: 517.843: Application time: 0.0026934 seconds
2019-03-15T15:51:59.707+0900: 517.844: Total time for which application threads were stopped: 0.0001456 seconds, Stopping threads took: 0.0000753 seconds
2019-03-15T15:51:59.826+0900: 517.963: Application time: 0.1192390 seconds
2019-03-15T15:51:59.826+0900: 517.963: [GC (Allocation Failure) 2019-03-15T15:51:59.826+0900: 517.963: [ParNew: 218646K->12147K(235968K), 0.0141125 secs] 640730K->434233K(842580K), 0.0142575 secs] [Times: user=0.05 sys=0.00, real=0.01 secs] 
2019-03-15T15:51:59.840+0900: 517.977: Total time for which application threads were stopped: 0.0144643 seconds, Stopping threads took: 0.0000314 seconds
2019-03-15T15:52:00.702+0900: 518.839: Application time: 0.8614523 seconds
2019-03-15T15:52:00.702+0900: 518.839: Total time for which application threads were stopped: 0.0000715 seconds, Stopping threads took: 0.0000308 seconds
2019-03-15T15:52:00.744+0900: 518.881: Application time: 0.0419299 seconds
2019-03-15T15:52:00.744+0900: 518.881: [GC (Allocation Failure) 2019-03-15T15:52:00.744+0900: 518.881: [ParNew: 221939K->6436K(235968K), 0.0107977 secs] 644025K->431282K(842580K), 0.0109146 secs] [Times: user=0.06 sys=0.00, real=0.01 secs] 
2019-03-15T15:52:00.755+0900: 518.892: Total time for which application threads were stopped: 0.0111078 seconds, Stopping threads took: 0.0000535 seconds
2019-03-15T15:52:01.703+0900: 519.840: Application time: 0.9484692 seconds
2019-03-15T15:52:01.703+0900: 519.840: Total time for which application threads were stopped: 0.0001390 seconds, Stopping threads took: 0.0000585 seconds
2019-03-15T15:52:01.718+0900: 519.855: Application time: 0.0149588 seconds
2019-03-15T15:52:01.718+0900: 519.856: [GC (Allocation Failure) 2019-03-15T15:52:01.718+0900: 519.856: [ParNew: 216228K->7118K(235968K), 0.0056792 secs] 641074K->431965K(842580K), 0.0057822 secs] [Times: user=0.00 sys=0.00, real=0.01 secs] 
2019-03-15T15:52:01.724+0900: 519.861: Total time for which application threads were stopped: 0.0059280 seconds, Stopping threads took: 0.0000376 seconds
2019-03-15T15:52:02.626+0900: 520.763: Application time: 0.9013316 seconds
2019-03-15T15:52:02.626+0900: 520.763: [GC (Allocation Failure) 2019-03-15T15:52:02.626+0900: 520.763: [ParNew: 216910K->5855K(235968K), 0.0047064 secs] 641757K->430704K(842580K), 0.0047975 secs] [Times: user=0.00 sys=0.00, real=0.00 secs] 
2019-03-15T15:52:02.630+0900: 520.768: Total time for which application threads were stopped: 0.0049051 seconds, Stopping threads took: 0.0000174 seconds
2019-03-15T15:52:02.703+0900: 520.840: Application time: 0.0724382 seconds
2019-03-15T15:52:02.703+0900: 520.840: Total time for which application threads were stopped: 0.0000687 seconds, Stopping threads took: 0.0000249 seconds
2019-03-15T15:52:03.470+0900: 521.607: Application time: 0.7672389 seconds
2019-03-15T15:52:03.470+0900: 521.607: [GC (Allocation Failure) 2019-03-15T15:52:03.470+0900: 521.608: [ParNew: 215647K->6244K(235968K), 0.0047144 secs] 640496K->431095K(842580K), 0.0048333 secs] [Times: user=0.00 sys=0.00, real=0.00 secs] 
2019-03-15T15:52:03.475+0900: 521.612: Total time for which application threads were stopped: 0.0050071 seconds, Stopping threads took: 0.0000370 seconds
2019-03-15T15:52:03.703+0900: 521.840: Application time: 0.2276065 seconds
2019-03-15T15:52:03.703+0900: 521.840: Total time for which application threads were stopped: 0.0000834 seconds, Stopping threads took: 0.0000299 seconds
2019-03-15T15:52:04.312+0900: 522.449: Application time: 0.6091495 seconds
2019-03-15T15:52:04.312+0900: 522.449: [GC (Allocation Failure) 2019-03-15T15:52:04.312+0900: 522.449: [ParNew: 216036K->8236K(235968K), 0.0102170 secs] 640887K->435847K(842580K), 0.0103333 secs] [Times: user=0.00 sys=0.00, real=0.01 secs] 
2019-03-15T15:52:04.322+0900: 522.460: Total time for which application threads were stopped: 0.0105066 seconds, Stopping threads took: 0.0000417 seconds
2019-03-15T15:52:04.705+0900: 522.842: Application time: 0.3827015 seconds
2019-03-15T15:52:04.705+0900: 522.843: Total time for which application threads were stopped: 0.0001963 seconds, Stopping threads took: 0.0001328 seconds
2019-03-15T15:52:05.247+0900: 523.384: Application time: 0.5417144 seconds
2019-03-15T15:52:05.247+0900: 523.385: [GC (Allocation Failure) 2019-03-15T15:52:05.247+0900: 523.385: [ParNew: 218028K->8051K(235968K), 0.0111439 secs] 645639K->435663K(842580K), 0.0113264 secs] [Times: user=0.00 sys=0.02, real=0.01 secs] 
2019-03-15T15:52:05.259+0900: 523.396: Total time for which application threads were stopped: 0.0116017 seconds, Stopping threads took: 0.0000628 seconds
2019-03-15T15:52:05.704+0900: 523.841: Application time: 0.4449740 seconds
2019-03-15T15:52:05.704+0900: 523.841: Total time for which application threads were stopped: 0.0000588 seconds, Stopping threads took: 0.0000162 seconds
2019-03-15T15:52:06.121+0900: 524.258: Application time: 0.4170139 seconds
2019-03-15T15:52:06.121+0900: 524.258: [GC (Allocation Failure) 2019-03-15T15:52:06.121+0900: 524.258: [ParNew: 217843K->4978K(235968K), 0.0101100 secs] 645455K->432592K(842580K), 0.0102963 secs] [Times: user=0.00 sys=0.00, real=0.01 secs] 
2019-03-15T15:52:06.131+0900: 524.269: Total time for which application threads were stopped: 0.0105654 seconds, Stopping threads took: 0.0000526 seconds
2019-03-15T15:52:06.704+0900: 524.841: Application time: 0.5726301 seconds
2019-03-15T15:52:06.704+0900: 524.841: Total time for which application threads were stopped: 0.0000709 seconds, Stopping threads took: 0.0000317 seconds
2019-03-15T15:52:06.964+0900: 525.102: Application time: 0.2603053 seconds
2019-03-15T15:52:06.964+0900: 525.102: [GC (Allocation Failure) 2019-03-15T15:52:06.964+0900: 525.102: [ParNew: 214770K->5303K(235968K), 0.0053421 secs] 642384K->432919K(842580K), 0.0054438 secs] [Times: user=0.00 sys=0.00, real=0.01 secs] 
2019-03-15T15:52:06.970+0900: 525.107: Total time for which application threads were stopped: 0.0055713 seconds, Stopping threads took: 0.0000215 seconds
2019-03-15T15:52:07.705+0900: 525.842: Application time: 0.7349836 seconds
2019-03-15T15:52:07.705+0900: 525.842: Total time for which application threads were stopped: 0.0002031 seconds, Stopping threads took: 0.0001057 seconds
2019-03-15T15:52:07.895+0900: 526.033: Application time: 0.1905478 seconds
2019-03-15T15:52:07.896+0900: 526.033: [GC (Allocation Failure) 2019-03-15T15:52:07.896+0900: 526.033: [ParNew: 215095K->6456K(235968K), 0.0193766 secs] 642711K->434072K(842580K), 0.0196372 secs] [Times: user=0.06 sys=0.00, real=0.02 secs] 
2019-03-15T15:52:07.916+0900: 526.053: Total time for which application threads were stopped: 0.0200282 seconds, Stopping threads took: 0.0000768 seconds
2019-03-15T15:52:08.705+0900: 526.843: Application time: 0.7898336 seconds
2019-03-15T15:52:08.705+0900: 526.843: Total time for which application threads were stopped: 0.0001085 seconds, Stopping threads took: 0.0000439 seconds
2019-03-15T15:52:08.905+0900: 527.043: Application time: 0.1997223 seconds
2019-03-15T15:52:08.905+0900: 527.043: [GC (Allocation Failure) 2019-03-15T15:52:08.905+0900: 527.043: [ParNew: 216248K->7449K(235968K), 0.0052702 secs] 643864K->435066K(842580K), 0.0053691 secs] [Times: user=0.05 sys=0.00, real=0.01 secs] 
2019-03-15T15:52:08.911+0900: 527.048: Total time for which application threads were stopped: 0.0054827 seconds, Stopping threads took: 0.0000171 seconds
2019-03-15T15:52:09.706+0900: 527.843: Application time: 0.7953163 seconds
2019-03-15T15:52:09.706+0900: 527.844: Total time for which application threads were stopped: 0.0000569 seconds, Stopping threads took: 0.0000159 seconds
2019-03-15T15:52:09.707+0900: 527.844: Application time: 0.0008597 seconds
2019-03-15T15:52:09.707+0900: 527.844: Total time for which application threads were stopped: 0.0000351 seconds, Stopping threads took: 0.0000112 seconds
2019-03-15T15:52:09.760+0900: 527.898: Application time: 0.0536090 seconds
2019-03-15T15:52:09.761+0900: 527.898: [GC (Allocation Failure) 2019-03-15T15:52:09.761+0900: 527.898: [ParNew: 217241K->8590K(235968K), 0.0075301 secs] 644858K->438967K(842580K), 0.0076586 secs] [Times: user=0.06 sys=0.00, real=0.01 secs] 
2019-03-15T15:52:09.768+0900: 527.906: Total time for which application threads were stopped: 0.0078567 seconds, Stopping threads took: 0.0000750 seconds
2019-03-15T15:52:10.627+0900: 528.764: Application time: 0.8582789 seconds
2019-03-15T15:52:10.627+0900: 528.764: [GC (Allocation Failure) 2019-03-15T15:52:10.627+0900: 528.764: [ParNew: 218382K->9463K(235968K), 0.0169487 secs] 648759K->439842K(842580K), 0.0171587 secs] [Times: user=0.05 sys=0.00, real=0.02 secs] 
2019-03-15T15:52:10.644+0900: 528.782: Total time for which application threads were stopped: 0.0174560 seconds, Stopping threads took: 0.0000454 seconds
2019-03-15T15:52:10.706+0900: 528.844: Application time: 0.0619882 seconds
2019-03-15T15:52:10.706+0900: 528.844: Total time for which application threads were stopped: 0.0000802 seconds, Stopping threads took: 0.0000361 seconds
2019-03-15T15:52:11.531+0900: 529.669: Application time: 0.8249164 seconds
2019-03-15T15:52:11.531+0900: 529.669: [GC (Allocation Failure) 2019-03-15T15:52:11.531+0900: 529.669: [ParNew: 219255K->6501K(235968K), 0.0129695 secs] 649634K->436881K(842580K), 0.0131804 secs] [Times: user=0.00 sys=0.00, real=0.01 secs] 
2019-03-15T15:52:11.544+0900: 529.682: Total time for which application threads were stopped: 0.0134233 seconds, Stopping threads took: 0.0000358 seconds
2019-03-15T15:52:11.708+0900: 529.846: Application time: 0.1635961 seconds
2019-03-15T15:52:11.708+0900: 529.846: Total time for which application threads were stopped: 0.0001132 seconds, Stopping threads took: 0.0000342 seconds
2019-03-15T15:52:12.509+0900: 530.647: Application time: 0.8012132 seconds
2019-03-15T15:52:12.509+0900: 530.647: [GC (Allocation Failure) 2019-03-15T15:52:12.509+0900: 530.647: [ParNew: 216293K->10388K(235968K), 0.0062453 secs] 646673K->440771K(842580K), 0.0063557 secs] [Times: user=0.06 sys=0.00, real=0.01 secs] 
2019-03-15T15:52:12.516+0900: 530.654: Total time for which application threads were stopped: 0.0065100 seconds, Stopping threads took: 0.0000361 seconds
2019-03-15T15:52:12.708+0900: 530.845: Application time: 0.1918137 seconds
2019-03-15T15:52:12.708+0900: 530.845: Total time for which application threads were stopped: 0.0000753 seconds, Stopping threads took: 0.0000280 seconds
2019-03-15T15:52:13.341+0900: 531.479: Application time: 0.6336470 seconds
2019-03-15T15:52:13.341+0900: 531.479: [GC (Allocation Failure) 2019-03-15T15:52:13.341+0900: 531.479: [ParNew: 220180K->6633K(235968K), 0.0062235 secs] 650563K->439774K(842580K), 0.0063025 secs] [Times: user=0.00 sys=0.00, real=0.01 secs] 
2019-03-15T15:52:13.348+0900: 531.485: Total time for which application threads were stopped: 0.0064219 seconds, Stopping threads took: 0.0000193 seconds
2019-03-15T15:52:13.708+0900: 531.846: Application time: 0.3602536 seconds
2019-03-15T15:52:13.708+0900: 531.846: Total time for which application threads were stopped: 0.0000703 seconds, Stopping threads took: 0.0000283 seconds
2019-03-15T15:52:14.182+0900: 532.320: Application time: 0.4741287 seconds
2019-03-15T15:52:14.182+0900: 532.320: [GC (Allocation Failure) 2019-03-15T15:52:14.182+0900: 532.320: [ParNew: 216425K->9088K(235968K), 0.0052087 secs] 649566K->442232K(842580K), 0.0053188 secs] [Times: user=0.00 sys=0.00, real=0.01 secs] 
2019-03-15T15:52:14.188+0900: 532.325: Total time for which application threads were stopped: 0.0055209 seconds, Stopping threads took: 0.0000746 seconds
2019-03-15T15:52:14.709+0900: 532.847: Application time: 0.5215475 seconds
2019-03-15T15:52:14.709+0900: 532.847: Total time for which application threads were stopped: 0.0001536 seconds, Stopping threads took: 0.0000690 seconds
2019-03-15T15:52:15.059+0900: 533.196: Application time: 0.3492768 seconds
2019-03-15T15:52:15.059+0900: 533.197: [GC (Allocation Failure) 2019-03-15T15:52:15.059+0900: 533.197: [ParNew: 218880K->11813K(235968K), 0.0053950 secs] 652024K->444958K(842580K), 0.0055268 secs] [Times: user=0.00 sys=0.00, real=0.00 secs] 
2019-03-15T15:52:15.064+0900: 533.202: Total time for which application threads were stopped: 0.0056469 seconds, Stopping threads took: 0.0000320 seconds
2019-03-15T15:52:15.710+0900: 533.848: Application time: 0.6456228 seconds
2019-03-15T15:52:15.710+0900: 533.848: Total time for which application threads were stopped: 0.0001664 seconds, Stopping threads took: 0.0000690 seconds
2019-03-15T15:52:16.015+0900: 534.153: Application time: 0.3047069 seconds
2019-03-15T15:52:16.015+0900: 534.153: [GC (Allocation Failure) 2019-03-15T15:52:16.015+0900: 534.153: [ParNew: 221605K->7277K(235968K), 0.0101106 secs] 654750K->443179K(842580K), 0.0102379 secs] [Times: user=0.06 sys=0.00, real=0.01 secs] 
2019-03-15T15:52:16.025+0900: 534.163: Total time for which application threads were stopped: 0.0104192 seconds, Stopping threads took: 0.0000367 seconds
2019-03-15T15:52:16.712+0900: 534.849: Application time: 0.6859758 seconds
2019-03-15T15:52:16.712+0900: 534.849: Total time for which application threads were stopped: 0.0000619 seconds, Stopping threads took: 0.0000199 seconds
2019-03-15T15:52:16.881+0900: 535.018: Application time: 0.1693229 seconds
2019-03-15T15:52:16.882+0900: 535.019: [GC (Allocation Failure) 2019-03-15T15:52:16.882+0900: 535.019: [ParNew: 217069K->10973K(235968K), 0.0055918 secs] 652971K->446877K(842580K), 0.0057072 secs] [Times: user=0.00 sys=0.00, real=0.01 secs] 
2019-03-15T15:52:16.887+0900: 535.024: Total time for which application threads were stopped: 0.0058820 seconds, Stopping threads took: 0.0000439 seconds
2019-03-15T15:52:17.711+0900: 535.848: Application time: 0.8232882 seconds
2019-03-15T15:52:17.711+0900: 535.848: Total time for which application threads were stopped: 0.0001054 seconds, Stopping threads took: 0.0000498 seconds
2019-03-15T15:52:17.775+0900: 535.912: Application time: 0.0639047 seconds
2019-03-15T15:52:17.775+0900: 535.912: [GC (Allocation Failure) 2019-03-15T15:52:17.775+0900: 535.912: [ParNew: 220765K->7481K(235968K), 0.0071942 secs] 656669K->443387K(842580K), 0.0073192 secs] [Times: user=0.00 sys=0.00, real=0.01 secs] 
2019-03-15T15:52:17.782+0900: 535.919: Total time for which application threads were stopped: 0.0074772 seconds, Stopping threads took: 0.0000255 seconds
2019-03-15T15:52:18.639+0900: 536.776: Application time: 0.8566349 seconds
2019-03-15T15:52:18.639+0900: 536.776: [GC (Allocation Failure) 2019-03-15T15:52:18.639+0900: 536.776: [ParNew: 217273K->8939K(235968K), 0.0074399 secs] 653179K->444847K(842580K), 0.0075597 secs] [Times: user=0.06 sys=0.00, real=0.01 secs] 
2019-03-15T15:52:18.646+0900: 536.783: Total time for which application threads were stopped: 0.0077323 seconds, Stopping threads took: 0.0000423 seconds
2019-03-15T15:52:18.711+0900: 536.848: Application time: 0.0645902 seconds
2019-03-15T15:52:18.711+0900: 536.848: Total time for which application threads were stopped: 0.0000992 seconds, Stopping threads took: 0.0000463 seconds
2019-03-15T15:52:19.483+0900: 537.620: Application time: 0.7719148 seconds
2019-03-15T15:52:19.483+0900: 537.620: [GC (Allocation Failure) 2019-03-15T15:52:19.483+0900: 537.620: [ParNew: 218731K->5812K(235968K), 0.0150341 secs] 654639K->444480K(842580K), 0.0151507 secs] [Times: user=0.06 sys=0.00, real=0.01 secs] 
2019-03-15T15:52:19.498+0900: 537.635: Total time for which application threads were stopped: 0.0153532 seconds, Stopping threads took: 0.0000594 seconds
2019-03-15T15:52:19.711+0900: 537.848: Application time: 0.2126294 seconds
2019-03-15T15:52:19.711+0900: 537.848: Total time for which application threads were stopped: 0.0000970 seconds, Stopping threads took: 0.0000463 seconds
2019-03-15T15:52:19.712+0900: 537.849: Application time: 0.0010873 seconds
2019-03-15T15:52:19.712+0900: 537.849: Total time for which application threads were stopped: 0.0000516 seconds, Stopping threads took: 0.0000302 seconds
2019-03-15T15:52:20.382+0900: 538.519: Application time: 0.6698127 seconds
2019-03-15T15:52:20.382+0900: 538.519: [GC (Allocation Failure) 2019-03-15T15:52:20.382+0900: 538.519: [ParNew: 215604K->10178K(235968K), 0.0106832 secs] 654272K->448848K(842580K), 0.0108335 secs] [Times: user=0.06 sys=0.00, real=0.01 secs] 
2019-03-15T15:52:20.393+0900: 538.530: Total time for which application threads were stopped: 0.0110375 seconds, Stopping threads took: 0.0000491 seconds
2019-03-15T15:52:20.714+0900: 538.851: Application time: 0.3205096 seconds
2019-03-15T15:52:20.714+0900: 538.851: Total time for which application threads were stopped: 0.0002081 seconds, Stopping threads took: 0.0000952 seconds
2019-03-15T15:52:21.337+0900: 539.474: Application time: 0.6233192 seconds
2019-03-15T15:52:21.337+0900: 539.474: [GC (Allocation Failure) 2019-03-15T15:52:21.337+0900: 539.474: [ParNew: 219970K->11461K(235968K), 0.0128588 secs] 658640K->450132K(842580K), 0.0130389 secs] [Times: user=0.06 sys=0.00, real=0.01 secs] 
2019-03-15T15:52:21.350+0900: 539.488: Total time for which application threads were stopped: 0.0132986 seconds, Stopping threads took: 0.0000588 seconds
2019-03-15T15:52:21.712+0900: 539.849: Application time: 0.3615723 seconds
2019-03-15T15:52:21.712+0900: 539.849: Total time for which application threads were stopped: 0.0000650 seconds, Stopping threads took: 0.0000205 seconds
2019-03-15T15:52:22.186+0900: 540.323: Application time: 0.4736361 seconds
2019-03-15T15:52:22.186+0900: 540.323: [GC (Allocation Failure) 2019-03-15T15:52:22.186+0900: 540.323: [ParNew: 221253K->7370K(235968K), 0.0088348 secs] 659924K->448801K(842580K), 0.0089359 secs] [Times: user=0.00 sys=0.00, real=0.01 secs] 
2019-03-15T15:52:22.195+0900: 540.332: Total time for which application threads were stopped: 0.0090886 seconds, Stopping threads took: 0.0000479 seconds
2019-03-15T15:52:22.713+0900: 540.850: Application time: 0.5178865 seconds
2019-03-15T15:52:22.713+0900: 540.850: Total time for which application threads were stopped: 0.0001085 seconds, Stopping threads took: 0.0000473 seconds
2019-03-15T15:52:23.058+0900: 541.195: Application time: 0.3455358 seconds
2019-03-15T15:52:23.058+0900: 541.196: [GC (Allocation Failure) 2019-03-15T15:52:23.058+0900: 541.196: [ParNew: 217162K->7907K(235968K), 0.0106055 secs] 658593K->449339K(842580K), 0.0107678 secs] [Times: user=0.00 sys=0.00, real=0.01 secs] 
2019-03-15T15:52:23.069+0900: 541.206: Total time for which application threads were stopped: 0.0109902 seconds, Stopping threads took: 0.0000634 seconds
2019-03-15T15:52:23.713+0900: 541.851: Application time: 0.6441333 seconds
2019-03-15T15:52:23.713+0900: 541.851: Total time for which application threads were stopped: 0.0000606 seconds, Stopping threads took: 0.0000196 seconds
2019-03-15T15:52:23.912+0900: 542.049: Application time: 0.1982244 seconds
2019-03-15T15:52:23.912+0900: 542.049: [GC (Allocation Failure) 2019-03-15T15:52:23.912+0900: 542.049: [ParNew: 217699K->8718K(235968K), 0.0047515 secs] 659131K->450151K(842580K), 0.0048413 secs] [Times: user=0.06 sys=0.00, real=0.00 secs] 
2019-03-15T15:52:23.917+0900: 542.054: Total time for which application threads were stopped: 0.0049580 seconds, Stopping threads took: 0.0000218 seconds
2019-03-15T15:52:24.714+0900: 542.851: Application time: 0.7970294 seconds
2019-03-15T15:52:24.714+0900: 542.851: Total time for which application threads were stopped: 0.0001151 seconds, Stopping threads took: 0.0000451 seconds
2019-03-15T15:52:24.799+0900: 542.936: Application time: 0.0851487 seconds
2019-03-15T15:52:24.799+0900: 542.936: [GC (Allocation Failure) 2019-03-15T15:52:24.799+0900: 542.936: [ParNew: 218510K->10048K(235968K), 0.0099918 secs] 659943K->451482K(842580K), 0.0101470 secs] [Times: user=0.06 sys=0.00, real=0.01 secs] 
2019-03-15T15:52:24.809+0900: 542.947: Total time for which application threads were stopped: 0.0104049 seconds, Stopping threads took: 0.0000495 seconds
2019-03-15T15:52:25.652+0900: 543.789: Application time: 0.8424483 seconds
2019-03-15T15:52:25.652+0900: 543.789: [GC (Allocation Failure) 2019-03-15T15:52:25.652+0900: 543.789: [ParNew: 219840K->6585K(235968K), 0.0057688 secs] 661274K->450779K(842580K), 0.0059131 secs] [Times: user=0.00 sys=0.00, real=0.01 secs] 
2019-03-15T15:52:25.658+0900: 543.795: Total time for which application threads were stopped: 0.0060472 seconds, Stopping threads took: 0.0000327 seconds
2019-03-15T15:52:25.715+0900: 543.853: Application time: 0.0577649 seconds
2019-03-15T15:52:25.716+0900: 543.853: Total time for which application threads were stopped: 0.0002740 seconds, Stopping threads took: 0.0001350 seconds
2019-03-15T15:52:26.611+0900: 544.748: Application time: 0.8951793 seconds
2019-03-15T15:52:26.611+0900: 544.748: [GC (Allocation Failure) 2019-03-15T15:52:26.611+0900: 544.748: [ParNew: 216377K->7947K(235968K), 0.0130420 secs] 660571K->452142K(842580K), 0.0132115 secs] [Times: user=0.06 sys=0.00, real=0.01 secs] 
2019-03-15T15:52:26.624+0900: 544.762: Total time for which application threads were stopped: 0.0134575 seconds, Stopping threads took: 0.0000544 seconds
2019-03-15T15:52:26.714+0900: 544.851: Application time: 0.0896675 seconds
2019-03-15T15:52:26.714+0900: 544.852: Total time for which application threads were stopped: 0.0000865 seconds, Stopping threads took: 0.0000426 seconds
2019-03-15T15:52:27.454+0900: 545.591: Application time: 0.7395911 seconds
2019-03-15T15:52:27.454+0900: 545.591: [GC (Allocation Failure) 2019-03-15T15:52:27.454+0900: 545.591: [ParNew: 217739K->10748K(235968K), 0.0059501 secs] 661934K->454946K(842580K), 0.0060537 secs] [Times: user=0.06 sys=0.00, real=0.01 secs] 
2019-03-15T15:52:27.460+0900: 545.597: Total time for which application threads were stopped: 0.0061809 seconds, Stopping threads took: 0.0000327 seconds
2019-03-15T15:52:27.714+0900: 545.852: Application time: 0.2545801 seconds
2019-03-15T15:52:27.714+0900: 545.852: Total time for which application threads were stopped: 0.0001089 seconds, Stopping threads took: 0.0000510 seconds
2019-03-15T15:52:28.386+0900: 546.523: Application time: 0.6714142 seconds
2019-03-15T15:52:28.386+0900: 546.524: [GC (Allocation Failure) 2019-03-15T15:52:28.386+0900: 546.524: [ParNew: 220540K->7032K(235968K), 0.0121422 secs] 664738K->453989K(842580K), 0.0122660 secs] [Times: user=0.06 sys=0.00, real=0.01 secs] 
2019-03-15T15:52:28.398+0900: 546.536: Total time for which application threads were stopped: 0.0124663 seconds, Stopping threads took: 0.0000401 seconds
2019-03-15T15:52:28.714+0900: 546.852: Application time: 0.3157189 seconds
2019-03-15T15:52:28.714+0900: 546.852: Total time for which application threads were stopped: 0.0000799 seconds, Stopping threads took: 0.0000246 seconds
2019-03-15T15:52:29.252+0900: 547.389: Application time: 0.5375100 seconds
2019-03-15T15:52:29.252+0900: 547.389: [GC (Allocation Failure) 2019-03-15T15:52:29.252+0900: 547.389: [ParNew: 216824K->5680K(235968K), 0.0049844 secs] 663781K->452639K(842580K), 0.0050858 secs] [Times: user=0.00 sys=0.00, real=0.00 secs] 
2019-03-15T15:52:29.257+0900: 547.394: Total time for which application threads were stopped: 0.0052618 seconds, Stopping threads took: 0.0000647 seconds
2019-03-15T15:52:29.715+0900: 547.852: Application time: 0.4579877 seconds
2019-03-15T15:52:29.715+0900: 547.853: Total time for which application threads were stopped: 0.0001197 seconds, Stopping threads took: 0.0000697 seconds
2019-03-15T15:52:29.716+0900: 547.854: Application time: 0.0009399 seconds
2019-03-15T15:52:29.716+0900: 547.854: Total time for which application threads were stopped: 0.0000535 seconds, Stopping threads took: 0.0000264 seconds
2019-03-15T15:52:30.133+0900: 548.271: Application time: 0.4172334 seconds
2019-03-15T15:52:30.133+0900: 548.271: [GC (Allocation Failure) 2019-03-15T15:52:30.133+0900: 548.271: [ParNew: 215472K->8364K(235968K), 0.0052227 secs] 662431K->455325K(842580K), 0.0053219 secs] [Times: user=0.00 sys=0.00, real=0.01 secs] 
2019-03-15T15:52:30.139+0900: 548.276: Total time for which application threads were stopped: 0.0054335 seconds, Stopping threads took: 0.0000199 seconds
2019-03-15T15:52:30.715+0900: 548.853: Application time: 0.5766957 seconds
2019-03-15T15:52:30.715+0900: 548.853: Total time for which application threads were stopped: 0.0001070 seconds, Stopping threads took: 0.0000519 seconds
2019-03-15T15:52:31.012+0900: 549.149: Application time: 0.2962509 seconds
2019-03-15T15:52:31.012+0900: 549.149: [GC (Allocation Failure) 2019-03-15T15:52:31.012+0900: 549.149: [ParNew: 218156K->12157K(235968K), 0.0095570 secs] 665117K->459157K(842580K), 0.0096964 secs] [Times: user=0.06 sys=0.00, real=0.01 secs] 
2019-03-15T15:52:31.022+0900: 549.159: Total time for which application threads were stopped: 0.0098926 seconds, Stopping threads took: 0.0000526 seconds
2019-03-15T15:52:31.715+0900: 549.853: Application time: 0.6935691 seconds
2019-03-15T15:52:31.715+0900: 549.853: Total time for which application threads were stopped: 0.0000936 seconds, Stopping threads took: 0.0000345 seconds
2019-03-15T15:52:31.893+0900: 550.031: Application time: 0.1778672 seconds
2019-03-15T15:52:31.893+0900: 550.031: [GC (Allocation Failure) 2019-03-15T15:52:31.893+0900: 550.031: [ParNew: 221949K->12975K(235968K), 0.0192301 secs] 668949K->462695K(842580K), 0.0193887 secs] [Times: user=0.06 sys=0.00, real=0.02 secs] 
2019-03-15T15:52:31.913+0900: 550.050: Total time for which application threads were stopped: 0.0196490 seconds, Stopping threads took: 0.0000628 seconds
2019-03-15T15:52:32.716+0900: 550.854: Application time: 0.8031991 seconds
2019-03-15T15:52:32.716+0900: 550.854: Total time for which application threads were stopped: 0.0002040 seconds, Stopping threads took: 0.0000628 seconds
2019-03-15T15:52:32.775+0900: 550.913: Application time: 0.0590090 seconds
2019-03-15T15:52:32.775+0900: 550.913: [GC (Allocation Failure) 2019-03-15T15:52:32.775+0900: 550.913: [ParNew: 222767K->7750K(235968K), 0.0116343 secs] 672487K->457472K(842580K), 0.0118066 secs] [Times: user=0.06 sys=0.00, real=0.01 secs] 
2019-03-15T15:52:32.787+0900: 550.925: Total time for which application threads were stopped: 0.0120660 seconds, Stopping threads took: 0.0000606 seconds
2019-03-15T15:52:33.634+0900: 551.771: Application time: 0.8456555 seconds
2019-03-15T15:52:33.634+0900: 551.771: [GC (Allocation Failure) 2019-03-15T15:52:33.634+0900: 551.771: [ParNew: 217542K->10604K(235968K), 0.0099259 secs] 667264K->460327K(842580K), 0.0100702 secs] [Times: user=0.06 sys=0.00, real=0.01 secs] 
2019-03-15T15:52:33.644+0900: 551.781: Total time for which application threads were stopped: 0.0102917 seconds, Stopping threads took: 0.0000479 seconds
2019-03-15T15:52:33.718+0900: 551.854: Application time: 0.0735153 seconds
2019-03-15T15:52:33.718+0900: 551.854: Total time for which application threads were stopped: 0.0001120 seconds, Stopping threads took: 0.0000516 seconds
2019-03-15T15:52:34.511+0900: 552.648: Application time: 0.7930611 seconds
2019-03-15T15:52:34.511+0900: 552.648: [GC (Allocation Failure) 2019-03-15T15:52:34.511+0900: 552.648: [ParNew: 220396K->11330K(235968K), 0.0129652 secs] 670119K->463813K(842580K), 0.0130921 secs] [Times: user=0.00 sys=0.00, real=0.01 secs] 
2019-03-15T15:52:34.524+0900: 552.661: Total time for which application threads were stopped: 0.0132930 seconds, Stopping threads took: 0.0000495 seconds
2019-03-15T15:52:34.718+0900: 552.855: Application time: 0.1939688 seconds
2019-03-15T15:52:34.718+0900: 552.855: Total time for which application threads were stopped: 0.0001428 seconds, Stopping threads took: 0.0000647 seconds
2019-03-15T15:52:35.500+0900: 553.637: Application time: 0.7822158 seconds
2019-03-15T15:52:35.500+0900: 553.637: [GC (Allocation Failure) 2019-03-15T15:52:35.500+0900: 553.637: [ParNew: 221122K->8498K(235968K), 0.0066540 secs] 673605K->460983K(842580K), 0.0067647 secs] [Times: user=0.00 sys=0.00, real=0.01 secs] 
2019-03-15T15:52:35.507+0900: 553.644: Total time for which application threads were stopped: 0.0069149 seconds, Stopping threads took: 0.0000358 seconds
2019-03-15T15:52:35.720+0900: 553.857: Application time: 0.2133117 seconds
2019-03-15T15:52:35.721+0900: 553.858: Total time for which application threads were stopped: 0.0002653 seconds, Stopping threads took: 0.0001247 seconds
2019-03-15T15:52:36.425+0900: 554.562: Application time: 0.7041833 seconds
2019-03-15T15:52:36.425+0900: 554.562: [GC (Allocation Failure) 2019-03-15T15:52:36.425+0900: 554.562: [ParNew: 218290K->7616K(235968K), 0.0108978 secs] 670775K->460103K(842580K), 0.0110540 secs] [Times: user=0.06 sys=0.00, real=0.01 secs] 
2019-03-15T15:52:36.436+0900: 554.573: Total time for which application threads were stopped: 0.0113009 seconds, Stopping threads took: 0.0000538 seconds
2019-03-15T15:52:36.719+0900: 554.856: Application time: 0.2825318 seconds
2019-03-15T15:52:36.719+0900: 554.856: Total time for which application threads were stopped: 0.0000644 seconds, Stopping threads took: 0.0000177 seconds
2019-03-15T15:52:37.268+0900: 555.404: Application time: 0.5487020 seconds
2019-03-15T15:52:37.268+0900: 555.405: [GC (Allocation Failure) 2019-03-15T15:52:37.268+0900: 555.405: [ParNew: 217408K->8626K(235968K), 0.0090152 secs] 669895K->463872K(842580K), 0.0091001 secs] [Times: user=0.06 sys=0.00, real=0.01 secs] 
2019-03-15T15:52:37.277+0900: 555.414: Total time for which application threads were stopped: 0.0092448 seconds, Stopping threads took: 0.0000224 seconds
2019-03-15T15:52:37.721+0900: 555.858: Application time: 0.4440400 seconds
2019-03-15T15:52:37.721+0900: 555.858: Total time for which application threads were stopped: 0.0001683 seconds, Stopping threads took: 0.0000715 seconds
2019-03-15T15:52:38.169+0900: 556.306: Application time: 0.4476683 seconds
2019-03-15T15:52:38.169+0900: 556.306: [GC (Allocation Failure) 2019-03-15T15:52:38.169+0900: 556.306: [ParNew: 218418K->5723K(235968K), 0.0075609 secs] 673664K->460971K(842580K), 0.0076673 secs] [Times: user=0.06 sys=0.00, real=0.01 secs] 
2019-03-15T15:52:38.176+0900: 556.313: Total time for which application threads were stopped: 0.0078408 seconds, Stopping threads took: 0.0000271 seconds
2019-03-15T15:52:38.721+0900: 556.858: Application time: 0.5442171 seconds
2019-03-15T15:52:38.721+0900: 556.858: Total time for which application threads were stopped: 0.0002230 seconds, Stopping threads took: 0.0001260 seconds
2019-03-15T15:52:39.020+0900: 557.157: Application time: 0.2992426 seconds
2019-03-15T15:52:39.020+0900: 557.157: [GC (Allocation Failure) 2019-03-15T15:52:39.020+0900: 557.157: [ParNew: 215515K->6393K(235968K), 0.0051524 secs] 670763K->461641K(842580K), 0.0052500 secs] [Times: user=0.00 sys=0.00, real=0.01 secs] 
2019-03-15T15:52:39.026+0900: 557.163: Total time for which application threads were stopped: 0.0054208 seconds, Stopping threads took: 0.0000669 seconds
2019-03-15T15:52:39.722+0900: 557.859: Application time: 0.6961981 seconds
2019-03-15T15:52:39.722+0900: 557.859: Total time for which application threads were stopped: 0.0001222 seconds, Stopping threads took: 0.0000519 seconds
2019-03-15T15:52:39.723+0900: 557.861: Application time: 0.0016276 seconds
2019-03-15T15:52:39.724+0900: 557.861: Total time for which application threads were stopped: 0.0000862 seconds, Stopping threads took: 0.0000457 seconds
2019-03-15T15:52:39.860+0900: 557.997: Application time: 0.1361989 seconds
2019-03-15T15:52:39.860+0900: 557.997: [GC (Allocation Failure) 2019-03-15T15:52:39.860+0900: 557.997: [ParNew: 216185K->8016K(235968K), 0.0089051 secs] 671433K->463265K(842580K), 0.0090376 secs] [Times: user=0.00 sys=0.00, real=0.01 secs] 
2019-03-15T15:52:39.869+0900: 558.006: Total time for which application threads were stopped: 0.0092102 seconds, Stopping threads took: 0.0000330 seconds
2019-03-15T15:52:40.723+0900: 558.860: Application time: 0.8540043 seconds
2019-03-15T15:52:40.723+0900: 558.860: Total time for which application threads were stopped: 0.0001760 seconds, Stopping threads took: 0.0000787 seconds
2019-03-15T15:52:40.794+0900: 558.931: Application time: 0.0704579 seconds
2019-03-15T15:52:40.794+0900: 558.931: [GC (Allocation Failure) 2019-03-15T15:52:40.794+0900: 558.931: [ParNew: 217808K->5344K(235968K), 0.0094541 secs] 673057K->463353K(842580K), 0.0095679 secs] [Times: user=0.06 sys=0.00, real=0.01 secs] 
2019-03-15T15:52:40.803+0900: 558.940: Total time for which application threads were stopped: 0.0097645 seconds, Stopping threads took: 0.0000638 seconds
2019-03-15T15:52:41.699+0900: 559.836: Application time: 0.8955948 seconds
2019-03-15T15:52:41.699+0900: 559.836: [GC (Allocation Failure) 2019-03-15T15:52:41.699+0900: 559.836: [ParNew: 215136K->5437K(235968K), 0.0130980 secs] 673145K->463448K(842580K), 0.0133138 secs] [Times: user=0.06 sys=0.00, real=0.01 secs] 
2019-03-15T15:52:41.713+0900: 559.850: Total time for which application threads were stopped: 0.0136420 seconds, Stopping threads took: 0.0000734 seconds
2019-03-15T15:52:41.723+0900: 559.860: Application time: 0.0103573 seconds
2019-03-15T15:52:41.723+0900: 559.860: Total time for which application threads were stopped: 0.0001499 seconds, Stopping threads took: 0.0000560 seconds
2019-03-15T15:52:42.721+0900: 560.858: Application time: 0.9978770 seconds
2019-03-15T15:52:42.721+0900: 560.858: [GC (Allocation Failure) 2019-03-15T15:52:42.721+0900: 560.858: [ParNew: 215229K->5470K(235968K), 0.0041322 secs] 673240K->463483K(842580K), 0.0042414 secs] [Times: user=0.00 sys=0.00, real=0.00 secs] 
2019-03-15T15:52:42.725+0900: 560.863: Total time for which application threads were stopped: 0.0043611 seconds, Stopping threads took: 0.0000224 seconds
2019-03-15T15:52:42.726+0900: 560.864: Application time: 0.0010606 seconds
2019-03-15T15:52:42.726+0900: 560.864: Total time for which application threads were stopped: 0.0000594 seconds, Stopping threads took: 0.0000174 seconds
2019-03-15T15:52:43.620+0900: 561.758: Application time: 0.8939063 seconds
2019-03-15T15:52:43.620+0900: 561.758: [GC (Allocation Failure) 2019-03-15T15:52:43.620+0900: 561.758: [ParNew: 215262K->5827K(235968K), 0.0052466 secs] 673275K->463842K(842580K), 0.0053396 secs] [Times: user=0.00 sys=0.00, real=0.01 secs] 
2019-03-15T15:52:43.626+0900: 561.763: Total time for which application threads were stopped: 0.0054469 seconds, Stopping threads took: 0.0000184 seconds
2019-03-15T15:52:43.729+0900: 561.866: Application time: 0.1029477 seconds
2019-03-15T15:52:43.729+0900: 561.866: Total time for which application threads were stopped: 0.0000949 seconds, Stopping threads took: 0.0000442 seconds
2019-03-15T15:52:44.461+0900: 562.598: Application time: 0.7318787 seconds
2019-03-15T15:52:44.461+0900: 562.598: [GC (Allocation Failure) 2019-03-15T15:52:44.461+0900: 562.598: [ParNew: 215619K->6955K(235968K), 0.0044457 secs] 673634K->464972K(842580K), 0.0045409 secs] [Times: user=0.05 sys=0.00, real=0.00 secs] 
2019-03-15T15:52:44.465+0900: 562.603: Total time for which application threads were stopped: 0.0046554 seconds, Stopping threads took: 0.0000193 seconds
2019-03-15T15:52:44.727+0900: 562.865: Application time: 0.2620169 seconds
2019-03-15T15:52:44.727+0900: 562.865: Total time for which application threads were stopped: 0.0000921 seconds, Stopping threads took: 0.0000395 seconds
2019-03-15T15:52:45.363+0900: 563.501: Application time: 0.6358621 seconds
2019-03-15T15:52:45.363+0900: 563.501: [GC (Allocation Failure) 2019-03-15T15:52:45.363+0900: 563.501: [ParNew: 216747K->3313K(235968K), 0.0076020 secs] 674764K->461331K(842580K), 0.0077491 secs] [Times: user=0.06 sys=0.00, real=0.01 secs] 
2019-03-15T15:52:45.371+0900: 563.509: Total time for which application threads were stopped: 0.0079631 seconds, Stopping threads took: 0.0000435 seconds
2019-03-15T15:52:45.727+0900: 563.864: Application time: 0.3558334 seconds
2019-03-15T15:52:45.727+0900: 563.864: Total time for which application threads were stopped: 0.0000675 seconds, Stopping threads took: 0.0000302 seconds
2019-03-15T15:52:46.276+0900: 564.414: Application time: 0.5494998 seconds
2019-03-15T15:52:46.277+0900: 564.414: [GC (Allocation Failure) 2019-03-15T15:52:46.277+0900: 564.414: [ParNew: 213105K->7825K(235968K), 0.0046802 secs] 671123K->465845K(842580K), 0.0048277 secs] [Times: user=0.00 sys=0.00, real=0.00 secs] 
2019-03-15T15:52:46.281+0900: 564.419: Total time for which application threads were stopped: 0.0049449 seconds, Stopping threads took: 0.0000177 seconds
2019-03-15T15:52:46.729+0900: 564.866: Application time: 0.4474407 seconds
2019-03-15T15:52:46.729+0900: 564.866: Total time for which application threads were stopped: 0.0001154 seconds, Stopping threads took: 0.0000482 seconds
2019-03-15T15:52:47.173+0900: 565.311: Application time: 0.4441936 seconds
2019-03-15T15:52:47.173+0900: 565.311: [GC (Allocation Failure) 2019-03-15T15:52:47.173+0900: 565.311: [ParNew: 217617K->4930K(235968K), 0.0065423 secs] 675637K->465708K(842580K), 0.0066275 secs] [Times: user=0.06 sys=0.00, real=0.01 secs] 
2019-03-15T15:52:47.180+0900: 565.317: Total time for which application threads were stopped: 0.0067435 seconds, Stopping threads took: 0.0000196 seconds
2019-03-15T15:52:47.728+0900: 565.866: Application time: 0.5484843 seconds
2019-03-15T15:52:47.728+0900: 565.866: Total time for which application threads were stopped: 0.0001054 seconds, Stopping threads took: 0.0000426 seconds
2019-03-15T15:52:48.055+0900: 566.192: Application time: 0.3264883 seconds
2019-03-15T15:52:48.055+0900: 566.193: [GC (Allocation Failure) 2019-03-15T15:52:48.055+0900: 566.193: [ParNew: 214722K->2905K(235968K), 0.0047770 secs] 675500K->463684K(842580K), 0.0048886 secs] [Times: user=0.00 sys=0.00, real=0.00 secs] 
2019-03-15T15:52:48.060+0900: 566.198: Total time for which application threads were stopped: 0.0050370 seconds, Stopping threads took: 0.0000227 seconds
2019-03-15T15:52:48.731+0900: 566.868: Application time: 0.6706954 seconds
2019-03-15T15:52:48.731+0900: 566.868: Total time for which application threads were stopped: 0.0001596 seconds, Stopping threads took: 0.0000463 seconds
2019-03-15T15:52:48.970+0900: 567.108: Application time: 0.2392925 seconds
2019-03-15T15:52:48.970+0900: 567.108: [GC (Allocation Failure) 2019-03-15T15:52:48.970+0900: 567.108: [ParNew: 212697K->4649K(235968K), 0.0041387 secs] 673476K->465430K(842580K), 0.0042364 secs] [Times: user=0.00 sys=0.00, real=0.00 secs] 
2019-03-15T15:52:48.974+0900: 567.112: Total time for which application threads were stopped: 0.0043506 seconds, Stopping threads took: 0.0000193 seconds
2019-03-15T15:52:49.731+0900: 567.869: Application time: 0.7570639 seconds
2019-03-15T15:52:49.732+0900: 567.869: Total time for which application threads were stopped: 0.0002040 seconds, Stopping threads took: 0.0000809 seconds
2019-03-15T15:52:49.735+0900: 567.872: Application time: 0.0031006 seconds
2019-03-15T15:52:49.735+0900: 567.873: Total time for which application threads were stopped: 0.0001375 seconds, Stopping threads took: 0.0000498 seconds
2019-03-15T15:52:49.845+0900: 567.983: Application time: 0.1101295 seconds
2019-03-15T15:52:49.845+0900: 567.983: [GC (Allocation Failure) 2019-03-15T15:52:49.845+0900: 567.983: [ParNew: 214441K->5228K(235968K), 0.0052031 secs] 675222K->466011K(842580K), 0.0053172 secs] [Times: user=0.00 sys=0.00, real=0.00 secs] 
2019-03-15T15:52:49.851+0900: 567.988: Total time for which application threads were stopped: 0.0054730 seconds, Stopping threads took: 0.0000370 seconds
2019-03-15T15:52:50.733+0900: 568.871: Application time: 0.8823258 seconds
2019-03-15T15:52:50.733+0900: 568.871: Total time for which application threads were stopped: 0.0002544 seconds, Stopping threads took: 0.0001014 seconds
2019-03-15T15:52:50.811+0900: 568.949: Application time: 0.0783759 seconds
2019-03-15T15:52:50.812+0900: 568.949: [GC (Allocation Failure) 2019-03-15T15:52:50.812+0900: 568.949: [ParNew: 215020K->2690K(235968K), 0.0027927 secs] 675803K->463474K(842580K), 0.0029049 secs] [Times: user=0.00 sys=0.00, real=0.00 secs] 
2019-03-15T15:52:50.815+0900: 568.952: Total time for which application threads were stopped: 0.0030853 seconds, Stopping threads took: 0.0000467 seconds
2019-03-15T15:52:51.730+0900: 569.866: Application time: 0.9141705 seconds
2019-03-15T15:52:51.730+0900: 569.867: [GC (Allocation Failure) 2019-03-15T15:52:51.730+0900: 569.867: [ParNew: 212482K->2229K(235968K), 0.0031662 secs] 673266K->463015K(842580K), 0.0032638 secs] [Times: user=0.06 sys=0.00, real=0.00 secs] 
2019-03-15T15:52:51.733+0900: 569.870: Total time for which application threads were stopped: 0.0033951 seconds, Stopping threads took: 0.0000345 seconds
2019-03-15T15:52:51.734+0900: 569.871: Application time: 0.0010976 seconds
2019-03-15T15:52:51.734+0900: 569.871: Total time for which application threads were stopped: 0.0000718 seconds, Stopping threads took: 0.0000317 seconds
2019-03-15T15:52:52.650+0900: 570.787: Application time: 0.9156653 seconds
2019-03-15T15:52:52.650+0900: 570.787: [GC (Allocation Failure) 2019-03-15T15:52:52.650+0900: 570.787: [ParNew: 212021K->1507K(235968K), 0.0039730 secs] 672807K->462295K(842580K), 0.0041030 secs] [Times: user=0.06 sys=0.00, real=0.00 secs] 
2019-03-15T15:52:52.654+0900: 570.791: Total time for which application threads were stopped: 0.0043375 seconds, Stopping threads took: 0.0000613 seconds
2019-03-15T15:52:52.734+0900: 570.871: Application time: 0.0795425 seconds
2019-03-15T15:52:52.734+0900: 570.871: Total time for which application threads were stopped: 0.0001185 seconds, Stopping threads took: 0.0000498 seconds
2019-03-15T15:52:53.551+0900: 571.688: Application time: 0.8174096 seconds
2019-03-15T15:52:53.551+0900: 571.688: [GC (Allocation Failure) 2019-03-15T15:52:53.552+0900: 571.688: [ParNew: 211299K->6257K(235968K), 0.0153576 secs] 672087K->467047K(842580K), 0.0155734 secs] [Times: user=0.05 sys=0.00, real=0.02 secs] 
2019-03-15T15:52:53.567+0900: 571.704: Total time for which application threads were stopped: 0.0158928 seconds, Stopping threads took: 0.0000737 seconds
2019-03-15T15:52:53.736+0900: 571.873: Application time: 0.1691761 seconds
2019-03-15T15:52:53.737+0900: 571.873: Total time for which application threads were stopped: 0.0002106 seconds, Stopping threads took: 0.0000840 seconds
2019-03-15T15:52:54.447+0900: 572.584: Application time: 0.7106189 seconds
2019-03-15T15:52:54.447+0900: 572.584: [GC (Allocation Failure) 2019-03-15T15:52:54.447+0900: 572.584: [ParNew: 216049K->7303K(235968K), 0.0138535 secs] 676839K->468095K(842580K), 0.0139968 secs] [Times: user=0.00 sys=0.00, real=0.01 secs] 
2019-03-15T15:52:54.461+0900: 572.598: Total time for which application threads were stopped: 0.0142447 seconds, Stopping threads took: 0.0000597 seconds
2019-03-15T15:52:54.736+0900: 572.873: Application time: 0.2748854 seconds
2019-03-15T15:52:54.736+0900: 572.873: Total time for which application threads were stopped: 0.0001418 seconds, Stopping threads took: 0.0000610 seconds
2019-03-15T15:52:55.374+0900: 573.511: Application time: 0.6373512 seconds
2019-03-15T15:52:55.374+0900: 573.511: [GC (Allocation Failure) 2019-03-15T15:52:55.374+0900: 573.511: [ParNew: 217095K->8013K(235968K), 0.0136292 secs] 677887K->468806K(842580K), 0.0138388 secs] [Times: user=0.06 sys=0.00, real=0.01 secs] 
2019-03-15T15:52:55.388+0900: 573.525: Total time for which application threads were stopped: 0.0142267 seconds, Stopping threads took: 0.0001005 seconds
2019-03-15T15:52:55.737+0900: 573.874: Application time: 0.3488152 seconds
2019-03-15T15:52:55.737+0900: 573.874: Total time for which application threads were stopped: 0.0002205 seconds, Stopping threads took: 0.0001132 seconds
2019-03-15T15:52:56.311+0900: 574.448: Application time: 0.5741563 seconds
2019-03-15T15:52:56.311+0900: 574.448: [GC (Allocation Failure) 2019-03-15T15:52:56.311+0900: 574.448: [ParNew: 217805K->7980K(235968K), 0.0120315 secs] 678598K->468775K(842580K), 0.0122296 secs] [Times: user=0.06 sys=0.00, real=0.01 secs] 
2019-03-15T15:52:56.324+0900: 574.461: Total time for which application threads were stopped: 0.0125105 seconds, Stopping threads took: 0.0000641 seconds
2019-03-15T15:52:56.737+0900: 574.874: Application time: 0.4128972 seconds
2019-03-15T15:52:56.737+0900: 574.874: Total time for which application threads were stopped: 0.0000893 seconds, Stopping threads took: 0.0000252 seconds
2019-03-15T15:52:57.191+0900: 575.328: Application time: 0.4541015 seconds
2019-03-15T15:52:57.191+0900: 575.328: [GC (Allocation Failure) 2019-03-15T15:52:57.191+0900: 575.328: [ParNew: 217772K->4951K(235968K), 0.0087387 secs] 678567K->465747K(842580K), 0.0088936 secs] [Times: user=0.06 sys=0.00, real=0.01 secs] 
2019-03-15T15:52:57.200+0900: 575.337: Total time for which application threads were stopped: 0.0091213 seconds, Stopping threads took: 0.0000535 seconds
2019-03-15T15:52:57.737+0900: 575.874: Application time: 0.5371523 seconds
2019-03-15T15:52:57.737+0900: 575.874: Total time for which application threads were stopped: 0.0001365 seconds, Stopping threads took: 0.0000610 seconds
2019-03-15T15:52:58.095+0900: 576.232: Application time: 0.3575878 seconds
2019-03-15T15:52:58.095+0900: 576.232: [GC (Allocation Failure) 2019-03-15T15:52:58.095+0900: 576.232: [ParNew: 214743K->6342K(235968K), 0.0083108 secs] 675539K->467139K(842580K), 0.0084342 secs] [Times: user=0.06 sys=0.00, real=0.01 secs] 
2019-03-15T15:52:58.103+0900: 576.240: Total time for which application threads were stopped: 0.0086202 seconds, Stopping threads took: 0.0000336 seconds
2019-03-15T15:52:58.740+0900: 576.877: Application time: 0.6363591 seconds
2019-03-15T15:52:58.740+0900: 576.877: Total time for which application threads were stopped: 0.0002740 seconds, Stopping threads took: 0.0001368 seconds
2019-03-15T15:52:59.061+0900: 577.198: Application time: 0.3208016 seconds
2019-03-15T15:52:59.061+0900: 577.198: [GC (Allocation Failure) 2019-03-15T15:52:59.061+0900: 577.198: [ParNew: 216134K->8267K(235968K), 0.0079702 secs] 676931K->471824K(842580K), 0.0080588 secs] [Times: user=0.06 sys=0.00, real=0.01 secs] 
2019-03-15T15:52:59.069+0900: 577.206: Total time for which application threads were stopped: 0.0081913 seconds, Stopping threads took: 0.0000370 seconds
2019-03-15T15:52:59.741+0900: 577.878: Application time: 0.6718285 seconds
2019-03-15T15:52:59.741+0900: 577.878: Total time for which application threads were stopped: 0.0001900 seconds, Stopping threads took: 0.0000697 seconds
2019-03-15T15:52:59.744+0900: 577.881: Application time: 0.0028717 seconds
2019-03-15T15:52:59.744+0900: 577.881: Total time for which application threads were stopped: 0.0002233 seconds, Stopping threads took: 0.0001340 seconds
2019-03-15T15:52:59.955+0900: 578.092: Application time: 0.2111837 seconds
2019-03-15T15:52:59.955+0900: 578.093: [GC (Allocation Failure) 2019-03-15T15:52:59.955+0900: 578.093: [ParNew: 218059K->5617K(235968K), 0.0110611 secs] 681616K->469176K(842580K), 0.0112400 secs] [Times: user=0.00 sys=0.00, real=0.01 secs] 
2019-03-15T15:52:59.967+0900: 578.104: Total time for which application threads were stopped: 0.0114997 seconds, Stopping threads took: 0.0000606 seconds
2019-03-15T15:53:00.739+0900: 578.876: Application time: 0.7725306 seconds
2019-03-15T15:53:00.739+0900: 578.877: Total time for which application threads were stopped: 0.0001589 seconds, Stopping threads took: 0.0000398 seconds
2019-03-15T15:53:00.922+0900: 579.060: Application time: 0.1831048 seconds
2019-03-15T15:53:00.923+0900: 579.060: [GC (Allocation Failure) 2019-03-15T15:53:00.923+0900: 579.060: [ParNew: 215409K->8875K(235968K), 0.0089645 secs] 678968K->472435K(842580K), 0.0092015 secs] [Times: user=0.00 sys=0.00, real=0.01 secs] 
2019-03-15T15:53:00.932+0900: 579.069: Total time for which application threads were stopped: 0.0094149 seconds, Stopping threads took: 0.0000544 seconds
2019-03-15T15:53:01.741+0900: 579.879: Application time: 0.8095591 seconds
2019-03-15T15:53:01.742+0900: 579.879: Total time for which application threads were stopped: 0.0002843 seconds, Stopping threads took: 0.0001393 seconds
2019-03-15T15:53:01.881+0900: 580.018: Application time: 0.1388367 seconds
2019-03-15T15:53:01.881+0900: 580.018: [GC (Allocation Failure) 2019-03-15T15:53:01.881+0900: 580.018: [ParNew: 218667K->6831K(235968K), 0.0076533 secs] 682227K->470393K(842580K), 0.0077945 secs] [Times: user=0.06 sys=0.00, real=0.01 secs] 
2019-03-15T15:53:01.888+0900: 580.026: Total time for which application threads were stopped: 0.0079755 seconds, Stopping threads took: 0.0000333 seconds
2019-03-15T15:53:02.741+0900: 580.878: Application time: 0.8522927 seconds
2019-03-15T15:53:02.741+0900: 580.878: Total time for which application threads were stopped: 0.0001222 seconds, Stopping threads took: 0.0000513 seconds
2019-03-15T15:53:02.814+0900: 580.951: Application time: 0.0727573 seconds
2019-03-15T15:53:02.814+0900: 580.951: [GC (Allocation Failure) 2019-03-15T15:53:02.814+0900: 580.951: [ParNew: 216623K->5009K(235968K), 0.0097216 secs] 680185K->471330K(842580K), 0.0098665 secs] [Times: user=0.05 sys=0.00, real=0.01 secs] 
2019-03-15T15:53:02.824+0900: 580.961: Total time for which application threads were stopped: 0.0101054 seconds, Stopping threads took: 0.0000585 seconds
2019-03-15T15:53:03.690+0900: 581.828: Application time: 0.8666528 seconds
2019-03-15T15:53:03.690+0900: 581.828: [GC (Allocation Failure) 2019-03-15T15:53:03.690+0900: 581.828: [ParNew: 214801K->3255K(235968K), 0.0050273 secs] 681122K->469578K(842580K), 0.0051346 secs] [Times: user=0.02 sys=0.00, real=0.01 secs] 
2019-03-15T15:53:03.696+0900: 581.833: Total time for which application threads were stopped: 0.0052752 seconds, Stopping threads took: 0.0000211 seconds
2019-03-15T15:53:03.740+0900: 581.877: Application time: 0.0444031 seconds
2019-03-15T15:53:03.740+0900: 581.878: Total time for which application threads were stopped: 0.0001247 seconds, Stopping threads took: 0.0000712 seconds
2019-03-15T15:53:04.533+0900: 582.670: Application time: 0.7927109 seconds
2019-03-15T15:53:04.533+0900: 582.670: [GC (Allocation Failure) 2019-03-15T15:53:04.533+0900: 582.671: [ParNew: 213047K->5464K(235968K), 0.0107741 secs] 679370K->471789K(842580K), 0.0109663 secs] [Times: user=0.06 sys=0.00, real=0.01 secs] 
2019-03-15T15:53:04.544+0900: 582.682: Total time for which application threads were stopped: 0.0112490 seconds, Stopping threads took: 0.0000656 seconds
2019-03-15T15:53:04.742+0900: 582.880: Application time: 0.1981905 seconds
2019-03-15T15:53:04.742+0900: 582.880: Total time for which application threads were stopped: 0.0001421 seconds, Stopping threads took: 0.0000613 seconds
2019-03-15T15:53:05.465+0900: 583.602: Application time: 0.7223301 seconds
2019-03-15T15:53:05.465+0900: 583.602: [GC (Allocation Failure) 2019-03-15T15:53:05.465+0900: 583.602: [ParNew: 215256K->2619K(235968K), 0.0038980 secs] 681581K->468946K(842580K), 0.0040451 secs] [Times: user=0.00 sys=0.00, real=0.00 secs] 
2019-03-15T15:53:05.469+0900: 583.606: Total time for which application threads were stopped: 0.0042457 seconds, Stopping threads took: 0.0000488 seconds
2019-03-15T15:53:05.745+0900: 583.882: Application time: 0.2755917 seconds
2019-03-15T15:53:05.745+0900: 583.882: Total time for which application threads were stopped: 0.0002286 seconds, Stopping threads took: 0.0000911 seconds
2019-03-15T15:53:06.395+0900: 584.533: Application time: 0.6502545 seconds
2019-03-15T15:53:06.395+0900: 584.533: [GC (Allocation Failure) 2019-03-15T15:53:06.395+0900: 584.533: [ParNew: 212411K->4152K(235968K), 0.0061374 secs] 678738K->470481K(842580K), 0.0062496 secs] [Times: user=0.00 sys=0.00, real=0.01 secs] 
2019-03-15T15:53:06.401+0900: 584.539: Total time for which application threads were stopped: 0.0064160 seconds, Stopping threads took: 0.0000395 seconds
2019-03-15T15:53:06.743+0900: 584.881: Application time: 0.3420051 seconds
2019-03-15T15:53:06.744+0900: 584.881: Total time for which application threads were stopped: 0.0000880 seconds, Stopping threads took: 0.0000224 seconds
2019-03-15T15:53:07.316+0900: 585.454: Application time: 0.5727436 seconds
2019-03-15T15:53:07.316+0900: 585.454: [GC (Allocation Failure) 2019-03-15T15:53:07.316+0900: 585.454: [ParNew: 213944K->2360K(235968K), 0.0027656 secs] 680273K->468691K(842580K), 0.0028654 secs] [Times: user=0.00 sys=0.00, real=0.00 secs] 
2019-03-15T15:53:07.319+0900: 585.457: Total time for which application threads were stopped: 0.0030017 seconds, Stopping threads took: 0.0000233 seconds
2019-03-15T15:53:07.746+0900: 585.883: Application time: 0.4265818 seconds
2019-03-15T15:53:07.746+0900: 585.884: Total time for which application threads were stopped: 0.0003048 seconds, Stopping threads took: 0.0001673 seconds
2019-03-15T15:53:08.334+0900: 586.471: Application time: 0.5874866 seconds
2019-03-15T15:53:08.334+0900: 586.471: [GC (Allocation Failure) 2019-03-15T15:53:08.334+0900: 586.471: [ParNew: 212152K->2249K(235968K), 0.0040467 secs] 678483K->468581K(842580K), 0.0041394 secs] [Times: user=0.00 sys=0.00, real=0.00 secs] 
2019-03-15T15:53:08.338+0900: 586.476: Total time for which application threads were stopped: 0.0042772 seconds, Stopping threads took: 0.0000351 seconds
2019-03-15T15:53:08.746+0900: 586.882: Application time: 0.4069505 seconds
2019-03-15T15:53:08.746+0900: 586.883: Total time for which application threads were stopped: 0.0001026 seconds, Stopping threads took: 0.0000395 seconds
2019-03-15T15:53:09.260+0900: 587.397: Application time: 0.5142597 seconds
2019-03-15T15:53:09.260+0900: 587.397: [GC (Allocation Failure) 2019-03-15T15:53:09.260+0900: 587.397: [ParNew: 212041K->3582K(235968K), 0.0035354 secs] 678373K->469914K(842580K), 0.0036377 secs] [Times: user=0.00 sys=0.00, real=0.00 secs] 
2019-03-15T15:53:09.264+0900: 587.401: Total time for which application threads were stopped: 0.0038336 seconds, Stopping threads took: 0.0000809 seconds
2019-03-15T15:53:09.745+0900: 587.882: Application time: 0.4809102 seconds
2019-03-15T15:53:09.745+0900: 587.882: Total time for which application threads were stopped: 0.0000746 seconds, Stopping threads took: 0.0000317 seconds
2019-03-15T15:53:09.746+0900: 587.883: Application time: 0.0009044 seconds
2019-03-15T15:53:09.746+0900: 587.883: Total time for which application threads were stopped: 0.0000656 seconds, Stopping threads took: 0.0000414 seconds
2019-03-15T15:53:10.145+0900: 588.282: Application time: 0.3995339 seconds
2019-03-15T15:53:10.146+0900: 588.282: [GC (Allocation Failure) 2019-03-15T15:53:10.146+0900: 588.283: [ParNew: 213374K->5559K(235968K), 0.0161429 secs] 679706K->471893K(842580K), 0.0164066 secs] [Times: user=0.06 sys=0.00, real=0.02 secs] 
2019-03-15T15:53:10.162+0900: 588.299: Total time for which application threads were stopped: 0.0168206 seconds, Stopping threads took: 0.0000980 seconds
2019-03-15T15:53:10.747+0900: 588.884: Application time: 0.5852205 seconds
2019-03-15T15:53:10.748+0900: 588.884: Total time for which application threads were stopped: 0.0002000 seconds, Stopping threads took: 0.0000812 seconds
2019-03-15T15:53:11.116+0900: 589.253: Application time: 0.3681003 seconds
2019-03-15T15:53:11.116+0900: 589.253: [GC (Allocation Failure) 2019-03-15T15:53:11.116+0900: 589.253: [ParNew: 215351K->4364K(235968K), 0.0068546 secs] 681685K->470699K(842580K), 0.0070004 secs] [Times: user=0.06 sys=0.00, real=0.01 secs] 
2019-03-15T15:53:11.123+0900: 589.260: Total time for which application threads were stopped: 0.0072060 seconds, Stopping threads took: 0.0000488 seconds
2019-03-15T15:53:11.746+0900: 589.883: Application time: 0.6235973 seconds
2019-03-15T15:53:11.747+0900: 589.883: Total time for which application threads were stopped: 0.0000896 seconds, Stopping threads took: 0.0000264 seconds
2019-03-15T15:53:12.036+0900: 590.173: Application time: 0.2890940 seconds
2019-03-15T15:53:12.036+0900: 590.173: [GC (Allocation Failure) 2019-03-15T15:53:12.036+0900: 590.173: [ParNew: 214156K->4586K(235968K), 0.0083612 secs] 680491K->470923K(842580K), 0.0085154 secs] [Times: user=0.06 sys=0.00, real=0.01 secs] 
2019-03-15T15:53:12.044+0900: 590.181: Total time for which application threads were stopped: 0.0087422 seconds, Stopping threads took: 0.0000551 seconds
2019-03-15T15:53:12.748+0900: 590.884: Application time: 0.7031311 seconds
2019-03-15T15:53:12.748+0900: 590.885: Total time for which application threads were stopped: 0.0001219 seconds, Stopping threads took: 0.0000535 seconds
2019-03-15T15:53:12.970+0900: 591.106: Application time: 0.2218449 seconds
2019-03-15T15:53:12.970+0900: 591.106: [GC (Allocation Failure) 2019-03-15T15:53:12.970+0900: 591.107: [ParNew: 214378K->6941K(235968K), 0.0076169 secs] 680715K->473281K(842580K), 0.0077385 secs] [Times: user=0.00 sys=0.00, real=0.01 secs] 
2019-03-15T15:53:12.977+0900: 591.114: Total time for which application threads were stopped: 0.0079021 seconds, Stopping threads took: 0.0000246 seconds
2019-03-15T15:53:13.749+0900: 591.886: Application time: 0.7712041 seconds
2019-03-15T15:53:13.749+0900: 591.886: Total time for which application threads were stopped: 0.0001011 seconds, Stopping threads took: 0.0000302 seconds
2019-03-15T15:53:13.903+0900: 592.040: Application time: 0.1540748 seconds
2019-03-15T15:53:13.903+0900: 592.040: [GC (Allocation Failure) 2019-03-15T15:53:13.903+0900: 592.040: [ParNew: 216733K->6753K(235968K), 0.0154465 secs] 683073K->473095K(842580K), 0.0156589 secs] [Times: user=0.06 sys=0.00, real=0.02 secs] 
2019-03-15T15:53:13.919+0900: 592.056: Total time for which application threads were stopped: 0.0159426 seconds, Stopping threads took: 0.0000687 seconds
2019-03-15T15:53:14.747+0900: 592.884: Application time: 0.8286063 seconds
2019-03-15T15:53:14.747+0900: 592.884: [GC (Allocation Failure) 2019-03-15T15:53:14.747+0900: 592.884: [ParNew: 216545K->7219K(235968K), 0.0110540 secs] 682887K->473563K(842580K), 0.0111902 secs] [Times: user=0.06 sys=0.00, real=0.01 secs] 
2019-03-15T15:53:14.759+0900: 592.896: Total time for which application threads were stopped: 0.0113896 seconds, Stopping threads took: 0.0000578 seconds
2019-03-15T15:53:14.760+0900: 592.897: Application time: 0.0017199 seconds
2019-03-15T15:53:14.760+0900: 592.897: Total time for which application threads were stopped: 0.0000877 seconds, Stopping threads took: 0.0000361 seconds
2019-03-15T15:53:15.664+0900: 593.801: Application time: 0.9034518 seconds
2019-03-15T15:53:15.664+0900: 593.801: [GC (Allocation Failure) 2019-03-15T15:53:15.664+0900: 593.801: [ParNew: 217011K->7669K(235968K), 0.0096211 secs] 683355K->474014K(842580K), 0.0098074 secs] [Times: user=0.00 sys=0.00, real=0.01 secs] 
2019-03-15T15:53:15.674+0900: 593.811: Total time for which application threads were stopped: 0.0100491 seconds, Stopping threads took: 0.0000551 seconds
2019-03-15T15:53:15.750+0900: 593.887: Application time: 0.0757742 seconds
2019-03-15T15:53:15.750+0900: 593.887: Total time for which application threads were stopped: 0.0001574 seconds, Stopping threads took: 0.0000787 seconds
2019-03-15T15:53:16.573+0900: 594.710: Application time: 0.8229150 seconds
2019-03-15T15:53:16.573+0900: 594.710: [GC (Allocation Failure) 2019-03-15T15:53:16.573+0900: 594.710: [ParNew: 217461K->9888K(235968K), 0.0054475 secs] 683806K->476235K(842580K), 0.0055564 secs] [Times: user=0.00 sys=0.00, real=0.01 secs] 
2019-03-15T15:53:16.579+0900: 594.716: Total time for which application threads were stopped: 0.0057396 seconds, Stopping threads took: 0.0000600 seconds
2019-03-15T15:53:16.750+0900: 594.887: Application time: 0.1714235 seconds
2019-03-15T15:53:16.750+0900: 594.887: Total time for which application threads were stopped: 0.0001415 seconds, Stopping threads took: 0.0000625 seconds
2019-03-15T15:53:17.537+0900: 595.674: Application time: 0.7866329 seconds
2019-03-15T15:53:17.537+0900: 595.674: [GC (Allocation Failure) 2019-03-15T15:53:17.537+0900: 595.674: [ParNew: 219680K->6919K(235968K), 0.0077164 secs] 686027K->473268K(842580K), 0.0078554 secs] [Times: user=0.00 sys=0.00, real=0.01 secs] 
2019-03-15T15:53:17.545+0900: 595.682: Total time for which application threads were stopped: 0.0080545 seconds, Stopping threads took: 0.0000470 seconds
2019-03-15T15:53:17.751+0900: 595.888: Application time: 0.2058423 seconds
2019-03-15T15:53:17.751+0900: 595.888: Total time for which application threads were stopped: 0.0001185 seconds, Stopping threads took: 0.0000516 seconds
2019-03-15T15:53:18.527+0900: 596.664: Application time: 0.7760694 seconds
2019-03-15T15:53:18.527+0900: 596.664: [GC (Allocation Failure) 2019-03-15T15:53:18.527+0900: 596.664: [ParNew: 216711K->5375K(235968K), 0.0220852 secs] 683060K->474483K(842580K), 0.0222877 secs] [Times: user=0.13 sys=0.00, real=0.02 secs] 
2019-03-15T15:53:18.549+0900: 596.687: Total time for which application threads were stopped: 0.0226050 seconds, Stopping threads took: 0.0000712 seconds
2019-03-15T15:53:18.750+0900: 596.887: Application time: 0.2006112 seconds
2019-03-15T15:53:18.750+0900: 596.887: Total time for which application threads were stopped: 0.0000790 seconds, Stopping threads took: 0.0000348 seconds
2019-03-15T15:53:19.410+0900: 597.547: Application time: 0.6601092 seconds
2019-03-15T15:53:19.410+0900: 597.547: [GC (Allocation Failure) 2019-03-15T15:53:19.410+0900: 597.548: [ParNew: 215167K->9114K(235968K), 0.0067756 secs] 684275K->478224K(842580K), 0.0068754 secs] [Times: user=0.00 sys=0.00, real=0.01 secs] 
2019-03-15T15:53:19.417+0900: 597.554: Total time for which application threads were stopped: 0.0070539 seconds, Stopping threads took: 0.0000703 seconds
2019-03-15T15:53:19.751+0900: 597.888: Application time: 0.3341027 seconds
2019-03-15T15:53:19.751+0900: 597.889: Total time for which application threads were stopped: 0.0001558 seconds, Stopping threads took: 0.0000737 seconds
2019-03-15T15:53:19.753+0900: 597.891: Application time: 0.0018503 seconds
2019-03-15T15:53:19.753+0900: 597.891: Total time for which application threads were stopped: 0.0001014 seconds, Stopping threads took: 0.0000572 seconds
2019-03-15T15:53:20.341+0900: 598.478: Application time: 0.5874123 seconds
2019-03-15T15:53:20.341+0900: 598.478: [GC (Allocation Failure) 2019-03-15T15:53:20.341+0900: 598.478: [ParNew: 218906K->10366K(235968K), 0.0155908 secs] 688016K->479476K(842580K), 0.0161059 secs] [Times: user=0.06 sys=0.05, real=0.02 secs] 
2019-03-15T15:53:20.357+0900: 598.495: Total time for which application threads were stopped: 0.0164794 seconds, Stopping threads took: 0.0000467 seconds
2019-03-15T15:53:20.750+0900: 598.888: Application time: 0.3933063 seconds
2019-03-15T15:53:20.751+0900: 598.888: Total time for which application threads were stopped: 0.0001095 seconds, Stopping threads took: 0.0000479 seconds
2019-03-15T15:53:21.316+0900: 599.453: Application time: 0.5654374 seconds
2019-03-15T15:53:21.316+0900: 599.454: [GC (Allocation Failure) 2019-03-15T15:53:21.316+0900: 599.454: [ParNew: 220158K->8298K(235968K), 0.0129562 secs] 689268K->477410K(842580K), 0.0131275 secs] [Times: user=0.06 sys=0.00, real=0.01 secs] 
2019-03-15T15:53:21.329+0900: 599.467: Total time for which application threads were stopped: 0.0133935 seconds, Stopping threads took: 0.0000684 seconds
2019-03-15T15:53:21.751+0900: 599.888: Application time: 0.4215240 seconds
2019-03-15T15:53:21.751+0900: 599.888: Total time for which application threads were stopped: 0.0000952 seconds, Stopping threads took: 0.0000454 seconds
2019-03-15T15:53:22.281+0900: 600.418: Application time: 0.5298132 seconds
2019-03-15T15:53:22.281+0900: 600.418: [GC (Allocation Failure) 2019-03-15T15:53:22.281+0900: 600.419: [ParNew: 218090K->10626K(235968K), 0.0192761 secs] 687202K->482498K(842580K), 0.0194745 secs] [Times: user=0.06 sys=0.00, real=0.02 secs] 
2019-03-15T15:53:22.301+0900: 600.438: Total time for which application threads were stopped: 0.0197744 seconds, Stopping threads took: 0.0000740 seconds
2019-03-15T15:53:22.751+0900: 600.889: Application time: 0.4507406 seconds
2019-03-15T15:53:22.751+0900: 600.889: Total time for which application threads were stopped: 0.0001011 seconds, Stopping threads took: 0.0000442 seconds
2019-03-15T15:53:23.310+0900: 601.447: Application time: 0.5584675 seconds
2019-03-15T15:53:23.310+0900: 601.448: [GC (Allocation Failure) 2019-03-15T15:53:23.310+0900: 601.448: [ParNew: 220418K->7222K(235968K), 0.0175269 secs] 692290K->479096K(842580K), 0.0178218 secs] [Times: user=0.06 sys=0.00, real=0.02 secs] 
2019-03-15T15:53:23.328+0900: 601.466: Total time for which application threads were stopped: 0.0182199 seconds, Stopping threads took: 0.0000893 seconds
2019-03-15T15:53:23.752+0900: 601.890: Application time: 0.4241599 seconds
2019-03-15T15:53:23.752+0900: 601.890: Total time for which application threads were stopped: 0.0001642 seconds, Stopping threads took: 0.0000675 seconds
2019-03-15T15:53:24.248+0900: 602.385: Application time: 0.4951304 seconds
2019-03-15T15:53:24.248+0900: 602.385: [GC (Allocation Failure) 2019-03-15T15:53:24.248+0900: 602.385: [ParNew: 217014K->4535K(235968K), 0.0032060 secs] 688888K->476410K(842580K), 0.0032894 secs] [Times: user=0.00 sys=0.00, real=0.00 secs] 
2019-03-15T15:53:24.251+0900: 602.388: Total time for which application threads were stopped: 0.0033920 seconds, Stopping threads took: 0.0000184 seconds
2019-03-15T15:53:24.752+0900: 602.889: Application time: 0.5009887 seconds
2019-03-15T15:53:24.752+0900: 602.890: Total time for which application threads were stopped: 0.0001347 seconds, Stopping threads took: 0.0000572 seconds
2019-03-15T15:53:25.106+0900: 603.243: Application time: 0.3535225 seconds
2019-03-15T15:53:25.106+0900: 603.243: [GC (Allocation Failure) 2019-03-15T15:53:25.106+0900: 603.243: [ParNew: 214327K->4255K(235968K), 0.0092787 secs] 686202K->478890K(842580K), 0.0093894 secs] [Times: user=0.02 sys=0.00, real=0.01 secs] 
2019-03-15T15:53:25.115+0900: 603.253: Total time for which application threads were stopped: 0.0095598 seconds, Stopping threads took: 0.0000289 seconds
2019-03-15T15:53:25.753+0900: 603.891: Application time: 0.6382081 seconds
2019-03-15T15:53:25.753+0900: 603.891: Total time for which application threads were stopped: 0.0001928 seconds, Stopping threads took: 0.0000977 seconds
2019-03-15T15:53:26.088+0900: 604.224: Application time: 0.3330564 seconds
2019-03-15T15:53:26.088+0900: 604.224: [GC (Allocation Failure) 2019-03-15T15:53:26.088+0900: 604.224: [ParNew: 214047K->7307K(235968K), 0.0131981 secs] 688682K->481943K(842580K), 0.0133807 secs] [Times: user=0.06 sys=0.00, real=0.01 secs] 
2019-03-15T15:53:26.101+0900: 604.238: Total time for which application threads were stopped: 0.0136715 seconds, Stopping threads took: 0.0001026 seconds
2019-03-15T15:53:26.756+0900: 604.892: Application time: 0.6546524 seconds
2019-03-15T15:53:26.756+0900: 604.893: Total time for which application threads were stopped: 0.0001701 seconds, Stopping threads took: 0.0000712 seconds
2019-03-15T15:53:27.043+0900: 605.180: Application time: 0.2875031 seconds
2019-03-15T15:53:27.044+0900: 605.180: [GC (Allocation Failure) 2019-03-15T15:53:27.044+0900: 605.180: [ParNew: 217099K->7634K(235968K), 0.0141203 secs] 691735K->482272K(842580K), 0.0143135 secs] [Times: user=0.06 sys=0.00, real=0.01 secs] 
2019-03-15T15:53:27.058+0900: 605.195: Total time for which application threads were stopped: 0.0145772 seconds, Stopping threads took: 0.0000448 seconds
2019-03-15T15:53:27.756+0900: 605.893: Application time: 0.6983240 seconds
2019-03-15T15:53:27.757+0900: 605.893: Total time for which application threads were stopped: 0.0001767 seconds, Stopping threads took: 0.0000812 seconds
2019-03-15T15:53:28.026+0900: 606.162: Application time: 0.2690593 seconds
2019-03-15T15:53:28.026+0900: 606.162: [GC (Allocation Failure) 2019-03-15T15:53:28.026+0900: 606.163: [ParNew: 217426K->8644K(235968K), 0.0135751 secs] 692064K->483284K(842580K), 0.0137642 secs] [Times: user=0.06 sys=0.00, real=0.01 secs] 
2019-03-15T15:53:28.040+0900: 606.176: Total time for which application threads were stopped: 0.0140373 seconds, Stopping threads took: 0.0000625 seconds
2019-03-15T15:53:28.488+0900: 606.625: Application time: 0.4484111 seconds
2019-03-15T15:53:28.488+0900: 606.625: Total time for which application threads were stopped: 0.0000849 seconds, Stopping threads took: 0.0000355 seconds
2019-03-15T15:53:28.757+0900: 606.894: Application time: 0.2692951 seconds
2019-03-15T15:53:28.758+0900: 606.894: Total time for which application threads were stopped: 0.0001947 seconds, Stopping threads took: 0.0000765 seconds
2019-03-15T15:53:28.990+0900: 607.126: Application time: 0.2319540 seconds
2019-03-15T15:53:28.990+0900: 607.126: [GC (Allocation Failure) 2019-03-15T15:53:28.990+0900: 607.127: [ParNew: 218436K->10849K(235968K), 0.0086010 secs] 693076K->485491K(842580K), 0.0087425 secs] [Times: user=0.00 sys=0.00, real=0.01 secs] 
2019-03-15T15:53:28.999+0900: 607.135: Total time for which application threads were stopped: 0.0089319 seconds, Stopping threads took: 0.0000451 seconds
2019-03-15T15:53:29.758+0900: 607.895: Application time: 0.7593972 seconds
2019-03-15T15:53:29.758+0900: 607.895: Total time for which application threads were stopped: 0.0000837 seconds, Stopping threads took: 0.0000364 seconds
2019-03-15T15:53:29.759+0900: 607.896: Application time: 0.0009091 seconds
2019-03-15T15:53:29.759+0900: 607.896: Total time for which application threads were stopped: 0.0000538 seconds, Stopping threads took: 0.0000320 seconds
2019-03-15T15:53:29.838+0900: 607.975: Application time: 0.0793273 seconds
2019-03-15T15:53:29.838+0900: 607.975: [GC (Allocation Failure) 2019-03-15T15:53:29.839+0900: 607.975: [ParNew: 220641K->13233K(235968K), 0.0156664 secs] 695283K->487876K(842580K), 0.0158776 secs] [Times: user=0.06 sys=0.00, real=0.02 secs] 
2019-03-15T15:53:29.854+0900: 607.991: Total time for which application threads were stopped: 0.0161780 seconds, Stopping threads took: 0.0000768 seconds
2019-03-15T15:53:30.759+0900: 608.896: Application time: 0.9042829 seconds
2019-03-15T15:53:30.759+0900: 608.896: Total time for which application threads were stopped: 0.0001776 seconds, Stopping threads took: 0.0000718 seconds
2019-03-15T15:53:30.887+0900: 609.024: Application time: 0.1280794 seconds
2019-03-15T15:53:30.887+0900: 609.024: [GC (Allocation Failure) 2019-03-15T15:53:30.887+0900: 609.024: [ParNew: 223025K->9114K(235968K), 0.0134787 secs] 697668K->483759K(842580K), 0.0136569 secs] [Times: user=0.06 sys=0.00, real=0.01 secs] 
2019-03-15T15:53:30.901+0900: 609.038: Total time for which application threads were stopped: 0.0139185 seconds, Stopping threads took: 0.0000740 seconds
2019-03-15T15:53:31.759+0900: 609.896: Application time: 0.8582400 seconds
2019-03-15T15:53:31.759+0900: 609.896: Total time for which application threads were stopped: 0.0001533 seconds, Stopping threads took: 0.0000622 seconds
2019-03-15T15:53:31.809+0900: 609.946: Application time: 0.0500230 seconds
2019-03-15T15:53:31.809+0900: 609.946: [GC (Allocation Failure) 2019-03-15T15:53:31.810+0900: 609.946: [ParNew: 218906K->9194K(235968K), 0.0219773 secs] 693551K->486599K(842580K), 0.0221213 secs] [Times: user=0.05 sys=0.00, real=0.02 secs] 
2019-03-15T15:53:31.832+0900: 609.969: Total time for which application threads were stopped: 0.0223347 seconds, Stopping threads took: 0.0000628 seconds
2019-03-15T15:53:32.759+0900: 610.896: Application time: 0.9277164 seconds
2019-03-15T15:53:32.759+0900: 610.896: Total time for which application threads were stopped: 0.0002003 seconds, Stopping threads took: 0.0000967 seconds
2019-03-15T15:53:32.810+0900: 610.947: Application time: 0.0505644 seconds
2019-03-15T15:53:32.810+0900: 610.947: [GC (Allocation Failure) 2019-03-15T15:53:32.810+0900: 610.947: [ParNew: 218986K->5756K(235968K), 0.0118676 secs] 696391K->483163K(842580K), 0.0120551 secs] [Times: user=0.06 sys=0.00, real=0.01 secs] 
2019-03-15T15:53:32.822+0900: 610.959: Total time for which application threads were stopped: 0.0123351 seconds, Stopping threads took: 0.0000644 seconds
2019-03-15T15:53:33.760+0900: 611.897: Application time: 0.9375748 seconds
2019-03-15T15:53:33.760+0900: 611.897: Total time for which application threads were stopped: 0.0001639 seconds, Stopping threads took: 0.0000610 seconds
2019-03-15T15:53:33.791+0900: 611.928: Application time: 0.0305210 seconds
2019-03-15T15:53:33.791+0900: 611.928: [GC (Allocation Failure) 2019-03-15T15:53:33.791+0900: 611.928: [ParNew: 215548K->8826K(235968K), 0.0080638 secs] 692955K->486234K(842580K), 0.0081941 secs] [Times: user=0.00 sys=0.00, real=0.01 secs] 
2019-03-15T15:53:33.799+0900: 611.936: Total time for which application threads were stopped: 0.0083814 seconds, Stopping threads took: 0.0000442 seconds
2019-03-15T15:53:34.636+0900: 612.773: Application time: 0.8371193 seconds
2019-03-15T15:53:34.636+0900: 612.773: [GC (Allocation Failure) 2019-03-15T15:53:34.636+0900: 612.773: [ParNew: 218618K->5709K(235968K), 0.0065041 secs] 696026K->485896K(842580K), 0.0065943 secs] [Times: user=0.00 sys=0.00, real=0.01 secs] 
2019-03-15T15:53:34.643+0900: 612.780: Total time for which application threads were stopped: 0.0067650 seconds, Stopping threads took: 0.0000700 seconds
2019-03-15T15:53:34.760+0900: 612.897: Application time: 0.1169940 seconds
2019-03-15T15:53:34.760+0900: 612.897: Total time for which application threads were stopped: 0.0001424 seconds, Stopping threads took: 0.0000594 seconds
2019-03-15T15:53:35.563+0900: 613.700: Application time: 0.8027158 seconds
2019-03-15T15:53:35.563+0900: 613.700: [GC (Allocation Failure) 2019-03-15T15:53:35.563+0900: 613.700: [ParNew: 215501K->3118K(235968K), 0.0061647 secs] 695688K->483307K(842580K), 0.0062969 secs] [Times: user=0.06 sys=0.00, real=0.01 secs] 
2019-03-15T15:53:35.569+0900: 613.706: Total time for which application threads were stopped: 0.0064978 seconds, Stopping threads took: 0.0000488 seconds
2019-03-15T15:53:35.759+0900: 613.897: Application time: 0.1903370 seconds
2019-03-15T15:53:35.760+0900: 613.897: Total time for which application threads were stopped: 0.0001036 seconds, Stopping threads took: 0.0000274 seconds
2019-03-15T15:53:36.524+0900: 614.661: Application time: 0.7645828 seconds
2019-03-15T15:53:36.524+0900: 614.661: [GC (Allocation Failure) 2019-03-15T15:53:36.524+0900: 614.662: [ParNew: 212910K->4248K(235968K), 0.0097023 secs] 693099K->484438K(842580K), 0.0098867 secs] [Times: user=0.00 sys=0.00, real=0.01 secs] 
2019-03-15T15:53:36.534+0900: 614.672: Total time for which application threads were stopped: 0.0101716 seconds, Stopping threads took: 0.0000700 seconds
2019-03-15T15:53:36.761+0900: 614.898: Application time: 0.2263167 seconds
2019-03-15T15:53:36.761+0900: 614.898: Total time for which application threads were stopped: 0.0001726 seconds, Stopping threads took: 0.0000616 seconds
2019-03-15T15:53:37.499+0900: 615.636: Application time: 0.7378786 seconds
2019-03-15T15:53:37.499+0900: 615.636: [GC (Allocation Failure) 2019-03-15T15:53:37.499+0900: 615.636: [ParNew: 214040K->3392K(235968K), 0.0079382 secs] 694230K->483584K(842580K), 0.0080971 secs] [Times: user=0.06 sys=0.00, real=0.01 secs] 
2019-03-15T15:53:37.507+0900: 615.644: Total time for which application threads were stopped: 0.0083546 seconds, Stopping threads took: 0.0000588 seconds
2019-03-15T15:53:37.762+0900: 615.899: Application time: 0.2550628 seconds
2019-03-15T15:53:37.762+0900: 615.900: Total time for which application threads were stopped: 0.0002152 seconds, Stopping threads took: 0.0000862 seconds
2019-03-15T15:53:38.493+0900: 616.631: Application time: 0.7310996 seconds
2019-03-15T15:53:38.494+0900: 616.631: [GC (Allocation Failure) 2019-03-15T15:53:38.494+0900: 616.631: [ParNew: 213184K->5531K(235968K), 0.0101187 secs] 693376K->485725K(842580K), 0.0102854 secs] [Times: user=0.06 sys=0.00, real=0.01 secs] 
2019-03-15T15:53:38.504+0900: 616.641: Total time for which application threads were stopped: 0.0106049 seconds, Stopping threads took: 0.0000746 seconds
2019-03-15T15:53:38.762+0900: 616.899: Application time: 0.2579068 seconds
2019-03-15T15:53:38.762+0900: 616.899: Total time for which application threads were stopped: 0.0002009 seconds, Stopping threads took: 0.0000952 seconds
2019-03-15T15:53:39.457+0900: 617.594: Application time: 0.6949009 seconds
2019-03-15T15:53:39.457+0900: 617.594: [GC (Allocation Failure) 2019-03-15T15:53:39.457+0900: 617.594: [ParNew: 215323K->4407K(235968K), 0.0036965 secs] 695517K->484603K(842580K), 0.0037988 secs] [Times: user=0.00 sys=0.00, real=0.00 secs] 
2019-03-15T15:53:39.461+0900: 617.598: Total time for which application threads were stopped: 0.0039192 seconds, Stopping threads took: 0.0000261 seconds
2019-03-15T15:53:39.761+0900: 617.898: Application time: 0.3001278 seconds
2019-03-15T15:53:39.761+0900: 617.898: Total time for which application threads were stopped: 0.0000862 seconds, Stopping threads took: 0.0000404 seconds
2019-03-15T15:53:39.762+0900: 617.899: Application time: 0.0008320 seconds
2019-03-15T15:53:39.762+0900: 617.899: Total time for which application threads were stopped: 0.0000672 seconds, Stopping threads took: 0.0000373 seconds
2019-03-15T15:53:40.294+0900: 618.432: Application time: 0.5323679 seconds
2019-03-15T15:53:40.295+0900: 618.432: [GC (Allocation Failure) 2019-03-15T15:53:40.295+0900: 618.432: [ParNew: 214199K->5873K(235968K), 0.0160154 secs] 694395K->486069K(842580K), 0.0162769 secs] [Times: user=0.06 sys=0.00, real=0.02 secs] 
2019-03-15T15:53:40.311+0900: 618.448: Total time for which application threads were stopped: 0.0166772 seconds, Stopping threads took: 0.0000774 seconds
2019-03-15T15:53:40.763+0900: 618.900: Application time: 0.4517682 seconds
2019-03-15T15:53:40.763+0900: 618.900: Total time for which application threads were stopped: 0.0002398 seconds, Stopping threads took: 0.0001141 seconds
2019-03-15T15:53:41.295+0900: 619.433: Application time: 0.5323785 seconds
2019-03-15T15:53:41.295+0900: 619.433: [GC (Allocation Failure) 2019-03-15T15:53:41.296+0900: 619.433: [ParNew: 215665K->3633K(235968K), 0.0026692 secs] 695861K->483831K(842580K), 0.0027709 secs] [Times: user=0.00 sys=0.00, real=0.00 secs] 
2019-03-15T15:53:41.298+0900: 619.436: Total time for which application threads were stopped: 0.0029248 seconds, Stopping threads took: 0.0000401 seconds
2019-03-15T15:53:41.763+0900: 619.900: Application time: 0.4645278 seconds
2019-03-15T15:53:41.763+0900: 619.900: Total time for which application threads were stopped: 0.0001477 seconds, Stopping threads took: 0.0000631 seconds
2019-03-15T15:53:42.247+0900: 620.384: Application time: 0.4836456 seconds
2019-03-15T15:53:42.247+0900: 620.384: [GC (Allocation Failure) 2019-03-15T15:53:42.247+0900: 620.384: [ParNew: 213425K->4259K(235968K), 0.0079158 secs] 693623K->484459K(842580K), 0.0080604 secs] [Times: user=0.00 sys=0.00, real=0.01 secs] 
2019-03-15T15:53:42.255+0900: 620.392: Total time for which application threads were stopped: 0.0082679 seconds, Stopping threads took: 0.0000488 seconds
2019-03-15T15:53:42.766+0900: 620.903: Application time: 0.5106758 seconds
2019-03-15T15:53:42.766+0900: 620.903: Total time for which application threads were stopped: 0.0002746 seconds, Stopping threads took: 0.0001194 seconds
2019-03-15T15:53:43.172+0900: 621.309: Application time: 0.4060283 seconds
2019-03-15T15:53:43.172+0900: 621.309: [GC (Allocation Failure) 2019-03-15T15:53:43.172+0900: 621.310: [ParNew: 214051K->3560K(235968K), 0.0076785 secs] 694251K->483761K(842580K), 0.0078374 secs] [Times: user=0.06 sys=0.00, real=0.01 secs] 
2019-03-15T15:53:43.180+0900: 621.317: Total time for which application threads were stopped: 0.0080691 seconds, Stopping threads took: 0.0000557 seconds
2019-03-15T15:53:43.765+0900: 621.902: Application time: 0.5843602 seconds
2019-03-15T15:53:43.765+0900: 621.902: Total time for which application threads were stopped: 0.0001521 seconds, Stopping threads took: 0.0000625 seconds
2019-03-15T15:53:44.121+0900: 622.257: Application time: 0.3553211 seconds
2019-03-15T15:53:44.121+0900: 622.257: [GC (Allocation Failure) 2019-03-15T15:53:44.121+0900: 622.257: [ParNew: 213352K->3438K(235968K), 0.0074113 secs] 693553K->483641K(842580K), 0.0075559 secs] [Times: user=0.00 sys=0.00, real=0.01 secs] 
2019-03-15T15:53:44.128+0900: 622.265: Total time for which application threads were stopped: 0.0077606 seconds, Stopping threads took: 0.0000498 seconds
2019-03-15T15:53:44.765+0900: 622.901: Application time: 0.6364082 seconds
2019-03-15T15:53:44.765+0900: 622.902: Total time for which application threads were stopped: 0.0000871 seconds, Stopping threads took: 0.0000345 seconds
2019-03-15T15:53:44.948+0900: 623.085: Application time: 0.1834466 seconds
2019-03-15T15:53:44.948+0900: 623.085: [GC (Allocation Failure) 2019-03-15T15:53:44.949+0900: 623.085: [ParNew: 213230K->5532K(235968K), 0.0061405 secs] 693433K->485737K(842580K), 0.0062531 secs] [Times: user=0.00 sys=0.00, real=0.01 secs] 
2019-03-15T15:53:44.955+0900: 623.091: Total time for which application threads were stopped: 0.0064070 seconds, Stopping threads took: 0.0000379 seconds
2019-03-15T15:53:45.765+0900: 623.901: Application time: 0.8099293 seconds
2019-03-15T15:53:45.765+0900: 623.901: Total time for which application threads were stopped: 0.0000756 seconds, Stopping threads took: 0.0000305 seconds
2019-03-15T15:53:45.869+0900: 624.006: Application time: 0.1044297 seconds
2019-03-15T15:53:45.869+0900: 624.006: [GC (Allocation Failure) 2019-03-15T15:53:45.869+0900: 624.006: [ParNew: 215324K->6807K(235968K), 0.0104839 secs] 695529K->487013K(842580K), 0.0106506 secs] [Times: user=0.06 sys=0.00, real=0.01 secs] 
2019-03-15T15:53:45.880+0900: 624.017: Total time for which application threads were stopped: 0.0108860 seconds, Stopping threads took: 0.0000547 seconds
2019-03-15T15:53:46.767+0900: 624.904: Application time: 0.8874713 seconds
2019-03-15T15:53:46.768+0900: 624.904: Total time for which application threads were stopped: 0.0002491 seconds, Stopping threads took: 0.0000995 seconds
2019-03-15T15:53:46.853+0900: 624.990: Application time: 0.0853328 seconds
2019-03-15T15:53:46.853+0900: 624.990: [GC (Allocation Failure) 2019-03-15T15:53:46.853+0900: 624.990: [ParNew: 216599K->7918K(235968K), 0.0176756 secs] 696805K->488126K(842580K), 0.0179188 secs] [Times: user=0.06 sys=0.00, real=0.02 secs] 
2019-03-15T15:53:46.871+0900: 625.008: Total time for which application threads were stopped: 0.0183101 seconds, Stopping threads took: 0.0000827 seconds
2019-03-15T15:53:47.767+0900: 625.904: Application time: 0.8954219 seconds
2019-03-15T15:53:47.767+0900: 625.904: Total time for which application threads were stopped: 0.0001813 seconds, Stopping threads took: 0.0000743 seconds
2019-03-15T15:53:47.818+0900: 625.955: Application time: 0.0507853 seconds
2019-03-15T15:53:47.818+0900: 625.955: [GC (Allocation Failure) 2019-03-15T15:53:47.818+0900: 625.955: [ParNew: 217710K->8727K(235968K), 0.0150011 secs] 697918K->488937K(842580K), 0.0152204 secs] [Times: user=0.06 sys=0.00, real=0.01 secs] 
2019-03-15T15:53:47.833+0900: 625.970: Total time for which application threads were stopped: 0.0155778 seconds, Stopping threads took: 0.0000759 seconds
2019-03-15T15:53:48.766+0900: 626.903: Application time: 0.9328622 seconds
2019-03-15T15:53:48.766+0900: 626.903: Total time for which application threads were stopped: 0.0001201 seconds, Stopping threads took: 0.0000603 seconds
2019-03-15T15:53:48.788+0900: 626.925: Application time: 0.0220980 seconds
2019-03-15T15:53:48.789+0900: 626.925: [GC (Allocation Failure) 2019-03-15T15:53:48.789+0900: 626.925: [ParNew: 218519K->8155K(235968K), 0.0066471 secs] 698729K->488367K(842580K), 0.0067740 secs] [Times: user=0.00 sys=0.00, real=0.01 secs] 
2019-03-15T15:53:48.795+0900: 626.932: Total time for which application threads were stopped: 0.0069553 seconds, Stopping threads took: 0.0000504 seconds
2019-03-15T15:53:49.635+0900: 627.771: Application time: 0.8392684 seconds
2019-03-15T15:53:49.635+0900: 627.772: [GC (Allocation Failure) 2019-03-15T15:53:49.635+0900: 627.772: [ParNew: 217947K->4763K(235968K), 0.0047841 secs] 698159K->484977K(842580K), 0.0048802 secs] [Times: user=0.05 sys=0.00, real=0.01 secs] 
2019-03-15T15:53:49.640+0900: 627.776: Total time for which application threads were stopped: 0.0050077 seconds, Stopping threads took: 0.0000317 seconds
2019-03-15T15:53:49.767+0900: 627.904: Application time: 0.1271202 seconds
2019-03-15T15:53:49.767+0900: 627.904: Total time for which application threads were stopped: 0.0000846 seconds, Stopping threads took: 0.0000345 seconds
2019-03-15T15:53:49.768+0900: 627.905: Application time: 0.0009004 seconds
2019-03-15T15:53:49.768+0900: 627.905: Total time for which application threads were stopped: 0.0000585 seconds, Stopping threads took: 0.0000308 seconds
2019-03-15T15:53:50.564+0900: 628.701: Application time: 0.7963542 seconds
2019-03-15T15:53:50.564+0900: 628.701: [GC (Allocation Failure) 2019-03-15T15:53:50.564+0900: 628.701: [ParNew: 214555K->4782K(235968K), 0.0147088 secs] 694769K->487756K(842580K), 0.0148515 secs] [Times: user=0.06 sys=0.00, real=0.02 secs] 
2019-03-15T15:53:50.579+0900: 628.716: Total time for which application threads were stopped: 0.0150636 seconds, Stopping threads took: 0.0000672 seconds
2019-03-15T15:53:50.767+0900: 628.904: Application time: 0.1879720 seconds
2019-03-15T15:53:50.767+0900: 628.904: Total time for which application threads were stopped: 0.0000977 seconds, Stopping threads took: 0.0000364 seconds
2019-03-15T15:53:51.530+0900: 629.667: Application time: 0.7623733 seconds
2019-03-15T15:53:51.530+0900: 629.667: [GC (Allocation Failure) 2019-03-15T15:53:51.530+0900: 629.667: [ParNew: 214574K->3924K(235968K), 0.0031600 secs] 697548K->486899K(842580K), 0.0032430 secs] [Times: user=0.00 sys=0.00, real=0.00 secs] 
2019-03-15T15:53:51.533+0900: 629.670: Total time for which application threads were stopped: 0.0033547 seconds, Stopping threads took: 0.0000177 seconds
2019-03-15T15:53:51.771+0900: 629.908: Application time: 0.2378491 seconds
2019-03-15T15:53:51.771+0900: 629.908: Total time for which application threads were stopped: 0.0000675 seconds, Stopping threads took: 0.0000174 seconds
2019-03-15T15:53:52.382+0900: 630.519: Application time: 0.6112971 seconds
2019-03-15T15:53:52.382+0900: 630.519: [GC (Allocation Failure) 2019-03-15T15:53:52.382+0900: 630.519: [ParNew: 213716K->5832K(235968K), 0.0044081 secs] 696691K->488809K(842580K), 0.0045169 secs] [Times: user=0.06 sys=0.00, real=0.01 secs] 
2019-03-15T15:53:52.387+0900: 630.524: Total time for which application threads were stopped: 0.0046351 seconds, Stopping threads took: 0.0000177 seconds
2019-03-15T15:53:52.769+0900: 630.906: Application time: 0.3826663 seconds
2019-03-15T15:53:52.770+0900: 630.907: Total time for which application threads were stopped: 0.0002006 seconds, Stopping threads took: 0.0000955 seconds
2019-03-15T15:53:53.314+0900: 631.451: Application time: 0.5447337 seconds
2019-03-15T15:53:53.314+0900: 631.451: [GC (Allocation Failure) 2019-03-15T15:53:53.314+0900: 631.452: [ParNew: 215624K->6850K(235968K), 0.0081391 secs] 698601K->489829K(842580K), 0.0082613 secs] [Times: user=0.06 sys=0.00, real=0.01 secs] 
2019-03-15T15:53:53.323+0900: 631.460: Total time for which application threads were stopped: 0.0084517 seconds, Stopping threads took: 0.0000463 seconds
2019-03-15T15:53:53.772+0900: 631.909: Application time: 0.4489557 seconds
2019-03-15T15:53:53.772+0900: 631.909: Total time for which application threads were stopped: 0.0000973 seconds, Stopping threads took: 0.0000280 seconds
2019-03-15T15:53:54.237+0900: 632.374: Application time: 0.4654730 seconds
2019-03-15T15:53:54.237+0900: 632.374: [GC (Allocation Failure) 2019-03-15T15:53:54.237+0900: 632.375: [ParNew: 216642K->7600K(235968K), 0.0054024 secs] 699621K->490580K(842580K), 0.0055063 secs] [Times: user=0.05 sys=0.00, real=0.01 secs] 
2019-03-15T15:53:54.243+0900: 632.380: Total time for which application threads were stopped: 0.0056889 seconds, Stopping threads took: 0.0000703 seconds
2019-03-15T15:53:54.770+0900: 632.907: Application time: 0.5267241 seconds
2019-03-15T15:53:54.770+0900: 632.907: Total time for which application threads were stopped: 0.0000634 seconds, Stopping threads took: 0.0000187 seconds
2019-03-15T15:53:55.078+0900: 633.215: Application time: 0.3078890 seconds
2019-03-15T15:53:55.078+0900: 633.215: [GC (Allocation Failure) 2019-03-15T15:53:55.078+0900: 633.215: [ParNew: 217392K->4919K(235968K), 0.0031789 secs] 700372K->487900K(842580K), 0.0032710 secs] [Times: user=0.00 sys=0.00, real=0.00 secs] 
2019-03-15T15:53:55.081+0900: 633.218: Total time for which application threads were stopped: 0.0034057 seconds, Stopping threads took: 0.0000199 seconds
2019-03-15T15:53:55.770+0900: 633.907: Application time: 0.6888658 seconds
2019-03-15T15:53:55.770+0900: 633.907: Total time for which application threads were stopped: 0.0001148 seconds, Stopping threads took: 0.0000625 seconds
2019-03-15T15:53:55.895+0900: 634.033: Application time: 0.1254774 seconds
2019-03-15T15:53:55.896+0900: 634.033: [GC (Allocation Failure) 2019-03-15T15:53:55.896+0900: 634.033: [ParNew: 214711K->3988K(235968K), 0.0043972 secs] 697692K->486970K(842580K), 0.0045008 secs] [Times: user=0.00 sys=0.00, real=0.00 secs] 
2019-03-15T15:53:55.900+0900: 634.037: Total time for which application threads were stopped: 0.0047014 seconds, Stopping threads took: 0.0000690 seconds
2019-03-15T15:53:56.742+0900: 634.879: Application time: 0.8415230 seconds
2019-03-15T15:53:56.742+0900: 634.879: [GC (Allocation Failure) 2019-03-15T15:53:56.742+0900: 634.879: [ParNew: 213780K->3353K(235968K), 0.0084535 secs] 696762K->489095K(842580K), 0.0085789 secs] [Times: user=0.00 sys=0.00, real=0.01 secs] 
2019-03-15T15:53:56.750+0900: 634.888: Total time for which application threads were stopped: 0.0087773 seconds, Stopping threads took: 0.0000364 seconds
2019-03-15T15:53:56.771+0900: 634.908: Application time: 0.0203074 seconds
2019-03-15T15:53:56.771+0900: 634.908: Total time for which application threads were stopped: 0.0000666 seconds, Stopping threads took: 0.0000199 seconds
2019-03-15T15:53:57.629+0900: 635.767: Application time: 0.8587822 seconds
2019-03-15T15:53:57.630+0900: 635.767: [GC (Allocation Failure) 2019-03-15T15:53:57.630+0900: 635.767: [ParNew: 213145K->5881K(235968K), 0.0066938 secs] 698887K->491625K(842580K), 0.0068235 secs] [Times: user=0.00 sys=0.00, real=0.01 secs] 
2019-03-15T15:53:57.636+0900: 635.774: Total time for which application threads were stopped: 0.0069976 seconds, Stopping threads took: 0.0000407 seconds
2019-03-15T15:53:57.771+0900: 635.908: Application time: 0.1346569 seconds
2019-03-15T15:53:57.771+0900: 635.909: Total time for which application threads were stopped: 0.0000722 seconds, Stopping threads took: 0.0000187 seconds
2019-03-15T15:53:58.529+0900: 636.667: Application time: 0.7580682 seconds
2019-03-15T15:53:58.529+0900: 636.667: [GC (Allocation Failure) 2019-03-15T15:53:58.529+0900: 636.667: [ParNew: 215673K->7799K(235968K), 0.0080738 secs] 701417K->493545K(842580K), 0.0082106 secs] [Times: user=0.06 sys=0.00, real=0.01 secs] 
2019-03-15T15:53:58.538+0900: 636.675: Total time for which application threads were stopped: 0.0083947 seconds, Stopping threads took: 0.0000457 seconds
2019-03-15T15:53:58.774+0900: 636.911: Application time: 0.2358974 seconds
2019-03-15T15:53:58.774+0900: 636.911: Total time for which application threads were stopped: 0.0001869 seconds, Stopping threads took: 0.0000666 seconds
2019-03-15T15:53:59.474+0900: 637.611: Application time: 0.7003742 seconds
2019-03-15T15:53:59.474+0900: 637.612: [GC (Allocation Failure) 2019-03-15T15:53:59.474+0900: 637.612: [ParNew: 217591K->7737K(235968K), 0.0051589 secs] 703337K->493483K(842580K), 0.0052920 secs] [Times: user=0.00 sys=0.00, real=0.01 secs] 
2019-03-15T15:53:59.480+0900: 637.617: Total time for which application threads were stopped: 0.0054329 seconds, Stopping threads took: 0.0000364 seconds
2019-03-15T15:53:59.772+0900: 637.909: Application time: 0.2923868 seconds
2019-03-15T15:53:59.772+0900: 637.909: Total time for which application threads were stopped: 0.0001126 seconds, Stopping threads took: 0.0000625 seconds
2019-03-15T15:53:59.773+0900: 637.910: Application time: 0.0007887 seconds
2019-03-15T15:53:59.773+0900: 637.910: Total time for which application threads were stopped: 0.0000439 seconds, Stopping threads took: 0.0000255 seconds
2019-03-15T15:54:00.364+0900: 638.501: Application time: 0.5908254 seconds
2019-03-15T15:54:00.364+0900: 638.501: [GC (Allocation Failure) 2019-03-15T15:54:00.364+0900: 638.501: [ParNew: 217529K->4932K(235968K), 0.0088768 secs] 703275K->490681K(842580K), 0.0090407 secs] [Times: user=0.06 sys=0.00, real=0.01 secs] 
2019-03-15T15:54:00.373+0900: 638.510: Total time for which application threads were stopped: 0.0092491 seconds, Stopping threads took: 0.0000305 seconds
2019-03-15T15:54:00.772+0900: 638.910: Application time: 0.3992260 seconds
2019-03-15T15:54:00.772+0900: 638.910: Total time for which application threads were stopped: 0.0001521 seconds, Stopping threads took: 0.0000837 seconds
2019-03-15T15:54:01.284+0900: 639.420: Application time: 0.5104117 seconds
2019-03-15T15:54:01.284+0900: 639.420: [GC (Allocation Failure) 2019-03-15T15:54:01.284+0900: 639.420: [ParNew: 214724K->8455K(235968K), 0.0085590 secs] 700473K->494205K(842580K), 0.0086952 secs] [Times: user=0.00 sys=0.00, real=0.01 secs] 
2019-03-15T15:54:01.293+0900: 639.429: Total time for which application threads were stopped: 0.0088619 seconds, Stopping threads took: 0.0000252 seconds
2019-03-15T15:54:01.774+0900: 639.910: Application time: 0.4814448 seconds
2019-03-15T15:54:01.774+0900: 639.911: Total time for which application threads were stopped: 0.0001480 seconds, Stopping threads took: 0.0000417 seconds
2019-03-15T15:54:02.146+0900: 640.283: Application time: 0.3719949 seconds
2019-03-15T15:54:02.146+0900: 640.283: [GC (Allocation Failure) 2019-03-15T15:54:02.146+0900: 640.283: [ParNew: 218247K->10860K(235968K), 0.0122837 secs] 703997K->496611K(842580K), 0.0124545 secs] [Times: user=0.06 sys=0.00, real=0.01 secs] 
2019-03-15T15:54:02.159+0900: 640.295: Total time for which application threads were stopped: 0.0127005 seconds, Stopping threads took: 0.0000647 seconds
2019-03-15T15:54:02.774+0900: 640.910: Application time: 0.6152162 seconds
2019-03-15T15:54:02.774+0900: 640.911: Total time for which application threads were stopped: 0.0000840 seconds, Stopping threads took: 0.0000426 seconds
2019-03-15T15:54:03.079+0900: 641.216: Application time: 0.3050805 seconds
2019-03-15T15:54:03.079+0900: 641.216: [GC (Allocation Failure) 2019-03-15T15:54:03.079+0900: 641.216: [ParNew: 220652K->6584K(235968K), 0.0082809 secs] 706403K->495094K(842580K), 0.0083972 secs] [Times: user=0.06 sys=0.00, real=0.01 secs] 
2019-03-15T15:54:03.088+0900: 641.224: Total time for which application threads were stopped: 0.0085235 seconds, Stopping threads took: 0.0000199 seconds
2019-03-15T15:54:03.776+0900: 641.912: Application time: 0.6879337 seconds
2019-03-15T15:54:03.776+0900: 641.912: Total time for which application threads were stopped: 0.0000886 seconds, Stopping threads took: 0.0000239 seconds
2019-03-15T15:54:03.934+0900: 642.071: Application time: 0.1585327 seconds
2019-03-15T15:54:03.934+0900: 642.071: [GC (Allocation Failure) 2019-03-15T15:54:03.934+0900: 642.071: [ParNew: 216376K->9216K(235968K), 0.0135555 secs] 704886K->497727K(842580K), 0.0137387 secs] [Times: user=0.06 sys=0.00, real=0.01 secs] 
2019-03-15T15:54:03.948+0900: 642.085: Total time for which application threads were stopped: 0.0140099 seconds, Stopping threads took: 0.0000697 seconds
2019-03-15T15:54:04.774+0900: 642.911: Application time: 0.8258439 seconds
2019-03-15T15:54:04.774+0900: 642.911: [GC (Allocation Failure) 2019-03-15T15:54:04.774+0900: 642.911: [ParNew: 219008K->6819K(235968K), 0.0042271 secs] 707519K->495333K(842580K), 0.0043450 secs] [Times: user=0.00 sys=0.00, real=0.00 secs] 
2019-03-15T15:54:04.778+0900: 642.915: Total time for which application threads were stopped: 0.0045014 seconds, Stopping threads took: 0.0000535 seconds
2019-03-15T15:54:04.780+0900: 642.916: Application time: 0.0011253 seconds
2019-03-15T15:54:04.780+0900: 642.916: Total time for which application threads were stopped: 0.0000606 seconds, Stopping threads took: 0.0000187 seconds
2019-03-15T15:54:05.661+0900: 643.797: Application time: 0.8809346 seconds
2019-03-15T15:54:05.661+0900: 643.797: [GC (Allocation Failure) 2019-03-15T15:54:05.661+0900: 643.797: [ParNew: 216611K->8816K(235968K), 0.0100606 secs] 705125K->497332K(842580K), 0.0102354 secs] [Times: user=0.00 sys=0.00, real=0.01 secs] 
2019-03-15T15:54:05.671+0900: 643.808: Total time for which application threads were stopped: 0.0104829 seconds, Stopping threads took: 0.0000504 seconds
2019-03-15T15:54:05.776+0900: 643.912: Application time: 0.1045837 seconds
2019-03-15T15:54:05.776+0900: 643.912: Total time for which application threads were stopped: 0.0001300 seconds, Stopping threads took: 0.0000594 seconds
2019-03-15T15:54:06.653+0900: 644.790: Application time: 0.8774001 seconds
2019-03-15T15:54:06.653+0900: 644.790: [GC (Allocation Failure) 2019-03-15T15:54:06.653+0900: 644.790: [ParNew: 218608K->7909K(235968K), 0.0121870 secs] 707124K->499184K(842580K), 0.0123522 secs] [Times: user=0.06 sys=0.00, real=0.01 secs] 
2019-03-15T15:54:06.666+0900: 644.802: Total time for which application threads were stopped: 0.0125805 seconds, Stopping threads took: 0.0000507 seconds
2019-03-15T15:54:06.776+0900: 644.912: Application time: 0.1099426 seconds
2019-03-15T15:54:06.776+0900: 644.913: Total time for which application threads were stopped: 0.0001222 seconds, Stopping threads took: 0.0000470 seconds
2019-03-15T15:54:07.606+0900: 645.743: Application time: 0.8306902 seconds
2019-03-15T15:54:07.607+0900: 645.743: [GC (Allocation Failure) 2019-03-15T15:54:07.607+0900: 645.744: [ParNew: 217701K->5916K(235968K), 0.0148562 secs] 708976K->497193K(842580K), 0.0150748 secs] [Times: user=0.06 sys=0.00, real=0.01 secs] 
2019-03-15T15:54:07.622+0900: 645.759: Total time for which application threads were stopped: 0.0154064 seconds, Stopping threads took: 0.0000967 seconds
2019-03-15T15:54:07.776+0900: 645.913: Application time: 0.1544993 seconds
2019-03-15T15:54:07.777+0900: 645.913: Total time for which application threads were stopped: 0.0001935 seconds, Stopping threads took: 0.0000908 seconds
2019-03-15T15:54:08.618+0900: 646.755: Application time: 0.8412076 seconds
2019-03-15T15:54:08.618+0900: 646.755: [GC (Allocation Failure) 2019-03-15T15:54:08.618+0900: 646.755: [ParNew: 215708K->9505K(235968K), 0.0198104 secs] 706985K->500784K(842580K), 0.0200145 secs] [Times: user=0.06 sys=0.00, real=0.02 secs] 
2019-03-15T15:54:08.638+0900: 646.775: Total time for which application threads were stopped: 0.0203152 seconds, Stopping threads took: 0.0000880 seconds
2019-03-15T15:54:08.776+0900: 646.913: Application time: 0.1381838 seconds
2019-03-15T15:54:08.776+0900: 646.913: Total time for which application threads were stopped: 0.0001036 seconds, Stopping threads took: 0.0000501 seconds
2019-03-15T15:54:09.520+0900: 647.657: Application time: 0.7439768 seconds
2019-03-15T15:54:09.520+0900: 647.657: [GC (Allocation Failure) 2019-03-15T15:54:09.520+0900: 647.657: [ParNew: 219297K->8927K(235968K), 0.0091707 secs] 710576K->502965K(842580K), 0.0092609 secs] [Times: user=0.06 sys=0.00, real=0.01 secs] 
2019-03-15T15:54:09.530+0900: 647.667: Total time for which application threads were stopped: 0.0094410 seconds, Stopping threads took: 0.0000687 seconds
2019-03-15T15:54:09.777+0900: 647.914: Application time: 0.2472767 seconds
2019-03-15T15:54:09.777+0900: 647.914: Total time for which application threads were stopped: 0.0001191 seconds, Stopping threads took: 0.0000684 seconds
2019-03-15T15:54:09.778+0900: 647.915: Application time: 0.0010413 seconds
2019-03-15T15:54:09.778+0900: 647.915: Total time for which application threads were stopped: 0.0000650 seconds, Stopping threads took: 0.0000289 seconds
2019-03-15T15:54:10.368+0900: 648.505: Application time: 0.5896883 seconds
2019-03-15T15:54:10.368+0900: 648.505: [GC (Allocation Failure) 2019-03-15T15:54:10.368+0900: 648.505: [ParNew: 218719K->10401K(235968K), 0.0105417 secs] 712757K->504439K(842580K), 0.0106863 secs] [Times: user=0.05 sys=0.00, real=0.01 secs] 
2019-03-15T15:54:10.379+0900: 648.516: Total time for which application threads were stopped: 0.0108882 seconds, Stopping threads took: 0.0000529 seconds
2019-03-15T15:54:10.779+0900: 648.916: Application time: 0.4000179 seconds
2019-03-15T15:54:10.779+0900: 648.916: Total time for which application threads were stopped: 0.0001748 seconds, Stopping threads took: 0.0000725 seconds
2019-03-15T15:54:11.369+0900: 649.506: Application time: 0.5902354 seconds
2019-03-15T15:54:11.369+0900: 649.506: [GC (Allocation Failure) 2019-03-15T15:54:11.370+0900: 649.507: [ParNew: 220193K->7468K(235968K), 0.0232410 secs] 714231K->501508K(842580K), 0.0237150 secs] [Times: user=0.05 sys=0.01, real=0.02 secs] 
2019-03-15T15:54:11.393+0900: 649.530: Total time for which application threads were stopped: 0.0240440 seconds, Stopping threads took: 0.0000743 seconds
2019-03-15T15:54:11.780+0900: 649.917: Application time: 0.3872710 seconds
2019-03-15T15:54:11.781+0900: 649.918: Total time for which application threads were stopped: 0.0003521 seconds, Stopping threads took: 0.0002093 seconds
2019-03-15T15:54:12.365+0900: 650.502: Application time: 0.5844103 seconds
2019-03-15T15:54:12.365+0900: 650.502: [GC (Allocation Failure) 2019-03-15T15:54:12.365+0900: 650.503: [ParNew: 217260K->9285K(235968K), 0.0239890 secs] 711300K->503326K(842580K), 0.0241793 secs] [Times: user=0.09 sys=0.00, real=0.03 secs] 
2019-03-15T15:54:12.390+0900: 650.527: Total time for which application threads were stopped: 0.0244437 seconds, Stopping threads took: 0.0000563 seconds
2019-03-15T15:54:12.780+0900: 650.917: Application time: 0.3906477 seconds
2019-03-15T15:54:12.780+0900: 650.917: Total time for which application threads were stopped: 0.0001431 seconds, Stopping threads took: 0.0000603 seconds
2019-03-15T15:54:13.327+0900: 651.464: Application time: 0.5461150 seconds
2019-03-15T15:54:13.327+0900: 651.464: [GC (Allocation Failure) 2019-03-15T15:54:13.327+0900: 651.464: [ParNew: 219077K->10683K(235968K), 0.0168414 secs] 713118K->507484K(842580K), 0.0170203 secs] [Times: user=0.06 sys=0.00, real=0.02 secs] 
2019-03-15T15:54:13.344+0900: 651.481: Total time for which application threads were stopped: 0.0172685 seconds, Stopping threads took: 0.0000476 seconds
2019-03-15T15:54:13.782+0900: 651.920: Application time: 0.4386547 seconds
2019-03-15T15:54:13.783+0900: 651.920: Total time for which application threads were stopped: 0.0002246 seconds, Stopping threads took: 0.0000958 seconds
2019-03-15T15:54:14.294+0900: 652.431: Application time: 0.5115501 seconds
2019-03-15T15:54:14.294+0900: 652.431: [GC (Allocation Failure) 2019-03-15T15:54:14.294+0900: 652.431: [ParNew: 220475K->6000K(235968K), 0.0077789 secs] 717276K->502803K(842580K), 0.0078685 secs] [Times: user=0.03 sys=0.00, real=0.01 secs] 
2019-03-15T15:54:14.302+0900: 652.439: Total time for which application threads were stopped: 0.0079826 seconds, Stopping threads took: 0.0000190 seconds
2019-03-15T15:54:14.781+0900: 652.918: Application time: 0.4786118 seconds
2019-03-15T15:54:14.781+0900: 652.918: Total time for which application threads were stopped: 0.0000585 seconds, Stopping threads took: 0.0000171 seconds
2019-03-15T15:54:15.160+0900: 653.297: Application time: 0.3789011 seconds
2019-03-15T15:54:15.160+0900: 653.297: [GC (Allocation Failure) 2019-03-15T15:54:15.160+0900: 653.297: [ParNew: 215792K->8570K(235968K), 0.0054373 secs] 712595K->505375K(842580K), 0.0055464 secs] [Times: user=0.00 sys=0.00, real=0.00 secs] 
2019-03-15T15:54:15.165+0900: 653.303: Total time for which application threads were stopped: 0.0056693 seconds, Stopping threads took: 0.0000221 seconds
2019-03-15T15:54:15.783+0900: 653.921: Application time: 0.6180929 seconds
2019-03-15T15:54:15.784+0900: 653.921: Total time for which application threads were stopped: 0.0002081 seconds, Stopping threads took: 0.0000843 seconds
2019-03-15T15:54:16.053+0900: 654.190: Application time: 0.2692120 seconds
2019-03-15T15:54:16.053+0900: 654.190: [GC (Allocation Failure) 2019-03-15T15:54:16.053+0900: 654.190: [ParNew: 218362K->6991K(235968K), 0.0138945 secs] 715167K->506555K(842580K), 0.0140435 secs] [Times: user=0.06 sys=0.00, real=0.01 secs] 
2019-03-15T15:54:16.067+0900: 654.204: Total time for which application threads were stopped: 0.0142628 seconds, Stopping threads took: 0.0000379 seconds
2019-03-15T15:54:16.785+0900: 654.922: Application time: 0.7175425 seconds
2019-03-15T15:54:16.785+0900: 654.922: Total time for which application threads were stopped: 0.0002858 seconds, Stopping threads took: 0.0001235 seconds
2019-03-15T15:54:16.998+0900: 655.136: Application time: 0.2133547 seconds
2019-03-15T15:54:16.998+0900: 655.136: [GC (Allocation Failure) 2019-03-15T15:54:16.998+0900: 655.136: [ParNew: 216783K->10830K(235968K), 0.0093375 secs] 716347K->510396K(842580K), 0.0094569 secs] [Times: user=0.06 sys=0.00, real=0.01 secs] 
2019-03-15T15:54:17.008+0900: 655.145: Total time for which application threads were stopped: 0.0096217 seconds, Stopping threads took: 0.0000457 seconds
2019-03-15T15:54:17.783+0900: 655.920: Application time: 0.7752800 seconds
2019-03-15T15:54:17.783+0900: 655.921: Total time for which application threads were stopped: 0.0001813 seconds, Stopping threads took: 0.0000902 seconds
2019-03-15T15:54:17.983+0900: 656.121: Application time: 0.2000206 seconds
2019-03-15T15:54:17.983+0900: 656.121: [GC (Allocation Failure) 2019-03-15T15:54:17.983+0900: 656.121: [ParNew: 220622K->7054K(235968K), 0.0058071 secs] 720188K->506621K(842580K), 0.0059274 secs] [Times: user=0.02 sys=0.00, real=0.01 secs] 
2019-03-15T15:54:17.989+0900: 656.127: Total time for which application threads were stopped: 0.0060817 seconds, Stopping threads took: 0.0000286 seconds
2019-03-15T15:54:18.787+0900: 656.924: Application time: 0.7970400 seconds
2019-03-15T15:54:18.788+0900: 656.924: Total time for which application threads were stopped: 0.0001757 seconds, Stopping threads took: 0.0000526 seconds
2019-03-15T15:54:18.981+0900: 657.117: Application time: 0.1930547 seconds
2019-03-15T15:54:18.981+0900: 657.117: [GC (Allocation Failure) 2019-03-15T15:54:18.981+0900: 657.117: [ParNew: 216846K->5422K(235968K), 0.0165373 secs] 716413K->507749K(842580K), 0.0167046 secs] [Times: user=0.06 sys=0.00, real=0.02 secs] 
2019-03-15T15:54:18.998+0900: 657.134: Total time for which application threads were stopped: 0.0169690 seconds, Stopping threads took: 0.0000638 seconds
2019-03-15T15:54:19.785+0900: 657.921: Application time: 0.7872120 seconds
2019-03-15T15:54:19.785+0900: 657.921: Total time for which application threads were stopped: 0.0001241 seconds, Stopping threads took: 0.0000728 seconds
2019-03-15T15:54:19.786+0900: 657.922: Application time: 0.0008062 seconds
2019-03-15T15:54:19.786+0900: 657.922: Total time for which application threads were stopped: 0.0000893 seconds, Stopping threads took: 0.0000597 seconds
2019-03-15T15:54:19.838+0900: 657.975: Application time: 0.0525376 seconds
2019-03-15T15:54:19.839+0900: 657.975: [GC (Allocation Failure) 2019-03-15T15:54:19.839+0900: 657.975: [ParNew: 215214K->7645K(235968K), 0.0044750 secs] 717541K->509974K(842580K), 0.0045832 secs] [Times: user=0.06 sys=0.00, real=0.00 secs] 
2019-03-15T15:54:19.843+0900: 657.980: Total time for which application threads were stopped: 0.0047897 seconds, Stopping threads took: 0.0000799 seconds
2019-03-15T15:54:20.725+0900: 658.861: Application time: 0.8815495 seconds
2019-03-15T15:54:20.725+0900: 658.861: [GC (Allocation Failure) 2019-03-15T15:54:20.725+0900: 658.861: [ParNew: 217437K->7139K(235968K), 0.0089991 secs] 719766K->509469K(842580K), 0.0091580 secs] [Times: user=0.06 sys=0.00, real=0.01 secs] 
2019-03-15T15:54:20.734+0900: 658.871: Total time for which application threads were stopped: 0.0094009 seconds, Stopping threads took: 0.0000578 seconds
2019-03-15T15:54:20.785+0900: 658.922: Application time: 0.0510773 seconds
2019-03-15T15:54:20.785+0900: 658.922: Total time for which application threads were stopped: 0.0001014 seconds, Stopping threads took: 0.0000482 seconds
2019-03-15T15:54:21.688+0900: 659.824: Application time: 0.9026040 seconds
2019-03-15T15:54:21.688+0900: 659.825: [GC (Allocation Failure) 2019-03-15T15:54:21.688+0900: 659.825: [ParNew: 216931K->6722K(235968K), 0.0176663 secs] 719261K->509055K(842580K), 0.0179269 secs] [Times: user=0.06 sys=0.00, real=0.02 secs] 
2019-03-15T15:54:21.706+0900: 659.843: Total time for which application threads were stopped: 0.0183042 seconds, Stopping threads took: 0.0000697 seconds
2019-03-15T15:54:21.786+0900: 659.923: Application time: 0.0802575 seconds
2019-03-15T15:54:21.787+0900: 659.923: Total time for which application threads were stopped: 0.0001005 seconds, Stopping threads took: 0.0000277 seconds
2019-03-15T15:54:22.627+0900: 660.764: Application time: 0.8405433 seconds
2019-03-15T15:54:22.627+0900: 660.764: [GC (Allocation Failure) 2019-03-15T15:54:22.627+0900: 660.764: [ParNew: 216514K->5422K(235968K), 0.0090404 secs] 718847K->510514K(842580K), 0.0091540 secs] [Times: user=0.06 sys=0.00, real=0.01 secs] 
2019-03-15T15:54:22.636+0900: 660.773: Total time for which application threads were stopped: 0.0093225 seconds, Stopping threads took: 0.0000426 seconds
2019-03-15T15:54:22.786+0900: 660.923: Application time: 0.1500679 seconds
2019-03-15T15:54:22.787+0900: 660.923: Total time for which application threads were stopped: 0.0001157 seconds, Stopping threads took: 0.0000504 seconds
2019-03-15T15:54:23.598+0900: 661.735: Application time: 0.8116613 seconds
2019-03-15T15:54:23.598+0900: 661.735: [GC (Allocation Failure) 2019-03-15T15:54:23.598+0900: 661.735: [ParNew: 215214K->3784K(235968K), 0.0019927 secs] 720306K->508878K(842580K), 0.0020785 secs] [Times: user=0.00 sys=0.00, real=0.00 secs] 
2019-03-15T15:54:23.600+0900: 661.737: Total time for which application threads were stopped: 0.0022014 seconds, Stopping threads took: 0.0000339 seconds
2019-03-15T15:54:23.789+0900: 661.926: Application time: 0.1885657 seconds
2019-03-15T15:54:23.789+0900: 661.926: Total time for which application threads were stopped: 0.0002675 seconds, Stopping threads took: 0.0001788 seconds
2019-03-15T15:54:24.521+0900: 662.658: Application time: 0.7319095 seconds
2019-03-15T15:54:24.521+0900: 662.658: [GC (Allocation Failure) 2019-03-15T15:54:24.521+0900: 662.658: [ParNew: 213576K->2165K(235968K), 0.0033145 secs] 718670K->507261K(842580K), 0.0034122 secs] [Times: user=0.00 sys=0.00, real=0.00 secs] 
2019-03-15T15:54:24.525+0900: 662.661: Total time for which application threads were stopped: 0.0035767 seconds, Stopping threads took: 0.0000678 seconds
2019-03-15T15:54:24.788+0900: 662.924: Application time: 0.2630439 seconds
2019-03-15T15:54:24.788+0900: 662.924: Total time for which application threads were stopped: 0.0000619 seconds, Stopping threads took: 0.0000180 seconds
2019-03-15T15:54:25.399+0900: 663.536: Application time: 0.6114585 seconds
2019-03-15T15:54:25.399+0900: 663.536: [GC (Allocation Failure) 2019-03-15T15:54:25.399+0900: 663.536: [ParNew: 211957K->1469K(235968K), 0.0021843 secs] 717053K->506566K(842580K), 0.0022667 secs] [Times: user=0.00 sys=0.00, real=0.00 secs] 
2019-03-15T15:54:25.402+0900: 663.538: Total time for which application threads were stopped: 0.0024210 seconds, Stopping threads took: 0.0000488 seconds
2019-03-15T15:54:25.788+0900: 663.925: Application time: 0.3861663 seconds
2019-03-15T15:54:25.788+0900: 663.925: Total time for which application threads were stopped: 0.0001057 seconds, Stopping threads took: 0.0000591 seconds
2019-03-15T15:54:26.314+0900: 664.451: Application time: 0.5265521 seconds
2019-03-15T15:54:26.315+0900: 664.451: [GC (Allocation Failure) 2019-03-15T15:54:26.315+0900: 664.452: [ParNew: 211261K->6454K(235968K), 0.0191672 secs] 716358K->511552K(842580K), 0.0194416 secs] [Times: user=0.06 sys=0.00, real=0.02 secs] 
2019-03-15T15:54:26.334+0900: 664.471: Total time for which application threads were stopped: 0.0198621 seconds, Stopping threads took: 0.0000914 seconds
2019-03-15T15:54:26.789+0900: 664.926: Application time: 0.4550044 seconds
2019-03-15T15:54:26.789+0900: 664.926: Total time for which application threads were stopped: 0.0001648 seconds, Stopping threads took: 0.0000830 seconds
2019-03-15T15:54:27.315+0900: 665.452: Application time: 0.5256819 seconds
2019-03-15T15:54:27.315+0900: 665.452: [GC (Allocation Failure) 2019-03-15T15:54:27.315+0900: 665.452: [ParNew: 216246K->7229K(235968K), 0.0155619 secs] 721344K->512328K(842580K), 0.0157861 secs] [Times: user=0.06 sys=0.00, real=0.02 secs] 
2019-03-15T15:54:27.331+0900: 665.468: Total time for which application threads were stopped: 0.0161146 seconds, Stopping threads took: 0.0000877 seconds
2019-03-15T15:54:27.790+0900: 665.927: Application time: 0.4590448 seconds
2019-03-15T15:54:27.790+0900: 665.927: Total time for which application threads were stopped: 0.0001564 seconds, Stopping threads took: 0.0000467 seconds
2019-03-15T15:54:28.247+0900: 666.384: Application time: 0.4565691 seconds
2019-03-15T15:54:28.247+0900: 666.384: [GC (Allocation Failure) 2019-03-15T15:54:28.247+0900: 666.384: [ParNew: 217021K->5714K(235968K), 0.0084821 secs] 722120K->510815K(842580K), 0.0086392 secs] [Times: user=0.06 sys=0.00, real=0.01 secs] 
2019-03-15T15:54:28.256+0900: 666.393: Total time for which application threads were stopped: 0.0088719 seconds, Stopping threads took: 0.0000557 seconds
2019-03-15T15:54:28.792+0900: 666.928: Application time: 0.5358003 seconds
2019-03-15T15:54:28.792+0900: 666.929: Total time for which application threads were stopped: 0.0002053 seconds, Stopping threads took: 0.0000812 seconds
2019-03-15T15:54:29.210+0900: 667.347: Application time: 0.4187071 seconds
2019-03-15T15:54:29.211+0900: 667.348: [GC (Allocation Failure) 2019-03-15T15:54:29.211+0900: 667.348: [ParNew: 215506K->7880K(235968K), 0.0066785 secs] 720607K->512984K(842580K), 0.0068061 secs] [Times: user=0.06 sys=0.00, real=0.01 secs] 
2019-03-15T15:54:29.217+0900: 667.354: Total time for which application threads were stopped: 0.0069799 seconds, Stopping threads took: 0.0000439 seconds
2019-03-15T15:54:29.790+0900: 667.927: Application time: 0.5725390 seconds
2019-03-15T15:54:29.790+0900: 667.927: Total time for which application threads were stopped: 0.0000883 seconds, Stopping threads took: 0.0000476 seconds
2019-03-15T15:54:29.791+0900: 667.928: Application time: 0.0008357 seconds
2019-03-15T15:54:29.791+0900: 667.928: Total time for which application threads were stopped: 0.0000460 seconds, Stopping threads took: 0.0000267 seconds
2019-03-15T15:54:30.071+0900: 668.208: Application time: 0.2798919 seconds
2019-03-15T15:54:30.071+0900: 668.208: [GC (Allocation Failure) 2019-03-15T15:54:30.071+0900: 668.208: [ParNew: 217672K->9304K(235968K), 0.0054634 secs] 722776K->514409K(842580K), 0.0055682 secs] [Times: user=0.06 sys=0.00, real=0.01 secs] 
2019-03-15T15:54:30.077+0900: 668.214: Total time for which application threads were stopped: 0.0057635 seconds, Stopping threads took: 0.0000806 seconds
2019-03-15T15:54:30.792+0900: 668.929: Application time: 0.7151144 seconds
2019-03-15T15:54:30.792+0900: 668.929: Total time for which application threads were stopped: 0.0001054 seconds, Stopping threads took: 0.0000302 seconds
2019-03-15T15:54:30.981+0900: 669.118: Application time: 0.1888515 seconds
2019-03-15T15:54:30.981+0900: 669.118: [GC (Allocation Failure) 2019-03-15T15:54:30.981+0900: 669.118: [ParNew: 219096K->12020K(235968K), 0.0089991 secs] 724201K->517127K(842580K), 0.0091334 secs] [Times: user=0.00 sys=0.00, real=0.01 secs] 
2019-03-15T15:54:30.990+0900: 669.127: Total time for which application threads were stopped: 0.0093228 seconds, Stopping threads took: 0.0000460 seconds
2019-03-15T15:54:31.791+0900: 669.929: Application time: 0.8016197 seconds
2019-03-15T15:54:31.792+0900: 669.929: Total time for which application threads were stopped: 0.0000927 seconds, Stopping threads took: 0.0000283 seconds
2019-03-15T15:54:31.919+0900: 670.056: Application time: 0.1270207 seconds
2019-03-15T15:54:31.919+0900: 670.056: [GC (Allocation Failure) 2019-03-15T15:54:31.919+0900: 670.056: [ParNew: 221812K->4291K(235968K), 0.0123267 secs] 726919K->512157K(842580K), 0.0124604 secs] [Times: user=0.01 sys=0.00, real=0.01 secs] 
2019-03-15T15:54:31.931+0900: 670.068: Total time for which application threads were stopped: 0.0126638 seconds, Stopping threads took: 0.0000485 seconds
2019-03-15T15:54:32.794+0900: 670.932: Application time: 0.8631374 seconds
2019-03-15T15:54:32.795+0900: 670.932: Total time for which application threads were stopped: 0.0002292 seconds, Stopping threads took: 0.0000977 seconds
2019-03-15T15:54:32.895+0900: 671.032: Application time: 0.1003389 seconds
2019-03-15T15:54:32.895+0900: 671.032: [GC (Allocation Failure) 2019-03-15T15:54:32.895+0900: 671.032: [ParNew: 214083K->7768K(235968K), 0.0164181 secs] 721949K->515636K(842580K), 0.0166281 secs] [Times: user=0.06 sys=0.00, real=0.02 secs] 
2019-03-15T15:54:32.912+0900: 671.049: Total time for which application threads were stopped: 0.0169366 seconds, Stopping threads took: 0.0000921 seconds
2019-03-15T15:54:33.796+0900: 671.933: Application time: 0.8838467 seconds
2019-03-15T15:54:33.796+0900: 671.933: Total time for which application threads were stopped: 0.0002025 seconds, Stopping threads took: 0.0000827 seconds
2019-03-15T15:54:33.909+0900: 672.046: Application time: 0.1127194 seconds
2019-03-15T15:54:33.909+0900: 672.046: [GC (Allocation Failure) 2019-03-15T15:54:33.909+0900: 672.046: [ParNew: 217560K->9270K(235968K), 0.0093639 secs] 725428K->517140K(842580K), 0.0095057 secs] [Times: user=0.06 sys=0.00, real=0.01 secs] 
2019-03-15T15:54:33.918+0900: 672.056: Total time for which application threads were stopped: 0.0097188 seconds, Stopping threads took: 0.0000557 seconds
2019-03-15T15:54:34.782+0900: 672.919: Application time: 0.8638101 seconds
2019-03-15T15:54:34.782+0900: 672.919: [GC (Allocation Failure) 2019-03-15T15:54:34.782+0900: 672.920: [ParNew: 219062K->9100K(235968K), 0.0068928 secs] 726932K->516972K(842580K), 0.0069980 secs] [Times: user=0.05 sys=0.00, real=0.01 secs] 
2019-03-15T15:54:34.789+0900: 672.927: Total time for which application threads were stopped: 0.0071252 seconds, Stopping threads took: 0.0000336 seconds
2019-03-15T15:54:34.794+0900: 672.931: Application time: 0.0046665 seconds
2019-03-15T15:54:34.794+0900: 672.931: Total time for which application threads were stopped: 0.0000837 seconds, Stopping threads took: 0.0000345 seconds
2019-03-15T15:54:35.661+0900: 673.798: Application time: 0.8668678 seconds
2019-03-15T15:54:35.661+0900: 673.798: [GC (Allocation Failure) 2019-03-15T15:54:35.661+0900: 673.798: [ParNew: 218892K->6389K(235968K), 0.0101228 secs] 726764K->517020K(842580K), 0.0102419 secs] [Times: user=0.00 sys=0.00, real=0.01 secs] 
2019-03-15T15:54:35.671+0900: 673.809: Total time for which application threads were stopped: 0.0103990 seconds, Stopping threads took: 0.0000323 seconds
2019-03-15T15:54:35.796+0900: 673.933: Application time: 0.1243005 seconds
2019-03-15T15:54:35.796+0900: 673.933: Total time for which application threads were stopped: 0.0001785 seconds, Stopping threads took: 0.0000774 seconds
2019-03-15T15:54:36.616+0900: 674.752: Application time: 0.8193019 seconds
2019-03-15T15:54:36.616+0900: 674.753: [GC (Allocation Failure) 2019-03-15T15:54:36.616+0900: 674.753: [ParNew: 216181K->9411K(235968K), 0.0114704 secs] 726812K->520044K(842580K), 0.0116194 secs] [Times: user=0.06 sys=0.00, real=0.01 secs] 
2019-03-15T15:54:36.628+0900: 674.764: Total time for which application threads were stopped: 0.0118433 seconds, Stopping threads took: 0.0000585 seconds
2019-03-15T15:54:36.799+0900: 674.935: Application time: 0.1712630 seconds
2019-03-15T15:54:36.799+0900: 674.936: Total time for which application threads were stopped: 0.0000961 seconds, Stopping threads took: 0.0000267 seconds
2019-03-15T15:54:37.545+0900: 675.681: Application time: 0.7454899 seconds
2019-03-15T15:54:37.545+0900: 675.681: [GC (Allocation Failure) 2019-03-15T15:54:37.545+0900: 675.681: [ParNew: 219203K->8054K(235968K), 0.0081080 secs] 729836K->518689K(842580K), 0.0082361 secs] [Times: user=0.06 sys=0.00, real=0.01 secs] 
2019-03-15T15:54:37.553+0900: 675.690: Total time for which application threads were stopped: 0.0084290 seconds, Stopping threads took: 0.0000507 seconds
2019-03-15T15:54:37.796+0900: 675.932: Application time: 0.2426677 seconds
2019-03-15T15:54:37.796+0900: 675.932: Total time for which application threads were stopped: 0.0000855 seconds, Stopping threads took: 0.0000423 seconds
2019-03-15T15:54:38.512+0900: 676.648: Application time: 0.7159227 seconds
2019-03-15T15:54:38.512+0900: 676.648: [GC (Allocation Failure) 2019-03-15T15:54:38.512+0900: 676.648: [ParNew: 217846K->7648K(235968K), 0.0123341 secs] 728481K->521042K(842580K), 0.0124756 secs] [Times: user=0.06 sys=0.00, real=0.01 secs] 
2019-03-15T15:54:38.524+0900: 676.661: Total time for which application threads were stopped: 0.0126850 seconds, Stopping threads took: 0.0000501 seconds
2019-03-15T15:54:38.802+0900: 676.938: Application time: 0.2771885 seconds
2019-03-15T15:54:38.802+0900: 676.938: Total time for which application threads were stopped: 0.0000566 seconds, Stopping threads took: 0.0000162 seconds
2019-03-15T15:54:39.440+0900: 677.576: Application time: 0.6379257 seconds
2019-03-15T15:54:39.440+0900: 677.576: [GC (Allocation Failure) 2019-03-15T15:54:39.440+0900: 677.576: [ParNew: 217440K->5195K(235968K), 0.0047412 secs] 730834K->518591K(842580K), 0.0048519 secs] [Times: user=0.00 sys=0.00, real=0.00 secs] 
2019-03-15T15:54:39.445+0900: 677.581: Total time for which application threads were stopped: 0.0050000 seconds, Stopping threads took: 0.0000230 seconds
2019-03-15T15:54:39.797+0900: 677.933: Application time: 0.3524134 seconds
2019-03-15T15:54:39.797+0900: 677.934: Total time for which application threads were stopped: 0.0000709 seconds, Stopping threads took: 0.0000289 seconds
2019-03-15T15:54:39.798+0900: 677.934: Application time: 0.0008581 seconds
2019-03-15T15:54:39.798+0900: 677.934: Total time for which application threads were stopped: 0.0000613 seconds, Stopping threads took: 0.0000314 seconds
2019-03-15T15:54:40.271+0900: 678.408: Application time: 0.4733844 seconds
2019-03-15T15:54:40.271+0900: 678.408: [GC (Allocation Failure) 2019-03-15T15:54:40.271+0900: 678.408: [ParNew: 214987K->6259K(235968K), 0.0044236 secs] 728383K->519655K(842580K), 0.0045070 secs] [Times: user=0.00 sys=0.00, real=0.01 secs] 
2019-03-15T15:54:40.276+0900: 678.413: Total time for which application threads were stopped: 0.0046401 seconds, Stopping threads took: 0.0000370 seconds
2019-03-15T15:54:40.798+0900: 678.935: Application time: 0.5223583 seconds
2019-03-15T15:54:40.798+0900: 678.935: Total time for which application threads were stopped: 0.0000638 seconds, Stopping threads took: 0.0000215 seconds
2019-03-15T15:54:41.223+0900: 679.360: Application time: 0.4249835 seconds
2019-03-15T15:54:41.223+0900: 679.360: [GC (Allocation Failure) 2019-03-15T15:54:41.224+0900: 679.360: [ParNew: 216051K->5706K(235968K), 0.0183110 secs] 729447K->521861K(842580K), 0.0184765 secs] [Times: user=0.05 sys=0.00, real=0.02 secs] 
2019-03-15T15:54:41.242+0900: 679.379: Total time for which application threads were stopped: 0.0187486 seconds, Stopping threads took: 0.0000631 seconds
2019-03-15T15:54:41.801+0900: 679.937: Application time: 0.5584858 seconds
2019-03-15T15:54:41.801+0900: 679.937: Total time for which application threads were stopped: 0.0001739 seconds, Stopping threads took: 0.0000476 seconds
2019-03-15T15:54:42.188+0900: 680.325: Application time: 0.3872337 seconds
2019-03-15T15:54:42.188+0900: 680.325: [GC (Allocation Failure) 2019-03-15T15:54:42.188+0900: 680.325: [ParNew: 215498K->3667K(235968K), 0.0070813 secs] 731653K->519824K(842580K), 0.0073174 secs] [Times: user=0.00 sys=0.02, real=0.01 secs] 
2019-03-15T15:54:42.196+0900: 680.332: Total time for which application threads were stopped: 0.0077161 seconds, Stopping threads took: 0.0000896 seconds
2019-03-15T15:54:42.802+0900: 680.939: Application time: 0.6064271 seconds
2019-03-15T15:54:42.802+0900: 680.939: Total time for which application threads were stopped: 0.0002252 seconds, Stopping threads took: 0.0000659 seconds
2019-03-15T15:54:43.171+0900: 681.307: Application time: 0.3682932 seconds
2019-03-15T15:54:43.171+0900: 681.307: [GC (Allocation Failure) 2019-03-15T15:54:43.171+0900: 681.307: [ParNew: 213459K->2700K(235968K), 0.0054292 secs] 729616K->518859K(842580K), 0.0055505 secs] [Times: user=0.00 sys=0.00, real=0.01 secs] 
2019-03-15T15:54:43.176+0900: 681.313: Total time for which application threads were stopped: 0.0057302 seconds, Stopping threads took: 0.0000423 seconds
2019-03-15T15:54:43.801+0900: 681.937: Application time: 0.6243976 seconds
2019-03-15T15:54:43.801+0900: 681.938: Total time for which application threads were stopped: 0.0001154 seconds, Stopping threads took: 0.0000429 seconds
2019-03-15T15:54:44.088+0900: 682.225: Application time: 0.2872652 seconds
2019-03-15T15:54:44.088+0900: 682.225: [GC (Allocation Failure) 2019-03-15T15:54:44.088+0900: 682.225: [ParNew: 212492K->3767K(235968K), 0.0118290 secs] 728651K->519928K(842580K), 0.0120337 secs] [Times: user=0.06 sys=0.00, real=0.01 secs] 
2019-03-15T15:54:44.100+0900: 682.237: Total time for which application threads were stopped: 0.0123488 seconds, Stopping threads took: 0.0000865 seconds
2019-03-15T15:54:44.800+0900: 682.937: Application time: 0.6993758 seconds
2019-03-15T15:54:44.800+0900: 682.937: Total time for which application threads were stopped: 0.0000830 seconds, Stopping threads took: 0.0000348 seconds
2019-03-15T15:54:44.958+0900: 683.095: Application time: 0.1579423 seconds
2019-03-15T15:54:44.958+0900: 683.095: [GC (Allocation Failure) 2019-03-15T15:54:44.958+0900: 683.095: [ParNew: 213559K->4487K(235968K), 0.0047297 secs] 729720K->520650K(842580K), 0.0048096 secs] [Times: user=0.00 sys=0.00, real=0.01 secs] 
2019-03-15T15:54:44.963+0900: 683.100: Total time for which application threads were stopped: 0.0049399 seconds, Stopping threads took: 0.0000258 seconds
2019-03-15T15:54:45.799+0900: 683.936: Application time: 0.8363109 seconds
2019-03-15T15:54:45.799+0900: 683.936: [GC (Allocation Failure) 2019-03-15T15:54:45.799+0900: 683.936: [ParNew: 214279K->5257K(235968K), 0.0060593 secs] 730442K->521421K(842580K), 0.0061731 secs] [Times: user=0.00 sys=0.00, real=0.01 secs] 
2019-03-15T15:54:45.805+0900: 683.942: Total time for which application threads were stopped: 0.0063461 seconds, Stopping threads took: 0.0000488 seconds
2019-03-15T15:54:45.807+0900: 683.944: Application time: 0.0015570 seconds
2019-03-15T15:54:45.807+0900: 683.944: Total time for which application threads were stopped: 0.0001204 seconds, Stopping threads took: 0.0000591 seconds
2019-03-15T15:54:46.757+0900: 684.893: Application time: 0.9495326 seconds
2019-03-15T15:54:46.757+0900: 684.894: [GC (Allocation Failure) 2019-03-15T15:54:46.757+0900: 684.894: [ParNew: 215049K->3849K(235968K), 0.0073958 secs] 731213K->520015K(842580K), 0.0075503 secs] [Times: user=0.00 sys=0.00, real=0.01 secs] 
2019-03-15T15:54:46.764+0900: 684.901: Total time for which application threads were stopped: 0.0077848 seconds, Stopping threads took: 0.0000613 seconds
2019-03-15T15:54:46.804+0900: 684.941: Application time: 0.0393279 seconds
2019-03-15T15:54:46.804+0900: 684.941: Total time for which application threads were stopped: 0.0002476 seconds, Stopping threads took: 0.0001067 seconds
2019-03-15T15:54:47.702+0900: 685.839: Application time: 0.8978497 seconds
2019-03-15T15:54:47.702+0900: 685.839: [GC (Allocation Failure) 2019-03-15T15:54:47.702+0900: 685.839: [ParNew: 213641K->8250K(235968K), 0.0048336 secs] 729807K->524418K(842580K), 0.0049455 secs] [Times: user=0.00 sys=0.00, real=0.01 secs] 
2019-03-15T15:54:47.707+0900: 685.844: Total time for which application threads were stopped: 0.0050979 seconds, Stopping threads took: 0.0000491 seconds
2019-03-15T15:54:47.802+0900: 685.939: Application time: 0.0949778 seconds
2019-03-15T15:54:47.802+0900: 685.939: Total time for which application threads were stopped: 0.0000924 seconds, Stopping threads took: 0.0000510 seconds
2019-03-15T15:54:48.672+0900: 686.809: Application time: 0.8697462 seconds
2019-03-15T15:54:48.672+0900: 686.809: [GC (Allocation Failure) 2019-03-15T15:54:48.672+0900: 686.809: [ParNew: 218042K->10253K(235968K), 0.0163852 secs] 734210K->526423K(842580K), 0.0165640 secs] [Times: user=0.06 sys=0.00, real=0.02 secs] 
2019-03-15T15:54:48.689+0900: 686.826: Total time for which application threads were stopped: 0.0169590 seconds, Stopping threads took: 0.0001950 seconds
2019-03-15T15:54:48.803+0900: 686.940: Application time: 0.1148592 seconds
2019-03-15T15:54:48.804+0900: 686.941: Total time for which application threads were stopped: 0.0001117 seconds, Stopping threads took: 0.0000454 seconds
2019-03-15T15:54:49.585+0900: 687.722: Application time: 0.7817163 seconds
2019-03-15T15:54:49.585+0900: 687.722: [GC (Allocation Failure) 2019-03-15T15:54:49.585+0900: 687.722: [ParNew: 220045K->6430K(235968K), 0.0090557 secs] 736215K->522602K(842580K), 0.0091922 secs] [Times: user=0.02 sys=0.00, real=0.01 secs] 
2019-03-15T15:54:49.595+0900: 687.732: Total time for which application threads were stopped: 0.0093306 seconds, Stopping threads took: 0.0000361 seconds
2019-03-15T15:54:49.803+0900: 687.940: Application time: 0.2083513 seconds
2019-03-15T15:54:49.803+0900: 687.940: Total time for which application threads were stopped: 0.0001359 seconds, Stopping threads took: 0.0000787 seconds
2019-03-15T15:54:49.804+0900: 687.941: Application time: 0.0009200 seconds
2019-03-15T15:54:49.804+0900: 687.941: Total time for which application threads were stopped: 0.0000526 seconds, Stopping threads took: 0.0000280 seconds
2019-03-15T15:54:50.424+0900: 688.561: Application time: 0.6197139 seconds
2019-03-15T15:54:50.424+0900: 688.561: [GC (Allocation Failure) 2019-03-15T15:54:50.424+0900: 688.561: [ParNew: 216222K->10163K(235968K), 0.0082725 secs] 732394K->526337K(842580K), 0.0084367 secs] [Times: user=0.06 sys=0.00, real=0.01 secs] 
2019-03-15T15:54:50.432+0900: 688.569: Total time for which application threads were stopped: 0.0086787 seconds, Stopping threads took: 0.0000753 seconds
2019-03-15T15:54:50.804+0900: 688.941: Application time: 0.3718229 seconds
2019-03-15T15:54:50.804+0900: 688.941: Total time for which application threads were stopped: 0.0001452 seconds, Stopping threads took: 0.0000613 seconds
2019-03-15T15:54:51.411+0900: 689.548: Application time: 0.6063587 seconds
2019-03-15T15:54:51.411+0900: 689.548: [GC (Allocation Failure) 2019-03-15T15:54:51.411+0900: 689.548: [ParNew: 219955K->6585K(235968K), 0.0143918 secs] 736129K->525516K(842580K), 0.0145365 secs] [Times: user=0.06 sys=0.00, real=0.01 secs] 
2019-03-15T15:54:51.425+0900: 689.563: Total time for which application threads were stopped: 0.0147616 seconds, Stopping threads took: 0.0000538 seconds
2019-03-15T15:54:51.805+0900: 689.942: Application time: 0.3791521 seconds
2019-03-15T15:54:51.805+0900: 689.942: Total time for which application threads were stopped: 0.0001229 seconds, Stopping threads took: 0.0000516 seconds
2019-03-15T15:54:52.335+0900: 690.472: Application time: 0.5304237 seconds
2019-03-15T15:54:52.335+0900: 690.472: [GC (Allocation Failure) 2019-03-15T15:54:52.335+0900: 690.472: [ParNew: 216377K->6979K(235968K), 0.0109949 secs] 735308K->525912K(842580K), 0.0111697 secs] [Times: user=0.00 sys=0.00, real=0.01 secs] 
2019-03-15T15:54:52.347+0900: 690.484: Total time for which application threads were stopped: 0.0114396 seconds, Stopping threads took: 0.0000603 seconds
2019-03-15T15:54:52.806+0900: 690.943: Application time: 0.4594249 seconds
2019-03-15T15:54:52.806+0900: 690.943: Total time for which application threads were stopped: 0.0001717 seconds, Stopping threads took: 0.0000712 seconds
2019-03-15T15:54:53.330+0900: 691.467: Application time: 0.5238077 seconds
2019-03-15T15:54:53.330+0900: 691.467: [GC (Allocation Failure) 2019-03-15T15:54:53.330+0900: 691.467: [ParNew: 216771K->9661K(235968K), 0.0150173 secs] 735704K->528595K(842580K), 0.0152076 secs] [Times: user=0.06 sys=0.00, real=0.02 secs] 
2019-03-15T15:54:53.345+0900: 691.483: Total time for which application threads were stopped: 0.0154888 seconds, Stopping threads took: 0.0000650 seconds
2019-03-15T15:54:53.806+0900: 691.942: Application time: 0.4598162 seconds
2019-03-15T15:54:53.806+0900: 691.943: Total time for which application threads were stopped: 0.0000995 seconds, Stopping threads took: 0.0000473 seconds
2019-03-15T15:54:54.293+0900: 692.429: Application time: 0.4867173 seconds
2019-03-15T15:54:54.293+0900: 692.429: [GC (Allocation Failure) 2019-03-15T15:54:54.293+0900: 692.430: [ParNew: 219453K->7121K(235968K), 0.0177198 secs] 738387K->528815K(842580K), 0.0179179 secs] [Times: user=0.05 sys=0.00, real=0.02 secs] 
2019-03-15T15:54:54.311+0900: 692.448: Total time for which application threads were stopped: 0.0183374 seconds, Stopping threads took: 0.0000855 seconds
2019-03-15T15:54:54.806+0900: 692.942: Application time: 0.4946788 seconds
2019-03-15T15:54:54.806+0900: 692.942: Total time for which application threads were stopped: 0.0000746 seconds, Stopping threads took: 0.0000311 seconds
2019-03-15T15:54:55.166+0900: 693.303: Application time: 0.3604144 seconds
2019-03-15T15:54:55.167+0900: 693.303: [GC (Allocation Failure) 2019-03-15T15:54:55.167+0900: 693.303: [ParNew: 216913K->7898K(235968K), 0.0046809 secs] 738607K->529594K(842580K), 0.0047872 secs] [Times: user=0.00 sys=0.00, real=0.00 secs] 
2019-03-15T15:54:55.171+0900: 693.308: Total time for which application threads were stopped: 0.0049172 seconds, Stopping threads took: 0.0000355 seconds
2019-03-15T15:54:55.807+0900: 693.943: Application time: 0.6352624 seconds
2019-03-15T15:54:55.807+0900: 693.943: Total time for which application threads were stopped: 0.0001362 seconds, Stopping threads took: 0.0000641 seconds
2019-03-15T15:54:56.045+0900: 694.181: Application time: 0.2383439 seconds
2019-03-15T15:54:56.045+0900: 694.182: [GC (Allocation Failure) 2019-03-15T15:54:56.045+0900: 694.182: [ParNew: 217690K->7780K(235968K), 0.0067159 secs] 739386K->529478K(842580K), 0.0068101 secs] [Times: user=0.05 sys=0.00, real=0.01 secs] 
2019-03-15T15:54:56.052+0900: 694.188: Total time for which application threads were stopped: 0.0069438 seconds, Stopping threads took: 0.0000361 seconds
2019-03-15T15:54:56.807+0900: 694.943: Application time: 0.7547440 seconds
2019-03-15T15:54:56.807+0900: 694.943: Total time for which application threads were stopped: 0.0000600 seconds, Stopping threads took: 0.0000177 seconds
2019-03-15T15:54:56.877+0900: 695.013: Application time: 0.0697734 seconds
2019-03-15T15:54:56.877+0900: 695.013: [GC (Allocation Failure) 2019-03-15T15:54:56.877+0900: 695.013: [ParNew: 217572K->9045K(235968K), 0.0057993 secs] 739270K->530744K(842580K), 0.0059063 secs] [Times: user=0.00 sys=0.00, real=0.01 secs] 
2019-03-15T15:54:56.883+0900: 695.019: Total time for which application threads were stopped: 0.0060204 seconds, Stopping threads took: 0.0000208 seconds
2019-03-15T15:54:57.806+0900: 695.943: Application time: 0.9236224 seconds
2019-03-15T15:54:57.806+0900: 695.943: [GC (Allocation Failure) 2019-03-15T15:54:57.806+0900: 695.943: [ParNew: 218837K->8976K(235968K), 0.0097219 secs] 740536K->533435K(842580K), 0.0098637 secs] [Times: user=0.05 sys=0.00, real=0.01 secs] 
2019-03-15T15:54:57.816+0900: 695.953: Total time for which application threads were stopped: 0.0100711 seconds, Stopping threads took: 0.0000585 seconds
2019-03-15T15:54:57.818+0900: 695.954: Application time: 0.0012503 seconds
2019-03-15T15:54:57.818+0900: 695.954: Total time for which application threads were stopped: 0.0000983 seconds, Stopping threads took: 0.0000411 seconds
2019-03-15T15:54:58.725+0900: 696.862: Application time: 0.9074307 seconds
2019-03-15T15:54:58.725+0900: 696.862: [GC (Allocation Failure) 2019-03-15T15:54:58.725+0900: 696.862: [ParNew: 218768K->8202K(235968K), 0.0168106 secs] 743227K->532663K(842580K), 0.0170187 secs] [Times: user=0.06 sys=0.00, real=0.02 secs] 
2019-03-15T15:54:58.742+0900: 696.879: Total time for which application threads were stopped: 0.0173332 seconds, Stopping threads took: 0.0000862 seconds
2019-03-15T15:54:58.808+0900: 696.944: Application time: 0.0652129 seconds
2019-03-15T15:54:58.808+0900: 696.944: Total time for which application threads were stopped: 0.0001247 seconds, Stopping threads took: 0.0000563 seconds
2019-03-15T15:54:59.656+0900: 697.793: Application time: 0.8488360 seconds
2019-03-15T15:54:59.657+0900: 697.793: [GC (Allocation Failure) 2019-03-15T15:54:59.657+0900: 697.793: [ParNew: 217994K->8842K(235968K), 0.0075326 secs] 742455K->533304K(842580K), 0.0076306 secs] [Times: user=0.00 sys=0.00, real=0.01 secs] 
2019-03-15T15:54:59.664+0900: 697.801: Total time for which application threads were stopped: 0.0077705 seconds, Stopping threads took: 0.0000426 seconds
2019-03-15T15:54:59.808+0900: 697.944: Application time: 0.1435443 seconds
2019-03-15T15:54:59.808+0900: 697.945: Total time for which application threads were stopped: 0.0001555 seconds, Stopping threads took: 0.0001067 seconds
2019-03-15T15:54:59.809+0900: 697.945: Application time: 0.0007589 seconds
2019-03-15T15:54:59.809+0900: 697.945: Total time for which application threads were stopped: 0.0000258 seconds, Stopping threads took: 0.0000100 seconds
2019-03-15T15:55:00.494+0900: 698.631: Application time: 0.6858253 seconds
2019-03-15T15:55:00.495+0900: 698.631: [GC (Allocation Failure) 2019-03-15T15:55:00.495+0900: 698.631: [ParNew: 218634K->7157K(235968K), 0.0156509 secs] 743096K->534379K(842580K), 0.0158148 secs] [Times: user=0.06 sys=0.00, real=0.02 secs] 
2019-03-15T15:55:00.511+0900: 698.647: Total time for which application threads were stopped: 0.0160203 seconds, Stopping threads took: 0.0000398 seconds
2019-03-15T15:55:00.808+0900: 698.945: Application time: 0.2978436 seconds
2019-03-15T15:55:00.808+0900: 698.945: Total time for which application threads were stopped: 0.0001113 seconds, Stopping threads took: 0.0000529 seconds
2019-03-15T15:55:01.413+0900: 699.550: Application time: 0.6046555 seconds
2019-03-15T15:55:01.413+0900: 699.550: [GC (Allocation Failure) 2019-03-15T15:55:01.413+0900: 699.550: [ParNew: 216949K->9526K(235968K), 0.0048575 secs] 744171K->536750K(842580K), 0.0049530 secs] [Times: user=0.06 sys=0.00, real=0.00 secs] 
2019-03-15T15:55:01.418+0900: 699.555: Total time for which application threads were stopped: 0.0050892 seconds, Stopping threads took: 0.0000218 seconds
2019-03-15T15:55:01.808+0900: 699.945: Application time: 0.3897943 seconds
2019-03-15T15:55:01.808+0900: 699.945: Total time for which application threads were stopped: 0.0000647 seconds, Stopping threads took: 0.0000199 seconds
2019-03-15T15:55:02.334+0900: 700.471: Application time: 0.5261204 seconds
2019-03-15T15:55:02.334+0900: 700.471: [GC (Allocation Failure) 2019-03-15T15:55:02.334+0900: 700.471: [ParNew: 219318K->10248K(235968K), 0.0143296 secs] 746542K->537473K(842580K), 0.0145203 secs] [Times: user=0.02 sys=0.00, real=0.01 secs] 
2019-03-15T15:55:02.349+0900: 700.486: Total time for which application threads were stopped: 0.0148021 seconds, Stopping threads took: 0.0000653 seconds
2019-03-15T15:55:02.810+0900: 700.946: Application time: 0.4607909 seconds
2019-03-15T15:55:02.810+0900: 700.947: Total time for which application threads were stopped: 0.0001275 seconds, Stopping threads took: 0.0000594 seconds
2019-03-15T15:55:03.245+0900: 701.382: Application time: 0.4353603 seconds
2019-03-15T15:55:03.245+0900: 701.382: [GC (Allocation Failure) 2019-03-15T15:55:03.245+0900: 701.382: [ParNew: 220040K->6613K(235968K), 0.0105392 secs] 747265K->533838K(842580K), 0.0106941 secs] [Times: user=0.06 sys=0.00, real=0.01 secs] 
2019-03-15T15:55:03.256+0900: 701.393: Total time for which application threads were stopped: 0.0109224 seconds, Stopping threads took: 0.0000541 seconds
2019-03-15T15:55:03.809+0900: 701.946: Application time: 0.5530125 seconds
2019-03-15T15:55:03.809+0900: 701.946: Total time for which application threads were stopped: 0.0001222 seconds, Stopping threads took: 0.0000619 seconds
2019-03-15T15:55:04.163+0900: 702.300: Application time: 0.3536494 seconds
2019-03-15T15:55:04.163+0900: 702.300: [GC (Allocation Failure) 2019-03-15T15:55:04.163+0900: 702.300: [ParNew: 216405K->10641K(235968K), 0.0170122 secs] 743630K->540626K(842580K), 0.0171708 secs] [Times: user=0.06 sys=0.00, real=0.02 secs] 
2019-03-15T15:55:04.180+0900: 702.317: Total time for which application threads were stopped: 0.0174171 seconds, Stopping threads took: 0.0000625 seconds
2019-03-15T15:55:04.810+0900: 702.947: Application time: 0.6294336 seconds
2019-03-15T15:55:04.810+0900: 702.947: Total time for which application threads were stopped: 0.0000846 seconds, Stopping threads took: 0.0000345 seconds
2019-03-15T15:55:05.035+0900: 703.172: Application time: 0.2257043 seconds
2019-03-15T15:55:05.036+0900: 703.172: [GC (Allocation Failure) 2019-03-15T15:55:05.036+0900: 703.173: [ParNew: 220433K->10422K(235968K), 0.0076303 secs] 750418K->540409K(842580K), 0.0077540 secs] [Times: user=0.00 sys=0.00, real=0.01 secs] 
2019-03-15T15:55:05.043+0900: 703.180: Total time for which application threads were stopped: 0.0078943 seconds, Stopping threads took: 0.0000463 seconds
2019-03-15T15:55:05.810+0900: 703.947: Application time: 0.7668722 seconds
2019-03-15T15:55:05.810+0900: 703.947: Total time for which application threads were stopped: 0.0001095 seconds, Stopping threads took: 0.0000569 seconds
2019-03-15T15:55:05.926+0900: 704.063: Application time: 0.1158165 seconds
2019-03-15T15:55:05.926+0900: 704.063: [GC (Allocation Failure) 2019-03-15T15:55:05.926+0900: 704.063: [ParNew: 220214K->8785K(235968K), 0.0051281 secs] 750201K->538773K(842580K), 0.0052292 secs] [Times: user=0.00 sys=0.00, real=0.00 secs] 
2019-03-15T15:55:05.931+0900: 704.068: Total time for which application threads were stopped: 0.0053418 seconds, Stopping threads took: 0.0000180 seconds
2019-03-15T15:55:06.810+0900: 704.947: Application time: 0.8784228 seconds
2019-03-15T15:55:06.810+0900: 704.947: [GC (Allocation Failure) 2019-03-15T15:55:06.810+0900: 704.947: [ParNew: 218577K->6875K(235968K), 0.0065215 secs] 748565K->539623K(842580K), 0.0066014 secs] [Times: user=0.06 sys=0.00, real=0.01 secs] 
2019-03-15T15:55:06.817+0900: 704.954: Total time for which application threads were stopped: 0.0067743 seconds, Stopping threads took: 0.0000631 seconds
2019-03-15T15:55:06.819+0900: 704.956: Application time: 0.0019075 seconds
2019-03-15T15:55:06.819+0900: 704.956: Total time for which application threads were stopped: 0.0002868 seconds, Stopping threads took: 0.0002330 seconds
2019-03-15T15:55:07.639+0900: 705.776: Application time: 0.8203646 seconds
2019-03-15T15:55:07.639+0900: 705.776: [GC (Allocation Failure) 2019-03-15T15:55:07.639+0900: 705.776: [ParNew: 216667K->8815K(235968K), 0.0052024 secs] 749415K->541565K(842580K), 0.0053247 secs] [Times: user=0.00 sys=0.00, real=0.01 secs] 
2019-03-15T15:55:07.645+0900: 705.782: Total time for which application threads were stopped: 0.0055082 seconds, Stopping threads took: 0.0000572 seconds
2019-03-15T15:55:07.811+0900: 705.948: Application time: 0.1661362 seconds
2019-03-15T15:55:07.811+0900: 705.948: Total time for which application threads were stopped: 0.0001073 seconds, Stopping threads took: 0.0000519 seconds
2019-03-15T15:55:08.468+0900: 706.605: Application time: 0.6574155 seconds
2019-03-15T15:55:08.468+0900: 706.605: [GC (Allocation Failure) 2019-03-15T15:55:08.469+0900: 706.606: [ParNew: 218607K->11641K(235968K), 0.0121550 secs] 751357K->544393K(842580K), 0.0123351 secs] [Times: user=0.06 sys=0.00, real=0.01 secs] 
2019-03-15T15:55:08.481+0900: 706.618: Total time for which application threads were stopped: 0.0125867 seconds, Stopping threads took: 0.0000554 seconds
2019-03-15T15:55:08.812+0900: 706.949: Application time: 0.3314208 seconds
2019-03-15T15:55:08.812+0900: 706.950: Total time for which application threads were stopped: 0.0001667 seconds, Stopping threads took: 0.0000812 seconds
2019-03-15T15:55:09.445+0900: 707.582: Application time: 0.6321728 seconds
2019-03-15T15:55:09.445+0900: 707.582: [GC (Allocation Failure) 2019-03-15T15:55:09.445+0900: 707.582: [ParNew: 221433K->7353K(235968K), 0.0069905 secs] 754185K->542864K(842580K), 0.0071273 secs] [Times: user=0.06 sys=0.00, real=0.01 secs] 
2019-03-15T15:55:09.452+0900: 707.589: Total time for which application threads were stopped: 0.0073112 seconds, Stopping threads took: 0.0000460 seconds
2019-03-15T15:55:09.812+0900: 707.949: Application time: 0.3596275 seconds
2019-03-15T15:55:09.812+0900: 707.949: Total time for which application threads were stopped: 0.0000600 seconds, Stopping threads took: 0.0000174 seconds
2019-03-15T15:55:09.812+0900: 707.949: Application time: 0.0007153 seconds
2019-03-15T15:55:09.812+0900: 707.949: Total time for which application threads were stopped: 0.0000280 seconds, Stopping threads took: 0.0000100 seconds
2019-03-15T15:55:10.296+0900: 708.433: Application time: 0.4834208 seconds
2019-03-15T15:55:10.296+0900: 708.433: [GC (Allocation Failure) 2019-03-15T15:55:10.296+0900: 708.433: [ParNew: 217145K->5131K(235968K), 0.0047334 secs] 752656K->540644K(842580K), 0.0048501 secs] [Times: user=0.00 sys=0.00, real=0.01 secs] 
2019-03-15T15:55:10.301+0900: 708.438: Total time for which application threads were stopped: 0.0049723 seconds, Stopping threads took: 0.0000215 seconds
2019-03-15T15:55:10.812+0900: 708.950: Application time: 0.5118079 seconds
2019-03-15T15:55:10.813+0900: 708.950: Total time for which application threads were stopped: 0.0000952 seconds, Stopping threads took: 0.0000261 seconds
2019-03-15T15:55:11.188+0900: 709.324: Application time: 0.3746865 seconds
2019-03-15T15:55:11.188+0900: 709.325: [GC (Allocation Failure) 2019-03-15T15:55:11.188+0900: 709.325: [ParNew: 214923K->7099K(235968K), 0.0053645 secs] 750436K->542613K(842580K), 0.0054708 secs] [Times: user=0.00 sys=0.00, real=0.01 secs] 
2019-03-15T15:55:11.194+0900: 709.330: Total time for which application threads were stopped: 0.0056114 seconds, Stopping threads took: 0.0000364 seconds
2019-03-15T15:55:11.814+0900: 709.950: Application time: 0.6197453 seconds
2019-03-15T15:55:11.814+0900: 709.950: Total time for which application threads were stopped: 0.0000874 seconds, Stopping threads took: 0.0000460 seconds
2019-03-15T15:55:12.110+0900: 710.246: Application time: 0.2959744 seconds
2019-03-15T15:55:12.110+0900: 710.246: [GC (Allocation Failure) 2019-03-15T15:55:12.110+0900: 710.246: [ParNew: 216891K->4553K(235968K), 0.0079770 secs] 752405K->540068K(842580K), 0.0081186 secs] [Times: user=0.06 sys=0.00, real=0.01 secs] 
2019-03-15T15:55:12.118+0900: 710.254: Total time for which application threads were stopped: 0.0083307 seconds, Stopping threads took: 0.0000625 seconds
2019-03-15T15:55:12.815+0900: 710.951: Application time: 0.6972376 seconds
2019-03-15T15:55:12.815+0900: 710.952: Total time for which application threads were stopped: 0.0001431 seconds, Stopping threads took: 0.0000625 seconds
2019-03-15T15:55:13.020+0900: 711.157: Application time: 0.2050212 seconds
2019-03-15T15:55:13.021+0900: 711.157: [GC (Allocation Failure) 2019-03-15T15:55:13.021+0900: 711.157: [ParNew: 214345K->4267K(235968K), 0.0153656 secs] 749860K->542541K(842580K), 0.0155336 secs] [Times: user=0.06 sys=0.00, real=0.02 secs] 
2019-03-15T15:55:13.036+0900: 711.172: Total time for which application threads were stopped: 0.0158188 seconds, Stopping threads took: 0.0000653 seconds
2019-03-15T15:55:13.815+0900: 711.951: Application time: 0.7783834 seconds
2019-03-15T15:55:13.815+0900: 711.951: Total time for which application threads were stopped: 0.0001197 seconds, Stopping threads took: 0.0000523 seconds
2019-03-15T15:55:13.929+0900: 712.065: Application time: 0.1140120 seconds
2019-03-15T15:55:13.929+0900: 712.065: [GC (Allocation Failure) 2019-03-15T15:55:13.929+0900: 712.065: [ParNew: 214059K->3460K(235968K), 0.0075183 secs] 752333K->541735K(842580K), 0.0077606 secs] [Times: user=0.00 sys=0.00, real=0.01 secs] 
2019-03-15T15:55:13.937+0900: 712.073: Total time for which application threads were stopped: 0.0080579 seconds, Stopping threads took: 0.0000429 seconds
2019-03-15T15:55:14.815+0900: 712.951: Application time: 0.8780275 seconds
2019-03-15T15:55:14.815+0900: 712.951: Total time for which application threads were stopped: 0.0000781 seconds, Stopping threads took: 0.0000330 seconds
2019-03-15T15:55:14.829+0900: 712.965: Application time: 0.0142438 seconds
2019-03-15T15:55:14.829+0900: 712.966: [GC (Allocation Failure) 2019-03-15T15:55:14.829+0900: 712.966: [ParNew: 213252K->3715K(235968K), 0.0039385 secs] 751527K->541993K(842580K), 0.0040318 secs] [Times: user=0.05 sys=0.00, real=0.00 secs] 
2019-03-15T15:55:14.833+0900: 712.970: Total time for which application threads were stopped: 0.0042069 seconds, Stopping threads took: 0.0000703 seconds
2019-03-15T15:55:15.658+0900: 713.794: Application time: 0.8244029 seconds
2019-03-15T15:55:15.658+0900: 713.794: [GC (Allocation Failure) 2019-03-15T15:55:15.658+0900: 713.794: [ParNew: 213507K->2797K(235968K), 0.0032567 secs] 751785K->541077K(842580K), 0.0033845 secs] [Times: user=0.00 sys=0.00, real=0.00 secs] 
2019-03-15T15:55:15.661+0900: 713.798: Total time for which application threads were stopped: 0.0035714 seconds, Stopping threads took: 0.0000417 seconds
2019-03-15T15:55:15.815+0900: 713.952: Application time: 0.1540428 seconds
2019-03-15T15:55:15.815+0900: 713.952: Total time for which application threads were stopped: 0.0000977 seconds, Stopping threads took: 0.0000407 seconds
2019-03-15T15:55:16.537+0900: 714.673: Application time: 0.7213892 seconds
2019-03-15T15:55:16.537+0900: 714.673: [GC (Allocation Failure) 2019-03-15T15:55:16.537+0900: 714.673: [ParNew: 212589K->6743K(235968K), 0.0094584 secs] 750869K->545024K(842580K), 0.0095891 secs] [Times: user=0.00 sys=0.00, real=0.01 secs] 
2019-03-15T15:55:16.546+0900: 714.683: Total time for which application threads were stopped: 0.0097719 seconds, Stopping threads took: 0.0000258 seconds
2019-03-15T15:55:16.816+0900: 714.952: Application time: 0.2692836 seconds
2019-03-15T15:55:16.816+0900: 714.952: Total time for which application threads were stopped: 0.0001555 seconds, Stopping threads took: 0.0000793 seconds
2019-03-15T15:55:17.441+0900: 715.577: Application time: 0.6250124 seconds
2019-03-15T15:55:17.441+0900: 715.578: [GC (Allocation Failure) 2019-03-15T15:55:17.441+0900: 715.578: [ParNew: 216535K->6036K(235968K), 0.0089981 secs] 754816K->544319K(842580K), 0.0091580 secs] [Times: user=0.00 sys=0.00, real=0.01 secs] 
2019-03-15T15:55:17.450+0900: 715.587: Total time for which application threads were stopped: 0.0093888 seconds, Stopping threads took: 0.0000544 seconds
2019-03-15T15:55:17.817+0900: 715.953: Application time: 0.3665412 seconds
2019-03-15T15:55:17.817+0900: 715.953: Total time for which application threads were stopped: 0.0001269 seconds, Stopping threads took: 0.0000373 seconds
2019-03-15T15:55:18.372+0900: 716.509: Application time: 0.5550979 seconds
2019-03-15T15:55:18.372+0900: 716.509: [GC (Allocation Failure) 2019-03-15T15:55:18.372+0900: 716.509: [ParNew: 215828K->8229K(235968K), 0.0122794 secs] 754111K->546513K(842580K), 0.0124321 secs] [Times: user=0.00 sys=0.00, real=0.01 secs] 
2019-03-15T15:55:18.385+0900: 716.521: Total time for which application threads were stopped: 0.0126389 seconds, Stopping threads took: 0.0000330 seconds
2019-03-15T15:55:18.818+0900: 716.955: Application time: 0.4338864 seconds
2019-03-15T15:55:18.819+0900: 716.955: Total time for which application threads were stopped: 0.0001667 seconds, Stopping threads took: 0.0000479 seconds
2019-03-15T15:55:19.327+0900: 717.463: Application time: 0.5080349 seconds
2019-03-15T15:55:19.327+0900: 717.463: [GC (Allocation Failure) 2019-03-15T15:55:19.327+0900: 717.463: [ParNew: 218021K->6322K(235968K), 0.0104951 secs] 756305K->547366K(842580K), 0.0106145 secs] [Times: user=0.00 sys=0.00, real=0.01 secs] 
2019-03-15T15:55:19.338+0900: 717.474: Total time for which application threads were stopped: 0.0107884 seconds, Stopping threads took: 0.0000423 seconds
2019-03-15T15:55:19.821+0900: 717.958: Application time: 0.4839467 seconds
2019-03-15T15:55:19.822+0900: 717.958: Total time for which application threads were stopped: 0.0000650 seconds, Stopping threads took: 0.0000177 seconds
2019-03-15T15:55:19.823+0900: 717.960: Application time: 0.0019656 seconds
2019-03-15T15:55:19.824+0900: 717.960: Total time for which application threads were stopped: 0.0000560 seconds, Stopping threads took: 0.0000218 seconds
2019-03-15T15:55:20.317+0900: 718.454: Application time: 0.4936645 seconds
2019-03-15T15:55:20.317+0900: 718.454: [GC (Allocation Failure) 2019-03-15T15:55:20.317+0900: 718.454: [ParNew: 216114K->8126K(235968K), 0.0043795 secs] 757158K->549172K(842580K), 0.0045020 secs] [Times: user=0.06 sys=0.00, real=0.01 secs] 
2019-03-15T15:55:20.322+0900: 718.458: Total time for which application threads were stopped: 0.0046457 seconds, Stopping threads took: 0.0000208 seconds
2019-03-15T15:55:20.818+0900: 718.954: Application time: 0.4958208 seconds
2019-03-15T15:55:20.818+0900: 718.954: Total time for which application threads were stopped: 0.0000585 seconds, Stopping threads took: 0.0000180 seconds
2019-03-15T15:55:21.196+0900: 719.332: Application time: 0.3781012 seconds
2019-03-15T15:55:21.196+0900: 719.333: [GC (Allocation Failure) 2019-03-15T15:55:21.196+0900: 719.333: [ParNew: 217918K->8447K(235968K), 0.0146879 secs] 758964K->549493K(842580K), 0.0148895 secs] [Times: user=0.06 sys=0.00, real=0.01 secs] 
2019-03-15T15:55:21.211+0900: 719.348: Total time for which application threads were stopped: 0.0151846 seconds, Stopping threads took: 0.0000890 seconds
2019-03-15T15:55:21.818+0900: 719.955: Application time: 0.6068635 seconds
2019-03-15T15:55:21.818+0900: 719.955: Total time for which application threads were stopped: 0.0000964 seconds, Stopping threads took: 0.0000563 seconds
2019-03-15T15:55:22.086+0900: 720.223: Application time: 0.2685057 seconds
2019-03-15T15:55:22.086+0900: 720.223: [GC (Allocation Failure) 2019-03-15T15:55:22.087+0900: 720.223: [ParNew: 218239K->8511K(235968K), 0.0089767 secs] 759285K->552317K(842580K), 0.0091089 secs] [Times: user=0.00 sys=0.00, real=0.01 secs] 
2019-03-15T15:55:22.096+0900: 720.232: Total time for which application threads were stopped: 0.0092675 seconds, Stopping threads took: 0.0000407 seconds
2019-03-15T15:55:22.818+0900: 720.955: Application time: 0.7221624 seconds
2019-03-15T15:55:22.818+0900: 720.955: Total time for which application threads were stopped: 0.0001502 seconds, Stopping threads took: 0.0001057 seconds
2019-03-15T15:55:23.002+0900: 721.138: Application time: 0.1836373 seconds
2019-03-15T15:55:23.002+0900: 721.139: [GC (Allocation Failure) 2019-03-15T15:55:23.002+0900: 721.139: [ParNew: 218303K->6504K(235968K), 0.0090861 secs] 762109K->550311K(842580K), 0.0092202 secs] [Times: user=0.06 sys=0.00, real=0.01 secs] 
2019-03-15T15:55:23.011+0900: 721.148: Total time for which application threads were stopped: 0.0094376 seconds, Stopping threads took: 0.0000622 seconds
2019-03-15T15:55:23.818+0900: 721.955: Application time: 0.8069783 seconds
2019-03-15T15:55:23.818+0900: 721.955: Total time for which application threads were stopped: 0.0000818 seconds, Stopping threads took: 0.0000339 seconds
2019-03-15T15:55:23.931+0900: 722.068: Application time: 0.1132696 seconds
2019-03-15T15:55:23.931+0900: 722.068: [GC (Allocation Failure) 2019-03-15T15:55:23.931+0900: 722.068: [ParNew: 216296K->7529K(235968K), 0.0056889 secs] 760103K->551339K(842580K), 0.0058021 secs] [Times: user=0.00 sys=0.00, real=0.01 secs] 
2019-03-15T15:55:23.937+0900: 722.074: Total time for which application threads were stopped: 0.0059548 seconds, Stopping threads took: 0.0000376 seconds
2019-03-15T15:55:24.819+0900: 722.956: Application time: 0.8814478 seconds
2019-03-15T15:55:24.819+0900: 722.956: Total time for which application threads were stopped: 0.0001154 seconds, Stopping threads took: 0.0000675 seconds
2019-03-15T15:55:24.853+0900: 722.989: Application time: 0.0337948 seconds
2019-03-15T15:55:24.853+0900: 722.990: [GC (Allocation Failure) 2019-03-15T15:55:24.853+0900: 722.990: [ParNew: 217321K->4908K(235968K), 0.0060518 secs] 761131K->548718K(842580K), 0.0061352 secs] [Times: user=0.00 sys=0.00, real=0.01 secs] 
2019-03-15T15:55:24.859+0900: 722.996: Total time for which application threads were stopped: 0.0062388 seconds, Stopping threads took: 0.0000187 seconds
2019-03-15T15:55:25.673+0900: 723.810: Application time: 0.8145809 seconds
2019-03-15T15:55:25.673+0900: 723.810: [GC (Allocation Failure) 2019-03-15T15:55:25.673+0900: 723.810: [ParNew: 214700K->6360K(235968K), 0.0064310 secs] 758510K->552930K(842580K), 0.0065221 secs] [Times: user=0.00 sys=0.00, real=0.01 secs] 
2019-03-15T15:55:25.680+0900: 723.817: Total time for which application threads were stopped: 0.0066303 seconds, Stopping threads took: 0.0000199 seconds
2019-03-15T15:55:25.828+0900: 723.965: Application time: 0.1480793 seconds
2019-03-15T15:55:25.828+0900: 723.965: Total time for which application threads were stopped: 0.0000662 seconds, Stopping threads took: 0.0000190 seconds
2019-03-15T15:55:26.534+0900: 724.671: Application time: 0.7057801 seconds
2019-03-15T15:55:26.534+0900: 724.671: [GC (Allocation Failure) 2019-03-15T15:55:26.534+0900: 724.671: [ParNew: 216152K->3227K(235968K), 0.0033416 secs] 762722K->549799K(842580K), 0.0034383 secs] [Times: user=0.00 sys=0.00, real=0.00 secs] 
2019-03-15T15:55:26.537+0900: 724.674: Total time for which application threads were stopped: 0.0036128 seconds, Stopping threads took: 0.0000445 seconds
2019-03-15T15:55:26.819+0900: 724.956: Application time: 0.2817542 seconds
2019-03-15T15:55:26.819+0900: 724.956: Total time for which application threads were stopped: 0.0001076 seconds, Stopping threads took: 0.0000510 seconds
2019-03-15T15:55:27.414+0900: 725.552: Application time: 0.5951573 seconds
2019-03-15T15:55:27.415+0900: 725.552: [GC (Allocation Failure) 2019-03-15T15:55:27.415+0900: 725.552: [ParNew: 213019K->4606K(235968K), 0.0037749 secs] 759591K->551180K(842580K), 0.0038775 secs] [Times: user=0.00 sys=0.00, real=0.00 secs] 
2019-03-15T15:55:27.418+0900: 725.556: Total time for which application threads were stopped: 0.0040283 seconds, Stopping threads took: 0.0000526 seconds
2019-03-15T15:55:27.821+0900: 725.958: Application time: 0.4023552 seconds
2019-03-15T15:55:27.821+0900: 725.958: Total time for which application threads were stopped: 0.0001381 seconds, Stopping threads took: 0.0000420 seconds
2019-03-15T15:55:28.375+0900: 726.512: Application time: 0.5539281 seconds
2019-03-15T15:55:28.375+0900: 726.512: [GC (Allocation Failure) 2019-03-15T15:55:28.375+0900: 726.512: [ParNew: 214398K->6212K(235968K), 0.0043527 secs] 760972K->552788K(842580K), 0.0044750 secs] [Times: user=0.00 sys=0.00, real=0.00 secs] 
2019-03-15T15:55:28.380+0900: 726.517: Total time for which application threads were stopped: 0.0046407 seconds, Stopping threads took: 0.0000501 seconds
2019-03-15T15:55:28.821+0900: 726.957: Application time: 0.4400658 seconds
2019-03-15T15:55:28.821+0900: 726.957: Total time for which application threads were stopped: 0.0000728 seconds, Stopping threads took: 0.0000302 seconds
2019-03-15T15:55:29.243+0900: 727.380: Application time: 0.4227967 seconds
2019-03-15T15:55:29.243+0900: 727.380: [GC (Allocation Failure) 2019-03-15T15:55:29.244+0900: 727.380: [ParNew: 216004K->8189K(235968K), 0.0046118 secs] 762580K->554767K(842580K), 0.0047017 secs] [Times: user=0.06 sys=0.00, real=0.00 secs] 
2019-03-15T15:55:29.248+0900: 727.384: Total time for which application threads were stopped: 0.0048165 seconds, Stopping threads took: 0.0000193 seconds
2019-03-15T15:55:29.865+0900: 728.001: Application time: 0.6168339 seconds
2019-03-15T15:55:29.865+0900: 728.001: Total time for which application threads were stopped: 0.0002504 seconds, Stopping threads took: 0.0002006 seconds
2019-03-15T15:55:29.866+0900: 728.003: Application time: 0.0010889 seconds
2019-03-15T15:55:29.866+0900: 728.003: Total time for which application threads were stopped: 0.0000666 seconds, Stopping threads took: 0.0000308 seconds
2019-03-15T15:55:30.114+0900: 728.250: Application time: 0.2473657 seconds
2019-03-15T15:55:30.114+0900: 728.250: [GC (Allocation Failure) 2019-03-15T15:55:30.114+0900: 728.250: [ParNew: 217981K->8815K(235968K), 0.0049881 secs] 764559K->555394K(842580K), 0.0050749 secs] [Times: user=0.00 sys=0.00, real=0.00 secs] 
2019-03-15T15:55:30.119+0900: 728.255: Total time for which application threads were stopped: 0.0051875 seconds, Stopping threads took: 0.0000208 seconds
2019-03-15T15:55:30.821+0900: 728.957: Application time: 0.7016901 seconds
2019-03-15T15:55:30.821+0900: 728.957: Total time for which application threads were stopped: 0.0000572 seconds, Stopping threads took: 0.0000168 seconds
2019-03-15T15:55:30.946+0900: 729.083: Application time: 0.1257110 seconds
2019-03-15T15:55:30.947+0900: 729.083: [GC (Allocation Failure) 2019-03-15T15:55:30.947+0900: 729.083: [ParNew: 218607K->7528K(235968K), 0.0089474 secs] 765186K->556865K(842580K), 0.0090283 secs] [Times: user=0.00 sys=0.00, real=0.01 secs] 
2019-03-15T15:55:30.956+0900: 729.092: Total time for which application threads were stopped: 0.0091567 seconds, Stopping threads took: 0.0000208 seconds
2019-03-15T15:55:31.780+0900: 729.916: Application time: 0.8243121 seconds
2019-03-15T15:55:31.780+0900: 729.916: [GC (Allocation Failure) 2019-03-15T15:55:31.780+0900: 729.916: [ParNew: 217320K->8281K(235968K), 0.0050519 secs] 766657K->557619K(842580K), 0.0051247 secs] [Times: user=0.00 sys=0.00, real=0.01 secs] 
2019-03-15T15:55:31.785+0900: 729.921: Total time for which application threads were stopped: 0.0052861 seconds, Stopping threads took: 0.0000634 seconds
2019-03-15T15:55:31.821+0900: 729.957: Application time: 0.0359020 seconds
2019-03-15T15:55:31.821+0900: 729.957: Total time for which application threads were stopped: 0.0000834 seconds, Stopping threads took: 0.0000404 seconds
2019-03-15T15:55:32.599+0900: 730.736: Application time: 0.7783467 seconds
2019-03-15T15:55:32.600+0900: 730.736: [GC (Allocation Failure) 2019-03-15T15:55:32.600+0900: 730.736: [ParNew: 218073K->6542K(235968K), 0.0055349 secs] 767411K->555883K(842580K), 0.0056164 secs] [Times: user=0.00 sys=0.00, real=0.01 secs] 
2019-03-15T15:55:32.605+0900: 730.742: Total time for which application threads were stopped: 0.0058046 seconds, Stopping threads took: 0.0000675 seconds
2019-03-15T15:55:32.821+0900: 730.957: Application time: 0.2156385 seconds
2019-03-15T15:55:32.821+0900: 730.957: Total time for which application threads were stopped: 0.0000862 seconds, Stopping threads took: 0.0000376 seconds
2019-03-15T15:55:33.430+0900: 731.566: Application time: 0.6091383 seconds
2019-03-15T15:55:33.430+0900: 731.567: [GC (Allocation Failure) 2019-03-15T15:55:33.430+0900: 731.567: [ParNew: 216334K->3438K(235968K), 0.0039008 secs] 765675K->552781K(842580K), 0.0039789 secs] [Times: user=0.00 sys=0.00, real=0.00 secs] 
2019-03-15T15:55:33.434+0900: 731.571: Total time for which application threads were stopped: 0.0041095 seconds, Stopping threads took: 0.0000358 seconds
2019-03-15T15:55:33.821+0900: 731.957: Application time: 0.3866374 seconds
2019-03-15T15:55:33.821+0900: 731.957: Total time for which application threads were stopped: 0.0001188 seconds, Stopping threads took: 0.0000700 seconds
2019-03-15T15:55:34.269+0900: 732.405: Application time: 0.4477526 seconds
2019-03-15T15:55:34.269+0900: 732.405: [GC (Allocation Failure) 2019-03-15T15:55:34.269+0900: 732.405: [ParNew: 213230K->4074K(235968K), 0.0131288 secs] 762573K->556176K(842580K), 0.0132936 secs] [Times: user=0.00 sys=0.00, real=0.01 secs] 
2019-03-15T15:55:34.282+0900: 732.419: Total time for which application threads were stopped: 0.0135456 seconds, Stopping threads took: 0.0000554 seconds
2019-03-15T15:55:34.821+0900: 732.958: Application time: 0.5390589 seconds
2019-03-15T15:55:34.821+0900: 732.958: Total time for which application threads were stopped: 0.0000830 seconds, Stopping threads took: 0.0000342 seconds
2019-03-15T15:55:35.159+0900: 733.296: Application time: 0.3380299 seconds
2019-03-15T15:55:35.159+0900: 733.296: [GC (Allocation Failure) 2019-03-15T15:55:35.159+0900: 733.296: [ParNew: 213866K->3536K(235968K), 0.0036032 secs] 765968K->555640K(842580K), 0.0037105 secs] [Times: user=0.00 sys=0.00, real=0.00 secs] 
2019-03-15T15:55:35.163+0900: 733.300: Total time for which application threads were stopped: 0.0039017 seconds, Stopping threads took: 0.0000364 seconds
2019-03-15T15:55:35.822+0900: 733.958: Application time: 0.6586580 seconds
2019-03-15T15:55:35.822+0900: 733.958: Total time for which application threads were stopped: 0.0001437 seconds, Stopping threads took: 0.0000606 seconds
2019-03-15T15:55:36.008+0900: 734.144: Application time: 0.1856060 seconds
2019-03-15T15:55:36.008+0900: 734.144: [GC (Allocation Failure) 2019-03-15T15:55:36.008+0900: 734.144: [ParNew: 213328K->2260K(235968K), 0.0012805 secs] 765432K->554366K(842580K), 0.0014378 secs] [Times: user=0.00 sys=0.00, real=0.00 secs] 
2019-03-15T15:55:36.009+0900: 734.146: Total time for which application threads were stopped: 0.0016111 seconds, Stopping threads took: 0.0000448 seconds
2019-03-15T15:55:36.823+0900: 734.959: Application time: 0.8137343 seconds
2019-03-15T15:55:36.823+0900: 734.960: Total time for which application threads were stopped: 0.0001807 seconds, Stopping threads took: 0.0000594 seconds
2019-03-15T15:55:36.952+0900: 735.089: Application time: 0.1290629 seconds
2019-03-15T15:55:36.952+0900: 735.089: [GC (Allocation Failure) 2019-03-15T15:55:36.952+0900: 735.089: [ParNew: 212052K->3324K(235968K), 0.0036517 secs] 764158K->555430K(842580K), 0.0037568 secs] [Times: user=0.00 sys=0.00, real=0.00 secs] 
2019-03-15T15:55:36.956+0900: 735.093: Total time for which application threads were stopped: 0.0039241 seconds, Stopping threads took: 0.0000348 seconds
2019-03-15T15:55:37.823+0900: 735.959: Application time: 0.8665312 seconds
2019-03-15T15:55:37.823+0900: 735.959: Total time for which application threads were stopped: 0.0001316 seconds, Stopping threads took: 0.0000575 seconds
2019-03-15T15:55:37.891+0900: 736.028: Application time: 0.0684027 seconds
2019-03-15T15:55:37.891+0900: 736.028: [GC (Allocation Failure) 2019-03-15T15:55:37.891+0900: 736.028: [ParNew: 213116K->7034K(235968K), 0.0109473 secs] 765222K->559142K(842580K), 0.0111003 secs] [Times: user=0.00 sys=0.00, real=0.01 secs] 
2019-03-15T15:55:37.903+0900: 736.039: Total time for which application threads were stopped: 0.0113955 seconds, Stopping threads took: 0.0000535 seconds
2019-03-15T15:55:38.822+0900: 736.959: Application time: 0.9197667 seconds
2019-03-15T15:55:38.822+0900: 736.959: Total time for which application threads were stopped: 0.0000964 seconds, Stopping threads took: 0.0000407 seconds
2019-03-15T15:55:38.873+0900: 737.009: Application time: 0.0501959 seconds
2019-03-15T15:55:38.873+0900: 737.009: [GC (Allocation Failure) 2019-03-15T15:55:38.873+0900: 737.009: [ParNew: 216826K->4882K(235968K), 0.0082694 secs] 768934K->556991K(842580K), 0.0084386 secs] [Times: user=0.00 sys=0.00, real=0.01 secs] 
2019-03-15T15:55:38.881+0900: 737.018: Total time for which application threads were stopped: 0.0087002 seconds, Stopping threads took: 0.0000834 seconds
2019-03-15T15:55:39.785+0900: 737.922: Application time: 0.9038014 seconds
2019-03-15T15:55:39.785+0900: 737.922: [GC (Allocation Failure) 2019-03-15T15:55:39.785+0900: 737.922: [ParNew: 214674K->4625K(235968K), 0.0155202 secs] 766783K->556736K(842580K), 0.0157743 secs] [Times: user=0.06 sys=0.00, real=0.02 secs] 
2019-03-15T15:55:39.801+0900: 737.938: Total time for which application threads were stopped: 0.0161858 seconds, Stopping threads took: 0.0000877 seconds
2019-03-15T15:55:39.823+0900: 737.960: Application time: 0.0220902 seconds
2019-03-15T15:55:39.823+0900: 737.960: Total time for which application threads were stopped: 0.0001048 seconds, Stopping threads took: 0.0000442 seconds
2019-03-15T15:55:39.825+0900: 737.961: Application time: 0.0013433 seconds
2019-03-15T15:55:39.825+0900: 737.962: Total time for which application threads were stopped: 0.0000983 seconds, Stopping threads took: 0.0000625 seconds
2019-03-15T15:55:40.631+0900: 738.768: Application time: 0.8062869 seconds
2019-03-15T15:55:40.631+0900: 738.768: [GC (Allocation Failure) 2019-03-15T15:55:40.631+0900: 738.768: [ParNew: 214417K->4186K(235968K), 0.0040125 secs] 766528K->556299K(842580K), 0.0041157 secs] [Times: user=0.05 sys=0.00, real=0.00 secs] 
2019-03-15T15:55:40.635+0900: 738.772: Total time for which application threads were stopped: 0.0042476 seconds, Stopping threads took: 0.0000367 seconds
2019-03-15T15:55:40.823+0900: 738.960: Application time: 0.1875605 seconds
2019-03-15T15:55:40.823+0900: 738.960: Total time for which application threads were stopped: 0.0001393 seconds, Stopping threads took: 0.0000799 seconds
2019-03-15T15:55:41.516+0900: 739.653: Application time: 0.6933660 seconds
2019-03-15T15:55:41.516+0900: 739.653: [GC (Allocation Failure) 2019-03-15T15:55:41.517+0900: 739.653: [ParNew: 213978K->9060K(235968K), 0.0056631 secs] 766091K->561175K(842580K), 0.0057769 secs] [Times: user=0.00 sys=0.00, real=0.01 secs] 
2019-03-15T15:55:41.522+0900: 739.659: Total time for which application threads were stopped: 0.0059206 seconds, Stopping threads took: 0.0000370 seconds
2019-03-15T15:55:41.824+0900: 739.961: Application time: 0.3019653 seconds
2019-03-15T15:55:41.824+0900: 739.961: Total time for which application threads were stopped: 0.0001527 seconds, Stopping threads took: 0.0000622 seconds
2019-03-15T15:55:42.495+0900: 740.631: Application time: 0.6701916 seconds
2019-03-15T15:55:42.495+0900: 740.632: [GC (Allocation Failure) 2019-03-15T15:55:42.495+0900: 740.632: [ParNew: 218852K->11540K(235968K), 0.0077715 secs] 770967K->563657K(842580K), 0.0078990 secs] [Times: user=0.00 sys=0.00, real=0.01 secs] 
2019-03-15T15:55:42.503+0900: 740.640: Total time for which application threads were stopped: 0.0080999 seconds, Stopping threads took: 0.0000404 seconds
2019-03-15T15:55:42.824+0900: 740.961: Application time: 0.3215935 seconds
2019-03-15T15:55:42.824+0900: 740.961: Total time for which application threads were stopped: 0.0001285 seconds, Stopping threads took: 0.0000628 seconds
2019-03-15T15:55:43.381+0900: 741.518: Application time: 0.5567519 seconds
2019-03-15T15:55:43.381+0900: 741.518: [GC (Allocation Failure) 2019-03-15T15:55:43.381+0900: 741.518: [ParNew: 221332K->7390K(235968K), 0.0307092 secs] 773449K->562266K(842580K), 0.0308557 secs] [Times: user=0.13 sys=0.00, real=0.03 secs] 
2019-03-15T15:55:43.412+0900: 741.549: Total time for which application threads were stopped: 0.0310579 seconds, Stopping threads took: 0.0000619 seconds
2019-03-15T15:55:43.827+0900: 741.964: Application time: 0.4144364 seconds
2019-03-15T15:55:43.827+0900: 741.964: Total time for which application threads were stopped: 0.0002143 seconds, Stopping threads took: 0.0000908 seconds
2019-03-15T15:55:44.399+0900: 742.536: Application time: 0.5726055 seconds
2019-03-15T15:55:44.399+0900: 742.536: [GC (Allocation Failure) 2019-03-15T15:55:44.400+0900: 742.537: [ParNew: 217182K->5224K(235968K), 0.0122489 secs] 772058K->560102K(842580K), 0.0123858 secs] [Times: user=0.03 sys=0.00, real=0.01 secs] 
2019-03-15T15:55:44.412+0900: 742.549: Total time for which application threads were stopped: 0.0125484 seconds, Stopping threads took: 0.0000258 seconds
2019-03-15T15:55:44.827+0900: 742.964: Application time: 0.4148828 seconds
2019-03-15T15:55:44.827+0900: 742.964: Total time for which application threads were stopped: 0.0001474 seconds, Stopping threads took: 0.0000631 seconds
2019-03-15T15:55:45.290+0900: 743.427: Application time: 0.4626154 seconds
2019-03-15T15:55:45.290+0900: 743.427: [GC (Allocation Failure) 2019-03-15T15:55:45.290+0900: 743.427: [ParNew: 215016K->7381K(235968K), 0.0059405 secs] 769894K->562259K(842580K), 0.0060291 secs] [Times: user=0.00 sys=0.00, real=0.01 secs] 
2019-03-15T15:55:45.296+0900: 743.433: Total time for which application threads were stopped: 0.0061523 seconds, Stopping threads took: 0.0000333 seconds
2019-03-15T15:55:45.827+0900: 743.964: Application time: 0.5311698 seconds
2019-03-15T15:55:45.827+0900: 743.964: Total time for which application threads were stopped: 0.0000840 seconds, Stopping threads took: 0.0000373 seconds
2019-03-15T15:55:46.125+0900: 744.261: Application time: 0.2969575 seconds
2019-03-15T15:55:46.125+0900: 744.261: [GC (Allocation Failure) 2019-03-15T15:55:46.125+0900: 744.261: [ParNew: 217173K->9975K(235968K), 0.0111457 secs] 772051K->564855K(842580K), 0.0113211 secs] [Times: user=0.00 sys=0.00, real=0.01 secs] 
2019-03-15T15:55:46.136+0900: 744.272: Total time for which application threads were stopped: 0.0115550 seconds, Stopping threads took: 0.0000485 seconds
2019-03-15T15:55:46.831+0900: 744.967: Application time: 0.6948194 seconds
2019-03-15T15:55:46.831+0900: 744.967: Total time for which application threads were stopped: 0.0000886 seconds, Stopping threads took: 0.0000215 seconds
2019-03-15T15:55:47.058+0900: 745.194: Application time: 0.2264545 seconds
2019-03-15T15:55:47.058+0900: 745.194: [GC (Allocation Failure) 2019-03-15T15:55:47.058+0900: 745.194: [ParNew: 219767K->6575K(235968K), 0.0193781 secs] 774647K->564214K(842580K), 0.0195797 secs] [Times: user=0.13 sys=0.00, real=0.02 secs] 
2019-03-15T15:55:47.078+0900: 745.214: Total time for which application threads were stopped: 0.0198925 seconds, Stopping threads took: 0.0000893 seconds
2019-03-15T15:55:47.830+0900: 745.966: Application time: 0.7521638 seconds
2019-03-15T15:55:47.830+0900: 745.966: Total time for which application threads were stopped: 0.0001359 seconds, Stopping threads took: 0.0000616 seconds
2019-03-15T15:55:48.063+0900: 746.199: Application time: 0.2331884 seconds
2019-03-15T15:55:48.063+0900: 746.199: [GC (Allocation Failure) 2019-03-15T15:55:48.063+0900: 746.199: [ParNew: 216367K->8575K(235968K), 0.0051309 secs] 774006K->566216K(842580K), 0.0052438 secs] [Times: user=0.00 sys=0.00, real=0.01 secs] 
2019-03-15T15:55:48.068+0900: 746.205: Total time for which application threads were stopped: 0.0053542 seconds, Stopping threads took: 0.0000184 seconds
2019-03-15T15:55:48.831+0900: 746.968: Application time: 0.7629873 seconds
2019-03-15T15:55:48.832+0900: 746.968: Total time for which application threads were stopped: 0.0002124 seconds, Stopping threads took: 0.0000946 seconds
2019-03-15T15:55:49.044+0900: 747.180: Application time: 0.2124592 seconds
2019-03-15T15:55:49.044+0900: 747.180: [GC (Allocation Failure) 2019-03-15T15:55:49.044+0900: 747.181: [ParNew: 218367K->11859K(235968K), 0.0135353 secs] 776008K->569502K(842580K), 0.0137107 secs] [Times: user=0.06 sys=0.00, real=0.01 secs] 
2019-03-15T15:55:49.058+0900: 747.194: Total time for which application threads were stopped: 0.0140080 seconds, Stopping threads took: 0.0000622 seconds
2019-03-15T15:55:49.832+0900: 747.969: Application time: 0.7742661 seconds
2019-03-15T15:55:49.833+0900: 747.969: Total time for which application threads were stopped: 0.0002821 seconds, Stopping threads took: 0.0001347 seconds
2019-03-15T15:55:49.835+0900: 747.972: Application time: 0.0027466 seconds
2019-03-15T15:55:49.836+0900: 747.972: Total time for which application threads were stopped: 0.0001633 seconds, Stopping threads took: 0.0000809 seconds
2019-03-15T15:55:50.010+0900: 748.146: Application time: 0.1744992 seconds
2019-03-15T15:55:50.010+0900: 748.146: [GC (Allocation Failure) 2019-03-15T15:55:50.010+0900: 748.146: [ParNew: 221651K->7161K(235968K), 0.0062546 secs] 779294K->567563K(842580K), 0.0063467 secs] [Times: user=0.00 sys=0.00, real=0.01 secs] 
2019-03-15T15:55:50.017+0900: 748.153: Total time for which application threads were stopped: 0.0064568 seconds, Stopping threads took: 0.0000236 seconds
2019-03-15T15:55:50.017+0900: 748.153: Application time: 0.0000236 seconds
2019-03-15T15:55:50.017+0900: 748.153: [GC (CMS Initial Mark) [1 CMS-initial-mark: 560402K(606612K)] 571745K(842580K), 0.0007580 secs] [Times: user=0.00 sys=0.00, real=0.00 secs] 
2019-03-15T15:55:50.017+0900: 748.154: Total time for which application threads were stopped: 0.0008317 seconds, Stopping threads took: 0.0000289 seconds
2019-03-15T15:55:50.017+0900: 748.154: [CMS-concurrent-mark-start]
2019-03-15T15:55:50.212+0900: 748.348: [CMS-concurrent-mark: 0.195/0.195 secs] [Times: user=0.22 sys=0.00, real=0.19 secs] 
2019-03-15T15:55:50.212+0900: 748.348: [CMS-concurrent-preclean-start]
2019-03-15T15:55:50.213+0900: 748.349: [CMS-concurrent-preclean: 0.001/0.001 secs] [Times: user=0.00 sys=0.00, real=0.00 secs] 
2019-03-15T15:55:50.213+0900: 748.349: [CMS-concurrent-abortable-preclean-start]
2019-03-15T15:55:50.830+0900: 748.966: Application time: 0.8126398 seconds
2019-03-15T15:55:50.830+0900: 748.966: [GC (Allocation Failure) 2019-03-15T15:55:50.830+0900: 748.966: [ParNew: 216953K->5012K(235968K), 0.0047468 secs] 777355K->565416K(842580K), 0.0048479 secs] [Times: user=0.00 sys=0.00, real=0.01 secs] 
2019-03-15T15:55:50.835+0900: 748.971: Total time for which application threads were stopped: 0.0050357 seconds, Stopping threads took: 0.0000784 seconds
2019-03-15T15:55:50.836+0900: 748.973: Application time: 0.0012304 seconds
2019-03-15T15:55:50.836+0900: 748.973: Total time for which application threads were stopped: 0.0001151 seconds, Stopping threads took: 0.0000718 seconds
2019-03-15T15:55:51.432+0900: 749.568: [CMS-concurrent-abortable-preclean: 0.342/1.219 secs] [Times: user=0.48 sys=0.00, real=1.22 secs] 
2019-03-15T15:55:51.432+0900: 749.568: Application time: 0.5954142 seconds
2019-03-15T15:55:51.432+0900: 749.568: [GC (CMS Final Remark) [YG occupancy: 153322 K (235968 K)]2019-03-15T15:55:51.432+0900: 749.568: [Rescan (parallel) , 0.0486793 secs]2019-03-15T15:55:51.481+0900: 749.617: [weak refs processing, 0.0000529 secs]2019-03-15T15:55:51.481+0900: 749.617: [class unloading, 0.0019731 secs]2019-03-15T15:55:51.483+0900: 749.619: [scrub symbol table, 0.0008146 secs]2019-03-15T15:55:51.484+0900: 749.620: [scrub string table, 0.0002382 secs][1 CMS-remark: 560403K(606612K)] 713726K(842580K), 0.0519721 secs] [Times: user=0.17 sys=0.00, real=0.05 secs] 
2019-03-15T15:55:51.484+0900: 749.620: Total time for which application threads were stopped: 0.0520732 seconds, Stopping threads took: 0.0000345 seconds
2019-03-15T15:55:51.484+0900: 749.620: [CMS-concurrent-sweep-start]
2019-03-15T15:55:51.484+0900: 749.620: Application time: 0.0001661 seconds
2019-03-15T15:55:51.484+0900: 749.620: Total time for which application threads were stopped: 0.0001014 seconds, Stopping threads took: 0.0000690 seconds
2019-03-15T15:55:51.726+0900: 749.862: Application time: 0.2419502 seconds
2019-03-15T15:55:51.726+0900: 749.862: [GC (Allocation Failure) 2019-03-15T15:55:51.726+0900: 749.863: [ParNew: 214804K->7200K(235968K), 0.0044271 secs] 558356K->350754K(842580K), 0.0045428 secs] [Times: user=0.00 sys=0.00, real=0.00 secs] 
2019-03-15T15:55:51.731+0900: 749.867: Total time for which application threads were stopped: 0.0047067 seconds, Stopping threads took: 0.0000370 seconds
2019-03-15T15:55:51.801+0900: 749.937: [CMS-concurrent-sweep: 0.312/0.317 secs] [Times: user=0.34 sys=0.00, real=0.32 secs] 
2019-03-15T15:55:51.801+0900: 749.937: [CMS-concurrent-reset-start]
2019-03-15T15:55:51.802+0900: 749.938: [CMS-concurrent-reset: 0.001/0.001 secs] [Times: user=0.00 sys=0.00, real=0.00 secs] 
2019-03-15T15:55:51.832+0900: 749.968: Application time: 0.1008993 seconds
2019-03-15T15:55:51.832+0900: 749.968: Total time for which application threads were stopped: 0.0001334 seconds, Stopping threads took: 0.0000317 seconds
2019-03-15T15:55:52.647+0900: 750.783: Application time: 0.8148179 seconds
2019-03-15T15:55:52.647+0900: 750.783: [GC (Allocation Failure) 2019-03-15T15:55:52.647+0900: 750.783: [ParNew: 216992K->8882K(235968K), 0.0119115 secs] 511595K->303487K(842580K), 0.0120862 secs] [Times: user=0.00 sys=0.00, real=0.01 secs] 
2019-03-15T15:55:52.659+0900: 750.795: Total time for which application threads were stopped: 0.0123494 seconds, Stopping threads took: 0.0000501 seconds
2019-03-15T15:55:52.834+0900: 750.971: Application time: 0.1754643 seconds
2019-03-15T15:55:52.835+0900: 750.971: Total time for which application threads were stopped: 0.0003042 seconds, Stopping threads took: 0.0001540 seconds
2019-03-15T15:55:53.656+0900: 751.793: Application time: 0.8214501 seconds
2019-03-15T15:55:53.656+0900: 751.793: [GC (Allocation Failure) 2019-03-15T15:55:53.656+0900: 751.793: [ParNew: 218674K->8265K(235968K), 0.0143834 secs] 513279K->305630K(842580K), 0.0145131 secs] [Times: user=0.06 sys=0.00, real=0.02 secs] 
2019-03-15T15:55:53.671+0900: 751.807: Total time for which application threads were stopped: 0.0147287 seconds, Stopping threads took: 0.0000613 seconds
2019-03-15T15:55:53.835+0900: 751.972: Application time: 0.1644887 seconds
2019-03-15T15:55:53.836+0900: 751.972: Total time for which application threads were stopped: 0.0002112 seconds, Stopping threads took: 0.0000865 seconds
2019-03-15T15:55:54.655+0900: 752.791: Application time: 0.8190378 seconds
2019-03-15T15:55:54.655+0900: 752.791: [GC (Allocation Failure) 2019-03-15T15:55:54.655+0900: 752.791: [ParNew: 218057K->6421K(235968K), 0.0126256 secs] 515422K->303788K(842580K), 0.0129095 secs] [Times: user=0.06 sys=0.00, real=0.01 secs] 
2019-03-15T15:55:54.668+0900: 752.804: Total time for which application threads were stopped: 0.0132006 seconds, Stopping threads took: 0.0000784 seconds
2019-03-15T15:55:54.836+0900: 752.973: Application time: 0.1687450 seconds
2019-03-15T15:55:54.837+0900: 752.973: Total time for which application threads were stopped: 0.0001956 seconds, Stopping threads took: 0.0000750 seconds
2019-03-15T15:55:55.535+0900: 753.672: Application time: 0.6984512 seconds
2019-03-15T15:55:55.535+0900: 753.672: [GC (Allocation Failure) 2019-03-15T15:55:55.535+0900: 753.672: [ParNew: 216213K->7627K(235968K), 0.0052211 secs] 513580K->304995K(842580K), 0.0053057 secs] [Times: user=0.00 sys=0.00, real=0.01 secs] 
2019-03-15T15:55:55.541+0900: 753.677: Total time for which application threads were stopped: 0.0054712 seconds, Stopping threads took: 0.0000681 seconds
2019-03-15T15:55:55.835+0900: 753.972: Application time: 0.2943885 seconds
2019-03-15T15:55:55.835+0900: 753.972: Total time for which application threads were stopped: 0.0000712 seconds, Stopping threads took: 0.0000317 seconds
2019-03-15T15:55:56.398+0900: 754.534: Application time: 0.5625316 seconds
2019-03-15T15:55:56.398+0900: 754.534: [GC (Allocation Failure) 2019-03-15T15:55:56.398+0900: 754.534: [ParNew: 217419K->6171K(235968K), 0.0141343 secs] 514787K->303540K(842580K), 0.0142758 secs] [Times: user=0.03 sys=0.00, real=0.01 secs] 
2019-03-15T15:55:56.412+0900: 754.549: Total time for which application threads were stopped: 0.0144596 seconds, Stopping threads took: 0.0000274 seconds
2019-03-15T15:55:56.836+0900: 754.973: Application time: 0.4239932 seconds
2019-03-15T15:55:56.836+0900: 754.973: Total time for which application threads were stopped: 0.0002236 seconds, Stopping threads took: 0.0001409 seconds
2019-03-15T15:55:57.399+0900: 755.535: Application time: 0.5626358 seconds
2019-03-15T15:55:57.399+0900: 755.536: [GC (Allocation Failure) 2019-03-15T15:55:57.399+0900: 755.536: [ParNew: 215963K->8207K(235968K), 0.0145732 secs] 513332K->305578K(842580K), 0.0147312 secs] [Times: user=0.05 sys=0.00, real=0.02 secs] 
2019-03-15T15:55:57.414+0900: 755.550: Total time for which application threads were stopped: 0.0149607 seconds, Stopping threads took: 0.0000529 seconds
2019-03-15T15:55:57.837+0900: 755.974: Application time: 0.4237792 seconds
2019-03-15T15:55:57.838+0900: 755.974: Total time for which application threads were stopped: 0.0001919 seconds, Stopping threads took: 0.0000690 seconds
2019-03-15T15:55:58.365+0900: 756.502: Application time: 0.5271580 seconds
2019-03-15T15:55:58.365+0900: 756.502: [GC (Allocation Failure) 2019-03-15T15:55:58.365+0900: 756.502: [ParNew: 217999K->13037K(235968K), 0.0105144 secs] 515370K->310409K(842580K), 0.0106826 secs] [Times: user=0.06 sys=0.00, real=0.01 secs] 
2019-03-15T15:55:58.376+0900: 756.512: Total time for which application threads were stopped: 0.0108985 seconds, Stopping threads took: 0.0000470 seconds
2019-03-15T15:55:58.839+0900: 756.975: Application time: 0.4627898 seconds
2019-03-15T15:55:58.839+0900: 756.975: Total time for which application threads were stopped: 0.0001667 seconds, Stopping threads took: 0.0000491 seconds
2019-03-15T15:55:59.338+0900: 757.474: Application time: 0.4989099 seconds
2019-03-15T15:55:59.338+0900: 757.474: [GC (Allocation Failure) 2019-03-15T15:55:59.338+0900: 757.475: [ParNew: 222829K->7522K(235968K), 0.0113504 secs] 520201K->307654K(842580K), 0.0114763 secs] [Times: user=0.00 sys=0.00, real=0.01 secs] 
2019-03-15T15:55:59.349+0900: 757.486: Total time for which application threads were stopped: 0.0116586 seconds, Stopping threads took: 0.0000439 seconds
2019-03-15T15:55:59.839+0900: 757.976: Application time: 0.4902327 seconds
2019-03-15T15:55:59.840+0900: 757.976: Total time for which application threads were stopped: 0.0002255 seconds, Stopping threads took: 0.0000992 seconds
2019-03-15T15:55:59.842+0900: 757.979: Application time: 0.0026658 seconds
2019-03-15T15:55:59.843+0900: 757.979: Total time for which application threads were stopped: 0.0001546 seconds, Stopping threads took: 0.0000855 seconds
2019-03-15T15:56:00.258+0900: 758.395: Application time: 0.4152040 seconds
2019-03-15T15:56:00.258+0900: 758.395: [GC (Allocation Failure) 2019-03-15T15:56:00.258+0900: 758.395: [ParNew: 217314K->9708K(235968K), 0.0076940 secs] 517446K->309842K(842580K), 0.0077895 secs] [Times: user=0.00 sys=0.00, real=0.01 secs] 
2019-03-15T15:56:00.266+0900: 758.403: Total time for which application threads were stopped: 0.0079578 seconds, Stopping threads took: 0.0000687 seconds
2019-03-15T15:56:00.838+0900: 758.975: Application time: 0.5723029 seconds
2019-03-15T15:56:00.838+0900: 758.975: Total time for which application threads were stopped: 0.0001586 seconds, Stopping threads took: 0.0001054 seconds
2019-03-15T15:56:01.096+0900: 759.233: Application time: 0.2578187 seconds
2019-03-15T15:56:01.096+0900: 759.233: [GC (Allocation Failure) 2019-03-15T15:56:01.096+0900: 759.233: [ParNew: 219500K->7317K(235968K), 0.0142080 secs] 519634K->307453K(842580K), 0.0144167 secs] [Times: user=0.06 sys=0.00, real=0.02 secs] 
2019-03-15T15:56:01.111+0900: 759.248: Total time for which application threads were stopped: 0.0147240 seconds, Stopping threads took: 0.0000880 seconds
2019-03-15T15:56:01.838+0900: 759.975: Application time: 0.7271876 seconds
2019-03-15T15:56:01.838+0900: 759.975: Total time for which application threads were stopped: 0.0001148 seconds, Stopping threads took: 0.0000641 seconds
2019-03-15T15:56:02.016+0900: 760.153: Application time: 0.1784616 seconds
2019-03-15T15:56:02.017+0900: 760.153: [GC (Allocation Failure) 2019-03-15T15:56:02.017+0900: 760.153: [ParNew: 217109K->10993K(235968K), 0.0073569 secs] 517245K->311130K(842580K), 0.0074623 secs] [Times: user=0.05 sys=0.00, real=0.01 secs] 
2019-03-15T15:56:02.024+0900: 760.161: Total time for which application threads were stopped: 0.0076489 seconds, Stopping threads took: 0.0000802 seconds
2019-03-15T15:56:02.839+0900: 760.975: Application time: 0.8144932 seconds
2019-03-15T15:56:02.839+0900: 760.976: Total time for which application threads were stopped: 0.0002068 seconds, Stopping threads took: 0.0001229 seconds
2019-03-15T15:56:02.892+0900: 761.029: Application time: 0.0532831 seconds
2019-03-15T15:56:02.892+0900: 761.029: [GC (Allocation Failure) 2019-03-15T15:56:02.892+0900: 761.029: [ParNew: 220785K->7031K(235968K), 0.0198627 secs] 520922K->309928K(842580K), 0.0200409 secs] [Times: user=0.13 sys=0.00, real=0.02 secs] 
2019-03-15T15:56:02.912+0900: 761.049: Total time for which application threads were stopped: 0.0203311 seconds, Stopping threads took: 0.0000874 seconds
2019-03-15T15:56:03.840+0900: 761.976: Application time: 0.9270060 seconds
2019-03-15T15:56:03.840+0900: 761.976: Total time for which application threads were stopped: 0.0000998 seconds, Stopping threads took: 0.0000439 seconds
2019-03-15T15:56:03.916+0900: 762.052: Application time: 0.0753207 seconds
2019-03-15T15:56:03.916+0900: 762.052: [GC (Allocation Failure) 2019-03-15T15:56:03.916+0900: 762.052: [ParNew: 216823K->5377K(235968K), 0.0139203 secs] 519720K->308275K(842580K), 0.0141374 secs] [Times: user=0.06 sys=0.00, real=0.01 secs] 
2019-03-15T15:56:03.930+0900: 762.066: Total time for which application threads were stopped: 0.0144596 seconds, Stopping threads took: 0.0000952 seconds
2019-03-15T15:56:04.842+0900: 762.978: Application time: 0.9114009 seconds
2019-03-15T15:56:04.842+0900: 762.978: Total time for which application threads were stopped: 0.0002152 seconds, Stopping threads took: 0.0001145 seconds
2019-03-15T15:56:04.875+0900: 763.011: Application time: 0.0336695 seconds
2019-03-15T15:56:04.876+0900: 763.012: [GC (Allocation Failure) 2019-03-15T15:56:04.876+0900: 763.012: [ParNew: 215169K->8664K(235968K), 0.0139449 secs] 518067K->311565K(842580K), 0.0141213 secs] [Times: user=0.06 sys=0.00, real=0.01 secs] 
2019-03-15T15:56:04.890+0900: 763.026: Total time for which application threads were stopped: 0.0143722 seconds, Stopping threads took: 0.0000610 seconds
2019-03-15T15:56:05.716+0900: 763.852: Application time: 0.8257540 seconds
2019-03-15T15:56:05.716+0900: 763.852: [GC (Allocation Failure) 2019-03-15T15:56:05.716+0900: 763.852: [ParNew: 218456K->7792K(235968K), 0.0072032 secs] 521357K->313451K(842580K), 0.0072872 secs] [Times: user=0.05 sys=0.00, real=0.01 secs] 
2019-03-15T15:56:05.723+0900: 763.859: Total time for which application threads were stopped: 0.0074163 seconds, Stopping threads took: 0.0000417 seconds
2019-03-15T15:56:05.841+0900: 763.977: Application time: 0.1178434 seconds
2019-03-15T15:56:05.841+0900: 763.977: Total time for which application threads were stopped: 0.0001104 seconds, Stopping threads took: 0.0000650 seconds
2019-03-15T15:56:06.607+0900: 764.743: Application time: 0.7663395 seconds
2019-03-15T15:56:06.607+0900: 764.744: [GC (Allocation Failure) 2019-03-15T15:56:06.607+0900: 764.744: [ParNew: 217584K->6879K(235968K), 0.0118321 secs] 523243K->312541K(842580K), 0.0120069 secs] [Times: user=0.01 sys=0.00, real=0.01 secs] 
2019-03-15T15:56:06.620+0900: 764.756: Total time for which application threads were stopped: 0.0122809 seconds, Stopping threads took: 0.0000644 seconds
2019-03-15T15:56:06.843+0900: 764.979: Application time: 0.2232277 seconds
2019-03-15T15:56:06.843+0900: 764.979: Total time for which application threads were stopped: 0.0001642 seconds, Stopping threads took: 0.0000709 seconds
2019-03-15T15:56:07.536+0900: 765.672: Application time: 0.6934198 seconds
2019-03-15T15:56:07.536+0900: 765.673: [GC (Allocation Failure) 2019-03-15T15:56:07.537+0900: 765.673: [ParNew: 216671K->7753K(235968K), 0.0134460 secs] 522333K->313416K(842580K), 0.0136308 secs] [Times: user=0.06 sys=0.00, real=0.01 secs] 
2019-03-15T15:56:07.550+0900: 765.686: Total time for which application threads were stopped: 0.0139045 seconds, Stopping threads took: 0.0000619 seconds
2019-03-15T15:56:07.842+0900: 765.978: Application time: 0.2917669 seconds
2019-03-15T15:56:07.842+0900: 765.978: Total time for which application threads were stopped: 0.0000806 seconds, Stopping threads took: 0.0000367 seconds
2019-03-15T15:56:08.473+0900: 766.609: Application time: 0.6309591 seconds
2019-03-15T15:56:08.473+0900: 766.609: [GC (Allocation Failure) 2019-03-15T15:56:08.473+0900: 766.610: [ParNew: 217545K->7966K(235968K), 0.0159833 secs] 523208K->313632K(842580K), 0.0161948 secs] [Times: user=0.06 sys=0.00, real=0.02 secs] 
2019-03-15T15:56:08.489+0900: 766.626: Total time for which application threads were stopped: 0.0165136 seconds, Stopping threads took: 0.0000874 seconds
2019-03-15T15:56:08.844+0900: 766.981: Application time: 0.3548932 seconds
2019-03-15T15:56:08.845+0900: 766.981: Total time for which application threads were stopped: 0.0002015 seconds, Stopping threads took: 0.0000834 seconds
2019-03-15T15:56:09.426+0900: 767.562: Application time: 0.5811334 seconds
2019-03-15T15:56:09.426+0900: 767.562: [GC (Allocation Failure) 2019-03-15T15:56:09.426+0900: 767.562: [ParNew: 217758K->4977K(235968K), 0.0099296 secs] 523424K->313402K(842580K), 0.0100624 secs] [Times: user=0.06 sys=0.00, real=0.01 secs] 
2019-03-15T15:56:09.436+0900: 767.572: Total time for which application threads were stopped: 0.0102724 seconds, Stopping threads took: 0.0000575 seconds
2019-03-15T15:56:09.843+0900: 767.979: Application time: 0.4067300 seconds
2019-03-15T15:56:09.843+0900: 767.979: Total time for which application threads were stopped: 0.0000799 seconds, Stopping threads took: 0.0000320 seconds
2019-03-15T15:56:09.844+0900: 767.980: Application time: 0.0007527 seconds
2019-03-15T15:56:09.844+0900: 767.980: Total time for which application threads were stopped: 0.0000411 seconds, Stopping threads took: 0.0000230 seconds
2019-03-15T15:56:10.309+0900: 768.445: Application time: 0.4655645 seconds
2019-03-15T15:56:10.309+0900: 768.446: [GC (Allocation Failure) 2019-03-15T15:56:10.309+0900: 768.446: [ParNew: 214769K->7861K(235968K), 0.0066014 secs] 523194K->316288K(842580K), 0.0067019 secs] [Times: user=0.00 sys=0.00, real=0.01 secs] 
2019-03-15T15:56:10.316+0900: 768.452: Total time for which application threads were stopped: 0.0068546 seconds, Stopping threads took: 0.0000351 seconds
2019-03-15T15:56:10.843+0900: 768.979: Application time: 0.5271048 seconds
2019-03-15T15:56:10.843+0900: 768.980: Total time for which application threads were stopped: 0.0001250 seconds, Stopping threads took: 0.0000681 seconds
2019-03-15T15:56:11.131+0900: 769.267: Application time: 0.2876559 seconds
2019-03-15T15:56:11.131+0900: 769.267: [GC (Allocation Failure) 2019-03-15T15:56:11.131+0900: 769.267: [ParNew: 217653K->10051K(235968K), 0.0055570 secs] 526080K->318478K(842580K), 0.0056559 secs] [Times: user=0.06 sys=0.00, real=0.01 secs] 
2019-03-15T15:56:11.137+0900: 769.273: Total time for which application threads were stopped: 0.0058332 seconds, Stopping threads took: 0.0000538 seconds
2019-03-15T15:56:11.844+0900: 769.981: Application time: 0.7075208 seconds
2019-03-15T15:56:11.844+0900: 769.981: Total time for which application threads were stopped: 0.0000880 seconds, Stopping threads took: 0.0000386 seconds
2019-03-15T15:56:12.129+0900: 770.266: Application time: 0.2853179 seconds
2019-03-15T15:56:12.130+0900: 770.266: [GC (Allocation Failure) 2019-03-15T15:56:12.130+0900: 770.266: [ParNew: 219843K->7171K(235968K), 0.0206390 secs] 528270K->318357K(842580K), 0.0208228 secs] [Times: user=0.06 sys=0.00, real=0.02 secs] 
2019-03-15T15:56:12.151+0900: 770.287: Total time for which application threads were stopped: 0.0210915 seconds, Stopping threads took: 0.0000886 seconds
2019-03-15T15:56:12.846+0900: 770.983: Application time: 0.6955826 seconds
2019-03-15T15:56:12.846+0900: 770.983: Total time for which application threads were stopped: 0.0001372 seconds, Stopping threads took: 0.0000591 seconds
2019-03-15T15:56:13.099+0900: 771.235: Application time: 0.2522229 seconds
2019-03-15T15:56:13.099+0900: 771.235: [GC (Allocation Failure) 2019-03-15T15:56:13.099+0900: 771.235: [ParNew: 216963K->9555K(235968K), 0.0166436 secs] 528149K->320743K(842580K), 0.0168760 secs] [Times: user=0.06 sys=0.00, real=0.02 secs] 
2019-03-15T15:56:13.116+0900: 771.252: Total time for which application threads were stopped: 0.0172271 seconds, Stopping threads took: 0.0000768 seconds
2019-03-15T15:56:13.846+0900: 771.983: Application time: 0.7304598 seconds
2019-03-15T15:56:13.846+0900: 771.983: Total time for which application threads were stopped: 0.0001409 seconds, Stopping threads took: 0.0000616 seconds
2019-03-15T15:56:14.084+0900: 772.221: Application time: 0.2381340 seconds
2019-03-15T15:56:14.085+0900: 772.221: [GC (Allocation Failure) 2019-03-15T15:56:14.085+0900: 772.221: [ParNew: 219347K->6924K(235968K), 0.0075037 secs] 530535K->318114K(842580K), 0.0076265 secs] [Times: user=0.00 sys=0.00, real=0.01 secs] 
2019-03-15T15:56:14.092+0900: 772.229: Total time for which application threads were stopped: 0.0078019 seconds, Stopping threads took: 0.0000305 seconds
2019-03-15T15:56:14.846+0900: 772.983: Application time: 0.7539904 seconds
2019-03-15T15:56:14.846+0900: 772.983: Total time for which application threads were stopped: 0.0000958 seconds, Stopping threads took: 0.0000442 seconds
2019-03-15T15:56:15.034+0900: 773.170: Application time: 0.1872809 seconds
2019-03-15T15:56:15.034+0900: 773.170: [GC (Allocation Failure) 2019-03-15T15:56:15.034+0900: 773.170: [ParNew: 216716K->5633K(235968K), 0.0046401 secs] 527906K->316824K(842580K), 0.0047437 secs] [Times: user=0.00 sys=0.00, real=0.00 secs] 
2019-03-15T15:56:15.039+0900: 773.175: Total time for which application threads were stopped: 0.0048942 seconds, Stopping threads took: 0.0000373 seconds
2019-03-15T15:56:15.846+0900: 773.983: Application time: 0.8074423 seconds
2019-03-15T15:56:15.846+0900: 773.983: [GC (Allocation Failure) 2019-03-15T15:56:15.846+0900: 773.983: [ParNew: 215425K->6189K(235968K), 0.0063946 secs] 526616K->320140K(842580K), 0.0065112 secs] [Times: user=0.00 sys=0.00, real=0.01 secs] 
2019-03-15T15:56:15.853+0900: 773.989: Total time for which application threads were stopped: 0.0066925 seconds, Stopping threads took: 0.0000641 seconds
2019-03-15T15:56:15.854+0900: 773.990: Application time: 0.0011828 seconds
2019-03-15T15:56:15.854+0900: 773.991: Total time for which application threads were stopped: 0.0000778 seconds, Stopping threads took: 0.0000327 seconds
2019-03-15T15:56:16.773+0900: 774.910: Application time: 0.9191543 seconds
2019-03-15T15:56:16.773+0900: 774.910: [GC (Allocation Failure) 2019-03-15T15:56:16.773+0900: 774.910: [ParNew: 215981K->8010K(235968K), 0.0212334 secs] 529932K->321962K(842580K), 0.0214971 secs] [Times: user=0.13 sys=0.00, real=0.02 secs] 
2019-03-15T15:56:16.795+0900: 774.932: Total time for which application threads were stopped: 0.0219916 seconds, Stopping threads took: 0.0000893 seconds
2019-03-15T15:56:16.848+0900: 774.985: Application time: 0.0529963 seconds
2019-03-15T15:56:16.848+0900: 774.985: Total time for which application threads were stopped: 0.0000883 seconds, Stopping threads took: 0.0000439 seconds
2019-03-15T15:56:17.754+0900: 775.890: Application time: 0.9055400 seconds
2019-03-15T15:56:17.754+0900: 775.891: [GC (Allocation Failure) 2019-03-15T15:56:17.754+0900: 775.891: [ParNew: 217802K->12300K(235968K), 0.0132162 secs] 531754K->326255K(842580K), 0.0134159 secs] [Times: user=0.06 sys=0.00, real=0.01 secs] 
2019-03-15T15:56:17.767+0900: 775.904: Total time for which application threads were stopped: 0.0137368 seconds, Stopping threads took: 0.0000899 seconds
2019-03-15T15:56:17.849+0900: 775.985: Application time: 0.0812220 seconds
2019-03-15T15:56:17.849+0900: 775.985: Total time for which application threads were stopped: 0.0001126 seconds, Stopping threads took: 0.0000454 seconds
2019-03-15T15:56:18.681+0900: 776.818: Application time: 0.8321486 seconds
2019-03-15T15:56:18.681+0900: 776.818: [GC (Allocation Failure) 2019-03-15T15:56:18.681+0900: 776.818: [ParNew: 222092K->7222K(235968K), 0.0115606 secs] 536047K->323936K(842580K), 0.0116875 secs] [Times: user=0.05 sys=0.02, real=0.01 secs] 
2019-03-15T15:56:18.693+0900: 776.829: Total time for which application threads were stopped: 0.0118925 seconds, Stopping threads took: 0.0000625 seconds
2019-03-15T15:56:18.850+0900: 776.986: Application time: 0.1570115 seconds
2019-03-15T15:56:18.850+0900: 776.987: Total time for which application threads were stopped: 0.0001558 seconds, Stopping threads took: 0.0000790 seconds
2019-03-15T15:56:19.635+0900: 777.772: Application time: 0.7849011 seconds
2019-03-15T15:56:19.635+0900: 777.772: [GC (Allocation Failure) 2019-03-15T15:56:19.635+0900: 777.772: [ParNew: 217014K->5453K(235968K), 0.0067877 secs] 533728K->322168K(842580K), 0.0069389 secs] [Times: user=0.00 sys=0.00, real=0.01 secs] 
2019-03-15T15:56:19.642+0900: 777.779: Total time for which application threads were stopped: 0.0071606 seconds, Stopping threads took: 0.0000491 seconds
2019-03-15T15:56:19.850+0900: 777.986: Application time: 0.2077666 seconds
2019-03-15T15:56:19.850+0900: 777.987: Total time for which application threads were stopped: 0.0001064 seconds, Stopping threads took: 0.0000389 seconds
2019-03-15T15:56:19.851+0900: 777.988: Application time: 0.0015930 seconds
2019-03-15T15:56:19.851+0900: 777.988: Total time for which application threads were stopped: 0.0000871 seconds, Stopping threads took: 0.0000467 seconds
2019-03-15T15:56:20.513+0900: 778.650: Application time: 0.6617082 seconds
2019-03-15T15:56:20.513+0900: 778.650: [GC (Allocation Failure) 2019-03-15T15:56:20.513+0900: 778.650: [ParNew: 215245K->5562K(235968K), 0.0051063 secs] 531960K->322280K(842580K), 0.0052046 secs] [Times: user=0.00 sys=0.00, real=0.00 secs] 
2019-03-15T15:56:20.518+0900: 778.655: Total time for which application threads were stopped: 0.0053181 seconds, Stopping threads took: 0.0000190 seconds
2019-03-15T15:56:20.851+0900: 778.987: Application time: 0.3316329 seconds
2019-03-15T15:56:20.851+0900: 778.987: Total time for which application threads were stopped: 0.0000669 seconds, Stopping threads took: 0.0000292 seconds
2019-03-15T15:56:21.353+0900: 779.489: Application time: 0.5023790 seconds
2019-03-15T15:56:21.354+0900: 779.490: [GC (Allocation Failure) 2019-03-15T15:56:21.354+0900: 779.490: [ParNew: 215354K->5731K(235968K), 0.0133860 secs] 532072K->325207K(842580K), 0.0135704 secs] [Times: user=0.06 sys=0.00, real=0.01 secs] 
2019-03-15T15:56:21.367+0900: 779.503: Total time for which application threads were stopped: 0.0138703 seconds, Stopping threads took: 0.0000883 seconds
2019-03-15T15:56:21.852+0900: 779.988: Application time: 0.4844767 seconds
2019-03-15T15:56:21.852+0900: 779.988: Total time for which application threads were stopped: 0.0001375 seconds, Stopping threads took: 0.0000628 seconds
2019-03-15T15:56:22.328+0900: 780.464: Application time: 0.4765547 seconds
2019-03-15T15:56:22.329+0900: 780.465: [GC (Allocation Failure) 2019-03-15T15:56:22.329+0900: 780.465: [ParNew: 215523K->7799K(235968K), 0.0066117 secs] 534999K->327276K(842580K), 0.0067392 secs] [Times: user=0.06 sys=0.00, real=0.01 secs] 
2019-03-15T15:56:22.335+0900: 780.471: Total time for which application threads were stopped: 0.0069180 seconds, Stopping threads took: 0.0000426 seconds
2019-03-15T15:56:22.854+0900: 780.990: Application time: 0.5190435 seconds
2019-03-15T15:56:22.855+0900: 780.991: Total time for which application threads were stopped: 0.0002165 seconds, Stopping threads took: 0.0000946 seconds
2019-03-15T15:56:23.313+0900: 781.449: Application time: 0.4579476 seconds
2019-03-15T15:56:23.313+0900: 781.449: [GC (Allocation Failure) 2019-03-15T15:56:23.313+0900: 781.449: [ParNew: 217591K->8124K(235968K), 0.0185206 secs] 537068K->327602K(842580K), 0.0187766 secs] [Times: user=0.13 sys=0.00, real=0.02 secs] 
2019-03-15T15:56:23.332+0900: 781.468: Total time for which application threads were stopped: 0.0192123 seconds, Stopping threads took: 0.0000886 seconds
2019-03-15T15:56:23.855+0900: 781.992: Application time: 0.5237324 seconds
2019-03-15T15:56:23.856+0900: 781.992: Total time for which application threads were stopped: 0.0002812 seconds, Stopping threads took: 0.0001487 seconds
2019-03-15T15:56:24.327+0900: 782.463: Application time: 0.4710225 seconds
2019-03-15T15:56:24.327+0900: 782.463: [GC (Allocation Failure) 2019-03-15T15:56:24.327+0900: 782.463: [ParNew: 217916K->8028K(235968K), 0.0094808 secs] 537394K->327508K(842580K), 0.0096528 secs] [Times: user=0.06 sys=0.00, real=0.01 secs] 
2019-03-15T15:56:24.337+0900: 782.473: Total time for which application threads were stopped: 0.0098886 seconds, Stopping threads took: 0.0000554 seconds
2019-03-15T15:56:24.856+0900: 782.992: Application time: 0.5196419 seconds
2019-03-15T15:56:24.857+0900: 782.993: Total time for which application threads were stopped: 0.0002700 seconds, Stopping threads took: 0.0001275 seconds
2019-03-15T15:56:25.286+0900: 783.422: Application time: 0.4290012 seconds
2019-03-15T15:56:25.286+0900: 783.422: [GC (Allocation Failure) 2019-03-15T15:56:25.286+0900: 783.422: [ParNew: 217820K->4974K(235968K), 0.0039804 secs] 537300K->324457K(842580K), 0.0040940 secs] [Times: user=0.00 sys=0.00, real=0.00 secs] 
2019-03-15T15:56:25.290+0900: 783.426: Total time for which application threads were stopped: 0.0042212 seconds, Stopping threads took: 0.0000184 seconds
2019-03-15T15:56:25.855+0900: 783.991: Application time: 0.5649883 seconds
2019-03-15T15:56:25.855+0900: 783.991: Total time for which application threads were stopped: 0.0001269 seconds, Stopping threads took: 0.0000690 seconds
2019-03-15T15:56:26.104+0900: 784.240: Application time: 0.2492616 seconds
2019-03-15T15:56:26.104+0900: 784.240: [GC (Allocation Failure) 2019-03-15T15:56:26.104+0900: 784.240: [ParNew: 214766K->8903K(235968K), 0.0065936 secs] 534249K->328387K(842580K), 0.0066956 secs] [Times: user=0.05 sys=0.00, real=0.01 secs] 
2019-03-15T15:56:26.111+0900: 784.247: Total time for which application threads were stopped: 0.0068257 seconds, Stopping threads took: 0.0000190 seconds
2019-03-15T15:56:26.857+0900: 784.993: Application time: 0.7458323 seconds
2019-03-15T15:56:26.857+0900: 784.993: Total time for which application threads were stopped: 0.0001664 seconds, Stopping threads took: 0.0000715 seconds
2019-03-15T15:56:27.076+0900: 785.212: Application time: 0.2188193 seconds
2019-03-15T15:56:27.076+0900: 785.212: [GC (Allocation Failure) 2019-03-15T15:56:27.076+0900: 785.212: [ParNew: 218695K->11797K(235968K), 0.0148319 secs] 538179K->331283K(842580K), 0.0150136 secs] [Times: user=0.06 sys=0.00, real=0.02 secs] 
2019-03-15T15:56:27.091+0900: 785.227: Total time for which application threads were stopped: 0.0152894 seconds, Stopping threads took: 0.0000750 seconds
2019-03-15T15:56:27.858+0900: 785.995: Application time: 0.7673954 seconds
2019-03-15T15:56:27.859+0900: 785.995: Total time for which application threads were stopped: 0.0002678 seconds, Stopping threads took: 0.0001350 seconds
2019-03-15T15:56:28.056+0900: 786.193: Application time: 0.1976945 seconds
2019-03-15T15:56:28.056+0900: 786.193: [GC (Allocation Failure) 2019-03-15T15:56:28.057+0900: 786.193: [ParNew: 221589K->7385K(235968K), 0.0121177 secs] 541075K->329631K(842580K), 0.0122349 secs] [Times: user=0.05 sys=0.00, real=0.01 secs] 
2019-03-15T15:56:28.069+0900: 786.205: Total time for which application threads were stopped: 0.0123836 seconds, Stopping threads took: 0.0000215 seconds
2019-03-15T15:56:28.859+0900: 786.996: Application time: 0.7906525 seconds
2019-03-15T15:56:28.860+0900: 786.996: Total time for which application threads were stopped: 0.0002190 seconds, Stopping threads took: 0.0000946 seconds
2019-03-15T15:56:29.051+0900: 787.187: Application time: 0.1911522 seconds
2019-03-15T15:56:29.051+0900: 787.187: [GC (Allocation Failure) 2019-03-15T15:56:29.051+0900: 787.187: [ParNew: 217177K->11027K(235968K), 0.0169795 secs] 539423K->333274K(842580K), 0.0171627 secs] [Times: user=0.06 sys=0.00, real=0.02 secs] 
2019-03-15T15:56:29.068+0900: 787.205: Total time for which application threads were stopped: 0.0174706 seconds, Stopping threads took: 0.0000740 seconds
2019-03-15T15:56:29.860+0900: 787.996: Application time: 0.7918341 seconds
2019-03-15T15:56:29.860+0900: 787.997: Total time for which application threads were stopped: 0.0001931 seconds, Stopping threads took: 0.0000728 seconds
2019-03-15T15:56:29.863+0900: 787.999: Application time: 0.0024281 seconds
2019-03-15T15:56:29.863+0900: 787.999: Total time for which application threads were stopped: 0.0002407 seconds, Stopping threads took: 0.0001580 seconds
2019-03-15T15:56:30.037+0900: 788.173: Application time: 0.1740019 seconds
2019-03-15T15:56:30.037+0900: 788.174: [GC (Allocation Failure) 2019-03-15T15:56:30.037+0900: 788.174: [ParNew: 220819K->8811K(235968K), 0.0206583 secs] 543066K->331060K(842580K), 0.0208564 secs] [Times: user=0.11 sys=0.00, real=0.02 secs] 
2019-03-15T15:56:30.058+0900: 788.194: Total time for which application threads were stopped: 0.0211317 seconds, Stopping threads took: 0.0000659 seconds
2019-03-15T15:56:30.859+0900: 788.996: Application time: 0.8011349 seconds
2019-03-15T15:56:30.859+0900: 788.996: Total time for which application threads were stopped: 0.0000877 seconds, Stopping threads took: 0.0000482 seconds
2019-03-15T15:56:30.883+0900: 789.019: Application time: 0.0233523 seconds
2019-03-15T15:56:30.883+0900: 789.019: [GC (Allocation Failure) 2019-03-15T15:56:30.883+0900: 789.019: [ParNew: 218603K->8586K(235968K), 0.0056904 secs] 540852K->330836K(842580K), 0.0057881 secs] [Times: user=0.00 sys=0.00, real=0.01 secs] 
2019-03-15T15:56:30.889+0900: 789.025: Total time for which application threads were stopped: 0.0059480 seconds, Stopping threads took: 0.0000653 seconds
2019-03-15T15:56:31.752+0900: 789.889: Application time: 0.8639541 seconds
2019-03-15T15:56:31.753+0900: 789.889: [GC (Allocation Failure) 2019-03-15T15:56:31.753+0900: 789.889: [ParNew: 218378K->6190K(235968K), 0.0085537 secs] 540628K->331201K(842580K), 0.0086684 secs] [Times: user=0.06 sys=0.00, real=0.01 secs] 
2019-03-15T15:56:31.761+0900: 789.898: Total time for which application threads were stopped: 0.0088401 seconds, Stopping threads took: 0.0000463 seconds
2019-03-15T15:56:31.861+0900: 789.997: Application time: 0.0994208 seconds
2019-03-15T15:56:31.861+0900: 789.997: Total time for which application threads were stopped: 0.0002258 seconds, Stopping threads took: 0.0001073 seconds
2019-03-15T15:56:32.687+0900: 790.823: Application time: 0.8257306 seconds
2019-03-15T15:56:32.687+0900: 790.823: [GC (Allocation Failure) 2019-03-15T15:56:32.687+0900: 790.823: [ParNew: 215982K->9237K(235968K), 0.0095533 secs] 540993K->334249K(842580K), 0.0096951 secs] [Times: user=0.06 sys=0.00, real=0.01 secs] 
2019-03-15T15:56:32.697+0900: 790.833: Total time for which application threads were stopped: 0.0098861 seconds, Stopping threads took: 0.0000460 seconds
2019-03-15T15:56:32.862+0900: 790.999: Application time: 0.1657962 seconds
2019-03-15T15:56:32.863+0900: 790.999: Total time for which application threads were stopped: 0.0002047 seconds, Stopping threads took: 0.0000865 seconds
2019-03-15T15:56:33.648+0900: 791.785: Application time: 0.7857642 seconds
2019-03-15T15:56:33.648+0900: 791.785: [GC (Allocation Failure) 2019-03-15T15:56:33.648+0900: 791.785: [ParNew: 219029K->11518K(235968K), 0.0068527 secs] 544041K->336531K(842580K), 0.0069703 secs] [Times: user=0.00 sys=0.00, real=0.01 secs] 
2019-03-15T15:56:33.655+0900: 791.792: Total time for which application threads were stopped: 0.0071283 seconds, Stopping threads took: 0.0000218 seconds
2019-03-15T15:56:33.862+0900: 791.998: Application time: 0.2063943 seconds
2019-03-15T15:56:33.862+0900: 791.999: Total time for which application threads were stopped: 0.0001720 seconds, Stopping threads took: 0.0000858 seconds
2019-03-15T15:56:34.569+0900: 792.706: Application time: 0.7075364 seconds
2019-03-15T15:56:34.570+0900: 792.706: [GC (Allocation Failure) 2019-03-15T15:56:34.570+0900: 792.706: [ParNew: 221310K->6330K(235968K), 0.0113106 secs] 546323K->334103K(842580K), 0.0114474 secs] [Times: user=0.06 sys=0.00, real=0.01 secs] 
2019-03-15T15:56:34.581+0900: 792.718: Total time for which application threads were stopped: 0.0116552 seconds, Stopping threads took: 0.0000473 seconds
2019-03-15T15:56:34.864+0900: 793.001: Application time: 0.2833554 seconds
2019-03-15T15:56:34.865+0900: 793.001: Total time for which application threads were stopped: 0.0002043 seconds, Stopping threads took: 0.0000855 seconds
2019-03-15T15:56:35.476+0900: 793.613: Application time: 0.6114320 seconds
2019-03-15T15:56:35.476+0900: 793.613: [GC (Allocation Failure) 2019-03-15T15:56:35.476+0900: 793.613: [ParNew: 216122K->8446K(235968K), 0.0099072 secs] 543895K->336221K(842580K), 0.0100046 secs] [Times: user=0.03 sys=0.00, real=0.01 secs] 
2019-03-15T15:56:35.486+0900: 793.623: Total time for which application threads were stopped: 0.0101209 seconds, Stopping threads took: 0.0000184 seconds
2019-03-15T15:56:35.863+0900: 794.000: Application time: 0.3767038 seconds
2019-03-15T15:56:35.863+0900: 794.000: Total time for which application threads were stopped: 0.0000638 seconds, Stopping threads took: 0.0000236 seconds
2019-03-15T15:56:36.312+0900: 794.448: Application time: 0.4486642 seconds
2019-03-15T15:56:36.312+0900: 794.448: [GC (Allocation Failure) 2019-03-15T15:56:36.312+0900: 794.448: [ParNew: 218238K->7188K(235968K), 0.0046093 secs] 546013K->334965K(842580K), 0.0047129 secs] [Times: user=0.00 sys=0.00, real=0.00 secs] 
2019-03-15T15:56:36.316+0900: 794.453: Total time for which application threads were stopped: 0.0048211 seconds, Stopping threads took: 0.0000202 seconds
2019-03-15T15:56:36.866+0900: 795.002: Application time: 0.5491630 seconds
2019-03-15T15:56:36.866+0900: 795.003: Total time for which application threads were stopped: 0.0002880 seconds, Stopping threads took: 0.0001518 seconds
2019-03-15T15:56:37.226+0900: 795.363: Application time: 0.3602775 seconds
2019-03-15T15:56:37.226+0900: 795.363: [GC (Allocation Failure) 2019-03-15T15:56:37.226+0900: 795.363: [ParNew: 216980K->8838K(235968K), 0.0116505 secs] 544757K->336614K(842580K), 0.0118007 secs] [Times: user=0.06 sys=0.00, real=0.01 secs] 
2019-03-15T15:56:37.238+0900: 795.375: Total time for which application threads were stopped: 0.0120094 seconds, Stopping threads took: 0.0000423 seconds
2019-03-15T15:56:37.864+0900: 796.001: Application time: 0.6256814 seconds
2019-03-15T15:56:37.864+0900: 796.001: Total time for which application threads were stopped: 0.0001095 seconds, Stopping threads took: 0.0000631 seconds
2019-03-15T15:56:38.064+0900: 796.201: Application time: 0.2000150 seconds
2019-03-15T15:56:38.064+0900: 796.201: [GC (Allocation Failure) 2019-03-15T15:56:38.064+0900: 796.201: [ParNew: 218630K->5887K(235968K), 0.0060957 secs] 546406K->336423K(842580K), 0.0061840 secs] [Times: user=0.00 sys=0.00, real=0.01 secs] 
2019-03-15T15:56:38.070+0900: 796.207: Total time for which application threads were stopped: 0.0063445 seconds, Stopping threads took: 0.0000656 seconds
2019-03-15T15:56:38.865+0900: 797.001: Application time: 0.7935484 seconds
2019-03-15T15:56:38.865+0900: 797.001: Total time for which application threads were stopped: 0.0000949 seconds, Stopping threads took: 0.0000516 seconds
2019-03-15T15:56:38.898+0900: 797.034: Application time: 0.0332957 seconds
2019-03-15T15:56:38.898+0900: 797.034: [GC (Allocation Failure) 2019-03-15T15:56:38.898+0900: 797.034: [ParNew: 215679K->6639K(235968K), 0.0043932 secs] 546215K->337177K(842580K), 0.0044970 secs] [Times: user=0.06 sys=0.00, real=0.01 secs] 
2019-03-15T15:56:38.903+0900: 797.039: Total time for which application threads were stopped: 0.0046675 seconds, Stopping threads took: 0.0000339 seconds
2019-03-15T15:56:39.819+0900: 797.955: Application time: 0.9162394 seconds
2019-03-15T15:56:39.819+0900: 797.955: [GC (Allocation Failure) 2019-03-15T15:56:39.819+0900: 797.955: [ParNew: 216431K->8354K(235968K), 0.0067563 secs] 546969K->338894K(842580K), 0.0068807 secs] [Times: user=0.06 sys=0.00, real=0.01 secs] 
2019-03-15T15:56:39.826+0900: 797.962: Total time for which application threads were stopped: 0.0070424 seconds, Stopping threads took: 0.0000404 seconds
2019-03-15T15:56:39.865+0900: 798.001: Application time: 0.0390446 seconds
2019-03-15T15:56:39.865+0900: 798.001: Total time for which application threads were stopped: 0.0000849 seconds, Stopping threads took: 0.0000383 seconds
2019-03-15T15:56:39.866+0900: 798.002: Application time: 0.0011442 seconds
2019-03-15T15:56:39.866+0900: 798.002: Total time for which application threads were stopped: 0.0000687 seconds, Stopping threads took: 0.0000426 seconds
2019-03-15T15:56:40.706+0900: 798.842: Application time: 0.8397079 seconds
2019-03-15T15:56:40.706+0900: 798.842: [GC (Allocation Failure) 2019-03-15T15:56:40.706+0900: 798.842: [ParNew: 218146K->5450K(235968K), 0.0065600 secs] 548686K->338750K(842580K), 0.0066499 secs] [Times: user=0.05 sys=0.00, real=0.01 secs] 
2019-03-15T15:56:40.713+0900: 798.849: Total time for which application threads were stopped: 0.0067793 seconds, Stopping threads took: 0.0000355 seconds
2019-03-15T15:56:40.866+0900: 799.002: Application time: 0.1531007 seconds
2019-03-15T15:56:40.866+0900: 799.002: Total time for which application threads were stopped: 0.0001210 seconds, Stopping threads took: 0.0000731 seconds
2019-03-15T15:56:41.543+0900: 799.679: Application time: 0.6771441 seconds
2019-03-15T15:56:41.543+0900: 799.679: [GC (Allocation Failure) 2019-03-15T15:56:41.544+0900: 799.680: [ParNew: 215242K->6749K(235968K), 0.0111762 secs] 548542K->340050K(842580K), 0.0113840 secs] [Times: user=0.06 sys=0.00, real=0.01 secs] 
2019-03-15T15:56:41.555+0900: 799.691: Total time for which application threads were stopped: 0.0116847 seconds, Stopping threads took: 0.0000880 seconds
2019-03-15T15:56:41.868+0900: 800.004: Application time: 0.3135666 seconds
2019-03-15T15:56:41.869+0900: 800.005: Total time for which application threads were stopped: 0.0001465 seconds, Stopping threads took: 0.0000622 seconds
2019-03-15T15:56:42.455+0900: 800.591: Application time: 0.5860142 seconds
2019-03-15T15:56:42.455+0900: 800.591: [GC (Allocation Failure) 2019-03-15T15:56:42.455+0900: 800.591: [ParNew: 216541K->4972K(235968K), 0.0061199 secs] 549842K->338275K(842580K), 0.0062459 secs] [Times: user=0.06 sys=0.00, real=0.01 secs] 
2019-03-15T15:56:42.461+0900: 800.597: Total time for which application threads were stopped: 0.0064356 seconds, Stopping threads took: 0.0000445 seconds
2019-03-15T15:56:42.869+0900: 801.005: Application time: 0.4077725 seconds
2019-03-15T15:56:42.869+0900: 801.005: Total time for which application threads were stopped: 0.0001387 seconds, Stopping threads took: 0.0000656 seconds
2019-03-15T15:56:43.367+0900: 801.503: Application time: 0.4976807 seconds
2019-03-15T15:56:43.367+0900: 801.503: [GC (Allocation Failure) 2019-03-15T15:56:43.367+0900: 801.503: [ParNew: 214764K->7587K(235968K), 0.0059091 secs] 548067K->340892K(842580K), 0.0060437 secs] [Times: user=0.00 sys=0.00, real=0.01 secs] 
2019-03-15T15:56:43.373+0900: 801.509: Total time for which application threads were stopped: 0.0061937 seconds, Stopping threads took: 0.0000339 seconds
2019-03-15T15:56:43.869+0900: 802.005: Application time: 0.4965803 seconds
2019-03-15T15:56:43.869+0900: 802.006: Total time for which application threads were stopped: 0.0000973 seconds, Stopping threads took: 0.0000423 seconds
2019-03-15T15:56:44.265+0900: 802.401: Application time: 0.3957379 seconds
2019-03-15T15:56:44.265+0900: 802.401: [GC (Allocation Failure) 2019-03-15T15:56:44.265+0900: 802.402: [ParNew: 217379K->7191K(235968K), 0.0118471 secs] 550684K->340497K(842580K), 0.0120377 secs] [Times: user=0.06 sys=0.00, real=0.01 secs] 
2019-03-15T15:56:44.277+0900: 802.414: Total time for which application threads were stopped: 0.0123161 seconds, Stopping threads took: 0.0000641 seconds
2019-03-15T15:56:44.871+0900: 803.007: Application time: 0.5937798 seconds
2019-03-15T15:56:44.872+0900: 803.008: Total time for which application threads were stopped: 0.0003001 seconds, Stopping threads took: 0.0001564 seconds
2019-03-15T15:56:45.279+0900: 803.415: Application time: 0.4075523 seconds
2019-03-15T15:56:45.279+0900: 803.415: [GC (Allocation Failure) 2019-03-15T15:56:45.279+0900: 803.415: [ParNew: 216983K->7282K(235968K), 0.0060248 secs] 550289K->340588K(842580K), 0.0061607 secs] [Times: user=0.05 sys=0.00, real=0.01 secs] 
2019-03-15T15:56:45.285+0900: 803.422: Total time for which application threads were stopped: 0.0063221 seconds, Stopping threads took: 0.0000292 seconds
2019-03-15T15:56:45.870+0900: 804.006: Application time: 0.5845170 seconds
2019-03-15T15:56:45.870+0900: 804.006: Total time for which application threads were stopped: 0.0001281 seconds, Stopping threads took: 0.0000809 seconds
2019-03-15T15:56:46.100+0900: 804.236: Application time: 0.2301401 seconds
2019-03-15T15:56:46.100+0900: 804.236: [GC (Allocation Failure) 2019-03-15T15:56:46.100+0900: 804.237: [ParNew: 217074K->6120K(235968K), 0.0051306 secs] 550380K->339429K(842580K), 0.0052379 secs] [Times: user=0.00 sys=0.00, real=0.01 secs] 
2019-03-15T15:56:46.106+0900: 804.242: Total time for which application threads were stopped: 0.0053626 seconds, Stopping threads took: 0.0000205 seconds
2019-03-15T15:56:46.870+0900: 805.006: Application time: 0.7645172 seconds
2019-03-15T15:56:46.870+0900: 805.006: Total time for which application threads were stopped: 0.0000737 seconds, Stopping threads took: 0.0000221 seconds
2019-03-15T15:56:46.933+0900: 805.070: Application time: 0.0633001 seconds
2019-03-15T15:56:46.933+0900: 805.070: [GC (Allocation Failure) 2019-03-15T15:56:46.934+0900: 805.070: [ParNew: 215912K->6521K(235968K), 0.0096161 secs] 549221K->342589K(842580K), 0.0097359 secs] [Times: user=0.00 sys=0.02, real=0.01 secs] 
2019-03-15T15:56:46.943+0900: 805.080: Total time for which application threads were stopped: 0.0099048 seconds, Stopping threads took: 0.0000404 seconds
2019-03-15T15:56:47.785+0900: 805.921: Application time: 0.8419217 seconds
2019-03-15T15:56:47.785+0900: 805.922: [GC (Allocation Failure) 2019-03-15T15:56:47.785+0900: 805.922: [ParNew: 216313K->7060K(235968K), 0.0046849 secs] 552381K->343130K(842580K), 0.0048227 secs] [Times: user=0.00 sys=0.00, real=0.00 secs] 
2019-03-15T15:56:47.790+0900: 805.926: Total time for which application threads were stopped: 0.0049462 seconds, Stopping threads took: 0.0000339 seconds
2019-03-15T15:56:47.870+0900: 806.006: Application time: 0.0795637 seconds
2019-03-15T15:56:47.870+0900: 806.006: Total time for which application threads were stopped: 0.0000628 seconds, Stopping threads took: 0.0000227 seconds
2019-03-15T15:56:48.640+0900: 806.776: Application time: 0.7699492 seconds
2019-03-15T15:56:48.640+0900: 806.776: [GC (Allocation Failure) 2019-03-15T15:56:48.640+0900: 806.776: [ParNew: 216852K->8180K(235968K), 0.0115152 secs] 552922K->344252K(842580K), 0.0116726 secs] [Times: user=0.05 sys=0.00, real=0.01 secs] 
2019-03-15T15:56:48.652+0900: 806.788: Total time for which application threads were stopped: 0.0119121 seconds, Stopping threads took: 0.0000575 seconds
2019-03-15T15:56:48.871+0900: 807.007: Application time: 0.2189642 seconds
2019-03-15T15:56:48.871+0900: 807.007: Total time for which application threads were stopped: 0.0001061 seconds, Stopping threads took: 0.0000364 seconds
2019-03-15T15:56:49.531+0900: 807.667: Application time: 0.6604579 seconds
2019-03-15T15:56:49.531+0900: 807.668: [GC (Allocation Failure) 2019-03-15T15:56:49.531+0900: 807.668: [ParNew: 217972K->5360K(235968K), 0.0187533 secs] 554044K->344191K(842580K), 0.0190068 secs] [Times: user=0.06 sys=0.00, real=0.02 secs] 
2019-03-15T15:56:49.551+0900: 807.687: Total time for which application threads were stopped: 0.0195361 seconds, Stopping threads took: 0.0001042 seconds
2019-03-15T15:56:49.872+0900: 808.009: Application time: 0.3215337 seconds
2019-03-15T15:56:49.872+0900: 808.009: Total time for which application threads were stopped: 0.0000821 seconds, Stopping threads took: 0.0000252 seconds
2019-03-15T15:56:49.874+0900: 808.010: Application time: 0.0017529 seconds
2019-03-15T15:56:49.874+0900: 808.010: Total time for which application threads were stopped: 0.0000532 seconds, Stopping threads took: 0.0000202 seconds
2019-03-15T15:56:50.452+0900: 808.588: Application time: 0.5775576 seconds
2019-03-15T15:56:50.452+0900: 808.588: [GC (Allocation Failure) 2019-03-15T15:56:50.452+0900: 808.588: [ParNew: 215152K->4237K(235968K), 0.0046308 secs] 553983K->343070K(842580K), 0.0047316 secs] [Times: user=0.00 sys=0.00, real=0.00 secs] 
2019-03-15T15:56:50.456+0900: 808.593: Total time for which application threads were stopped: 0.0048488 seconds, Stopping threads took: 0.0000215 seconds
2019-03-15T15:56:50.872+0900: 809.008: Application time: 0.4155200 seconds
2019-03-15T15:56:50.872+0900: 809.008: Total time for which application threads were stopped: 0.0000572 seconds, Stopping threads took: 0.0000177 seconds
2019-03-15T15:56:51.271+0900: 809.408: Application time: 0.3994294 seconds
2019-03-15T15:56:51.271+0900: 809.408: [GC (Allocation Failure) 2019-03-15T15:56:51.272+0900: 809.408: [ParNew: 214029K->6207K(235968K), 0.0044330 secs] 552862K->345042K(842580K), 0.0046075 secs] [Times: user=0.00 sys=0.00, real=0.01 secs] 
2019-03-15T15:56:51.276+0900: 809.413: Total time for which application threads were stopped: 0.0047207 seconds, Stopping threads took: 0.0000187 seconds
2019-03-15T15:56:51.872+0900: 810.009: Application time: 0.5959874 seconds
2019-03-15T15:56:51.872+0900: 810.009: Total time for which application threads were stopped: 0.0000737 seconds, Stopping threads took: 0.0000339 seconds
2019-03-15T15:56:52.120+0900: 810.256: Application time: 0.2475436 seconds
2019-03-15T15:56:52.120+0900: 810.256: [GC (Allocation Failure) 2019-03-15T15:56:52.120+0900: 810.256: [ParNew: 215999K->8711K(235968K), 0.0047686 secs] 554834K->347547K(842580K), 0.0048712 secs] [Times: user=0.00 sys=0.00, real=0.01 secs] 
2019-03-15T15:56:52.125+0900: 810.261: Total time for which application threads were stopped: 0.0049797 seconds, Stopping threads took: 0.0000199 seconds
2019-03-15T15:56:52.872+0900: 811.008: Application time: 0.7472717 seconds
2019-03-15T15:56:52.872+0900: 811.009: Total time for which application threads were stopped: 0.0000750 seconds, Stopping threads took: 0.0000342 seconds
2019-03-15T15:56:53.058+0900: 811.195: Application time: 0.1860237 seconds
2019-03-15T15:56:53.058+0900: 811.195: [GC (Allocation Failure) 2019-03-15T15:56:53.058+0900: 811.195: [ParNew: 218503K->5519K(235968K), 0.0125693 secs] 557339K->344355K(842580K), 0.0127907 secs] [Times: user=0.06 sys=0.00, real=0.01 secs] 
2019-03-15T15:56:53.071+0900: 811.208: Total time for which application threads were stopped: 0.0131300 seconds, Stopping threads took: 0.0000896 seconds
2019-03-15T15:56:53.873+0900: 812.010: Application time: 0.8019874 seconds
2019-03-15T15:56:53.873+0900: 812.010: Total time for which application threads were stopped: 0.0000790 seconds, Stopping threads took: 0.0000317 seconds
2019-03-15T15:56:53.989+0900: 812.125: Application time: 0.1155257 seconds
2019-03-15T15:56:53.989+0900: 812.126: [GC (Allocation Failure) 2019-03-15T15:56:53.989+0900: 812.126: [ParNew: 215311K->9887K(235968K), 0.0140516 secs] 554147K->348726K(842580K), 0.0142525 secs] [Times: user=0.06 sys=0.00, real=0.01 secs] 
2019-03-15T15:56:54.003+0900: 812.140: Total time for which application threads were stopped: 0.0145302 seconds, Stopping threads took: 0.0000697 seconds
2019-03-15T15:56:54.875+0900: 813.012: Application time: 0.8719809 seconds
2019-03-15T15:56:54.875+0900: 813.012: Total time for which application threads were stopped: 0.0002323 seconds, Stopping threads took: 0.0000936 seconds
2019-03-15T15:56:54.949+0900: 813.086: Application time: 0.0737610 seconds
2019-03-15T15:56:54.949+0900: 813.086: [GC (Allocation Failure) 2019-03-15T15:56:54.949+0900: 813.086: [ParNew: 219679K->11018K(235968K), 0.0054214 secs] 558518K->349857K(842580K), 0.0055243 secs] [Times: user=0.06 sys=0.00, real=0.01 secs] 
2019-03-15T15:56:54.955+0900: 813.092: Total time for which application threads were stopped: 0.0056677 seconds, Stopping threads took: 0.0000507 seconds
2019-03-15T15:56:55.829+0900: 813.964: Application time: 0.8728331 seconds
2019-03-15T15:56:55.829+0900: 813.964: [GC (Allocation Failure) 2019-03-15T15:56:55.829+0900: 813.964: [ParNew: 220810K->6698K(235968K), 0.0060683 secs] 559649K->348297K(842580K), 0.0061563 secs] [Times: user=0.00 sys=0.00, real=0.01 secs] 
2019-03-15T15:56:55.835+0900: 813.971: Total time for which application threads were stopped: 0.0062857 seconds, Stopping threads took: 0.0000361 seconds
2019-03-15T15:56:55.875+0900: 814.010: Application time: 0.0398433 seconds
2019-03-15T15:56:55.875+0900: 814.011: Total time for which application threads were stopped: 0.0000709 seconds, Stopping threads took: 0.0000302 seconds
2019-03-15T15:56:56.655+0900: 814.791: Application time: 0.7803239 seconds
2019-03-15T15:56:56.655+0900: 814.791: [GC (Allocation Failure) 2019-03-15T15:56:56.655+0900: 814.791: [ParNew: 216490K->6031K(235968K), 0.0146696 secs] 558089K->347632K(842580K), 0.0148777 secs] [Times: user=0.06 sys=0.00, real=0.02 secs] 
2019-03-15T15:56:56.670+0900: 814.806: Total time for which application threads were stopped: 0.0151828 seconds, Stopping threads took: 0.0000896 seconds
2019-03-15T15:56:56.876+0900: 815.011: Application time: 0.2052516 seconds
2019-03-15T15:56:56.876+0900: 815.011: Total time for which application threads were stopped: 0.0001409 seconds, Stopping threads took: 0.0000737 seconds
2019-03-15T15:56:57.607+0900: 815.743: Application time: 0.7310629 seconds
2019-03-15T15:56:57.607+0900: 815.743: [GC (Allocation Failure) 2019-03-15T15:56:57.607+0900: 815.743: [ParNew: 215823K->8428K(235968K), 0.0120816 secs] 557424K->350031K(842580K), 0.0122710 secs] [Times: user=0.00 sys=0.00, real=0.01 secs] 
2019-03-15T15:56:57.619+0900: 815.755: Total time for which application threads were stopped: 0.0125500 seconds, Stopping threads took: 0.0000641 seconds
2019-03-15T15:56:57.876+0900: 816.012: Application time: 0.2570204 seconds
2019-03-15T15:56:57.876+0900: 816.012: Total time for which application threads were stopped: 0.0000964 seconds, Stopping threads took: 0.0000429 seconds
2019-03-15T15:56:58.550+0900: 816.686: Application time: 0.6737820 seconds
2019-03-15T15:56:58.550+0900: 816.686: [GC (Allocation Failure) 2019-03-15T15:56:58.550+0900: 816.686: [ParNew: 218220K->8240K(235968K), 0.0051604 secs] 559823K->349845K(842580K), 0.0052597 secs] [Times: user=0.00 sys=0.00, real=0.01 secs] 
2019-03-15T15:56:58.556+0900: 816.691: Total time for which application threads were stopped: 0.0053984 seconds, Stopping threads took: 0.0000320 seconds
2019-03-15T15:56:58.878+0900: 817.014: Application time: 0.3226970 seconds
2019-03-15T15:56:58.878+0900: 817.014: Total time for which application threads were stopped: 0.0001543 seconds, Stopping threads took: 0.0000737 seconds
2019-03-15T15:56:59.469+0900: 817.605: Application time: 0.5909622 seconds
2019-03-15T15:56:59.469+0900: 817.605: [GC (Allocation Failure) 2019-03-15T15:56:59.469+0900: 817.605: [ParNew: 218032K->8016K(235968K), 0.0115958 secs] 559637K->352380K(842580K), 0.0117186 secs] [Times: user=0.06 sys=0.00, real=0.01 secs] 
2019-03-15T15:56:59.481+0900: 817.617: Total time for which application threads were stopped: 0.0119052 seconds, Stopping threads took: 0.0000460 seconds
2019-03-15T15:56:59.879+0900: 818.015: Application time: 0.3982429 seconds
2019-03-15T15:56:59.880+0900: 818.016: Total time for which application threads were stopped: 0.0003154 seconds, Stopping threads took: 0.0001807 seconds
2019-03-15T15:56:59.883+0900: 818.019: Application time: 0.0030321 seconds
2019-03-15T15:56:59.883+0900: 818.019: Total time for which application threads were stopped: 0.0001421 seconds, Stopping threads took: 0.0000653 seconds
2019-03-15T15:57:00.468+0900: 818.604: Application time: 0.5851645 seconds
2019-03-15T15:57:00.468+0900: 818.604: [GC (Allocation Failure) 2019-03-15T15:57:00.468+0900: 818.604: [ParNew: 217808K->7952K(235968K), 0.0069006 secs] 562172K->352318K(842580K), 0.0069933 secs] [Times: user=0.05 sys=0.00, real=0.01 secs] 
2019-03-15T15:57:00.475+0900: 818.611: Total time for which application threads were stopped: 0.0071619 seconds, Stopping threads took: 0.0000690 seconds
2019-03-15T15:57:00.879+0900: 819.015: Application time: 0.4034892 seconds
2019-03-15T15:57:00.879+0900: 819.015: Total time for which application threads were stopped: 0.0001191 seconds, Stopping threads took: 0.0000731 seconds
2019-03-15T15:57:01.303+0900: 819.439: Application time: 0.4237555 seconds
2019-03-15T15:57:01.303+0900: 819.439: [GC (Allocation Failure) 2019-03-15T15:57:01.303+0900: 819.439: [ParNew: 217744K->6083K(235968K), 0.0047216 secs] 562110K->350449K(842580K), 0.0048140 secs] [Times: user=0.00 sys=0.00, real=0.01 secs] 
2019-03-15T15:57:01.308+0900: 819.444: Total time for which application threads were stopped: 0.0049630 seconds, Stopping threads took: 0.0000330 seconds
2019-03-15T15:57:01.882+0900: 820.018: Application time: 0.5740200 seconds
2019-03-15T15:57:01.882+0900: 820.018: Total time for which application threads were stopped: 0.0001903 seconds, Stopping threads took: 0.0000694 seconds
2019-03-15T15:57:02.193+0900: 820.329: Application time: 0.3116066 seconds
2019-03-15T15:57:02.193+0900: 820.330: [GC (Allocation Failure) 2019-03-15T15:57:02.193+0900: 820.330: [ParNew: 215875K->7934K(235968K), 0.0066017 secs] 560241K->355060K(842580K), 0.0067037 secs] [Times: user=0.00 sys=0.00, real=0.01 secs] 
2019-03-15T15:57:02.200+0900: 820.336: Total time for which application threads were stopped: 0.0068257 seconds, Stopping threads took: 0.0000249 seconds
2019-03-15T15:57:02.880+0900: 821.016: Application time: 0.6796121 seconds
2019-03-15T15:57:02.880+0900: 821.016: Total time for which application threads were stopped: 0.0001135 seconds, Stopping threads took: 0.0000666 seconds
2019-03-15T15:57:03.043+0900: 821.179: Application time: 0.1630568 seconds
2019-03-15T15:57:03.043+0900: 821.179: [GC (Allocation Failure) 2019-03-15T15:57:03.043+0900: 821.179: [ParNew: 217726K->9601K(235968K), 0.0060792 secs] 564852K->356729K(842580K), 0.0061943 secs] [Times: user=0.06 sys=0.00, real=0.01 secs] 
2019-03-15T15:57:03.049+0900: 821.185: Total time for which application threads were stopped: 0.0063346 seconds, Stopping threads took: 0.0000323 seconds
2019-03-15T15:57:03.881+0900: 822.017: Application time: 0.8316886 seconds
2019-03-15T15:57:03.881+0900: 822.017: Total time for which application threads were stopped: 0.0001412 seconds, Stopping threads took: 0.0000622 seconds
2019-03-15T15:57:03.994+0900: 822.130: Application time: 0.1131563 seconds
2019-03-15T15:57:03.994+0900: 822.131: [GC (Allocation Failure) 2019-03-15T15:57:03.994+0900: 822.131: [ParNew: 219393K->8907K(235968K), 0.0137897 secs] 566521K->356036K(842580K), 0.0139623 secs] [Times: user=0.06 sys=0.00, real=0.01 secs] 
2019-03-15T15:57:04.008+0900: 822.145: Total time for which application threads were stopped: 0.0142485 seconds, Stopping threads took: 0.0000774 seconds
2019-03-15T15:57:04.881+0900: 823.017: Application time: 0.8724129 seconds
2019-03-15T15:57:04.881+0900: 823.017: Total time for which application threads were stopped: 0.0000759 seconds, Stopping threads took: 0.0000336 seconds
2019-03-15T15:57:04.910+0900: 823.046: Application time: 0.0288465 seconds
2019-03-15T15:57:04.910+0900: 823.046: [GC (Allocation Failure) 2019-03-15T15:57:04.910+0900: 823.046: [ParNew: 218699K->10397K(235968K), 0.0068213 secs] 565828K->357528K(842580K), 0.0069345 secs] [Times: user=0.00 sys=0.00, real=0.01 secs] 
2019-03-15T15:57:04.917+0900: 823.053: Total time for which application threads were stopped: 0.0070760 seconds, Stopping threads took: 0.0000364 seconds
2019-03-15T15:57:05.780+0900: 823.916: Application time: 0.8633305 seconds
2019-03-15T15:57:05.780+0900: 823.916: [GC (Allocation Failure) 2019-03-15T15:57:05.780+0900: 823.917: [ParNew: 220189K->8627K(235968K), 0.0095272 secs] 567320K->358517K(842580K), 0.0096037 secs] [Times: user=0.00 sys=0.00, real=0.01 secs] 
2019-03-15T15:57:05.790+0900: 823.926: Total time for which application threads were stopped: 0.0097331 seconds, Stopping threads took: 0.0000327 seconds
2019-03-15T15:57:05.881+0900: 824.017: Application time: 0.0910161 seconds
2019-03-15T15:57:05.881+0900: 824.017: Total time for which application threads were stopped: 0.0000687 seconds, Stopping threads took: 0.0000299 seconds
2019-03-15T15:57:06.605+0900: 824.741: Application time: 0.7240534 seconds
2019-03-15T15:57:06.605+0900: 824.741: [GC (Allocation Failure) 2019-03-15T15:57:06.605+0900: 824.741: [ParNew: 218419K->7634K(235968K), 0.0055928 secs] 568309K->357526K(842580K), 0.0056926 secs] [Times: user=0.05 sys=0.00, real=0.01 secs] 
2019-03-15T15:57:06.611+0900: 824.747: Total time for which application threads were stopped: 0.0058363 seconds, Stopping threads took: 0.0000501 seconds
2019-03-15T15:57:06.883+0900: 825.020: Application time: 0.2725595 seconds
2019-03-15T15:57:06.884+0900: 825.020: Total time for which application threads were stopped: 0.0002093 seconds, Stopping threads took: 0.0000852 seconds
2019-03-15T15:57:07.558+0900: 825.695: Application time: 0.6749268 seconds
2019-03-15T15:57:07.559+0900: 825.695: [GC (Allocation Failure) 2019-03-15T15:57:07.559+0900: 825.695: [ParNew: 217426K->10237K(235968K), 0.0162639 secs] 567318K->360131K(842580K), 0.0164253 secs] [Times: user=0.06 sys=0.00, real=0.02 secs] 
2019-03-15T15:57:07.575+0900: 825.712: Total time for which application threads were stopped: 0.0166813 seconds, Stopping threads took: 0.0000544 seconds
2019-03-15T15:57:07.884+0900: 826.021: Application time: 0.3092133 seconds
2019-03-15T15:57:07.885+0900: 826.021: Total time for which application threads were stopped: 0.0002099 seconds, Stopping threads took: 0.0000840 seconds
2019-03-15T15:57:08.540+0900: 826.676: Application time: 0.6552959 seconds
2019-03-15T15:57:08.540+0900: 826.676: [GC (Allocation Failure) 2019-03-15T15:57:08.540+0900: 826.676: [ParNew: 220029K->11570K(235968K), 0.0090610 secs] 569923K->364223K(842580K), 0.0091695 secs] [Times: user=0.00 sys=0.00, real=0.01 secs] 
2019-03-15T15:57:08.549+0900: 826.686: Total time for which application threads were stopped: 0.0093185 seconds, Stopping threads took: 0.0000386 seconds
2019-03-15T15:57:08.885+0900: 827.022: Application time: 0.3360867 seconds
2019-03-15T15:57:08.885+0900: 827.022: Total time for which application threads were stopped: 0.0002006 seconds, Stopping threads took: 0.0000855 seconds
2019-03-15T15:57:09.518+0900: 827.655: Application time: 0.6327006 seconds
2019-03-15T15:57:09.518+0900: 827.655: [GC (Allocation Failure) 2019-03-15T15:57:09.518+0900: 827.655: [ParNew: 221362K->7517K(235968K), 0.0202910 secs] 574015K->360172K(842580K), 0.0205588 secs] [Times: user=0.13 sys=0.00, real=0.02 secs] 
2019-03-15T15:57:09.539+0900: 827.675: Total time for which application threads were stopped: 0.0208533 seconds, Stopping threads took: 0.0000896 seconds
2019-03-15T15:57:09.885+0900: 828.022: Application time: 0.3461718 seconds
2019-03-15T15:57:09.885+0900: 828.022: Total time for which application threads were stopped: 0.0001390 seconds, Stopping threads took: 0.0000432 seconds
2019-03-15T15:57:09.887+0900: 828.024: Application time: 0.0017912 seconds
2019-03-15T15:57:09.887+0900: 828.024: Total time for which application threads were stopped: 0.0001104 seconds, Stopping threads took: 0.0000659 seconds
2019-03-15T15:57:10.500+0900: 828.636: Application time: 0.6124236 seconds
2019-03-15T15:57:10.500+0900: 828.636: [GC (Allocation Failure) 2019-03-15T15:57:10.500+0900: 828.636: [ParNew: 217309K->7601K(235968K), 0.0097912 secs] 569964K->360258K(842580K), 0.0098911 secs] [Times: user=0.03 sys=0.00, real=0.01 secs] 
2019-03-15T15:57:10.510+0900: 828.646: Total time for which application threads were stopped: 0.0100233 seconds, Stopping threads took: 0.0000351 seconds
2019-03-15T15:57:10.885+0900: 829.021: Application time: 0.3752628 seconds
2019-03-15T15:57:10.885+0900: 829.022: Total time for which application threads were stopped: 0.0001207 seconds, Stopping threads took: 0.0000737 seconds
2019-03-15T15:57:11.324+0900: 829.461: Application time: 0.4391315 seconds
2019-03-15T15:57:11.324+0900: 829.461: [GC (Allocation Failure) 2019-03-15T15:57:11.324+0900: 829.461: [ParNew: 217393K->6011K(235968K), 0.0066325 secs] 570050K->361426K(842580K), 0.0067628 secs] [Times: user=0.00 sys=0.00, real=0.01 secs] 
2019-03-15T15:57:11.331+0900: 829.468: Total time for which application threads were stopped: 0.0069908 seconds, Stopping threads took: 0.0000700 seconds
2019-03-15T15:57:11.887+0900: 830.024: Application time: 0.5564269 seconds
2019-03-15T15:57:11.888+0900: 830.024: Total time for which application threads were stopped: 0.0001891 seconds, Stopping threads took: 0.0000768 seconds
2019-03-15T15:57:12.253+0900: 830.389: Application time: 0.3648794 seconds
2019-03-15T15:57:12.253+0900: 830.389: [GC (Allocation Failure) 2019-03-15T15:57:12.253+0900: 830.389: [ParNew: 215803K->7136K(235968K), 0.0152531 secs] 571218K->362552K(842580K), 0.0154285 secs] [Times: user=0.06 sys=0.00, real=0.01 secs] 
2019-03-15T15:57:12.268+0900: 830.405: Total time for which application threads were stopped: 0.0156689 seconds, Stopping threads took: 0.0000479 seconds
2019-03-15T15:57:12.887+0900: 831.023: Application time: 0.6186238 seconds
2019-03-15T15:57:12.887+0900: 831.024: Total time for which application threads were stopped: 0.0001313 seconds, Stopping threads took: 0.0000566 seconds
2019-03-15T15:57:13.189+0900: 831.325: Application time: 0.3016210 seconds
2019-03-15T15:57:13.189+0900: 831.325: [GC (Allocation Failure) 2019-03-15T15:57:13.189+0900: 831.325: [ParNew: 216928K->10159K(235968K), 0.0093188 secs] 572344K->365577K(842580K), 0.0094488 secs] [Times: user=0.00 sys=0.00, real=0.01 secs] 
2019-03-15T15:57:13.198+0900: 831.335: Total time for which application threads were stopped: 0.0096279 seconds, Stopping threads took: 0.0000249 seconds
2019-03-15T15:57:13.889+0900: 832.025: Application time: 0.6903454 seconds
2019-03-15T15:57:13.890+0900: 832.025: Total time for which application threads were stopped: 0.0001810 seconds, Stopping threads took: 0.0000886 seconds
2019-03-15T15:57:14.188+0900: 832.324: Application time: 0.2981005 seconds
2019-03-15T15:57:14.188+0900: 832.324: [GC (Allocation Failure) 2019-03-15T15:57:14.188+0900: 832.324: [ParNew: 219951K->6420K(235968K), 0.0150854 secs] 575369K->361840K(842580K), 0.0153358 secs] [Times: user=0.06 sys=0.00, real=0.02 secs] 
2019-03-15T15:57:14.203+0900: 832.339: Total time for which application threads were stopped: 0.0156807 seconds, Stopping threads took: 0.0000722 seconds
2019-03-15T15:57:14.891+0900: 833.027: Application time: 0.6879493 seconds
2019-03-15T15:57:14.892+0900: 833.027: Total time for which application threads were stopped: 0.0002152 seconds, Stopping threads took: 0.0000946 seconds
2019-03-15T15:57:15.204+0900: 833.340: Application time: 0.3122159 seconds
2019-03-15T15:57:15.204+0900: 833.340: [GC (Allocation Failure) 2019-03-15T15:57:15.204+0900: 833.340: [ParNew: 216212K->8698K(235968K), 0.0141971 secs] 571632K->366877K(842580K), 0.0143471 secs] [Times: user=0.06 sys=0.00, real=0.01 secs] 
2019-03-15T15:57:15.218+0900: 833.354: Total time for which application threads were stopped: 0.0145760 seconds, Stopping threads took: 0.0000541 seconds
2019-03-15T15:57:15.890+0900: 834.026: Application time: 0.6715448 seconds
2019-03-15T15:57:15.890+0900: 834.026: Total time for which application threads were stopped: 0.0001020 seconds, Stopping threads took: 0.0000588 seconds
2019-03-15T15:57:16.054+0900: 834.189: Application time: 0.1635659 seconds
2019-03-15T15:57:16.054+0900: 834.190: [GC (Allocation Failure) 2019-03-15T15:57:16.054+0900: 834.190: [ParNew: 218490K->3269K(235968K), 0.0031345 secs] 576669K->361451K(842580K), 0.0032321 secs] [Times: user=0.00 sys=0.00, real=0.00 secs] 
2019-03-15T15:57:16.057+0900: 834.193: Total time for which application threads were stopped: 0.0033640 seconds, Stopping threads took: 0.0000364 seconds
2019-03-15T15:57:16.878+0900: 835.014: Application time: 0.8209624 seconds
2019-03-15T15:57:16.878+0900: 835.014: [GC (Allocation Failure) 2019-03-15T15:57:16.878+0900: 835.014: [ParNew: 213061K->3501K(235968K), 0.0075730 secs] 571243K->361684K(842580K), 0.0077279 secs] [Times: user=0.00 sys=0.00, real=0.01 secs] 
2019-03-15T15:57:16.886+0900: 835.022: Total time for which application threads were stopped: 0.0079547 seconds, Stopping threads took: 0.0000519 seconds
2019-03-15T15:57:16.890+0900: 835.026: Application time: 0.0041618 seconds
2019-03-15T15:57:16.890+0900: 835.026: Total time for which application threads were stopped: 0.0001033 seconds, Stopping threads took: 0.0000572 seconds
2019-03-15T15:57:17.859+0900: 835.995: Application time: 0.9687571 seconds
2019-03-15T15:57:17.859+0900: 835.995: [GC (Allocation Failure) 2019-03-15T15:57:17.859+0900: 835.995: [ParNew: 213293K->5532K(235968K), 0.0206906 secs] 571476K->366475K(842580K), 0.0208629 secs] [Times: user=0.06 sys=0.00, real=0.02 secs] 
2019-03-15T15:57:17.880+0900: 836.016: Total time for which application threads were stopped: 0.0211366 seconds, Stopping threads took: 0.0000877 seconds
2019-03-15T15:57:17.890+0900: 836.026: Application time: 0.0100080 seconds
2019-03-15T15:57:17.890+0900: 836.026: Total time for which application threads were stopped: 0.0001418 seconds, Stopping threads took: 0.0000600 seconds
2019-03-15T15:57:18.836+0900: 836.972: Application time: 0.9458299 seconds
2019-03-15T15:57:18.836+0900: 836.972: [GC (Allocation Failure) 2019-03-15T15:57:18.836+0900: 836.972: [ParNew: 215324K->4544K(235968K), 0.0058543 secs] 576267K->365488K(842580K), 0.0059893 secs] [Times: user=0.00 sys=0.00, real=0.01 secs] 
2019-03-15T15:57:18.842+0900: 836.978: Total time for which application threads were stopped: 0.0061831 seconds, Stopping threads took: 0.0000529 seconds
2019-03-15T15:57:18.891+0900: 837.027: Application time: 0.0487076 seconds
2019-03-15T15:57:18.891+0900: 837.027: Total time for which application threads were stopped: 0.0000902 seconds, Stopping threads took: 0.0000342 seconds
2019-03-15T15:57:19.756+0900: 837.892: Application time: 0.8650315 seconds
2019-03-15T15:57:19.756+0900: 837.892: [GC (Allocation Failure) 2019-03-15T15:57:19.756+0900: 837.892: [ParNew: 214336K->4637K(235968K), 0.0119466 secs] 575280K->365583K(842580K), 0.0121332 secs] [Times: user=0.06 sys=0.00, real=0.01 secs] 
2019-03-15T15:57:19.768+0900: 837.904: Total time for which application threads were stopped: 0.0124032 seconds, Stopping threads took: 0.0000756 seconds
2019-03-15T15:57:19.893+0900: 838.029: Application time: 0.1250896 seconds
2019-03-15T15:57:19.894+0900: 838.030: Total time for which application threads were stopped: 0.0002165 seconds, Stopping threads took: 0.0000849 seconds
2019-03-15T15:57:19.896+0900: 838.032: Application time: 0.0026536 seconds
2019-03-15T15:57:19.896+0900: 838.032: Total time for which application threads were stopped: 0.0001496 seconds, Stopping threads took: 0.0000806 seconds
2019-03-15T15:57:20.696+0900: 838.832: Application time: 0.7996283 seconds
2019-03-15T15:57:20.696+0900: 838.832: [GC (Allocation Failure) 2019-03-15T15:57:20.696+0900: 838.832: [ParNew: 214429K->4349K(235968K), 0.0038520 secs] 575375K->365297K(842580K), 0.0039419 secs] [Times: user=0.00 sys=0.00, real=0.00 secs] 
2019-03-15T15:57:20.700+0900: 838.836: Total time for which application threads were stopped: 0.0040495 seconds, Stopping threads took: 0.0000187 seconds
2019-03-15T15:57:20.892+0900: 839.028: Application time: 0.1917238 seconds
2019-03-15T15:57:20.892+0900: 839.028: Total time for which application threads were stopped: 0.0001141 seconds, Stopping threads took: 0.0000684 seconds
2019-03-15T15:57:21.525+0900: 839.661: Application time: 0.6328318 seconds
2019-03-15T15:57:21.525+0900: 839.661: [GC (Allocation Failure) 2019-03-15T15:57:21.525+0900: 839.661: [ParNew: 214141K->3765K(235968K), 0.0031559 secs] 575089K->364715K(842580K), 0.0032831 secs] [Times: user=0.00 sys=0.00, real=0.00 secs] 
2019-03-15T15:57:21.528+0900: 839.664: Total time for which application threads were stopped: 0.0035481 seconds, Stopping threads took: 0.0000703 seconds
2019-03-15T15:57:21.894+0900: 840.030: Application time: 0.3653889 seconds
2019-03-15T15:57:21.894+0900: 840.030: Total time for which application threads were stopped: 0.0001782 seconds, Stopping threads took: 0.0000939 seconds
2019-03-15T15:57:22.433+0900: 840.570: Application time: 0.5395926 seconds
2019-03-15T15:57:22.434+0900: 840.570: [GC (Allocation Failure) 2019-03-15T15:57:22.434+0900: 840.570: [ParNew: 213557K->5374K(235968K), 0.0117569 secs] 574507K->366323K(842580K), 0.0119323 secs] [Times: user=0.06 sys=0.00, real=0.01 secs] 
2019-03-15T15:57:22.446+0900: 840.582: Total time for which application threads were stopped: 0.0122172 seconds, Stopping threads took: 0.0000631 seconds
2019-03-15T15:57:22.894+0900: 841.031: Application time: 0.4487697 seconds
2019-03-15T15:57:22.895+0900: 841.031: Total time for which application threads were stopped: 0.0002852 seconds, Stopping threads took: 0.0001362 seconds
2019-03-15T15:57:23.447+0900: 841.583: Application time: 0.5525543 seconds
2019-03-15T15:57:23.447+0900: 841.584: [GC (Allocation Failure) 2019-03-15T15:57:23.447+0900: 841.584: [ParNew: 215166K->8551K(235968K), 0.0116959 secs] 576115K->369502K(842580K), 0.0118250 secs] [Times: user=0.05 sys=0.00, real=0.01 secs] 
2019-03-15T15:57:23.459+0900: 841.595: Total time for which application threads were stopped: 0.0120480 seconds, Stopping threads took: 0.0000523 seconds
2019-03-15T15:57:23.895+0900: 842.031: Application time: 0.4353470 seconds
2019-03-15T15:57:23.895+0900: 842.031: Total time for which application threads were stopped: 0.0001561 seconds, Stopping threads took: 0.0000603 seconds
2019-03-15T15:57:24.435+0900: 842.571: Application time: 0.5401711 seconds
2019-03-15T15:57:24.435+0900: 842.571: [GC (Allocation Failure) 2019-03-15T15:57:24.435+0900: 842.571: [ParNew: 218343K->7925K(235968K), 0.0095091 secs] 579294K->368878K(842580K), 0.0096634 secs] [Times: user=0.06 sys=0.00, real=0.01 secs] 
2019-03-15T15:57:24.445+0900: 842.581: Total time for which application threads were stopped: 0.0099007 seconds, Stopping threads took: 0.0000435 seconds
2019-03-15T15:57:24.895+0900: 843.031: Application time: 0.4500119 seconds
2019-03-15T15:57:24.895+0900: 843.031: Total time for which application threads were stopped: 0.0001661 seconds, Stopping threads took: 0.0000718 seconds
2019-03-15T15:57:25.396+0900: 843.532: Application time: 0.5005810 seconds
2019-03-15T15:57:25.396+0900: 843.532: [GC (Allocation Failure) 2019-03-15T15:57:25.396+0900: 843.532: [ParNew: 217717K->8729K(235968K), 0.0046448 secs] 578670K->369684K(842580K), 0.0047608 secs] [Times: user=0.00 sys=0.00, real=0.00 secs] 
2019-03-15T15:57:25.400+0900: 843.537: Total time for which application threads were stopped: 0.0049278 seconds, Stopping threads took: 0.0000361 seconds
2019-03-15T15:57:25.894+0900: 844.030: Application time: 0.4933302 seconds
2019-03-15T15:57:25.894+0900: 844.030: Total time for which application threads were stopped: 0.0000824 seconds, Stopping threads took: 0.0000348 seconds
2019-03-15T15:57:26.258+0900: 844.394: Application time: 0.3642552 seconds
2019-03-15T15:57:26.258+0900: 844.395: [GC (Allocation Failure) 2019-03-15T15:57:26.258+0900: 844.395: [ParNew: 218521K->5440K(235968K), 0.0035351 secs] 579476K->366396K(842580K), 0.0036386 secs] [Times: user=0.06 sys=0.00, real=0.00 secs] 
2019-03-15T15:57:26.262+0900: 844.398: Total time for which application threads were stopped: 0.0038069 seconds, Stopping threads took: 0.0000644 seconds
2019-03-15T15:57:26.895+0900: 845.031: Application time: 0.6330470 seconds
2019-03-15T15:57:26.895+0900: 845.031: Total time for which application threads were stopped: 0.0000700 seconds, Stopping threads took: 0.0000295 seconds
2019-03-15T15:57:27.096+0900: 845.232: Application time: 0.2007126 seconds
2019-03-15T15:57:27.096+0900: 845.232: [GC (Allocation Failure) 2019-03-15T15:57:27.096+0900: 845.232: [ParNew: 215232K->4875K(235968K), 0.0056749 secs] 576188K->365834K(842580K), 0.0057956 secs] [Times: user=0.00 sys=0.00, real=0.01 secs] 
2019-03-15T15:57:27.102+0900: 845.238: Total time for which application threads were stopped: 0.0059529 seconds, Stopping threads took: 0.0000407 seconds
2019-03-15T15:57:27.897+0900: 846.033: Application time: 0.7950423 seconds
2019-03-15T15:57:27.897+0900: 846.033: Total time for which application threads were stopped: 0.0002202 seconds, Stopping threads took: 0.0001132 seconds
2019-03-15T15:57:28.075+0900: 846.211: Application time: 0.1776816 seconds
2019-03-15T15:57:28.075+0900: 846.211: [GC (Allocation Failure) 2019-03-15T15:57:28.075+0900: 846.211: [ParNew: 214667K->3609K(235968K), 0.0135518 secs] 575626K->367327K(842580K), 0.0137343 secs] [Times: user=0.05 sys=0.02, real=0.01 secs] 
2019-03-15T15:57:28.089+0900: 846.225: Total time for which application threads were stopped: 0.0140028 seconds, Stopping threads took: 0.0000513 seconds
2019-03-15T15:57:28.898+0900: 847.035: Application time: 0.8098885 seconds
2019-03-15T15:57:28.899+0900: 847.035: Total time for which application threads were stopped: 0.0002149 seconds, Stopping threads took: 0.0000858 seconds
2019-03-15T15:57:29.029+0900: 847.165: Application time: 0.1301188 seconds
2019-03-15T15:57:29.029+0900: 847.165: [GC (Allocation Failure) 2019-03-15T15:57:29.029+0900: 847.165: [ParNew: 213401K->6646K(235968K), 0.0085307 secs] 577119K->370366K(842580K), 0.0086896 secs] [Times: user=0.02 sys=0.00, real=0.01 secs] 
2019-03-15T15:57:29.038+0900: 847.174: Total time for which application threads were stopped: 0.0088834 seconds, Stopping threads took: 0.0000656 seconds
2019-03-15T15:57:29.897+0900: 848.033: Application time: 0.8591134 seconds
2019-03-15T15:57:29.897+0900: 848.033: Total time for which application threads were stopped: 0.0000834 seconds, Stopping threads took: 0.0000355 seconds
2019-03-15T15:57:29.898+0900: 848.034: Application time: 0.0008230 seconds
2019-03-15T15:57:29.898+0900: 848.034: Total time for which application threads were stopped: 0.0000666 seconds, Stopping threads took: 0.0000336 seconds
2019-03-15T15:57:29.961+0900: 848.098: Application time: 0.0633974 seconds
2019-03-15T15:57:29.961+0900: 848.098: [GC (Allocation Failure) 2019-03-15T15:57:29.961+0900: 848.098: [ParNew: 216438K->7540K(235968K), 0.0043586 secs] 580158K->371262K(842580K), 0.0044815 secs] [Times: user=0.00 sys=0.00, real=0.01 secs] 
2019-03-15T15:57:29.966+0900: 848.102: Total time for which application threads were stopped: 0.0047104 seconds, Stopping threads took: 0.0000647 seconds
2019-03-15T15:57:30.814+0900: 848.949: Application time: 0.8467422 seconds
2019-03-15T15:57:30.814+0900: 848.949: [GC (Allocation Failure) 2019-03-15T15:57:30.814+0900: 848.949: [ParNew: 217332K->9219K(235968K), 0.0049194 secs] 581054K->372943K(842580K), 0.0050183 secs] [Times: user=0.06 sys=0.00, real=0.01 secs] 
2019-03-15T15:57:30.819+0900: 848.954: Total time for which application threads were stopped: 0.0051272 seconds, Stopping threads took: 0.0000190 seconds
2019-03-15T15:57:30.898+0900: 849.034: Application time: 0.0792887 seconds
2019-03-15T15:57:30.898+0900: 849.034: Total time for which application threads were stopped: 0.0000787 seconds, Stopping threads took: 0.0000323 seconds
2019-03-15T15:57:31.649+0900: 849.785: Application time: 0.7511788 seconds
2019-03-15T15:57:31.649+0900: 849.785: [GC (Allocation Failure) 2019-03-15T15:57:31.649+0900: 849.785: [ParNew: 219011K->8519K(235968K), 0.0066487 secs] 582735K->372244K(842580K), 0.0067439 secs] [Times: user=0.00 sys=0.00, real=0.01 secs] 
2019-03-15T15:57:31.656+0900: 849.792: Total time for which application threads were stopped: 0.0068947 seconds, Stopping threads took: 0.0000429 seconds
2019-03-15T15:57:31.898+0900: 850.033: Application time: 0.2417642 seconds
2019-03-15T15:57:31.898+0900: 850.034: Total time for which application threads were stopped: 0.0000890 seconds, Stopping threads took: 0.0000314 seconds
2019-03-15T15:57:32.590+0900: 850.725: Application time: 0.6919166 seconds
2019-03-15T15:57:32.590+0900: 850.726: [GC (Allocation Failure) 2019-03-15T15:57:32.590+0900: 850.726: [ParNew: 218311K->10827K(235968K), 0.0090849 secs] 582036K->374554K(842580K), 0.0092202 secs] [Times: user=0.06 sys=0.00, real=0.01 secs] 
2019-03-15T15:57:32.599+0900: 850.735: Total time for which application threads were stopped: 0.0094009 seconds, Stopping threads took: 0.0000292 seconds
2019-03-15T15:57:32.899+0900: 851.035: Application time: 0.3001610 seconds
2019-03-15T15:57:32.899+0900: 851.035: Total time for which application threads were stopped: 0.0001073 seconds, Stopping threads took: 0.0000479 seconds
2019-03-15T15:57:33.520+0900: 851.656: Application time: 0.6204759 seconds
2019-03-15T15:57:33.520+0900: 851.656: [GC (Allocation Failure) 2019-03-15T15:57:33.520+0900: 851.656: [ParNew: 220619K->8355K(235968K), 0.0125344 secs] 584346K->373192K(842580K), 0.0127102 secs] [Times: user=0.06 sys=0.00, real=0.01 secs] 
2019-03-15T15:57:33.533+0900: 851.669: Total time for which application threads were stopped: 0.0129658 seconds, Stopping threads took: 0.0000551 seconds
2019-03-15T15:57:33.899+0900: 852.035: Application time: 0.3664155 seconds
2019-03-15T15:57:33.899+0900: 852.035: Total time for which application threads were stopped: 0.0001247 seconds, Stopping threads took: 0.0000644 seconds
2019-03-15T15:57:34.515+0900: 852.651: Application time: 0.6160208 seconds
2019-03-15T15:57:34.516+0900: 852.651: [GC (Allocation Failure) 2019-03-15T15:57:34.516+0900: 852.651: [ParNew: 218147K->9665K(235968K), 0.0199809 secs] 582984K->376153K(842580K), 0.0201597 secs] [Times: user=0.06 sys=0.00, real=0.02 secs] 
2019-03-15T15:57:34.536+0900: 852.672: Total time for which application threads were stopped: 0.0204857 seconds, Stopping threads took: 0.0000638 seconds
2019-03-15T15:57:34.901+0900: 853.036: Application time: 0.3647979 seconds
2019-03-15T15:57:34.901+0900: 853.037: Total time for which application threads were stopped: 0.0001306 seconds, Stopping threads took: 0.0000516 seconds
2019-03-15T15:57:35.502+0900: 853.638: Application time: 0.6015114 seconds
2019-03-15T15:57:35.502+0900: 853.638: [GC (Allocation Failure) 2019-03-15T15:57:35.502+0900: 853.638: [ParNew: 219457K->8797K(235968K), 0.0066835 secs] 585945K->375287K(842580K), 0.0068048 secs] [Times: user=0.00 sys=0.00, real=0.01 secs] 
2019-03-15T15:57:35.509+0900: 853.645: Total time for which application threads were stopped: 0.0069544 seconds, Stopping threads took: 0.0000383 seconds
2019-03-15T15:57:35.901+0900: 854.037: Application time: 0.3916909 seconds
2019-03-15T15:57:35.901+0900: 854.037: Total time for which application threads were stopped: 0.0000830 seconds, Stopping threads took: 0.0000445 seconds
2019-03-15T15:57:36.334+0900: 854.469: Application time: 0.4326103 seconds
2019-03-15T15:57:36.334+0900: 854.470: [GC (Allocation Failure) 2019-03-15T15:57:36.334+0900: 854.470: [ParNew: 218589K->5146K(235968K), 0.0046743 secs] 585079K->371636K(842580K), 0.0047707 secs] [Times: user=0.00 sys=0.00, real=0.00 secs] 
2019-03-15T15:57:36.339+0900: 854.474: Total time for which application threads were stopped: 0.0049421 seconds, Stopping threads took: 0.0000687 seconds
2019-03-15T15:57:36.901+0900: 855.037: Application time: 0.5627888 seconds
2019-03-15T15:57:36.901+0900: 855.037: Total time for which application threads were stopped: 0.0001036 seconds, Stopping threads took: 0.0000569 seconds
2019-03-15T15:57:37.180+0900: 855.316: Application time: 0.2785243 seconds
2019-03-15T15:57:37.180+0900: 855.316: [GC (Allocation Failure) 2019-03-15T15:57:37.180+0900: 855.316: [ParNew: 214938K->4705K(235968K), 0.0126815 secs] 581428K->373955K(842580K), 0.0128193 secs] [Times: user=0.06 sys=0.00, real=0.01 secs] 
2019-03-15T15:57:37.193+0900: 855.329: Total time for which application threads were stopped: 0.0130492 seconds, Stopping threads took: 0.0000544 seconds
2019-03-15T15:57:37.901+0900: 856.037: Application time: 0.7079628 seconds
2019-03-15T15:57:37.901+0900: 856.037: Total time for which application threads were stopped: 0.0000790 seconds, Stopping threads took: 0.0000348 seconds
2019-03-15T15:57:38.114+0900: 856.250: Application time: 0.2128107 seconds
2019-03-15T15:57:38.114+0900: 856.250: [GC (Allocation Failure) 2019-03-15T15:57:38.114+0900: 856.250: [ParNew: 214497K->6721K(235968K), 0.0049091 secs] 583747K->375972K(842580K), 0.0050242 secs] [Times: user=0.06 sys=0.00, real=0.00 secs] 
2019-03-15T15:57:38.119+0900: 856.255: Total time for which application threads were stopped: 0.0052124 seconds, Stopping threads took: 0.0000535 seconds
2019-03-15T15:57:38.903+0900: 857.039: Application time: 0.7844119 seconds
2019-03-15T15:57:38.904+0900: 857.040: Total time for which application threads were stopped: 0.0002522 seconds, Stopping threads took: 0.0000849 seconds
2019-03-15T15:57:39.037+0900: 857.173: Application time: 0.1332479 seconds
2019-03-15T15:57:39.037+0900: 857.173: [GC (Allocation Failure) 2019-03-15T15:57:39.037+0900: 857.173: [ParNew: 216513K->10552K(235968K), 0.0113050 secs] 585764K->379805K(842580K), 0.0114676 secs] [Times: user=0.03 sys=0.00, real=0.01 secs] 
2019-03-15T15:57:39.049+0900: 857.185: Total time for which application threads were stopped: 0.0117003 seconds, Stopping threads took: 0.0000538 seconds
2019-03-15T15:57:39.902+0900: 858.038: Application time: 0.8534678 seconds
2019-03-15T15:57:39.902+0900: 858.038: Total time for which application threads were stopped: 0.0000886 seconds, Stopping threads took: 0.0000404 seconds
2019-03-15T15:57:39.903+0900: 858.039: Application time: 0.0012183 seconds
2019-03-15T15:57:39.903+0900: 858.039: Total time for which application threads were stopped: 0.0000921 seconds, Stopping threads took: 0.0000491 seconds
2019-03-15T15:57:39.937+0900: 858.073: Application time: 0.0334795 seconds
2019-03-15T15:57:39.937+0900: 858.073: [GC (Allocation Failure) 2019-03-15T15:57:39.937+0900: 858.073: [ParNew: 220344K->11321K(235968K), 0.0095524 secs] 589597K->383334K(842580K), 0.0096681 secs] [Times: user=0.06 sys=0.00, real=0.01 secs] 
2019-03-15T15:57:39.947+0900: 858.083: Total time for which application threads were stopped: 0.0098130 seconds, Stopping threads took: 0.0000289 seconds
2019-03-15T15:57:40.835+0900: 858.971: Application time: 0.8884215 seconds
2019-03-15T15:57:40.835+0900: 858.971: [GC (Allocation Failure) 2019-03-15T15:57:40.835+0900: 858.971: [ParNew: 221113K->8766K(235968K), 0.0065594 secs] 593126K->380780K(842580K), 0.0066652 secs] [Times: user=0.00 sys=0.00, real=0.01 secs] 
2019-03-15T15:57:40.842+0900: 858.978: Total time for which application threads were stopped: 0.0068073 seconds, Stopping threads took: 0.0000367 seconds
2019-03-15T15:57:40.902+0900: 859.038: Application time: 0.0598913 seconds
2019-03-15T15:57:40.902+0900: 859.038: Total time for which application threads were stopped: 0.0000672 seconds, Stopping threads took: 0.0000255 seconds
2019-03-15T15:57:41.657+0900: 859.793: Application time: 0.7547723 seconds
2019-03-15T15:57:41.657+0900: 859.793: [GC (Allocation Failure) 2019-03-15T15:57:41.657+0900: 859.793: [ParNew: 218558K->8646K(235968K), 0.0075416 secs] 590572K->380662K(842580K), 0.0076343 secs] [Times: user=0.05 sys=0.00, real=0.01 secs] 
2019-03-15T15:57:41.664+0900: 859.801: Total time for which application threads were stopped: 0.0078041 seconds, Stopping threads took: 0.0000697 seconds
2019-03-15T15:57:41.903+0900: 860.039: Application time: 0.2383980 seconds
2019-03-15T15:57:41.903+0900: 860.039: Total time for which application threads were stopped: 0.0001250 seconds, Stopping threads took: 0.0000784 seconds
2019-03-15T15:57:42.597+0900: 860.734: Application time: 0.6946829 seconds
2019-03-15T15:57:42.598+0900: 860.734: [GC (Allocation Failure) 2019-03-15T15:57:42.598+0900: 860.734: [ParNew: 218438K->9050K(235968K), 0.0166309 secs] 590454K->381067K(842580K), 0.0168797 secs] [Times: user=0.06 sys=0.00, real=0.02 secs] 
2019-03-15T15:57:42.615+0900: 860.751: Total time for which application threads were stopped: 0.0172299 seconds, Stopping threads took: 0.0000824 seconds
2019-03-15T15:57:42.903+0900: 861.040: Application time: 0.2885877 seconds
2019-03-15T15:57:42.903+0900: 861.040: Total time for which application threads were stopped: 0.0001278 seconds, Stopping threads took: 0.0000653 seconds
2019-03-15T15:57:43.553+0900: 861.690: Application time: 0.6498238 seconds
2019-03-15T15:57:43.553+0900: 861.690: [GC (Allocation Failure) 2019-03-15T15:57:43.554+0900: 861.690: [ParNew: 218842K->12178K(235968K), 0.0183853 secs] 590859K->386955K(842580K), 0.0185642 secs] [Times: user=0.06 sys=0.00, real=0.02 secs] 
2019-03-15T15:57:43.572+0900: 861.708: Total time for which application threads were stopped: 0.0188413 seconds, Stopping threads took: 0.0000647 seconds
2019-03-15T15:57:43.907+0900: 862.043: Application time: 0.3343835 seconds
2019-03-15T15:57:43.907+0900: 862.043: Total time for which application threads were stopped: 0.0002753 seconds, Stopping threads took: 0.0001303 seconds
2019-03-15T15:57:44.517+0900: 862.653: Application time: 0.6101550 seconds
2019-03-15T15:57:44.517+0900: 862.653: [GC (Allocation Failure) 2019-03-15T15:57:44.517+0900: 862.654: [ParNew: 221970K->8123K(235968K), 0.0169282 secs] 596747K->382902K(842580K), 0.0170822 secs] [Times: user=0.03 sys=0.00, real=0.02 secs] 
2019-03-15T15:57:44.534+0900: 862.671: Total time for which application threads were stopped: 0.0173388 seconds, Stopping threads took: 0.0000647 seconds
2019-03-15T15:57:44.905+0900: 863.041: Application time: 0.3708476 seconds
2019-03-15T15:57:44.905+0900: 863.042: Total time for which application threads were stopped: 0.0001832 seconds, Stopping threads took: 0.0001250 seconds
2019-03-15T15:57:45.509+0900: 863.645: Application time: 0.6033993 seconds
2019-03-15T15:57:45.509+0900: 863.645: [GC (Allocation Failure) 2019-03-15T15:57:45.509+0900: 863.645: [ParNew: 217915K->10150K(235968K), 0.0065476 secs] 592694K->384930K(842580K), 0.0066524 secs] [Times: user=0.06 sys=0.00, real=0.01 secs] 
2019-03-15T15:57:45.515+0900: 863.652: Total time for which application threads were stopped: 0.0068017 seconds, Stopping threads took: 0.0000236 seconds
2019-03-15T15:57:45.906+0900: 864.042: Application time: 0.3901159 seconds
2019-03-15T15:57:45.906+0900: 864.042: Total time for which application threads were stopped: 0.0000572 seconds, Stopping threads took: 0.0000177 seconds
2019-03-15T15:57:46.364+0900: 864.501: Application time: 0.4585124 seconds
2019-03-15T15:57:46.364+0900: 864.501: [GC (Allocation Failure) 2019-03-15T15:57:46.364+0900: 864.501: [ParNew: 219942K->6316K(235968K), 0.0064282 secs] 594722K->383855K(842580K), 0.0065252 secs] [Times: user=0.06 sys=0.00, real=0.01 secs] 
2019-03-15T15:57:46.371+0900: 864.507: Total time for which application threads were stopped: 0.0066406 seconds, Stopping threads took: 0.0000211 seconds
2019-03-15T15:57:46.906+0900: 865.042: Application time: 0.5350392 seconds
2019-03-15T15:57:46.906+0900: 865.042: Total time for which application threads were stopped: 0.0001076 seconds, Stopping threads took: 0.0000619 seconds
2019-03-15T15:57:47.185+0900: 865.321: Application time: 0.2786891 seconds
2019-03-15T15:57:47.185+0900: 865.321: [GC (Allocation Failure) 2019-03-15T15:57:47.185+0900: 865.321: [ParNew: 216108K->7997K(235968K), 0.0047779 secs] 593647K->385538K(842580K), 0.0049207 secs] [Times: user=0.00 sys=0.00, real=0.01 secs] 
2019-03-15T15:57:47.190+0900: 865.326: Total time for which application threads were stopped: 0.0050752 seconds, Stopping threads took: 0.0000532 seconds
2019-03-15T15:57:47.908+0900: 866.044: Application time: 0.7179422 seconds
2019-03-15T15:57:47.908+0900: 866.044: Total time for which application threads were stopped: 0.0001089 seconds, Stopping threads took: 0.0000401 seconds
2019-03-15T15:57:48.119+0900: 866.255: Application time: 0.2111809 seconds
2019-03-15T15:57:48.119+0900: 866.255: [GC (Allocation Failure) 2019-03-15T15:57:48.119+0900: 866.256: [ParNew: 217789K->8446K(235968K), 0.0173997 secs] 595330K->385989K(842580K), 0.0175776 secs] [Times: user=0.06 sys=0.00, real=0.02 secs] 
2019-03-15T15:57:48.137+0900: 866.273: Total time for which application threads were stopped: 0.0178174 seconds, Stopping threads took: 0.0000523 seconds
2019-03-15T15:57:48.910+0900: 867.045: Application time: 0.7721335 seconds
2019-03-15T15:57:48.910+0900: 867.045: Total time for which application threads were stopped: 0.0001515 seconds, Stopping threads took: 0.0000768 seconds
2019-03-15T15:57:49.082+0900: 867.217: Application time: 0.1717069 seconds
2019-03-15T15:57:49.082+0900: 867.217: [GC (Allocation Failure) 2019-03-15T15:57:49.082+0900: 867.217: [ParNew: 218238K->10791K(235968K), 0.0058413 secs] 595781K->388335K(842580K), 0.0059576 secs] [Times: user=0.06 sys=0.00, real=0.01 secs] 
2019-03-15T15:57:49.088+0900: 867.223: Total time for which application threads were stopped: 0.0060879 seconds, Stopping threads took: 0.0000208 seconds
2019-03-15T15:57:49.912+0900: 868.047: Application time: 0.8242141 seconds
2019-03-15T15:57:49.912+0900: 868.048: Total time for which application threads were stopped: 0.0002230 seconds, Stopping threads took: 0.0001129 seconds
2019-03-15T15:57:49.915+0900: 868.050: Application time: 0.0024549 seconds
2019-03-15T15:57:49.915+0900: 868.050: Total time for which application threads were stopped: 0.0001378 seconds, Stopping threads took: 0.0000799 seconds
2019-03-15T15:57:50.022+0900: 868.157: Application time: 0.1069213 seconds
2019-03-15T15:57:50.022+0900: 868.157: [GC (Allocation Failure) 2019-03-15T15:57:50.022+0900: 868.158: [ParNew: 220583K->6632K(235968K), 0.0249109 secs] 598127K->386936K(842580K), 0.0251034 secs] [Times: user=0.06 sys=0.00, real=0.02 secs] 
2019-03-15T15:57:50.047+0900: 868.183: Total time for which application threads were stopped: 0.0253867 seconds, Stopping threads took: 0.0000840 seconds
2019-03-15T15:57:51.059+0900: 869.194: Application time: 1.0115827 seconds
2019-03-15T15:57:51.059+0900: 869.194: [GC (Allocation Failure) 2019-03-15T15:57:51.059+0900: 869.194: [ParNew: 216424K->6923K(235968K), 0.0056500 secs] 596728K->387229K(842580K), 0.0057234 secs] [Times: user=0.00 sys=0.00, real=0.00 secs] 
2019-03-15T15:57:51.064+0900: 869.200: Total time for which application threads were stopped: 0.0058369 seconds, Stopping threads took: 0.0000180 seconds
2019-03-15T15:57:51.532+0900: 869.668: Application time: 0.4677743 seconds
2019-03-15T15:57:51.532+0900: 869.668: Total time for which application threads were stopped: 0.0000616 seconds, Stopping threads took: 0.0000177 seconds
2019-03-15T15:57:51.887+0900: 870.023: Application time: 0.3548910 seconds
2019-03-15T15:57:51.887+0900: 870.023: [GC (Allocation Failure) 2019-03-15T15:57:51.887+0900: 870.023: [ParNew: 216715K->5965K(235968K), 0.0051670 secs] 597021K->386272K(842580K), 0.0052609 secs] [Times: user=0.00 sys=0.00, real=0.00 secs] 
2019-03-15T15:57:51.893+0900: 870.028: Total time for which application threads were stopped: 0.0054332 seconds, Stopping threads took: 0.0000684 seconds
2019-03-15T15:57:51.999+0900: 870.135: Application time: 0.1063808 seconds
2019-03-15T15:57:51.999+0900: 870.135: Total time for which application threads were stopped: 0.0000448 seconds, Stopping threads took: 0.0000159 seconds
2019-03-15T15:57:52.736+0900: 870.872: Application time: 0.7374712 seconds
2019-03-15T15:57:52.736+0900: 870.872: [GC (Allocation Failure) 2019-03-15T15:57:52.737+0900: 870.872: [ParNew: 215757K->7576K(235968K), 0.0120334 secs] 596064K->390643K(842580K), 0.0121584 secs] [Times: user=0.00 sys=0.00, real=0.01 secs] 
2019-03-15T15:57:52.749+0900: 870.884: Total time for which application threads were stopped: 0.0123416 seconds, Stopping threads took: 0.0000442 seconds
2019-03-15T15:57:53.643+0900: 871.778: Application time: 0.8939181 seconds
2019-03-15T15:57:53.643+0900: 871.779: [GC (Allocation Failure) 2019-03-15T15:57:53.643+0900: 871.779: [ParNew: 217368K->5353K(235968K), 0.0061588 secs] 600435K->388422K(842580K), 0.0062863 secs] [Times: user=0.00 sys=0.00, real=0.01 secs] 
2019-03-15T15:57:53.649+0900: 871.785: Total time for which application threads were stopped: 0.0064702 seconds, Stopping threads took: 0.0000454 seconds
2019-03-15T15:57:54.529+0900: 872.665: Application time: 0.8796815 seconds
2019-03-15T15:57:54.529+0900: 872.665: [GC (Allocation Failure) 2019-03-15T15:57:54.529+0900: 872.665: [ParNew: 215145K->6679K(235968K), 0.0080946 secs] 598214K->389750K(842580K), 0.0081845 secs] [Times: user=0.00 sys=0.00, real=0.01 secs] 
2019-03-15T15:57:54.537+0900: 872.673: Total time for which application threads were stopped: 0.0082958 seconds, Stopping threads took: 0.0000196 seconds
2019-03-15T15:57:55.413+0900: 873.549: Application time: 0.8759583 seconds
2019-03-15T15:57:55.413+0900: 873.549: [GC (Allocation Failure) 2019-03-15T15:57:55.413+0900: 873.549: [ParNew: 216471K->8815K(235968K), 0.0095891 secs] 599542K->391888K(842580K), 0.0097415 secs] [Times: user=0.06 sys=0.00, real=0.01 secs] 
2019-03-15T15:57:55.423+0900: 873.559: Total time for which application threads were stopped: 0.0099763 seconds, Stopping threads took: 0.0000289 seconds
2019-03-15T15:57:56.354+0900: 874.490: Application time: 0.9314405 seconds
2019-03-15T15:57:56.354+0900: 874.490: [GC (Allocation Failure) 2019-03-15T15:57:56.355+0900: 874.491: [ParNew: 218607K->3925K(235968K), 0.0182087 secs] 601680K->389756K(842580K), 0.0184211 secs] [Times: user=0.06 sys=0.00, real=0.02 secs] 
2019-03-15T15:57:56.373+0900: 874.509: Total time for which application threads were stopped: 0.0187284 seconds, Stopping threads took: 0.0000868 seconds
2019-03-15T15:57:57.353+0900: 875.489: Application time: 0.9804123 seconds
2019-03-15T15:57:57.353+0900: 875.489: [GC (Allocation Failure) 2019-03-15T15:57:57.354+0900: 875.490: [ParNew: 213717K->6049K(235968K), 0.0045337 secs] 599548K->391881K(842580K), 0.0046358 secs] [Times: user=0.00 sys=0.00, real=0.01 secs] 
2019-03-15T15:57:57.358+0900: 875.494: Total time for which application threads were stopped: 0.0047655 seconds, Stopping threads took: 0.0000317 seconds
2019-03-15T15:57:58.222+0900: 876.358: Application time: 0.8636446 seconds
2019-03-15T15:57:58.222+0900: 876.358: [GC (Allocation Failure) 2019-03-15T15:57:58.222+0900: 876.358: [ParNew: 215841K->5598K(235968K), 0.0058714 secs] 601673K->391431K(842580K), 0.0059955 secs] [Times: user=0.06 sys=0.00, real=0.01 secs] 
2019-03-15T15:57:58.228+0900: 876.364: Total time for which application threads were stopped: 0.0061591 seconds, Stopping threads took: 0.0000470 seconds
2019-03-15T15:57:59.144+0900: 877.280: Application time: 0.9161881 seconds
2019-03-15T15:57:59.144+0900: 877.280: [GC (Allocation Failure) 2019-03-15T15:57:59.144+0900: 877.280: [ParNew: 215390K->7002K(235968K), 0.0098046 secs] 601223K->392835K(842580K), 0.0099638 secs] [Times: user=0.06 sys=0.00, real=0.01 secs] 
2019-03-15T15:57:59.154+0900: 877.290: Total time for which application threads were stopped: 0.0101887 seconds, Stopping threads took: 0.0000538 seconds
2019-03-15T15:58:00.091+0900: 878.227: Application time: 0.9364057 seconds
2019-03-15T15:58:00.091+0900: 878.227: [GC (Allocation Failure) 2019-03-15T15:58:00.091+0900: 878.227: [ParNew: 216794K->4797K(235968K), 0.0059803 secs] 602627K->390629K(842580K), 0.0061140 secs] [Times: user=0.00 sys=0.00, real=0.01 secs] 
2019-03-15T15:58:00.097+0900: 878.233: Total time for which application threads were stopped: 0.0063162 seconds, Stopping threads took: 0.0000504 seconds
2019-03-15T15:58:01.032+0900: 879.168: Application time: 0.9351566 seconds
2019-03-15T15:58:01.032+0900: 879.168: [GC (Allocation Failure) 2019-03-15T15:58:01.032+0900: 879.168: [ParNew: 214589K->3919K(235968K), 0.0034685 secs] 600421K->389752K(842580K), 0.0035590 secs] [Times: user=0.06 sys=0.00, real=0.00 secs] 
2019-03-15T15:58:01.036+0900: 879.172: Total time for which application threads were stopped: 0.0037344 seconds, Stopping threads took: 0.0000687 seconds
2019-03-15T15:58:01.941+0900: 880.077: Application time: 0.9049438 seconds
2019-03-15T15:58:01.941+0900: 880.077: [GC (Allocation Failure) 2019-03-15T15:58:01.941+0900: 880.077: [ParNew: 213711K->3333K(235968K), 0.0098236 secs] 599544K->391923K(842580K), 0.0099592 secs] [Times: user=0.00 sys=0.00, real=0.01 secs] 
2019-03-15T15:58:01.951+0900: 880.087: Total time for which application threads were stopped: 0.0101582 seconds, Stopping threads took: 0.0000482 seconds
2019-03-15T15:58:02.924+0900: 881.061: Application time: 0.9736413 seconds
2019-03-15T15:58:02.925+0900: 881.061: [GC (Allocation Failure) 2019-03-15T15:58:02.925+0900: 881.061: [ParNew: 213125K->4337K(235968K), 0.0149436 secs] 601715K->392927K(842580K), 0.0150780 secs] [Times: user=0.05 sys=0.00, real=0.02 secs] 
2019-03-15T15:58:02.940+0900: 881.076: Total time for which application threads were stopped: 0.0152397 seconds, Stopping threads took: 0.0000401 seconds
2019-03-15T15:58:03.830+0900: 881.966: Application time: 0.8902605 seconds
2019-03-15T15:58:03.830+0900: 881.966: [GC (Allocation Failure) 2019-03-15T15:58:03.830+0900: 881.966: [ParNew: 214129K->5604K(235968K), 0.0079124 secs] 602719K->394194K(842580K), 0.0080648 secs] [Times: user=0.00 sys=0.00, real=0.01 secs] 
2019-03-15T15:58:03.838+0900: 881.975: Total time for which application threads were stopped: 0.0082679 seconds, Stopping threads took: 0.0000479 seconds
2019-03-15T15:58:04.750+0900: 882.886: Application time: 0.9115393 seconds
2019-03-15T15:58:04.750+0900: 882.886: [GC (Allocation Failure) 2019-03-15T15:58:04.750+0900: 882.886: [ParNew: 215396K->4783K(235968K), 0.0096914 secs] 603986K->393373K(842580K), 0.0098749 secs] [Times: user=0.00 sys=0.00, real=0.01 secs] 
2019-03-15T15:58:04.760+0900: 882.896: Total time for which application threads were stopped: 0.0101480 seconds, Stopping threads took: 0.0000625 seconds
2019-03-15T15:58:05.669+0900: 883.805: Application time: 0.9090113 seconds
2019-03-15T15:58:05.669+0900: 883.805: [GC (Allocation Failure) 2019-03-15T15:58:05.669+0900: 883.805: [ParNew: 214575K->3351K(235968K), 0.0047362 secs] 603165K->391942K(842580K), 0.0048463 secs] [Times: user=0.00 sys=0.00, real=0.01 secs] 
2019-03-15T15:58:05.674+0900: 883.810: Total time for which application threads were stopped: 0.0050164 seconds, Stopping threads took: 0.0000280 seconds
2019-03-15T15:58:06.614+0900: 884.750: Application time: 0.9396574 seconds
2019-03-15T15:58:06.615+0900: 884.750: [GC (Allocation Failure) 2019-03-15T15:58:06.615+0900: 884.750: [ParNew: 213143K->6853K(235968K), 0.0059573 secs] 601734K->395444K(842580K), 0.0060727 secs] [Times: user=0.06 sys=0.00, real=0.01 secs] 
2019-03-15T15:58:06.621+0900: 884.756: Total time for which application threads were stopped: 0.0062276 seconds, Stopping threads took: 0.0000373 seconds
2019-03-15T15:58:07.523+0900: 885.658: Application time: 0.9021804 seconds
2019-03-15T15:58:07.523+0900: 885.658: [GC (Allocation Failure) 2019-03-15T15:58:07.523+0900: 885.659: [ParNew: 216645K->6670K(235968K), 0.0078467 secs] 605236K->395261K(842580K), 0.0079917 secs] [Times: user=0.06 sys=0.00, real=0.01 secs] 
2019-03-15T15:58:07.531+0900: 885.667: Total time for which application threads were stopped: 0.0081932 seconds, Stopping threads took: 0.0000467 seconds
2019-03-15T15:58:08.436+0900: 886.571: Application time: 0.9048573 seconds
2019-03-15T15:58:08.436+0900: 886.572: [GC (Allocation Failure) 2019-03-15T15:58:08.436+0900: 886.572: [ParNew: 216462K->6320K(235968K), 0.0102108 secs] 605053K->397669K(842580K), 0.0103386 secs] [Times: user=0.06 sys=0.00, real=0.01 secs] 
2019-03-15T15:58:08.446+0900: 886.582: Total time for which application threads were stopped: 0.0105234 seconds, Stopping threads took: 0.0000445 seconds
2019-03-15T15:58:09.400+0900: 887.536: Application time: 0.9536197 seconds
2019-03-15T15:58:09.400+0900: 887.536: [GC (Allocation Failure) 2019-03-15T15:58:09.400+0900: 887.536: [ParNew: 216112K->4994K(235968K), 0.0080091 secs] 607461K->396342K(842580K), 0.0081531 secs] [Times: user=0.00 sys=0.00, real=0.01 secs] 
2019-03-15T15:58:09.408+0900: 887.544: Total time for which application threads were stopped: 0.0083301 seconds, Stopping threads took: 0.0000414 seconds
2019-03-15T15:58:10.303+0900: 888.439: Application time: 0.8952396 seconds
2019-03-15T15:58:10.304+0900: 888.439: [GC (Allocation Failure) 2019-03-15T15:58:10.304+0900: 888.439: [ParNew: 214786K->7523K(235968K), 0.0066378 secs] 606134K->398871K(842580K), 0.0067675 secs] [Times: user=0.00 sys=0.00, real=0.01 secs] 
2019-03-15T15:58:10.310+0900: 888.446: Total time for which application threads were stopped: 0.0069417 seconds, Stopping threads took: 0.0000442 seconds
2019-03-15T15:58:11.207+0900: 889.343: Application time: 0.8964147 seconds
2019-03-15T15:58:11.207+0900: 889.343: [GC (Allocation Failure) 2019-03-15T15:58:11.207+0900: 889.343: [ParNew: 217315K->3450K(235968K), 0.0137645 secs] 608663K->394798K(842580K), 0.0139381 secs] [Times: user=0.00 sys=0.00, real=0.01 secs] 
2019-03-15T15:58:11.221+0900: 889.357: Total time for which application threads were stopped: 0.0142143 seconds, Stopping threads took: 0.0000849 seconds
2019-03-15T15:58:12.177+0900: 890.313: Application time: 0.9563651 seconds
2019-03-15T15:58:12.177+0900: 890.313: [GC (Allocation Failure) 2019-03-15T15:58:12.178+0900: 890.313: [ParNew: 213242K->4284K(235968K), 0.0140790 secs] 604590K->395633K(842580K), 0.0143533 secs] [Times: user=0.06 sys=0.00, real=0.01 secs] 
2019-03-15T15:58:12.192+0900: 890.328: Total time for which application threads were stopped: 0.0148369 seconds, Stopping threads took: 0.0000858 seconds
2019-03-15T15:58:13.147+0900: 891.283: Application time: 0.9550551 seconds
2019-03-15T15:58:13.147+0900: 891.283: [GC (Allocation Failure) 2019-03-15T15:58:13.147+0900: 891.283: [ParNew: 214076K->7612K(235968K), 0.0160036 secs] 605425K->398960K(842580K), 0.0162278 secs] [Times: user=0.06 sys=0.00, real=0.02 secs] 
2019-03-15T15:58:13.164+0900: 891.300: Total time for which application threads were stopped: 0.0165513 seconds, Stopping threads took: 0.0000743 seconds
2019-03-15T15:58:14.114+0900: 892.250: Application time: 0.9499478 seconds
2019-03-15T15:58:14.114+0900: 892.250: [GC (Allocation Failure) 2019-03-15T15:58:14.114+0900: 892.250: [ParNew: 217404K->7984K(235968K), 0.0159637 secs] 608752K->399333K(842580K), 0.0161802 secs] [Times: user=0.06 sys=0.00, real=0.02 secs] 
2019-03-15T15:58:14.130+0900: 892.266: Total time for which application threads were stopped: 0.0165208 seconds, Stopping threads took: 0.0001179 seconds
2019-03-15T15:58:15.051+0900: 893.187: Application time: 0.9206435 seconds
2019-03-15T15:58:15.051+0900: 893.187: [GC (Allocation Failure) 2019-03-15T15:58:15.051+0900: 893.187: [ParNew: 217776K->7812K(235968K), 0.0082759 secs] 609125K->401918K(842580K), 0.0083758 secs] [Times: user=0.06 sys=0.00, real=0.01 secs] 
2019-03-15T15:58:15.059+0900: 893.195: Total time for which application threads were stopped: 0.0085049 seconds, Stopping threads took: 0.0000355 seconds
2019-03-15T15:58:15.972+0900: 894.108: Application time: 0.9131501 seconds
2019-03-15T15:58:15.972+0900: 894.108: [GC (Allocation Failure) 2019-03-15T15:58:15.972+0900: 894.108: [ParNew: 217604K->6467K(235968K), 0.0061909 secs] 611710K->400573K(842580K), 0.0062954 secs] [Times: user=0.05 sys=0.00, real=0.01 secs] 
2019-03-15T15:58:15.979+0900: 894.115: Total time for which application threads were stopped: 0.0064300 seconds, Stopping threads took: 0.0000355 seconds
2019-03-15T15:58:16.920+0900: 895.056: Application time: 0.9410060 seconds
2019-03-15T15:58:16.920+0900: 895.056: [GC (Allocation Failure) 2019-03-15T15:58:16.920+0900: 895.056: [ParNew: 216259K->6817K(235968K), 0.0042846 secs] 610365K->400923K(842580K), 0.0044124 secs] [Times: user=0.00 sys=0.00, real=0.00 secs] 
2019-03-15T15:58:16.924+0900: 895.060: Total time for which application threads were stopped: 0.0045714 seconds, Stopping threads took: 0.0000199 seconds
2019-03-15T15:58:17.876+0900: 896.012: Application time: 0.9520979 seconds
2019-03-15T15:58:17.877+0900: 896.013: [GC (Allocation Failure) 2019-03-15T15:58:17.877+0900: 896.013: [ParNew: 216609K->8476K(235968K), 0.0209239 secs] 610715K->402582K(842580K), 0.0211712 secs] [Times: user=0.11 sys=0.01, real=0.02 secs] 
2019-03-15T15:58:17.898+0900: 896.034: Total time for which application threads were stopped: 0.0215745 seconds, Stopping threads took: 0.0000510 seconds
2019-03-15T15:58:18.862+0900: 896.998: Application time: 0.9638122 seconds
2019-03-15T15:58:18.862+0900: 896.998: [GC (Allocation Failure) 2019-03-15T15:58:18.862+0900: 896.998: [ParNew: 218268K->7899K(235968K), 0.0073547 secs] 612374K->404763K(842580K), 0.0074530 secs] [Times: user=0.05 sys=0.00, real=0.01 secs] 
2019-03-15T15:58:18.869+0900: 897.006: Total time for which application threads were stopped: 0.0076216 seconds, Stopping threads took: 0.0000700 seconds
2019-03-15T15:58:19.929+0900: 898.065: Application time: 1.0599131 seconds
2019-03-15T15:58:19.929+0900: 898.066: [GC (Allocation Failure) 2019-03-15T15:58:19.929+0900: 898.066: [ParNew: 217691K->8330K(235968K), 0.0139480 secs] 614555K->405193K(842580K), 0.0141175 secs] [Times: user=0.06 sys=0.00, real=0.02 secs] 
2019-03-15T15:58:19.944+0900: 898.080: Total time for which application threads were stopped: 0.0143894 seconds, Stopping threads took: 0.0000628 seconds
2019-03-15T15:58:20.884+0900: 899.020: Application time: 0.9400029 seconds
2019-03-15T15:58:20.884+0900: 899.020: [GC (Allocation Failure) 2019-03-15T15:58:20.884+0900: 899.020: [ParNew: 218122K->8848K(235968K), 0.0052653 secs] 614985K->405712K(842580K), 0.0053601 secs] [Times: user=0.00 sys=0.00, real=0.00 secs] 
2019-03-15T15:58:20.889+0900: 899.025: Total time for which application threads were stopped: 0.0054855 seconds, Stopping threads took: 0.0000252 seconds
2019-03-15T15:58:21.762+0900: 899.898: Application time: 0.8730882 seconds
2019-03-15T15:58:21.762+0900: 899.898: [GC (Allocation Failure) 2019-03-15T15:58:21.762+0900: 899.899: [ParNew: 218640K->5558K(235968K), 0.0139194 secs] 615504K->405180K(842580K), 0.0140152 secs] [Times: user=0.05 sys=0.00, real=0.01 secs] 
2019-03-15T15:58:21.776+0900: 899.913: Total time for which application threads were stopped: 0.0141231 seconds, Stopping threads took: 0.0000199 seconds
2019-03-15T15:58:22.673+0900: 900.809: Application time: 0.8967692 seconds
2019-03-15T15:58:22.673+0900: 900.809: [GC (Allocation Failure) 2019-03-15T15:58:22.673+0900: 900.810: [ParNew: 215350K->5031K(235968K), 0.0088871 secs] 614972K->404653K(842580K), 0.0090501 secs] [Times: user=0.00 sys=0.00, real=0.01 secs] 
2019-03-15T15:58:22.682+0900: 900.819: Total time for which application threads were stopped: 0.0092756 seconds, Stopping threads took: 0.0000529 seconds
2019-03-15T15:58:23.572+0900: 901.708: Application time: 0.8891937 seconds
2019-03-15T15:58:23.572+0900: 901.708: [GC (Allocation Failure) 2019-03-15T15:58:23.573+0900: 901.708: [ParNew: 214823K->4692K(235968K), 0.0069028 secs] 614445K->404314K(842580K), 0.0069989 secs] [Times: user=0.03 sys=0.00, real=0.01 secs] 
2019-03-15T15:58:23.580+0900: 901.715: Total time for which application threads were stopped: 0.0071398 seconds, Stopping threads took: 0.0000476 seconds
2019-03-15T15:58:24.503+0900: 902.638: Application time: 0.9233011 seconds
2019-03-15T15:58:24.503+0900: 902.638: [GC (Allocation Failure) 2019-03-15T15:58:24.503+0900: 902.638: [ParNew: 214484K->3330K(235968K), 0.0054174 secs] 614106K->405709K(842580K), 0.0055060 secs] [Times: user=0.00 sys=0.00, real=0.00 secs] 
2019-03-15T15:58:24.508+0900: 902.644: Total time for which application threads were stopped: 0.0056469 seconds, Stopping threads took: 0.0000560 seconds
2019-03-15T15:58:25.369+0900: 903.505: Application time: 0.8609892 seconds
2019-03-15T15:58:25.369+0900: 903.505: [GC (Allocation Failure) 2019-03-15T15:58:25.370+0900: 903.505: [ParNew: 213122K->3728K(235968K), 0.0043817 secs] 615501K->406107K(842580K), 0.0045017 secs] [Times: user=0.05 sys=0.00, real=0.01 secs] 
2019-03-15T15:58:25.374+0900: 903.510: Total time for which application threads were stopped: 0.0046451 seconds, Stopping threads took: 0.0000348 seconds
2019-03-15T15:58:26.536+0900: 904.671: Application time: 1.1617113 seconds
2019-03-15T15:58:26.536+0900: 904.671: [GC (Allocation Failure) 2019-03-15T15:58:26.536+0900: 904.671: [ParNew: 213520K->2961K(235968K), 0.0046112 secs] 615899K->405340K(842580K), 0.0047095 secs] [Times: user=0.00 sys=0.00, real=0.00 secs] 
2019-03-15T15:58:26.540+0900: 904.676: Total time for which application threads were stopped: 0.0048214 seconds, Stopping threads took: 0.0000193 seconds
2019-03-15T15:58:27.437+0900: 905.573: Application time: 0.8964868 seconds
2019-03-15T15:58:27.437+0900: 905.573: [GC (Allocation Failure) 2019-03-15T15:58:27.437+0900: 905.573: [ParNew: 212753K->2359K(235968K), 0.0039789 secs] 615132K->404738K(842580K), 0.0041092 secs] [Times: user=0.00 sys=0.00, real=0.00 secs] 
