Java HotSpot(TM) 64-Bit Server VM (25.111-b14) for windows-amd64 JRE (1.8.0_111-b14), built on Sep 22 2016 19:24:05 by "java_re" with MS VC++ 10.0 (VS2010)
Memory: 4k page, physical 16714364k(9614876k free), swap 33426828k(22734700k free)
CommandLine flags: -XX:InitialHeapSize=273888048 -XX:MaxHeapSize=1073741824 -XX:MaxNewSize=268435456 -XX:MaxTenuringThreshold=6 -XX:NewSize=268435456 -XX:OldPLABSize=16 -XX:+PrintGC -XX:+PrintGCApplicationConcurrentTime -XX:+PrintGCApplicationStoppedTime -XX:+PrintGCDateStamps -XX:+PrintGCDetails -XX:+PrintGCTimeStamps -XX:+UseCompressedClassPointers -XX:+UseCompressedOops -XX:+UseConcMarkSweepGC -XX:-UseLargePagesIndividualAllocation -XX:+UseParNewGC 
2019-03-15T21:54:36.594+0900: 1.047: Application time: 0.9388126 seconds
2019-03-15T21:54:36.594+0900: 1.047: Total time for which application threads were stopped: 0.0000504 seconds, Stopping threads took: 0.0000174 seconds
2019-03-15T21:54:36.613+0900: 1.066: Application time: 0.0194165 seconds
2019-03-15T21:54:36.613+0900: 1.067: [GC (Allocation Failure) 2019-03-15T21:54:36.613+0900: 1.067: [ParNew: 209792K->26175K(235968K), 0.7434964 secs] 209792K->190543K(400608K), 0.7436675 secs] [Times: user=2.47 sys=0.14, real=0.74 secs] 
2019-03-15T21:54:37.357+0900: 1.810: Total time for which application threads were stopped: 0.7437710 seconds, Stopping threads took: 0.0000162 seconds
2019-03-15T21:54:37.357+0900: 1.810: Application time: 0.0000342 seconds
2019-03-15T21:54:37.357+0900: 1.810: [GC (CMS Initial Mark) [1 CMS-initial-mark: 164367K(164640K)] 190728K(400608K), 0.0053259 secs] [Times: user=0.06 sys=0.00, real=0.00 secs] 
2019-03-15T21:54:37.362+0900: 1.816: Total time for which application threads were stopped: 0.0054403 seconds, Stopping threads took: 0.0000305 seconds
2019-03-15T21:54:37.362+0900: 1.816: [CMS-concurrent-mark-start]
2019-03-15T21:54:37.531+0900: 1.985: [CMS-concurrent-mark: 0.169/0.169 secs] [Times: user=0.16 sys=0.00, real=0.17 secs] 
2019-03-15T21:54:37.531+0900: 1.985: [CMS-concurrent-preclean-start]
2019-03-15T21:54:37.532+0900: 1.985: [CMS-concurrent-preclean: 0.000/0.000 secs] [Times: user=0.02 sys=0.00, real=0.00 secs] 
2019-03-15T21:54:37.532+0900: 1.985: [CMS-concurrent-abortable-preclean-start]
2019-03-15T21:54:38.127+0900: 2.581: Application time: 0.7651112 seconds
2019-03-15T21:54:38.127+0900: 2.581: [GC (Allocation Failure) 2019-03-15T21:54:38.127+0900: 2.581: [ParNew: 235967K->26176K(235968K), 0.1563214 secs] 400335K->302562K(513252K), 0.1564110 secs] [Times: user=0.53 sys=0.01, real=0.16 secs] 
2019-03-15T21:54:38.284+0900: 2.737: Total time for which application threads were stopped: 0.1565457 seconds, Stopping threads took: 0.0000317 seconds
2019-03-15T21:54:39.053+0900: 3.506: Application time: 0.7690798 seconds
2019-03-15T21:54:39.053+0900: 3.507: [GC (Allocation Failure) 2019-03-15T21:54:39.053+0900: 3.507: [ParNew2019-03-15T21:54:39.076+0900: 3.530: [CMS-concurrent-abortable-preclean: 1.086/1.544 secs] [Times: user=1.79 sys=0.03, real=1.55 secs] 
: 235968K->26176K(235968K), 0.0870927 secs] 512354K->364382K(574788K), 0.0871956 secs] [Times: user=0.31 sys=0.02, real=0.09 secs] 
2019-03-15T21:54:39.140+0900: 3.594: Total time for which application threads were stopped: 0.0873371 seconds, Stopping threads took: 0.0000420 seconds
2019-03-15T21:54:39.143+0900: 3.597: Application time: 0.0027422 seconds
2019-03-15T21:54:39.143+0900: 3.597: [GC (CMS Final Remark) [YG occupancy: 30342 K (235968 K)]2019-03-15T21:54:39.143+0900: 3.597: [Rescan (parallel) , 0.0224999 secs]2019-03-15T21:54:39.166+0900: 3.619: [weak refs processing, 0.0000311 secs]2019-03-15T21:54:39.166+0900: 3.619: [class unloading, 0.0004121 secs]2019-03-15T21:54:39.166+0900: 3.620: [scrub symbol table, 0.0004404 secs]2019-03-15T21:54:39.166+0900: 3.620: [scrub string table, 0.0001076 secs][1 CMS-remark: 338206K(338820K)] 368548K(574788K), 0.0236585 secs] [Times: user=0.06 sys=0.00, real=0.02 secs] 
2019-03-15T21:54:39.167+0900: 3.620: Total time for which application threads were stopped: 0.0237194 seconds, Stopping threads took: 0.0000162 seconds
2019-03-15T21:54:39.167+0900: 3.620: [CMS-concurrent-sweep-start]
2019-03-15T21:54:39.222+0900: 3.675: [CMS-concurrent-sweep: 0.055/0.055 secs] [Times: user=0.06 sys=0.00, real=0.05 secs] 
2019-03-15T21:54:39.222+0900: 3.676: [CMS-concurrent-reset-start]
2019-03-15T21:54:39.223+0900: 3.676: [CMS-concurrent-reset: 0.001/0.001 secs] [Times: user=0.00 sys=0.00, real=0.00 secs] 
2019-03-15T21:54:39.781+0900: 4.234: Application time: 0.6139523 seconds
2019-03-15T21:54:39.781+0900: 4.234: Total time for which application threads were stopped: 0.0000983 seconds, Stopping threads took: 0.0000271 seconds
2019-03-15T21:54:39.988+0900: 4.442: Application time: 0.2071688 seconds
2019-03-15T21:54:39.988+0900: 4.442: [GC (Allocation Failure) 2019-03-15T21:54:39.988+0900: 4.442: [ParNew: 235968K->26176K(235968K), 0.0721831 secs] 574174K->408572K(799648K), 0.0723309 secs] [Times: user=0.25 sys=0.02, real=0.07 secs] 
2019-03-15T21:54:40.060+0900: 4.514: Total time for which application threads were stopped: 0.0725389 seconds, Stopping threads took: 0.0000709 seconds
2019-03-15T21:54:40.060+0900: 4.514: Application time: 0.0000292 seconds
2019-03-15T21:54:40.061+0900: 4.514: [GC (CMS Initial Mark) [1 CMS-initial-mark: 382396K(563680K)] 412749K(799648K), 0.0056870 secs] [Times: user=0.00 sys=0.00, real=0.00 secs] 
2019-03-15T21:54:40.066+0900: 4.520: Total time for which application threads were stopped: 0.0059193 seconds, Stopping threads took: 0.0001530 seconds
2019-03-15T21:54:40.066+0900: 4.520: [CMS-concurrent-mark-start]
2019-03-15T21:54:40.298+0900: 4.751: [CMS-concurrent-mark: 0.231/0.231 secs] [Times: user=0.27 sys=0.00, real=0.23 secs] 
2019-03-15T21:54:40.298+0900: 4.752: [CMS-concurrent-preclean-start]
2019-03-15T21:54:40.298+0900: 4.752: [CMS-concurrent-preclean: 0.001/0.001 secs] [Times: user=0.00 sys=0.00, real=0.00 secs] 
2019-03-15T21:54:40.298+0900: 4.752: [CMS-concurrent-abortable-preclean-start]
2019-03-15T21:54:40.829+0900: 5.283: Application time: 0.7627795 seconds
2019-03-15T21:54:40.829+0900: 5.283: [GC (Allocation Failure) 2019-03-15T21:54:40.829+0900: 5.283: [ParNew: 235968K->26176K(235968K), 0.0797589 secs] 618364K->470642K(799648K), 0.0798488 secs] [Times: user=0.31 sys=0.00, real=0.08 secs] 
2019-03-15T21:54:40.909+0900: 5.363: Total time for which application threads were stopped: 0.0800217 seconds, Stopping threads took: 0.0000765 seconds
2019-03-15T21:54:41.675+0900: 6.128: Application time: 0.7655534 seconds
2019-03-15T21:54:41.675+0900: 6.129: [GC (Allocation Failure) 2019-03-15T21:54:41.675+0900: 6.129: [ParNew2019-03-15T21:54:41.677+0900: 6.130: [CMS-concurrent-abortable-preclean: 0.999/1.378 secs] [Times: user=1.33 sys=0.00, real=1.38 secs] 
: 235968K->26176K(235968K), 0.1118295 secs] 680434K->540002K(799648K), 0.1119775 secs] [Times: user=0.37 sys=0.05, real=0.11 secs] 
2019-03-15T21:54:41.788+0900: 6.241: Total time for which application threads were stopped: 0.1122381 seconds, Stopping threads took: 0.0000818 seconds
2019-03-15T21:54:41.788+0900: 6.241: Application time: 0.0000227 seconds
2019-03-15T21:54:41.788+0900: 6.241: [GC (CMS Final Remark) [YG occupancy: 30349 K (235968 K)]2019-03-15T21:54:41.788+0900: 6.241: [Rescan (parallel) , 0.0213178 secs]2019-03-15T21:54:41.809+0900: 6.262: [weak refs processing, 0.0000227 secs]2019-03-15T21:54:41.809+0900: 6.262: [class unloading, 0.0004202 secs]2019-03-15T21:54:41.810+0900: 6.263: [scrub symbol table, 0.0006024 secs]2019-03-15T21:54:41.810+0900: 6.263: [scrub string table, 0.0001368 secs][1 CMS-remark: 513826K(563680K)] 544176K(799648K), 0.0226097 secs] [Times: user=0.11 sys=0.00, real=0.02 secs] 
2019-03-15T21:54:41.811+0900: 6.263: Total time for which application threads were stopped: 0.0227578 seconds, Stopping threads took: 0.0000980 seconds
2019-03-15T21:54:41.811+0900: 6.264: [CMS-concurrent-sweep-start]
2019-03-15T21:54:42.055+0900: 6.508: [CMS-concurrent-sweep: 0.244/0.244 secs] [Times: user=0.23 sys=0.00, real=0.24 secs] 
2019-03-15T21:54:42.055+0900: 6.508: [CMS-concurrent-reset-start]
2019-03-15T21:54:42.056+0900: 6.509: [CMS-concurrent-reset: 0.001/0.001 secs] [Times: user=0.00 sys=0.00, real=0.00 secs] 
2019-03-15T21:54:42.624+0900: 7.077: Application time: 0.8135758 seconds
2019-03-15T21:54:42.624+0900: 7.077: [GC (Allocation Failure) 2019-03-15T21:54:42.624+0900: 7.077: [ParNew: 235968K->26176K(235968K), 0.0721318 secs] 621929K->471819K(879240K), 0.0721981 secs] [Times: user=0.23 sys=0.00, real=0.07 secs] 
2019-03-15T21:54:42.697+0900: 7.149: Total time for which application threads were stopped: 0.0723707 seconds, Stopping threads took: 0.0000700 seconds
2019-03-15T21:54:42.697+0900: 7.149: Application time: 0.0000370 seconds
2019-03-15T21:54:42.697+0900: 7.150: [GC (CMS Initial Mark) [1 CMS-initial-mark: 445643K(643272K)] 476000K(879240K), 0.0094938 secs] [Times: user=0.00 sys=0.00, real=0.01 secs] 
2019-03-15T21:54:42.706+0900: 7.159: Total time for which application threads were stopped: 0.0096885 seconds, Stopping threads took: 0.0001396 seconds
2019-03-15T21:54:42.706+0900: 7.159: [CMS-concurrent-mark-start]
2019-03-15T21:54:42.932+0900: 7.385: [CMS-concurrent-mark: 0.226/0.226 secs] [Times: user=0.23 sys=0.00, real=0.23 secs] 
2019-03-15T21:54:42.932+0900: 7.385: [CMS-concurrent-preclean-start]
2019-03-15T21:54:42.933+0900: 7.386: [CMS-concurrent-preclean: 0.001/0.001 secs] [Times: user=0.00 sys=0.00, real=0.00 secs] 
2019-03-15T21:54:42.933+0900: 7.386: [CMS-concurrent-abortable-preclean-start]
2019-03-15T21:54:43.510+0900: 7.962: Application time: 0.8032519 seconds
2019-03-15T21:54:43.510+0900: 7.962: [GC (Allocation Failure) 2019-03-15T21:54:43.510+0900: 7.962: [ParNew: 235968K->12698K(235968K), 0.0336493 secs] 681611K->491345K(879240K), 0.0337183 secs] [Times: user=0.08 sys=0.00, real=0.03 secs] 
2019-03-15T21:54:43.543+0900: 7.996: Total time for which application threads were stopped: 0.0338356 seconds, Stopping threads took: 0.0000159 seconds
2019-03-15T21:54:44.119+0900: 8.571: [CMS-concurrent-abortable-preclean: 0.555/1.186 secs] [Times: user=0.67 sys=0.00, real=1.19 secs] 
2019-03-15T21:54:44.119+0900: 8.571: Application time: 0.5752269 seconds
2019-03-15T21:54:44.119+0900: 8.571: [GC (CMS Final Remark) [YG occupancy: 175132 K (235968 K)]2019-03-15T21:54:44.119+0900: 8.572: [Rescan (parallel) , 0.0535127 secs]2019-03-15T21:54:44.172+0900: 8.625: [weak refs processing, 0.0000264 secs]2019-03-15T21:54:44.172+0900: 8.625: [class unloading, 0.0004311 secs]2019-03-15T21:54:44.173+0900: 8.626: [scrub symbol table, 0.0005048 secs]2019-03-15T21:54:44.173+0900: 8.626: [scrub string table, 0.0001082 secs][1 CMS-remark: 478647K(643272K)] 653779K(879240K), 0.0547154 secs] [Times: user=0.14 sys=0.00, real=0.05 secs] 
2019-03-15T21:54:44.173+0900: 8.626: Total time for which application threads were stopped: 0.0548349 seconds, Stopping threads took: 0.0000603 seconds
2019-03-15T21:54:44.173+0900: 8.626: [CMS-concurrent-sweep-start]
2019-03-15T21:54:44.344+0900: 8.797: Application time: 0.1704783 seconds
2019-03-15T21:54:44.344+0900: 8.797: [GC (Allocation Failure) 2019-03-15T21:54:44.344+0900: 8.797: [ParNew: 222490K->26176K(235968K), 0.0386337 secs] 566011K->383999K(879240K), 0.0386971 secs] [Times: user=0.13 sys=0.00, real=0.04 secs] 
2019-03-15T21:54:44.383+0900: 8.836: Total time for which application threads were stopped: 0.0387994 seconds, Stopping threads took: 0.0000143 seconds
2019-03-15T21:54:44.454+0900: 8.907: [CMS-concurrent-sweep: 0.241/0.280 secs] [Times: user=0.36 sys=0.00, real=0.28 secs] 
2019-03-15T21:54:44.454+0900: 8.907: [CMS-concurrent-reset-start]
2019-03-15T21:54:44.454+0900: 8.907: [CMS-concurrent-reset: 0.001/0.001 secs] [Times: user=0.00 sys=0.00, real=0.00 secs] 
2019-03-15T21:54:45.133+0900: 9.585: Application time: 0.7499170 seconds
2019-03-15T21:54:45.133+0900: 9.586: [GC (Allocation Failure) 2019-03-15T21:54:45.133+0900: 9.586: [ParNew: 235968K->26176K(235968K), 0.0734878 secs] 544154K->387455K(879240K), 0.0735528 secs] [Times: user=0.23 sys=0.00, real=0.07 secs] 
2019-03-15T21:54:45.206+0900: 9.659: Total time for which application threads were stopped: 0.0736592 seconds, Stopping threads took: 0.0000171 seconds
2019-03-15T21:54:45.949+0900: 10.402: Application time: 0.7428818 seconds
2019-03-15T21:54:45.949+0900: 10.402: [GC (Allocation Failure) 2019-03-15T21:54:45.949+0900: 10.402: [ParNew: 235968K->26176K(235968K), 0.0440161 secs] 597247K->431020K(879240K), 0.0440970 secs] [Times: user=0.14 sys=0.00, real=0.04 secs] 
2019-03-15T21:54:45.993+0900: 10.446: Total time for which application threads were stopped: 0.0442102 seconds, Stopping threads took: 0.0000233 seconds
2019-03-15T21:54:46.778+0900: 11.231: Application time: 0.7843150 seconds
2019-03-15T21:54:46.778+0900: 11.231: [GC (Allocation Failure) 2019-03-15T21:54:46.778+0900: 11.231: [ParNew: 235968K->19262K(235968K), 0.0202575 secs] 640812K->444177K(879240K), 0.0203580 secs] [Times: user=0.05 sys=0.00, real=0.02 secs] 
2019-03-15T21:54:46.798+0900: 11.251: Total time for which application threads were stopped: 0.0204684 seconds, Stopping threads took: 0.0000162 seconds
2019-03-15T21:54:47.618+0900: 12.071: Application time: 0.8200219 seconds
2019-03-15T21:54:47.618+0900: 12.071: [GC (Allocation Failure) 2019-03-15T21:54:47.618+0900: 12.071: [ParNew: 229054K->26176K(235968K), 0.0179665 secs] 653969K->452204K(879240K), 0.0180499 secs] [Times: user=0.06 sys=0.00, real=0.02 secs] 
2019-03-15T21:54:47.636+0900: 12.089: Total time for which application threads were stopped: 0.0181637 seconds, Stopping threads took: 0.0000171 seconds
2019-03-15T21:54:48.459+0900: 12.912: Application time: 0.8225993 seconds
2019-03-15T21:54:48.459+0900: 12.912: [GC (Allocation Failure) 2019-03-15T21:54:48.459+0900: 12.912: [ParNew: 235968K->26176K(235968K), 0.0590517 secs] 661996K->496919K(879240K), 0.0591493 secs] [Times: user=0.20 sys=0.00, real=0.06 secs] 
2019-03-15T21:54:48.518+0900: 12.971: Total time for which application threads were stopped: 0.0592669 seconds, Stopping threads took: 0.0000187 seconds
2019-03-15T21:54:48.518+0900: 12.971: Application time: 0.0000292 seconds
2019-03-15T21:54:48.518+0900: 12.971: [GC (CMS Initial Mark) [1 CMS-initial-mark: 470743K(643272K)] 501106K(879240K), 0.0080317 secs] [Times: user=0.00 sys=0.00, real=0.01 secs] 
2019-03-15T21:54:48.526+0900: 12.979: Total time for which application threads were stopped: 0.0081331 seconds, Stopping threads took: 0.0000342 seconds
2019-03-15T21:54:48.526+0900: 12.979: [CMS-concurrent-mark-start]
2019-03-15T21:54:48.735+0900: 13.188: [CMS-concurrent-mark: 0.209/0.209 secs] [Times: user=0.22 sys=0.00, real=0.21 secs] 
2019-03-15T21:54:48.735+0900: 13.188: [CMS-concurrent-preclean-start]
2019-03-15T21:54:48.735+0900: 13.189: [CMS-concurrent-preclean: 0.001/0.001 secs] [Times: user=0.00 sys=0.00, real=0.00 secs] 
2019-03-15T21:54:48.736+0900: 13.189: [CMS-concurrent-abortable-preclean-start]
2019-03-15T21:54:49.279+0900: 13.732: Application time: 0.7528506 seconds
2019-03-15T21:54:49.279+0900: 13.732: [GC (Allocation Failure) 2019-03-15T21:54:49.279+0900: 13.732: [ParNew: 235968K->18590K(235968K), 0.0339793 secs] 706711K->522122K(879240K), 0.0340673 secs] [Times: user=0.08 sys=0.00, real=0.03 secs] 
2019-03-15T21:54:49.313+0900: 13.766: Total time for which application threads were stopped: 0.0342020 seconds, Stopping threads took: 0.0000457 seconds
2019-03-15T21:54:49.936+0900: 14.389: [CMS-concurrent-abortable-preclean: 0.668/1.200 secs] [Times: user=0.77 sys=0.00, real=1.20 secs] 
2019-03-15T21:54:49.936+0900: 14.389: Application time: 0.6224972 seconds
2019-03-15T21:54:49.936+0900: 14.389: [GC (CMS Final Remark) [YG occupancy: 178876 K (235968 K)]2019-03-15T21:54:49.936+0900: 14.389: [Rescan (parallel) , 0.0477882 secs]2019-03-15T21:54:49.984+0900: 14.437: [weak refs processing, 0.0000208 secs]2019-03-15T21:54:49.984+0900: 14.437: [class unloading, 0.0004348 secs]2019-03-15T21:54:49.984+0900: 14.437: [scrub symbol table, 0.0004594 secs]2019-03-15T21:54:49.985+0900: 14.438: [scrub string table, 0.0001154 secs][1 CMS-remark: 503532K(643272K)] 682409K(879240K), 0.0489706 secs] [Times: user=0.17 sys=0.00, real=0.05 secs] 
2019-03-15T21:54:49.985+0900: 14.438: Total time for which application threads were stopped: 0.0491140 seconds, Stopping threads took: 0.0000507 seconds
2019-03-15T21:54:49.985+0900: 14.438: [CMS-concurrent-sweep-start]
2019-03-15T21:54:50.167+0900: 14.620: Application time: 0.1818684 seconds
2019-03-15T21:54:50.167+0900: 14.620: [GC (Allocation Failure) 2019-03-15T21:54:50.167+0900: 14.620: [ParNew: 228382K->6794K(235968K), 0.0011365 secs] 582143K->360555K(879240K), 0.0012179 secs] [Times: user=0.06 sys=0.00, real=0.00 secs] 
2019-03-15T21:54:50.168+0900: 14.621: Total time for which application threads were stopped: 0.0013364 seconds, Stopping threads took: 0.0000345 seconds
2019-03-15T21:54:50.251+0900: 14.704: [CMS-concurrent-sweep: 0.265/0.266 secs] [Times: user=0.30 sys=0.00, real=0.27 secs] 
2019-03-15T21:54:50.251+0900: 14.704: [CMS-concurrent-reset-start]
2019-03-15T21:54:50.251+0900: 14.705: [CMS-concurrent-reset: 0.001/0.001 secs] [Times: user=0.00 sys=0.00, real=0.00 secs] 
2019-03-15T21:54:51.039+0900: 15.493: Application time: 0.8714981 seconds
2019-03-15T21:54:51.040+0900: 15.493: [GC (Allocation Failure) 2019-03-15T21:54:51.040+0900: 15.493: [ParNew: 216586K->26176K(235968K), 0.0591397 secs] 510758K->343510K(879240K), 0.0592566 secs] [Times: user=0.25 sys=0.00, real=0.06 secs] 
2019-03-15T21:54:51.099+0900: 15.552: Total time for which application threads were stopped: 0.0594208 seconds, Stopping threads took: 0.0000491 seconds
2019-03-15T21:54:51.942+0900: 16.395: Application time: 0.8427897 seconds
2019-03-15T21:54:51.942+0900: 16.395: [GC (Allocation Failure) 2019-03-15T21:54:51.942+0900: 16.395: [ParNew: 235968K->20222K(235968K), 0.0528266 secs] 553302K->372306K(879240K), 0.0529333 secs] [Times: user=0.20 sys=0.00, real=0.05 secs] 
2019-03-15T21:54:51.995+0900: 16.448: Total time for which application threads were stopped: 0.0530954 seconds, Stopping threads took: 0.0000414 seconds
2019-03-15T21:54:52.892+0900: 17.345: Application time: 0.8968100 seconds
2019-03-15T21:54:52.892+0900: 17.345: [GC (Allocation Failure) 2019-03-15T21:54:52.892+0900: 17.345: [ParNew: 230014K->15563K(235968K), 0.0274582 secs] 582098K->367646K(879240K), 0.0276544 secs] [Times: user=0.12 sys=0.00, real=0.03 secs] 
2019-03-15T21:54:52.919+0900: 17.373: Total time for which application threads were stopped: 0.0279595 seconds, Stopping threads took: 0.0000852 seconds
2019-03-15T21:54:53.768+0900: 18.221: Application time: 0.8483308 seconds
2019-03-15T21:54:53.768+0900: 18.221: [GC (Allocation Failure) 2019-03-15T21:54:53.768+0900: 18.221: [ParNew: 225355K->23455K(235968K), 0.0200796 secs] 577438K->375539K(879240K), 0.0201748 secs] [Times: user=0.13 sys=0.00, real=0.02 secs] 
2019-03-15T21:54:53.788+0900: 18.241: Total time for which application threads were stopped: 0.0203458 seconds, Stopping threads took: 0.0000501 seconds
2019-03-15T21:54:54.570+0900: 19.024: Application time: 0.7822579 seconds
2019-03-15T21:54:54.570+0900: 19.024: [GC (Allocation Failure) 2019-03-15T21:54:54.571+0900: 19.024: [ParNew: 233247K->26176K(235968K), 0.0696667 secs] 585331K->426549K(879240K), 0.0697768 secs] [Times: user=0.22 sys=0.00, real=0.07 secs] 
2019-03-15T21:54:54.640+0900: 19.094: Total time for which application threads were stopped: 0.0699155 seconds, Stopping threads took: 0.0000379 seconds
2019-03-15T21:54:55.464+0900: 19.917: Application time: 0.8239193 seconds
2019-03-15T21:54:55.464+0900: 19.918: [GC (Allocation Failure) 2019-03-15T21:54:55.464+0900: 19.918: [ParNew: 235968K->18097K(235968K), 0.0260045 secs] 636341K->450153K(879240K), 0.0260944 secs] [Times: user=0.08 sys=0.00, real=0.03 secs] 
2019-03-15T21:54:55.490+0900: 19.944: Total time for which application threads were stopped: 0.0262166 seconds, Stopping threads took: 0.0000168 seconds
2019-03-15T21:54:56.262+0900: 20.715: Application time: 0.7716870 seconds
2019-03-15T21:54:56.262+0900: 20.715: [GC (Allocation Failure) 2019-03-15T21:54:56.262+0900: 20.716: [ParNew: 227889K->6437K(235968K), 0.0021582 secs] 659945K->438493K(879240K), 0.0022434 secs] [Times: user=0.00 sys=0.00, real=0.00 secs] 
2019-03-15T21:54:56.264+0900: 20.718: Total time for which application threads were stopped: 0.0023706 seconds, Stopping threads took: 0.0000305 seconds
2019-03-15T21:54:57.066+0900: 21.519: Application time: 0.8012427 seconds
2019-03-15T21:54:57.066+0900: 21.519: [GC (Allocation Failure) 2019-03-15T21:54:57.066+0900: 21.519: [ParNew: 216229K->24244K(235968K), 0.0194349 secs] 648285K->456301K(879240K), 0.0195229 secs] [Times: user=0.05 sys=0.00, real=0.02 secs] 
2019-03-15T21:54:57.085+0900: 21.539: Total time for which application threads were stopped: 0.0196852 seconds, Stopping threads took: 0.0000613 seconds
2019-03-15T21:54:57.850+0900: 22.303: Application time: 0.7644447 seconds
2019-03-15T21:54:57.850+0900: 22.303: [GC (Allocation Failure) 2019-03-15T21:54:57.850+0900: 22.303: [ParNew: 234036K->15542K(235968K), 0.0327853 secs] 666093K->480845K(879240K), 0.0328578 secs] [Times: user=0.13 sys=0.00, real=0.03 secs] 
2019-03-15T21:54:57.883+0900: 22.336: Total time for which application threads were stopped: 0.0329626 seconds, Stopping threads took: 0.0000146 seconds
2019-03-15T21:54:58.682+0900: 23.136: Application time: 0.7995940 seconds
2019-03-15T21:54:58.682+0900: 23.136: [GC (Allocation Failure) 2019-03-15T21:54:58.682+0900: 23.136: [ParNew: 225334K->9711K(235968K), 0.0151739 secs] 690637K->475013K(879240K), 0.0152887 secs] [Times: user=0.05 sys=0.00, real=0.02 secs] 
2019-03-15T21:54:58.698+0900: 23.151: Total time for which application threads were stopped: 0.0154523 seconds, Stopping threads took: 0.0000389 seconds
2019-03-15T21:54:59.460+0900: 23.912: Application time: 0.7612875 seconds
2019-03-15T21:54:59.460+0900: 23.913: [GC (Allocation Failure) 2019-03-15T21:54:59.460+0900: 23.913: [ParNew: 219503K->12993K(235968K), 0.0064822 secs] 684805K->478295K(879240K), 0.0066116 secs] [Times: user=0.06 sys=0.00, real=0.01 secs] 
2019-03-15T21:54:59.467+0900: 23.919: Total time for which application threads were stopped: 0.0067342 seconds, Stopping threads took: 0.0000243 seconds
2019-03-15T21:55:00.294+0900: 24.746: Application time: 0.8269614 seconds
2019-03-15T21:55:00.294+0900: 24.746: [GC (Allocation Failure) 2019-03-15T21:55:00.294+0900: 24.746: [ParNew: 222785K->26176K(235968K), 0.0454303 secs] 688087K->504650K(879240K), 0.0455358 secs] [Times: user=0.13 sys=0.00, real=0.05 secs] 
2019-03-15T21:55:00.339+0900: 24.792: Total time for which application threads were stopped: 0.0457071 seconds, Stopping threads took: 0.0000264 seconds
2019-03-15T21:55:01.227+0900: 25.680: Application time: 0.8878294 seconds
2019-03-15T21:55:01.227+0900: 25.680: [GC (Allocation Failure) 2019-03-15T21:55:01.227+0900: 25.680: [ParNew: 235968K->10459K(235968K), 0.0401213 secs] 714442K->525245K(879240K), 0.0402046 secs] [Times: user=0.19 sys=0.00, real=0.04 secs] 
2019-03-15T21:55:01.267+0900: 25.720: Total time for which application threads were stopped: 0.0403455 seconds, Stopping threads took: 0.0000451 seconds
2019-03-15T21:55:01.268+0900: 25.720: Application time: 0.0000367 seconds
2019-03-15T21:55:01.268+0900: 25.720: [GC (CMS Initial Mark) [1 CMS-initial-mark: 514786K(643272K)] 529429K(879240K), 0.0021242 secs] [Times: user=0.00 sys=0.00, real=0.00 secs] 
2019-03-15T21:55:01.270+0900: 25.722: Total time for which application threads were stopped: 0.0024004 seconds, Stopping threads took: 0.0002050 seconds
2019-03-15T21:55:01.270+0900: 25.723: [CMS-concurrent-mark-start]
2019-03-15T21:55:01.497+0900: 25.950: [CMS-concurrent-mark: 0.227/0.227 secs] [Times: user=0.23 sys=0.00, real=0.23 secs] 
2019-03-15T21:55:01.497+0900: 25.950: [CMS-concurrent-preclean-start]
2019-03-15T21:55:01.498+0900: 25.950: [CMS-concurrent-preclean: 0.001/0.001 secs] [Times: user=0.00 sys=0.00, real=0.00 secs] 
2019-03-15T21:55:01.498+0900: 25.950: [CMS-concurrent-abortable-preclean-start]
2019-03-15T21:55:02.068+0900: 26.520: Application time: 0.7978243 seconds
2019-03-15T21:55:02.068+0900: 26.520: [GC (Allocation Failure) 2019-03-15T21:55:02.068+0900: 26.520: [ParNew: 220251K->5981K(235968K), 0.0038149 secs] 735037K->520768K(879240K), 0.0039092 secs] [Times: user=0.06 sys=0.00, real=0.00 secs] 
2019-03-15T21:55:02.072+0900: 26.524: Total time for which application threads were stopped: 0.0040588 seconds, Stopping threads took: 0.0000470 seconds
2019-03-15T21:55:02.631+0900: 27.083: [CMS-concurrent-abortable-preclean: 0.336/1.133 secs] [Times: user=0.40 sys=0.00, real=1.13 secs] 
2019-03-15T21:55:02.631+0900: 27.083: Application time: 0.5589364 seconds
2019-03-15T21:55:02.631+0900: 27.084: [GC (CMS Final Remark) [YG occupancy: 149501 K (235968 K)]2019-03-15T21:55:02.631+0900: 27.084: [Rescan (parallel) , 0.0465170 secs]2019-03-15T21:55:02.678+0900: 27.130: [weak refs processing, 0.0000215 secs]2019-03-15T21:55:02.678+0900: 27.130: [class unloading, 0.0004230 secs]2019-03-15T21:55:02.678+0900: 27.131: [scrub symbol table, 0.0004451 secs]2019-03-15T21:55:02.679+0900: 27.131: [scrub string table, 0.0001042 secs][1 CMS-remark: 514786K(643272K)] 664288K(879240K), 0.0476734 secs] [Times: user=0.17 sys=0.00, real=0.05 secs] 
2019-03-15T21:55:02.679+0900: 27.131: Total time for which application threads were stopped: 0.0481651 seconds, Stopping threads took: 0.0004354 seconds
2019-03-15T21:55:02.679+0900: 27.132: [CMS-concurrent-sweep-start]
2019-03-15T21:55:02.921+0900: 27.374: Application time: 0.2421999 seconds
2019-03-15T21:55:02.921+0900: 27.374: [GC (Allocation Failure) 2019-03-15T21:55:02.921+0900: 27.374: [ParNew: 215773K->26176K(235968K), 0.0214733 secs] 531163K->345648K(879240K), 0.0215610 secs] [Times: user=0.06 sys=0.00, real=0.02 secs] 
2019-03-15T21:55:02.943+0900: 27.395: Total time for which application threads were stopped: 0.0217093 seconds, Stopping threads took: 0.0000470 seconds
2019-03-15T21:55:02.977+0900: 27.430: [CMS-concurrent-sweep: 0.277/0.298 secs] [Times: user=0.36 sys=0.00, real=0.30 secs] 
2019-03-15T21:55:02.977+0900: 27.430: [CMS-concurrent-reset-start]
2019-03-15T21:55:02.978+0900: 27.430: [CMS-concurrent-reset: 0.001/0.001 secs] [Times: user=0.00 sys=0.00, real=0.00 secs] 
2019-03-15T21:55:03.738+0900: 28.190: Application time: 0.7950059 seconds
2019-03-15T21:55:03.738+0900: 28.190: [GC (Allocation Failure) 2019-03-15T21:55:03.738+0900: 28.191: [ParNew: 235968K->12605K(235968K), 0.0355823 secs] 534223K->342627K(879240K), 0.0356725 secs] [Times: user=0.13 sys=0.00, real=0.04 secs] 
2019-03-15T21:55:03.774+0900: 28.226: Total time for which application threads were stopped: 0.0358099 seconds, Stopping threads took: 0.0000351 seconds
2019-03-15T21:55:04.702+0900: 29.155: Application time: 0.9285493 seconds
2019-03-15T21:55:04.702+0900: 29.155: [GC (Allocation Failure) 2019-03-15T21:55:04.702+0900: 29.155: [ParNew: 222397K->3461K(235968K), 0.0023634 secs] 552419K->333483K(879240K), 0.0024608 secs] [Times: user=0.00 sys=0.00, real=0.00 secs] 
2019-03-15T21:55:04.705+0900: 29.157: Total time for which application threads were stopped: 0.0025774 seconds, Stopping threads took: 0.0000249 seconds
2019-03-15T21:55:05.561+0900: 30.014: Application time: 0.8564073 seconds
2019-03-15T21:55:05.561+0900: 30.014: [GC (Allocation Failure) 2019-03-15T21:55:05.561+0900: 30.014: [ParNew: 213253K->2972K(235968K), 0.0143830 secs] 543275K->332994K(879240K), 0.0145858 secs] [Times: user=0.03 sys=0.00, real=0.01 secs] 
2019-03-15T21:55:05.576+0900: 30.029: Total time for which application threads were stopped: 0.0149260 seconds, Stopping threads took: 0.0000771 seconds
2019-03-15T21:55:06.434+0900: 30.887: Application time: 0.8579975 seconds
2019-03-15T21:55:06.434+0900: 30.887: [GC (Allocation Failure) 2019-03-15T21:55:06.434+0900: 30.887: [ParNew: 212764K->21785K(235968K), 0.0343071 secs] 542786K->351807K(879240K), 0.0344436 secs] [Times: user=0.13 sys=0.00, real=0.03 secs] 
2019-03-15T21:55:06.469+0900: 30.921: Total time for which application threads were stopped: 0.0346365 seconds, Stopping threads took: 0.0000551 seconds
2019-03-15T21:55:07.397+0900: 31.850: Application time: 0.9286417 seconds
2019-03-15T21:55:07.397+0900: 31.850: [GC (Allocation Failure) 2019-03-15T21:55:07.397+0900: 31.850: [ParNew: 231577K->6522K(235968K), 0.0528428 secs] 561599K->361364K(879240K), 0.0530052 secs] [Times: user=0.19 sys=0.00, real=0.05 secs] 
2019-03-15T21:55:07.450+0900: 31.903: Total time for which application threads were stopped: 0.0532160 seconds, Stopping threads took: 0.0000510 seconds
2019-03-15T21:55:08.343+0900: 32.795: Application time: 0.8922909 seconds
2019-03-15T21:55:08.343+0900: 32.796: [GC (Allocation Failure) 2019-03-15T21:55:08.343+0900: 32.796: [ParNew: 216314K->5763K(235968K), 0.0095688 secs] 571156K->360605K(879240K), 0.0097333 secs] [Times: user=0.00 sys=0.00, real=0.01 secs] 
2019-03-15T21:55:08.353+0900: 32.805: Total time for which application threads were stopped: 0.0099874 seconds, Stopping threads took: 0.0000529 seconds
2019-03-15T21:55:09.261+0900: 33.714: Application time: 0.9083310 seconds
2019-03-15T21:55:09.261+0900: 33.714: [GC (Allocation Failure) 2019-03-15T21:55:09.261+0900: 33.714: [ParNew: 215555K->18795K(235968K), 0.0366288 secs] 570397K->373637K(879240K), 0.0368192 secs] [Times: user=0.19 sys=0.00, real=0.04 secs] 
2019-03-15T21:55:09.298+0900: 33.751: Total time for which application threads were stopped: 0.0370951 seconds, Stopping threads took: 0.0000837 seconds
2019-03-15T21:55:10.168+0900: 34.621: Application time: 0.8702447 seconds
2019-03-15T21:55:10.168+0900: 34.621: [GC (Allocation Failure) 2019-03-15T21:55:10.169+0900: 34.622: [ParNew: 228587K->9297K(235968K), 0.0475459 secs] 583429K->386200K(879240K), 0.0478043 secs] [Times: user=0.14 sys=0.00, real=0.05 secs] 
2019-03-15T21:55:10.216+0900: 34.669: Total time for which application threads were stopped: 0.0480979 seconds, Stopping threads took: 0.0000809 seconds
2019-03-15T21:55:11.076+0900: 35.529: Application time: 0.8594848 seconds
2019-03-15T21:55:11.076+0900: 35.529: [GC (Allocation Failure) 2019-03-15T21:55:11.076+0900: 35.529: [ParNew: 219089K->3272K(235968K), 0.0028088 secs] 595992K->380175K(879240K), 0.0030262 secs] [Times: user=0.00 sys=0.00, real=0.00 secs] 
2019-03-15T21:55:11.079+0900: 35.532: Total time for which application threads were stopped: 0.0033935 seconds, Stopping threads took: 0.0000806 seconds
2019-03-15T21:55:11.992+0900: 36.445: Application time: 0.9132084 seconds
2019-03-15T21:55:11.992+0900: 36.446: [GC (Allocation Failure) 2019-03-15T21:55:11.993+0900: 36.446: [ParNew: 213064K->9397K(235968K), 0.0208830 secs] 589967K->386299K(879240K), 0.0210665 secs] [Times: user=0.06 sys=0.00, real=0.02 secs] 
2019-03-15T21:55:12.014+0900: 36.467: Total time for which application threads were stopped: 0.0213252 seconds, Stopping threads took: 0.0000569 seconds
2019-03-15T21:55:12.921+0900: 37.374: Application time: 0.9074272 seconds
2019-03-15T21:55:12.921+0900: 37.374: [GC (Allocation Failure) 2019-03-15T21:55:12.921+0900: 37.374: [ParNew: 219189K->26176K(235968K), 0.0442413 secs] 596091K->405750K(879240K), 0.0443816 secs] [Times: user=0.19 sys=0.00, real=0.05 secs] 
2019-03-15T21:55:12.966+0900: 37.419: Total time for which application threads were stopped: 0.0446117 seconds, Stopping threads took: 0.0000700 seconds
2019-03-15T21:55:13.866+0900: 38.319: Application time: 0.9007014 seconds
2019-03-15T21:55:13.866+0900: 38.320: [GC (Allocation Failure) 2019-03-15T21:55:13.867+0900: 38.320: [ParNew: 235968K->10034K(235968K), 0.0438821 secs] 615542K->422787K(879240K), 0.0439857 secs] [Times: user=0.13 sys=0.00, real=0.04 secs] 
2019-03-15T21:55:13.910+0900: 38.364: Total time for which application threads were stopped: 0.0441275 seconds, Stopping threads took: 0.0000417 seconds
2019-03-15T21:55:14.815+0900: 39.268: Application time: 0.9044675 seconds
2019-03-15T21:55:14.815+0900: 39.268: [GC (Allocation Failure) 2019-03-15T21:55:14.815+0900: 39.268: [ParNew: 219826K->5214K(235968K), 0.0028160 secs] 632579K->417967K(879240K), 0.0030004 secs] [Times: user=0.06 sys=0.00, real=0.00 secs] 
2019-03-15T21:55:14.818+0900: 39.271: Total time for which application threads were stopped: 0.0033027 seconds, Stopping threads took: 0.0000690 seconds
2019-03-15T21:55:15.732+0900: 40.186: Application time: 0.9142543 seconds
2019-03-15T21:55:15.733+0900: 40.186: [GC (Allocation Failure) 2019-03-15T21:55:15.733+0900: 40.186: [ParNew: 215006K->21803K(235968K), 0.0269966 secs] 627759K->434556K(879240K), 0.0271938 secs] [Times: user=0.12 sys=0.00, real=0.03 secs] 
2019-03-15T21:55:15.760+0900: 40.213: Total time for which application threads were stopped: 0.0274010 seconds, Stopping threads took: 0.0000485 seconds
2019-03-15T21:55:16.632+0900: 41.085: Application time: 0.8719133 seconds
2019-03-15T21:55:16.632+0900: 41.085: [GC (Allocation Failure) 2019-03-15T21:55:16.632+0900: 41.085: [ParNew: 231595K->9467K(235968K), 0.0444161 secs] 644348K->447039K(879240K), 0.0445483 secs] [Times: user=0.19 sys=0.00, real=0.04 secs] 
2019-03-15T21:55:16.676+0900: 41.130: Total time for which application threads were stopped: 0.0447392 seconds, Stopping threads took: 0.0000582 seconds
2019-03-15T21:55:17.543+0900: 41.996: Application time: 0.8658006 seconds
2019-03-15T21:55:17.543+0900: 41.996: [GC (Allocation Failure) 2019-03-15T21:55:17.544+0900: 41.996: [ParNew: 219259K->3863K(235968K), 0.0071058 secs] 656831K->441435K(879240K), 0.0073154 secs] [Times: user=0.06 sys=0.00, real=0.01 secs] 
2019-03-15T21:55:17.551+0900: 42.003: Total time for which application threads were stopped: 0.0076806 seconds, Stopping threads took: 0.0000821 seconds
2019-03-15T21:55:18.437+0900: 42.889: Application time: 0.8857343 seconds
2019-03-15T21:55:18.437+0900: 42.889: [GC (Allocation Failure) 2019-03-15T21:55:18.437+0900: 42.889: [ParNew: 213655K->12439K(235968K), 0.0282917 secs] 651227K->450011K(879240K), 0.0285828 secs] [Times: user=0.06 sys=0.00, real=0.03 secs] 
2019-03-15T21:55:18.465+0900: 42.918: Total time for which application threads were stopped: 0.0288223 seconds, Stopping threads took: 0.0000361 seconds
2019-03-15T21:55:19.354+0900: 43.806: Application time: 0.8886927 seconds
2019-03-15T21:55:19.354+0900: 43.807: [GC (Allocation Failure) 2019-03-15T21:55:19.354+0900: 43.807: [ParNew: 222231K->26176K(235968K), 0.0179174 secs] 659803K->463747K(879240K), 0.0180275 secs] [Times: user=0.09 sys=0.02, real=0.02 secs] 
2019-03-15T21:55:19.372+0900: 43.825: Total time for which application threads were stopped: 0.0181616 seconds, Stopping threads took: 0.0000323 seconds
2019-03-15T21:55:20.190+0900: 44.642: Application time: 0.8175658 seconds
2019-03-15T21:55:20.190+0900: 44.642: [GC (Allocation Failure) 2019-03-15T21:55:20.190+0900: 44.642: [ParNew: 235968K->18031K(235968K), 0.0265702 secs] 673539K->472149K(879240K), 0.0266713 secs] [Times: user=0.08 sys=0.00, real=0.03 secs] 
2019-03-15T21:55:20.217+0900: 44.669: Total time for which application threads were stopped: 0.0268162 seconds, Stopping threads took: 0.0000414 seconds
2019-03-15T21:55:21.009+0900: 45.462: Application time: 0.7926795 seconds
2019-03-15T21:55:21.009+0900: 45.462: [GC (Allocation Failure) 2019-03-15T21:55:21.009+0900: 45.462: [ParNew: 227823K->15152K(235968K), 0.0133937 secs] 681941K->469270K(879240K), 0.0135106 secs] [Times: user=0.03 sys=0.00, real=0.01 secs] 
2019-03-15T21:55:21.023+0900: 45.475: Total time for which application threads were stopped: 0.0136860 seconds, Stopping threads took: 0.0000501 seconds
2019-03-15T21:55:21.906+0900: 46.358: Application time: 0.8828708 seconds
2019-03-15T21:55:21.906+0900: 46.358: [GC (Allocation Failure) 2019-03-15T21:55:21.906+0900: 46.359: [ParNew: 224944K->26176K(235968K), 0.0381954 secs] 679062K->483129K(879240K), 0.0383422 secs] [Times: user=0.13 sys=0.00, real=0.04 secs] 
2019-03-15T21:55:21.944+0900: 46.397: Total time for which application threads were stopped: 0.0385562 seconds, Stopping threads took: 0.0000569 seconds
2019-03-15T21:55:22.774+0900: 47.226: Application time: 0.8291826 seconds
2019-03-15T21:55:22.774+0900: 47.226: [GC (Allocation Failure) 2019-03-15T21:55:22.774+0900: 47.226: [ParNew: 235968K->10841K(235968K), 0.0514401 secs] 692921K->503567K(879240K), 0.0515596 secs] [Times: user=0.19 sys=0.00, real=0.05 secs] 
2019-03-15T21:55:22.825+0900: 47.278: Total time for which application threads were stopped: 0.0517032 seconds, Stopping threads took: 0.0000277 seconds
2019-03-15T21:55:23.668+0900: 48.120: Application time: 0.8424874 seconds
2019-03-15T21:55:23.668+0900: 48.120: [GC (Allocation Failure) 2019-03-15T21:55:23.668+0900: 48.120: [ParNew: 220633K->4634K(235968K), 0.0074007 secs] 713359K->497360K(879240K), 0.0075587 secs] [Times: user=0.00 sys=0.00, real=0.01 secs] 
2019-03-15T21:55:23.675+0900: 48.128: Total time for which application threads were stopped: 0.0077810 seconds, Stopping threads took: 0.0000407 seconds
2019-03-15T21:55:24.478+0900: 48.931: Application time: 0.8028479 seconds
2019-03-15T21:55:24.478+0900: 48.931: [GC (Allocation Failure) 2019-03-15T21:55:24.478+0900: 48.931: [ParNew: 214426K->14989K(235968K), 0.0150878 secs] 707152K->507714K(879240K), 0.0152200 secs] [Times: user=0.06 sys=0.00, real=0.02 secs] 
2019-03-15T21:55:24.494+0900: 48.946: Total time for which application threads were stopped: 0.0154112 seconds, Stopping threads took: 0.0000495 seconds
2019-03-15T21:55:25.361+0900: 49.813: Application time: 0.8671837 seconds
2019-03-15T21:55:25.361+0900: 49.814: [GC (Allocation Failure) 2019-03-15T21:55:25.361+0900: 49.814: [ParNew: 224781K->20070K(235968K), 0.0237897 secs] 717506K->512796K(879240K), 0.0239941 secs] [Times: user=0.12 sys=0.00, real=0.02 secs] 
2019-03-15T21:55:25.385+0900: 49.838: Total time for which application threads were stopped: 0.0242870 seconds, Stopping threads took: 0.0000818 seconds
2019-03-15T21:55:26.298+0900: 50.750: Application time: 0.9126109 seconds
2019-03-15T21:55:26.298+0900: 50.750: [GC (Allocation Failure) 2019-03-15T21:55:26.298+0900: 50.751: [ParNew: 229862K->11835K(235968K), 0.0303671 secs] 722588K->522216K(879240K), 0.0304611 secs] [Times: user=0.05 sys=0.00, real=0.03 secs] 
2019-03-15T21:55:26.328+0900: 50.781: Total time for which application threads were stopped: 0.0306097 seconds, Stopping threads took: 0.0000448 seconds
2019-03-15T21:55:27.237+0900: 51.690: Application time: 0.9088349 seconds
2019-03-15T21:55:27.237+0900: 51.690: [GC (Allocation Failure) 2019-03-15T21:55:27.237+0900: 51.690: [ParNew: 221627K->5094K(235968K), 0.0093483 secs] 732008K->515475K(879240K), 0.0095184 secs] [Times: user=0.00 sys=0.00, real=0.01 secs] 
2019-03-15T21:55:27.247+0900: 51.700: Total time for which application threads were stopped: 0.0097607 seconds, Stopping threads took: 0.0000560 seconds
2019-03-15T21:55:28.202+0900: 52.655: Application time: 0.9554153 seconds
2019-03-15T21:55:28.202+0900: 52.655: [GC (Allocation Failure) 2019-03-15T21:55:28.202+0900: 52.655: [ParNew: 214886K->20310K(235968K), 0.0257190 secs] 725267K->530691K(879240K), 0.0258770 secs] [Times: user=0.06 sys=0.00, real=0.03 secs] 
2019-03-15T21:55:28.228+0900: 52.681: Total time for which application threads were stopped: 0.0260941 seconds, Stopping threads took: 0.0000585 seconds
2019-03-15T21:55:29.119+0900: 53.572: Application time: 0.8905903 seconds
2019-03-15T21:55:29.119+0900: 53.572: [GC (Allocation Failure) 2019-03-15T21:55:29.119+0900: 53.572: [ParNew: 230102K->6756K(235968K), 0.0357767 secs] 740483K->538089K(879240K), 0.0358942 secs] [Times: user=0.11 sys=0.03, real=0.04 secs] 
2019-03-15T21:55:29.155+0900: 53.608: Total time for which application threads were stopped: 0.0360559 seconds, Stopping threads took: 0.0000510 seconds
2019-03-15T21:55:30.019+0900: 54.472: Application time: 0.8645323 seconds
2019-03-15T21:55:30.020+0900: 54.472: [GC (Allocation Failure) 2019-03-15T21:55:30.020+0900: 54.472: [ParNew: 216548K->5114K(235968K), 0.0049993 secs] 747881K->536447K(879240K), 0.0051054 secs] [Times: user=0.00 sys=0.00, real=0.01 secs] 
2019-03-15T21:55:30.025+0900: 54.478: Total time for which application threads were stopped: 0.0052633 seconds, Stopping threads took: 0.0000476 seconds
2019-03-15T21:55:30.897+0900: 55.350: Application time: 0.8720278 seconds
2019-03-15T21:55:30.897+0900: 55.350: [GC (Allocation Failure) 2019-03-15T21:55:30.897+0900: 55.350: [ParNew: 214906K->12697K(235968K), 0.0089470 secs] 746239K->544031K(879240K), 0.0090444 secs] [Times: user=0.06 sys=0.00, real=0.01 secs] 
2019-03-15T21:55:30.906+0900: 55.359: Total time for which application threads were stopped: 0.0091626 seconds, Stopping threads took: 0.0000187 seconds
2019-03-15T21:55:31.749+0900: 56.202: Application time: 0.8436792 seconds
2019-03-15T21:55:31.750+0900: 56.203: [GC (Allocation Failure) 2019-03-15T21:55:31.750+0900: 56.203: [ParNew: 222489K->17918K(235968K), 0.0223395 secs] 753823K->549251K(879240K), 0.0225170 secs] [Times: user=0.06 sys=0.00, real=0.02 secs] 
2019-03-15T21:55:31.772+0900: 56.225: Total time for which application threads were stopped: 0.0227624 seconds, Stopping threads took: 0.0000383 seconds
2019-03-15T21:55:32.605+0900: 57.058: Application time: 0.8325485 seconds
2019-03-15T21:55:32.605+0900: 57.058: [GC (Allocation Failure) 2019-03-15T21:55:32.605+0900: 57.058: [ParNew: 227710K->6292K(235968K), 0.0324603 secs] 759043K->554172K(879240K), 0.0326093 secs] [Times: user=0.13 sys=0.00, real=0.03 secs] 
2019-03-15T21:55:32.638+0900: 57.091: Total time for which application threads were stopped: 0.0328161 seconds, Stopping threads took: 0.0000672 seconds
2019-03-15T21:55:33.682+0900: 58.135: Application time: 1.0447377 seconds
2019-03-15T21:55:33.683+0900: 58.136: [GC (Allocation Failure) 2019-03-15T21:55:33.683+0900: 58.136: [ParNew: 216084K->4734K(235968K), 0.0143438 secs] 763964K->552614K(879240K), 0.0146281 secs] [Times: user=0.06 sys=0.00, real=0.02 secs] 
2019-03-15T21:55:33.697+0900: 58.150: Total time for which application threads were stopped: 0.0149988 seconds, Stopping threads took: 0.0000818 seconds
2019-03-15T21:55:34.676+0900: 59.128: Application time: 0.9779918 seconds
2019-03-15T21:55:34.676+0900: 59.129: [GC (Allocation Failure) 2019-03-15T21:55:34.677+0900: 59.129: [ParNew: 214526K->20643K(235968K), 0.0283620 secs] 762406K->568523K(879240K), 0.0285265 secs] [Times: user=0.06 sys=0.00, real=0.03 secs] 
2019-03-15T21:55:34.705+0900: 59.157: Total time for which application threads were stopped: 0.0287470 seconds, Stopping threads took: 0.0000703 seconds
2019-03-15T21:55:35.686+0900: 60.138: Application time: 0.9811433 seconds
2019-03-15T21:55:35.686+0900: 60.138: [GC (Allocation Failure) 2019-03-15T21:55:35.686+0900: 60.139: [ParNew: 230435K->12762K(235968K), 0.0404254 secs] 778315K->582704K(879240K), 0.0405893 secs] [Times: user=0.19 sys=0.00, real=0.04 secs] 
2019-03-15T21:55:35.727+0900: 60.179: Total time for which application threads were stopped: 0.0408232 seconds, Stopping threads took: 0.0000809 seconds
2019-03-15T21:55:35.727+0900: 60.179: Application time: 0.0000267 seconds
2019-03-15T21:55:35.727+0900: 60.179: [GC (CMS Initial Mark) [1 CMS-initial-mark: 569941K(643272K)] 586890K(879240K), 0.0010155 secs] [Times: user=0.00 sys=0.00, real=0.00 secs] 
2019-03-15T21:55:35.728+0900: 60.180: Total time for which application threads were stopped: 0.0010799 seconds, Stopping threads took: 0.0000280 seconds
2019-03-15T21:55:35.728+0900: 60.180: [CMS-concurrent-mark-start]
2019-03-15T21:55:35.959+0900: 60.411: [CMS-concurrent-mark: 0.231/0.231 secs] [Times: user=0.25 sys=0.00, real=0.23 secs] 
2019-03-15T21:55:35.959+0900: 60.411: [CMS-concurrent-preclean-start]
2019-03-15T21:55:35.960+0900: 60.412: [CMS-concurrent-preclean: 0.001/0.001 secs] [Times: user=0.00 sys=0.00, real=0.00 secs] 
2019-03-15T21:55:35.960+0900: 60.412: [CMS-concurrent-abortable-preclean-start]
2019-03-15T21:55:36.583+0900: 61.035: Application time: 0.8546911 seconds
2019-03-15T21:55:36.583+0900: 61.035: [GC (Allocation Failure) 2019-03-15T21:55:36.583+0900: 61.035: [ParNew: 222554K->3948K(235968K), 0.0032063 secs] 792496K->573890K(879240K), 0.0033049 secs] [Times: user=0.00 sys=0.00, real=0.00 secs] 
2019-03-15T21:55:36.586+0900: 61.038: Total time for which application threads were stopped: 0.0034131 seconds, Stopping threads took: 0.0000295 seconds
2019-03-15T21:55:37.157+0900: 61.609: [CMS-concurrent-abortable-preclean: 0.383/1.197 secs] [Times: user=0.51 sys=0.00, real=1.20 secs] 
2019-03-15T21:55:37.157+0900: 61.609: Application time: 0.5707529 seconds
2019-03-15T21:55:37.157+0900: 61.609: [GC (CMS Final Remark) [YG occupancy: 134880 K (235968 K)]2019-03-15T21:55:37.157+0900: 61.609: [Rescan (parallel) , 0.0464225 secs]2019-03-15T21:55:37.204+0900: 61.656: [weak refs processing, 0.0000215 secs]2019-03-15T21:55:37.204+0900: 61.656: [class unloading, 0.0004544 secs]2019-03-15T21:55:37.204+0900: 61.656: [scrub symbol table, 0.0004379 secs]2019-03-15T21:55:37.205+0900: 61.657: [scrub string table, 0.0001095 secs][1 CMS-remark: 569941K(643272K)] 704821K(879240K), 0.0476479 secs] [Times: user=0.19 sys=0.00, real=0.05 secs] 
2019-03-15T21:55:37.205+0900: 61.657: Total time for which application threads were stopped: 0.0477938 seconds, Stopping threads took: 0.0000815 seconds
2019-03-15T21:55:37.205+0900: 61.657: [CMS-concurrent-sweep-start]
2019-03-15T21:55:37.514+0900: 61.967: Application time: 0.3097685 seconds
2019-03-15T21:55:37.515+0900: 61.967: [GC (Allocation Failure) 2019-03-15T21:55:37.515+0900: 61.967: [ParNew: 213740K->13653K(235968K), 0.0090152 secs] 509510K->309423K(879240K), 0.0091296 secs] [Times: user=0.00 sys=0.00, real=0.01 secs] 
2019-03-15T21:55:37.524+0900: 61.976: Total time for which application threads were stopped: 0.0093056 seconds, Stopping threads took: 0.0000638 seconds
2019-03-15T21:55:37.531+0900: 61.983: [CMS-concurrent-sweep: 0.317/0.326 secs] [Times: user=0.33 sys=0.01, real=0.33 secs] 
2019-03-15T21:55:37.531+0900: 61.983: [CMS-concurrent-reset-start]
2019-03-15T21:55:37.532+0900: 61.984: [CMS-concurrent-reset: 0.001/0.001 secs] [Times: user=0.00 sys=0.00, real=0.00 secs] 
2019-03-15T21:55:38.452+0900: 62.904: Application time: 0.9281599 seconds
2019-03-15T21:55:38.452+0900: 62.904: [GC (Allocation Failure) 2019-03-15T21:55:38.452+0900: 62.904: [ParNew: 223445K->17119K(235968K), 0.0245772 secs] 517618K->311292K(879240K), 0.0247582 secs] [Times: user=0.06 sys=0.00, real=0.03 secs] 
2019-03-15T21:55:38.477+0900: 62.929: Total time for which application threads were stopped: 0.0250139 seconds, Stopping threads took: 0.0000551 seconds
2019-03-15T21:55:39.433+0900: 63.885: Application time: 0.9561167 seconds
2019-03-15T21:55:39.433+0900: 63.885: [GC (Allocation Failure) 2019-03-15T21:55:39.433+0900: 63.886: [ParNew: 226911K->21367K(235968K), 0.0262772 secs] 521084K->315539K(879240K), 0.0264897 secs] [Times: user=0.06 sys=0.00, real=0.03 secs] 
2019-03-15T21:55:39.460+0900: 63.912: Total time for which application threads were stopped: 0.0267945 seconds, Stopping threads took: 0.0000815 seconds
2019-03-15T21:55:40.335+0900: 64.787: Application time: 0.8750540 seconds
2019-03-15T21:55:40.335+0900: 64.787: [GC (Allocation Failure) 2019-03-15T21:55:40.335+0900: 64.787: [ParNew: 231159K->13746K(235968K), 0.0360777 secs] 525331K->324465K(879240K), 0.0362121 secs] [Times: user=0.14 sys=0.00, real=0.04 secs] 
2019-03-15T21:55:40.371+0900: 64.824: Total time for which application threads were stopped: 0.0363987 seconds, Stopping threads took: 0.0000591 seconds
2019-03-15T21:55:41.242+0900: 65.695: Application time: 0.8711772 seconds
2019-03-15T21:55:41.242+0900: 65.695: [GC (Allocation Failure) 2019-03-15T21:55:41.242+0900: 65.695: [ParNew: 223538K->15268K(235968K), 0.0118526 secs] 534257K->325988K(879240K), 0.0119552 secs] [Times: user=0.00 sys=0.02, real=0.01 secs] 
2019-03-15T21:55:41.254+0900: 65.707: Total time for which application threads were stopped: 0.0121026 seconds, Stopping threads took: 0.0000445 seconds
2019-03-15T21:55:42.177+0900: 66.629: Application time: 0.9225448 seconds
2019-03-15T21:55:42.177+0900: 66.629: [GC (Allocation Failure) 2019-03-15T21:55:42.177+0900: 66.630: [ParNew: 225060K->21693K(235968K), 0.0218042 secs] 535780K->335170K(879240K), 0.0219354 secs] [Times: user=0.13 sys=0.00, real=0.02 secs] 
2019-03-15T21:55:42.199+0900: 66.651: Total time for which application threads were stopped: 0.0220956 seconds, Stopping threads took: 0.0000485 seconds
2019-03-15T21:55:43.032+0900: 67.484: Application time: 0.8329892 seconds
2019-03-15T21:55:43.032+0900: 67.485: [GC (Allocation Failure) 2019-03-15T21:55:43.032+0900: 67.485: [ParNew: 231485K->13428K(235968K), 0.0168568 secs] 544962K->326905K(879240K), 0.0170189 secs] [Times: user=0.05 sys=0.00, real=0.02 secs] 
2019-03-15T21:55:43.049+0900: 67.502: Total time for which application threads were stopped: 0.0172621 seconds, Stopping threads took: 0.0000516 seconds
2019-03-15T21:55:43.925+0900: 68.377: Application time: 0.8755047 seconds
2019-03-15T21:55:43.925+0900: 68.377: [GC (Allocation Failure) 2019-03-15T21:55:43.925+0900: 68.377: [ParNew: 223220K->19924K(235968K), 0.0174537 secs] 536697K->333401K(879240K), 0.0175663 secs] [Times: user=0.13 sys=0.00, real=0.02 secs] 
2019-03-15T21:55:43.942+0900: 68.395: Total time for which application threads were stopped: 0.0177221 seconds, Stopping threads took: 0.0000532 seconds
2019-03-15T21:55:44.774+0900: 69.227: Application time: 0.8317034 seconds
2019-03-15T21:55:44.774+0900: 69.227: [GC (Allocation Failure) 2019-03-15T21:55:44.774+0900: 69.227: [ParNew: 229716K->15601K(235968K), 0.0174643 secs] 543193K->342868K(879240K), 0.0175405 secs] [Times: user=0.06 sys=0.00, real=0.02 secs] 
2019-03-15T21:55:44.792+0900: 69.244: Total time for which application threads were stopped: 0.0176425 seconds, Stopping threads took: 0.0000171 seconds
2019-03-15T21:55:45.665+0900: 70.117: Application time: 0.8729419 seconds
2019-03-15T21:55:45.665+0900: 70.117: [GC (Allocation Failure) 2019-03-15T21:55:45.665+0900: 70.117: [ParNew: 225393K->7263K(235968K), 0.0083235 secs] 552660K->334530K(879240K), 0.0084444 secs] [Times: user=0.06 sys=0.00, real=0.01 secs] 
2019-03-15T21:55:45.673+0900: 70.126: Total time for which application threads were stopped: 0.0086031 seconds, Stopping threads took: 0.0000208 seconds
2019-03-15T21:55:46.537+0900: 70.989: Application time: 0.8634036 seconds
2019-03-15T21:55:46.537+0900: 70.989: [GC (Allocation Failure) 2019-03-15T21:55:46.537+0900: 70.989: [ParNew: 217055K->16061K(235968K), 0.0156778 secs] 544322K->343327K(879240K), 0.0158128 secs] [Times: user=0.03 sys=0.00, real=0.02 secs] 
2019-03-15T21:55:46.553+0900: 71.005: Total time for which application threads were stopped: 0.0159841 seconds, Stopping threads took: 0.0000442 seconds
2019-03-15T21:55:47.378+0900: 71.830: Application time: 0.8249671 seconds
2019-03-15T21:55:47.378+0900: 71.830: [GC (Allocation Failure) 2019-03-15T21:55:47.378+0900: 71.830: [ParNew: 225853K->22082K(235968K), 0.0094571 secs] 553119K->349349K(879240K), 0.0095644 secs] [Times: user=0.00 sys=0.00, real=0.01 secs] 
2019-03-15T21:55:47.387+0900: 71.840: Total time for which application threads were stopped: 0.0096823 seconds, Stopping threads took: 0.0000295 seconds
2019-03-15T21:55:48.243+0900: 72.696: Application time: 0.8562651 seconds
2019-03-15T21:55:48.244+0900: 72.696: [GC (Allocation Failure) 2019-03-15T21:55:48.244+0900: 72.696: [ParNew: 231874K->13181K(235968K), 0.0174636 secs] 559141K->348721K(879240K), 0.0175712 secs] [Times: user=0.06 sys=0.00, real=0.02 secs] 
2019-03-15T21:55:48.261+0900: 72.714: Total time for which application threads were stopped: 0.0177037 seconds, Stopping threads took: 0.0000286 seconds
2019-03-15T21:55:49.127+0900: 73.580: Application time: 0.8656597 seconds
2019-03-15T21:55:49.127+0900: 73.580: [GC (Allocation Failure) 2019-03-15T21:55:49.127+0900: 73.580: [ParNew: 222973K->11862K(235968K), 0.0071985 secs] 558513K->347402K(879240K), 0.0073067 secs] [Times: user=0.00 sys=0.00, real=0.01 secs] 
2019-03-15T21:55:49.134+0900: 73.587: Total time for which application threads were stopped: 0.0074398 seconds, Stopping threads took: 0.0000345 seconds
2019-03-15T21:55:49.962+0900: 74.415: Application time: 0.8282838 seconds
2019-03-15T21:55:49.963+0900: 74.415: [GC (Allocation Failure) 2019-03-15T21:55:49.963+0900: 74.415: [ParNew: 221654K->15240K(235968K), 0.0138963 secs] 557194K->350780K(879240K), 0.0139942 secs] [Times: user=0.00 sys=0.00, real=0.01 secs] 
2019-03-15T21:55:49.977+0900: 74.429: Total time for which application threads were stopped: 0.0141417 seconds, Stopping threads took: 0.0000283 seconds
2019-03-15T21:55:50.847+0900: 75.299: Application time: 0.8700416 seconds
2019-03-15T21:55:50.847+0900: 75.300: [GC (Allocation Failure) 2019-03-15T21:55:50.847+0900: 75.300: [ParNew: 225032K->23192K(235968K), 0.0096518 secs] 560572K->358733K(879240K), 0.0097759 secs] [Times: user=0.06 sys=0.00, real=0.01 secs] 
2019-03-15T21:55:50.857+0900: 75.309: Total time for which application threads were stopped: 0.0099625 seconds, Stopping threads took: 0.0000746 seconds
2019-03-15T21:55:51.743+0900: 76.195: Application time: 0.8855841 seconds
2019-03-15T21:55:51.743+0900: 76.195: [GC (Allocation Failure) 2019-03-15T21:55:51.743+0900: 76.195: [ParNew: 232984K->16760K(235968K), 0.0315708 secs] 568525K->360574K(879240K), 0.0317201 secs] [Times: user=0.12 sys=0.00, real=0.03 secs] 
2019-03-15T21:55:51.775+0900: 76.227: Total time for which application threads were stopped: 0.0319580 seconds, Stopping threads took: 0.0000796 seconds
2019-03-15T21:55:52.660+0900: 77.112: Application time: 0.8846050 seconds
2019-03-15T21:55:52.660+0900: 77.112: [GC (Allocation Failure) 2019-03-15T21:55:52.660+0900: 77.112: [ParNew: 226552K->18468K(235968K), 0.0114818 secs] 570366K->362282K(879240K), 0.0115882 secs] [Times: user=0.06 sys=0.00, real=0.01 secs] 
2019-03-15T21:55:52.671+0900: 77.123: Total time for which application threads were stopped: 0.0117182 seconds, Stopping threads took: 0.0000398 seconds
2019-03-15T21:55:53.533+0900: 77.984: Application time: 0.8611515 seconds
2019-03-15T21:55:53.533+0900: 77.985: [GC (Allocation Failure) 2019-03-15T21:55:53.533+0900: 77.985: [ParNew: 228260K->20444K(235968K), 0.0267024 secs] 572074K->372531K(879240K), 0.0268312 secs] [Times: user=0.13 sys=0.00, real=0.03 secs] 
2019-03-15T21:55:53.560+0900: 78.011: Total time for which application threads were stopped: 0.0270330 seconds, Stopping threads took: 0.0000423 seconds
2019-03-15T21:55:54.513+0900: 78.965: Application time: 0.9532556 seconds
2019-03-15T21:55:54.513+0900: 78.965: [GC (Allocation Failure) 2019-03-15T21:55:54.513+0900: 78.965: [ParNew: 230236K->19500K(235968K), 0.0275201 secs] 582323K->371587K(879240K), 0.0277313 secs] [Times: user=0.13 sys=0.00, real=0.03 secs] 
2019-03-15T21:55:54.541+0900: 78.993: Total time for which application threads were stopped: 0.0280874 seconds, Stopping threads took: 0.0000597 seconds
2019-03-15T21:55:55.402+0900: 79.854: Application time: 0.8613764 seconds
2019-03-15T21:55:55.402+0900: 79.854: [GC (Allocation Failure) 2019-03-15T21:55:55.402+0900: 79.854: [ParNew: 229292K->18283K(235968K), 0.0089433 secs] 581379K->370370K(879240K), 0.0090562 secs] [Times: user=0.06 sys=0.00, real=0.01 secs] 
2019-03-15T21:55:55.411+0900: 79.863: Total time for which application threads were stopped: 0.0091856 seconds, Stopping threads took: 0.0000401 seconds
2019-03-15T21:55:56.291+0900: 80.743: Application time: 0.8794876 seconds
2019-03-15T21:55:56.291+0900: 80.743: [GC (Allocation Failure) 2019-03-15T21:55:56.291+0900: 80.743: [ParNew: 228075K->25537K(235968K), 0.0220928 secs] 580162K->377624K(879240K), 0.0222216 secs] [Times: user=0.13 sys=0.00, real=0.02 secs] 
2019-03-15T21:55:56.313+0900: 80.765: Total time for which application threads were stopped: 0.0223926 seconds, Stopping threads took: 0.0000351 seconds
2019-03-15T21:55:57.233+0900: 81.685: Application time: 0.9193768 seconds
2019-03-15T21:55:57.233+0900: 81.685: [GC (Allocation Failure) 2019-03-15T21:55:57.233+0900: 81.685: [ParNew: 235329K->20931K(235968K), 0.0384352 secs] 587416K->386808K(879240K), 0.0385749 secs] [Times: user=0.11 sys=0.00, real=0.04 secs] 
2019-03-15T21:55:57.271+0900: 81.723: Total time for which application threads were stopped: 0.0387997 seconds, Stopping threads took: 0.0000737 seconds
2019-03-15T21:55:58.145+0900: 82.597: Application time: 0.8736547 seconds
2019-03-15T21:55:58.145+0900: 82.597: [GC (Allocation Failure) 2019-03-15T21:55:58.145+0900: 82.597: [ParNew: 230723K->16997K(235968K), 0.0225873 secs] 596600K->382874K(879240K), 0.0227767 secs] [Times: user=0.06 sys=0.00, real=0.02 secs] 
2019-03-15T21:55:58.168+0900: 82.620: Total time for which application threads were stopped: 0.0230582 seconds, Stopping threads took: 0.0000697 seconds
2019-03-15T21:55:59.158+0900: 83.610: Application time: 0.9894696 seconds
2019-03-15T21:55:59.158+0900: 83.610: [GC (Allocation Failure) 2019-03-15T21:55:59.158+0900: 83.610: [ParNew: 226789K->16057K(235968K), 0.0138226 secs] 592666K->381934K(879240K), 0.0139501 secs] [Times: user=0.06 sys=0.00, real=0.01 secs] 
2019-03-15T21:55:59.172+0900: 83.624: Total time for which application threads were stopped: 0.0140900 seconds, Stopping threads took: 0.0000211 seconds
2019-03-15T21:56:00.160+0900: 84.612: Application time: 0.9882373 seconds
2019-03-15T21:56:00.160+0900: 84.612: [GC (Allocation Failure) 2019-03-15T21:56:00.160+0900: 84.612: [ParNew: 225849K->16620K(235968K), 0.0190638 secs] 591726K->382497K(879240K), 0.0192175 secs] [Times: user=0.05 sys=0.00, real=0.02 secs] 
2019-03-15T21:56:00.179+0900: 84.631: Total time for which application threads were stopped: 0.0194196 seconds, Stopping threads took: 0.0000560 seconds
2019-03-15T21:56:01.118+0900: 85.570: Application time: 0.9387218 seconds
2019-03-15T21:56:01.118+0900: 85.570: [GC (Allocation Failure) 2019-03-15T21:56:01.118+0900: 85.570: [ParNew: 226412K->22742K(235968K), 0.0281434 secs] 592289K->388619K(879240K), 0.0283496 secs] [Times: user=0.06 sys=0.00, real=0.03 secs] 
2019-03-15T21:56:01.147+0900: 85.599: Total time for which application threads were stopped: 0.0286565 seconds, Stopping threads took: 0.0000821 seconds
2019-03-15T21:56:02.121+0900: 86.573: Application time: 0.9741883 seconds
2019-03-15T21:56:02.121+0900: 86.573: [GC (Allocation Failure) 2019-03-15T21:56:02.121+0900: 86.573: [ParNew: 232534K->13917K(235968K), 0.0331818 secs] 598411K->390825K(879240K), 0.0333308 secs] [Times: user=0.11 sys=0.00, real=0.03 secs] 
2019-03-15T21:56:02.154+0900: 86.607: Total time for which application threads were stopped: 0.0335519 seconds, Stopping threads took: 0.0000659 seconds
2019-03-15T21:56:03.124+0900: 87.577: Application time: 0.9700810 seconds
2019-03-15T21:56:03.125+0900: 87.577: [GC (Allocation Failure) 2019-03-15T21:56:03.125+0900: 87.577: [ParNew: 223709K->18011K(235968K), 0.0339662 secs] 600617K->394919K(879240K), 0.0342188 secs] [Times: user=0.13 sys=0.00, real=0.03 secs] 
2019-03-15T21:56:03.159+0900: 87.611: Total time for which application threads were stopped: 0.0345460 seconds, Stopping threads took: 0.0000834 seconds
2019-03-15T21:56:04.097+0900: 88.549: Application time: 0.9379452 seconds
2019-03-15T21:56:04.097+0900: 88.549: [GC (Allocation Failure) 2019-03-15T21:56:04.097+0900: 88.549: [ParNew: 227803K->20259K(235968K), 0.0177134 secs] 604711K->402682K(879240K), 0.0178082 secs] [Times: user=0.06 sys=0.00, real=0.02 secs] 
2019-03-15T21:56:04.115+0900: 88.567: Total time for which application threads were stopped: 0.0179572 seconds, Stopping threads took: 0.0000348 seconds
2019-03-15T21:56:05.061+0900: 89.514: Application time: 0.9465215 seconds
2019-03-15T21:56:05.061+0900: 89.514: [GC (Allocation Failure) 2019-03-15T21:56:05.061+0900: 89.514: [ParNew: 230051K->16690K(235968K), 0.0247191 secs] 612474K->399113K(879240K), 0.0249007 secs] [Times: user=0.13 sys=0.00, real=0.02 secs] 
2019-03-15T21:56:05.086+0900: 89.539: Total time for which application threads were stopped: 0.0251585 seconds, Stopping threads took: 0.0000591 seconds
2019-03-15T21:56:05.967+0900: 90.419: Application time: 0.8803192 seconds
2019-03-15T21:56:05.967+0900: 90.419: [GC (Allocation Failure) 2019-03-15T21:56:05.967+0900: 90.419: [ParNew: 226482K->22104K(235968K), 0.0113904 secs] 608905K->404527K(879240K), 0.0114955 secs] [Times: user=0.06 sys=0.00, real=0.01 secs] 
2019-03-15T21:56:05.978+0900: 90.431: Total time for which application threads were stopped: 0.0116087 seconds, Stopping threads took: 0.0000180 seconds
2019-03-15T21:56:06.801+0900: 91.254: Application time: 0.8231371 seconds
2019-03-15T21:56:06.802+0900: 91.254: [GC (Allocation Failure) 2019-03-15T21:56:06.802+0900: 91.254: [ParNew: 231896K->18446K(235968K), 0.0215072 secs] 614319K->414658K(879240K), 0.0216188 secs] [Times: user=0.06 sys=0.00, real=0.02 secs] 
2019-03-15T21:56:06.823+0900: 91.276: Total time for which application threads were stopped: 0.0217675 seconds, Stopping threads took: 0.0000355 seconds
2019-03-15T21:56:07.809+0900: 92.261: Application time: 0.9855946 seconds
2019-03-15T21:56:07.809+0900: 92.261: [GC (Allocation Failure) 2019-03-15T21:56:07.809+0900: 92.261: [ParNew: 228238K->10876K(235968K), 0.0058145 secs] 624450K->407088K(879240K), 0.0059379 secs] [Times: user=0.00 sys=0.00, real=0.01 secs] 
2019-03-15T21:56:07.815+0900: 92.267: Total time for which application threads were stopped: 0.0060897 seconds, Stopping threads took: 0.0000152 seconds
2019-03-15T21:56:08.691+0900: 93.144: Application time: 0.8763970 seconds
2019-03-15T21:56:08.691+0900: 93.144: [GC (Allocation Failure) 2019-03-15T21:56:08.691+0900: 93.144: [ParNew: 220668K->14941K(235968K), 0.0073270 secs] 616880K->411153K(879240K), 0.0073901 secs] [Times: user=0.00 sys=0.00, real=0.01 secs] 
2019-03-15T21:56:08.699+0900: 93.151: Total time for which application threads were stopped: 0.0075192 seconds, Stopping threads took: 0.0000159 seconds
2019-03-15T21:56:09.595+0900: 94.046: Application time: 0.8951336 seconds
2019-03-15T21:56:09.595+0900: 94.046: [GC (Allocation Failure) 2019-03-15T21:56:09.595+0900: 94.047: [ParNew: 224733K->15263K(235968K), 0.0105743 secs] 620945K->411476K(879240K), 0.0106729 secs] [Times: user=0.06 sys=0.00, real=0.01 secs] 
2019-03-15T21:56:09.606+0900: 94.057: Total time for which application threads were stopped: 0.0108172 seconds, Stopping threads took: 0.0000491 seconds
2019-03-15T21:56:10.510+0900: 94.962: Application time: 0.9045226 seconds
2019-03-15T21:56:10.510+0900: 94.962: [GC (Allocation Failure) 2019-03-15T21:56:10.510+0900: 94.962: [ParNew: 225055K->14457K(235968K), 0.0173619 secs] 621268K->418942K(879240K), 0.0174394 secs] [Times: user=0.03 sys=0.00, real=0.02 secs] 
2019-03-15T21:56:10.528+0900: 94.979: Total time for which application threads were stopped: 0.0175448 seconds, Stopping threads took: 0.0000165 seconds
2019-03-15T21:56:11.369+0900: 95.820: Application time: 0.8411323 seconds
2019-03-15T21:56:11.369+0900: 95.820: [GC (Allocation Failure) 2019-03-15T21:56:11.369+0900: 95.821: [ParNew: 224249K->9609K(235968K), 0.0058950 secs] 628734K->414094K(879240K), 0.0059874 secs] [Times: user=0.00 sys=0.00, real=0.01 secs] 
2019-03-15T21:56:11.375+0900: 95.827: Total time for which application threads were stopped: 0.0061354 seconds, Stopping threads took: 0.0000333 seconds
2019-03-15T21:56:12.246+0900: 96.698: Application time: 0.8713389 seconds
2019-03-15T21:56:12.246+0900: 96.698: [GC (Allocation Failure) 2019-03-15T21:56:12.246+0900: 96.698: [ParNew: 219401K->17566K(235968K), 0.0224362 secs] 623886K->422051K(879240K), 0.0226138 secs] [Times: user=0.06 sys=0.00, real=0.02 secs] 
2019-03-15T21:56:12.269+0900: 96.721: Total time for which application threads were stopped: 0.0228722 seconds, Stopping threads took: 0.0000591 seconds
2019-03-15T21:56:13.232+0900: 97.683: Application time: 0.9626586 seconds
2019-03-15T21:56:13.232+0900: 97.684: [GC (Allocation Failure) 2019-03-15T21:56:13.232+0900: 97.684: [ParNew: 227358K->14910K(235968K), 0.0251937 secs] 631843K->419395K(879240K), 0.0253647 secs] [Times: user=0.09 sys=0.00, real=0.02 secs] 
2019-03-15T21:56:13.257+0900: 97.709: Total time for which application threads were stopped: 0.0256285 seconds, Stopping threads took: 0.0000778 seconds
2019-03-15T21:56:14.152+0900: 98.604: Application time: 0.8944338 seconds
2019-03-15T21:56:14.152+0900: 98.604: [GC (Allocation Failure) 2019-03-15T21:56:14.152+0900: 98.604: [ParNew: 224702K->19803K(235968K), 0.0160358 secs] 629187K->424289K(879240K), 0.0161748 secs] [Times: user=0.06 sys=0.00, real=0.02 secs] 
2019-03-15T21:56:14.168+0900: 98.620: Total time for which application threads were stopped: 0.0163717 seconds, Stopping threads took: 0.0000457 seconds
2019-03-15T21:56:15.067+0900: 99.519: Application time: 0.8990394 seconds
2019-03-15T21:56:15.067+0900: 99.519: [GC (Allocation Failure) 2019-03-15T21:56:15.067+0900: 99.519: [ParNew: 229595K->17957K(235968K), 0.0257159 secs] 634081K->430716K(879240K), 0.0259155 secs] [Times: user=0.06 sys=0.00, real=0.03 secs] 
2019-03-15T21:56:15.093+0900: 99.545: Total time for which application threads were stopped: 0.0260906 seconds, Stopping threads took: 0.0000488 seconds
2019-03-15T21:56:16.011+0900: 100.463: Application time: 0.9180830 seconds
2019-03-15T21:56:16.011+0900: 100.463: [GC (Allocation Failure) 2019-03-15T21:56:16.011+0900: 100.463: [ParNew: 227749K->19989K(235968K), 0.0304147 secs] 640508K->438263K(879240K), 0.0305429 secs] [Times: user=0.13 sys=0.00, real=0.03 secs] 
2019-03-15T21:56:16.042+0900: 100.494: Total time for which application threads were stopped: 0.0307254 seconds, Stopping threads took: 0.0000591 seconds
2019-03-15T21:56:16.918+0900: 101.370: Application time: 0.8763964 seconds
2019-03-15T21:56:16.918+0900: 101.370: [GC (Allocation Failure) 2019-03-15T21:56:16.918+0900: 101.370: [ParNew: 229781K->22616K(235968K), 0.0144776 secs] 648055K->440891K(879240K), 0.0146060 secs] [Times: user=0.06 sys=0.00, real=0.02 secs] 
2019-03-15T21:56:16.933+0900: 101.385: Total time for which application threads were stopped: 0.0147973 seconds, Stopping threads took: 0.0000631 seconds
2019-03-15T21:56:17.802+0900: 102.254: Application time: 0.8691727 seconds
2019-03-15T21:56:17.802+0900: 102.254: [GC (Allocation Failure) 2019-03-15T21:56:17.802+0900: 102.254: [ParNew: 232408K->13571K(235968K), 0.0138795 secs] 650683K->445634K(879240K), 0.0139743 secs] [Times: user=0.06 sys=0.00, real=0.01 secs] 
2019-03-15T21:56:17.816+0900: 102.268: Total time for which application threads were stopped: 0.0141218 seconds, Stopping threads took: 0.0000420 seconds
2019-03-15T21:56:18.716+0900: 103.168: Application time: 0.8993438 seconds
2019-03-15T21:56:18.716+0900: 103.168: [GC (Allocation Failure) 2019-03-15T21:56:18.716+0900: 103.168: [ParNew: 223363K->13451K(235968K), 0.0087778 secs] 655426K->445515K(879240K), 0.0088768 secs] [Times: user=0.00 sys=0.00, real=0.01 secs] 
2019-03-15T21:56:18.725+0900: 103.177: Total time for which application threads were stopped: 0.0090553 seconds, Stopping threads took: 0.0000790 seconds
2019-03-15T21:56:19.560+0900: 104.012: Application time: 0.8350145 seconds
2019-03-15T21:56:19.560+0900: 104.012: [GC (Allocation Failure) 2019-03-15T21:56:19.560+0900: 104.012: [ParNew: 223243K->19862K(235968K), 0.0126435 secs] 655307K->451926K(879240K), 0.0127567 secs] [Times: user=0.06 sys=0.00, real=0.01 secs] 
2019-03-15T21:56:19.573+0900: 104.025: Total time for which application threads were stopped: 0.0129060 seconds, Stopping threads took: 0.0000311 seconds
2019-03-15T21:56:20.453+0900: 104.905: Application time: 0.8801195 seconds
2019-03-15T21:56:20.453+0900: 104.905: [GC (Allocation Failure) 2019-03-15T21:56:20.453+0900: 104.905: [ParNew: 229654K->13334K(235968K), 0.0109391 secs] 661718K->445397K(879240K), 0.0110536 secs] [Times: user=0.06 sys=0.00, real=0.01 secs] 
2019-03-15T21:56:20.464+0900: 104.916: Total time for which application threads were stopped: 0.0112050 seconds, Stopping threads took: 0.0000370 seconds
2019-03-15T21:56:21.394+0900: 105.846: Application time: 0.9303918 seconds
2019-03-15T21:56:21.394+0900: 105.847: [GC (Allocation Failure) 2019-03-15T21:56:21.395+0900: 105.847: [ParNew: 223126K->26176K(235968K), 0.0439518 secs] 655189K->458239K(879240K), 0.0441017 secs] [Times: user=0.14 sys=0.00, real=0.04 secs] 
2019-03-15T21:56:21.439+0900: 105.891: Total time for which application threads were stopped: 0.0443337 seconds, Stopping threads took: 0.0000796 seconds
2019-03-15T21:56:22.389+0900: 106.841: Application time: 0.9505352 seconds
2019-03-15T21:56:22.389+0900: 106.841: [GC (Allocation Failure) 2019-03-15T21:56:22.389+0900: 106.842: [ParNew: 235968K->21260K(235968K), 0.0432159 secs] 668031K->467112K(879240K), 0.0433832 secs] [Times: user=0.19 sys=0.00, real=0.04 secs] 
2019-03-15T21:56:22.433+0900: 106.885: Total time for which application threads were stopped: 0.0436283 seconds, Stopping threads took: 0.0000809 seconds
2019-03-15T21:56:23.417+0900: 107.869: Application time: 0.9845023 seconds
2019-03-15T21:56:23.417+0900: 107.870: [GC (Allocation Failure) 2019-03-15T21:56:23.418+0900: 107.870: [ParNew: 231052K->16472K(235968K), 0.0271316 secs] 676904K->462324K(879240K), 0.0274038 secs] [Times: user=0.13 sys=0.00, real=0.03 secs] 
2019-03-15T21:56:23.445+0900: 107.897: Total time for which application threads were stopped: 0.0277552 seconds, Stopping threads took: 0.0000939 seconds
2019-03-15T21:56:24.444+0900: 108.896: Application time: 0.9993145 seconds
2019-03-15T21:56:24.444+0900: 108.897: [GC (Allocation Failure) 2019-03-15T21:56:24.445+0900: 108.897: [ParNew: 226264K->14882K(235968K), 0.0243045 secs] 672116K->460734K(879240K), 0.0244746 secs] [Times: user=0.06 sys=0.00, real=0.03 secs] 
2019-03-15T21:56:24.469+0900: 108.921: Total time for which application threads were stopped: 0.0247107 seconds, Stopping threads took: 0.0000694 seconds
2019-03-15T21:56:25.394+0900: 109.846: Application time: 0.9252292 seconds
2019-03-15T21:56:25.394+0900: 109.847: [GC (Allocation Failure) 2019-03-15T21:56:25.394+0900: 109.847: [ParNew: 224674K->20617K(235968K), 0.0340393 secs] 670526K->466469K(879240K), 0.0341805 secs] [Times: user=0.13 sys=0.00, real=0.03 secs] 
2019-03-15T21:56:25.429+0900: 109.881: Total time for which application threads were stopped: 0.0343702 seconds, Stopping threads took: 0.0000582 seconds
2019-03-15T21:56:26.404+0900: 110.856: Application time: 0.9752016 seconds
2019-03-15T21:56:26.404+0900: 110.856: [GC (Allocation Failure) 2019-03-15T21:56:26.404+0900: 110.856: [ParNew: 230409K->16253K(235968K), 0.0317487 secs] 676261K->473136K(879240K), 0.0319219 secs] [Times: user=0.14 sys=0.00, real=0.03 secs] 
2019-03-15T21:56:26.436+0900: 110.888: Total time for which application threads were stopped: 0.0321549 seconds, Stopping threads took: 0.0000463 seconds
2019-03-15T21:56:27.389+0900: 111.840: Application time: 0.9517935 seconds
2019-03-15T21:56:27.389+0900: 111.840: [GC (Allocation Failure) 2019-03-15T21:56:27.389+0900: 111.840: [ParNew: 226045K->14075K(235968K), 0.0203029 secs] 682928K->470958K(879240K), 0.0204618 secs] [Times: user=0.06 sys=0.00, real=0.02 secs] 
2019-03-15T21:56:27.409+0900: 111.861: Total time for which application threads were stopped: 0.0207094 seconds, Stopping threads took: 0.0000771 seconds
2019-03-15T21:56:28.392+0900: 112.843: Application time: 0.9824200 seconds
2019-03-15T21:56:28.392+0900: 112.843: [GC (Allocation Failure) 2019-03-15T21:56:28.392+0900: 112.843: [ParNew: 223867K->17757K(235968K), 0.0086055 secs] 680750K->474640K(879240K), 0.0086852 secs] [Times: user=0.00 sys=0.00, real=0.01 secs] 
2019-03-15T21:56:28.401+0900: 112.852: Total time for which application threads were stopped: 0.0087862 seconds, Stopping threads took: 0.0000143 seconds
2019-03-15T21:56:29.328+0900: 113.779: Application time: 0.9271298 seconds
2019-03-15T21:56:29.328+0900: 113.779: [GC (Allocation Failure) 2019-03-15T21:56:29.328+0900: 113.779: [ParNew: 227549K->21515K(235968K), 0.0272091 secs] 684432K->478397K(879240K), 0.0274006 secs] [Times: user=0.13 sys=0.00, real=0.03 secs] 
2019-03-15T21:56:29.355+0900: 113.807: Total time for which application threads were stopped: 0.0276547 seconds, Stopping threads took: 0.0000516 seconds
2019-03-15T21:56:30.331+0900: 114.782: Application time: 0.9757475 seconds
2019-03-15T21:56:30.331+0900: 114.783: [GC (Allocation Failure) 2019-03-15T21:56:30.331+0900: 114.783: [ParNew: 231307K->13616K(235968K), 0.0258067 secs] 688189K->481530K(879240K), 0.0259376 secs] [Times: user=0.12 sys=0.00, real=0.03 secs] 
2019-03-15T21:56:30.357+0900: 114.809: Total time for which application threads were stopped: 0.0261320 seconds, Stopping threads took: 0.0000557 seconds
2019-03-15T21:56:31.315+0900: 115.766: Application time: 0.9576152 seconds
2019-03-15T21:56:31.315+0900: 115.766: [GC (Allocation Failure) 2019-03-15T21:56:31.315+0900: 115.766: [ParNew: 223408K->11429K(235968K), 0.0085766 secs] 691322K->479342K(879240K), 0.0087181 secs] [Times: user=0.06 sys=0.00, real=0.01 secs] 
2019-03-15T21:56:31.324+0900: 115.775: Total time for which application threads were stopped: 0.0089511 seconds, Stopping threads took: 0.0000407 seconds
2019-03-15T21:56:32.293+0900: 116.745: Application time: 0.9694733 seconds
2019-03-15T21:56:32.293+0900: 116.745: [GC (Allocation Failure) 2019-03-15T21:56:32.293+0900: 116.745: [ParNew: 221221K->13472K(235968K), 0.0289461 secs] 689134K->481386K(879240K), 0.0291570 secs] [Times: user=0.12 sys=0.00, real=0.03 secs] 
2019-03-15T21:56:32.323+0900: 116.774: Total time for which application threads were stopped: 0.0294717 seconds, Stopping threads took: 0.0000703 seconds
2019-03-15T21:56:33.306+0900: 117.757: Application time: 0.9832237 seconds
2019-03-15T21:56:33.306+0900: 117.758: [GC (Allocation Failure) 2019-03-15T21:56:33.306+0900: 117.758: [ParNew: 223264K->21437K(235968K), 0.0289057 secs] 691178K->489351K(879240K), 0.0290920 secs] [Times: user=0.13 sys=0.00, real=0.03 secs] 
2019-03-15T21:56:33.335+0900: 117.787: Total time for which application threads were stopped: 0.0294176 seconds, Stopping threads took: 0.0000746 seconds
2019-03-15T21:56:34.294+0900: 118.746: Application time: 0.9590623 seconds
2019-03-15T21:56:34.294+0900: 118.746: [GC (Allocation Failure) 2019-03-15T21:56:34.294+0900: 118.746: [ParNew: 231229K->20806K(235968K), 0.0385152 secs] 699143K->494235K(879240K), 0.0387142 secs] [Times: user=0.19 sys=0.00, real=0.04 secs] 
2019-03-15T21:56:34.333+0900: 118.785: Total time for which application threads were stopped: 0.0390280 seconds, Stopping threads took: 0.0000743 seconds
2019-03-15T21:56:35.198+0900: 119.649: Application time: 0.8644523 seconds
2019-03-15T21:56:35.198+0900: 119.649: [GC (Allocation Failure) 2019-03-15T21:56:35.198+0900: 119.650: [ParNew: 230598K->22018K(235968K), 0.0220095 secs] 704027K->495448K(879240K), 0.0221818 secs] [Times: user=0.13 sys=0.00, real=0.02 secs] 
2019-03-15T21:56:35.220+0900: 119.672: Total time for which application threads were stopped: 0.0223951 seconds, Stopping threads took: 0.0000404 seconds
2019-03-15T21:56:36.122+0900: 120.573: Application time: 0.9016902 seconds
2019-03-15T21:56:36.122+0900: 120.574: [GC (Allocation Failure) 2019-03-15T21:56:36.122+0900: 120.574: [ParNew: 231810K->14238K(235968K), 0.0251815 secs] 705240K->498698K(879240K), 0.0253178 secs] [Times: user=0.13 sys=0.00, real=0.03 secs] 
2019-03-15T21:56:36.147+0900: 120.599: Total time for which application threads were stopped: 0.0255109 seconds, Stopping threads took: 0.0000554 seconds
2019-03-15T21:56:37.062+0900: 121.514: Application time: 0.9151516 seconds
2019-03-15T21:56:37.062+0900: 121.514: [GC (Allocation Failure) 2019-03-15T21:56:37.063+0900: 121.514: [ParNew: 224030K->11585K(235968K), 0.0180154 secs] 708490K->496045K(879240K), 0.0182135 secs] [Times: user=0.06 sys=0.00, real=0.02 secs] 
2019-03-15T21:56:37.081+0900: 121.533: Total time for which application threads were stopped: 0.0185062 seconds, Stopping threads took: 0.0000560 seconds
2019-03-15T21:56:38.075+0900: 122.527: Application time: 0.9940773 seconds
2019-03-15T21:56:38.075+0900: 122.527: [GC (Allocation Failure) 2019-03-15T21:56:38.075+0900: 122.527: [ParNew: 221377K->8150K(235968K), 0.0094521 secs] 705837K->492610K(879240K), 0.0095905 secs] [Times: user=0.00 sys=0.00, real=0.01 secs] 
2019-03-15T21:56:38.085+0900: 122.537: Total time for which application threads were stopped: 0.0097846 seconds, Stopping threads took: 0.0000451 seconds
2019-03-15T21:56:38.966+0900: 123.418: Application time: 0.8818721 seconds
2019-03-15T21:56:38.967+0900: 123.418: [GC (Allocation Failure) 2019-03-15T21:56:38.967+0900: 123.419: [ParNew: 217942K->16616K(235968K), 0.0119428 secs] 702402K->501076K(879240K), 0.0120905 secs] [Times: user=0.06 sys=0.00, real=0.01 secs] 
2019-03-15T21:56:38.979+0900: 123.431: Total time for which application threads were stopped: 0.0122619 seconds, Stopping threads took: 0.0000482 seconds
2019-03-15T21:56:39.890+0900: 124.342: Application time: 0.9113625 seconds
2019-03-15T21:56:39.890+0900: 124.342: [GC (Allocation Failure) 2019-03-15T21:56:39.890+0900: 124.342: [ParNew: 226408K->11469K(235968K), 0.0173504 secs] 710868K->495930K(879240K), 0.0175056 secs] [Times: user=0.06 sys=0.00, real=0.02 secs] 
2019-03-15T21:56:39.908+0900: 124.360: Total time for which application threads were stopped: 0.0177426 seconds, Stopping threads took: 0.0000684 seconds
2019-03-15T21:56:40.775+0900: 125.227: Application time: 0.8668207 seconds
2019-03-15T21:56:40.775+0900: 125.227: [GC (Allocation Failure) 2019-03-15T21:56:40.775+0900: 125.227: [ParNew: 221261K->10454K(235968K), 0.0188959 secs] 705722K->503187K(879240K), 0.0190147 secs] [Times: user=0.05 sys=0.00, real=0.02 secs] 
2019-03-15T21:56:40.794+0900: 125.246: Total time for which application threads were stopped: 0.0191553 seconds, Stopping threads took: 0.0000199 seconds
2019-03-15T21:56:41.826+0900: 126.278: Application time: 1.0320777 seconds
2019-03-15T21:56:41.826+0900: 126.278: [GC (Allocation Failure) 2019-03-15T21:56:41.826+0900: 126.278: [ParNew: 220246K->16258K(235968K), 0.0145957 secs] 712979K->508991K(879240K), 0.0147121 secs] [Times: user=0.06 sys=0.00, real=0.02 secs] 
2019-03-15T21:56:41.841+0900: 126.293: Total time for which application threads were stopped: 0.0148921 seconds, Stopping threads took: 0.0000398 seconds
2019-03-15T21:56:42.749+0900: 127.201: Application time: 0.9086066 seconds
2019-03-15T21:56:42.749+0900: 127.201: [GC (Allocation Failure) 2019-03-15T21:56:42.749+0900: 127.201: [ParNew: 226050K->16053K(235968K), 0.0099799 secs] 718783K->508786K(879240K), 0.0100869 secs] [Times: user=0.06 sys=0.00, real=0.01 secs] 
2019-03-15T21:56:42.759+0900: 127.212: Total time for which application threads were stopped: 0.0102076 seconds, Stopping threads took: 0.0000174 seconds
2019-03-15T21:56:43.655+0900: 128.107: Application time: 0.8956689 seconds
2019-03-15T21:56:43.655+0900: 128.107: [GC (Allocation Failure) 2019-03-15T21:56:43.655+0900: 128.107: [ParNew: 225845K->14041K(235968K), 0.0218791 secs] 718578K->507011K(879240K), 0.0220191 secs] [Times: user=0.13 sys=0.00, real=0.02 secs] 
2019-03-15T21:56:43.677+0900: 128.129: Total time for which application threads were stopped: 0.0222797 seconds, Stopping threads took: 0.0000606 seconds
2019-03-15T21:56:44.603+0900: 129.054: Application time: 0.9243472 seconds
2019-03-15T21:56:44.603+0900: 129.054: [GC (Allocation Failure) 2019-03-15T21:56:44.603+0900: 129.054: [ParNew: 223833K->15287K(235968K), 0.0228990 secs] 716803K->513536K(879240K), 0.0230324 secs] [Times: user=0.06 sys=0.00, real=0.02 secs] 
2019-03-15T21:56:44.626+0900: 129.077: Total time for which application threads were stopped: 0.0232305 seconds, Stopping threads took: 0.0000535 seconds
2019-03-15T21:56:45.570+0900: 130.021: Application time: 0.9438169 seconds
2019-03-15T21:56:45.570+0900: 130.021: [GC (Allocation Failure) 2019-03-15T21:56:45.570+0900: 130.021: [ParNew: 225079K->20549K(235968K), 0.0271518 secs] 723328K->518798K(879240K), 0.0273552 secs] [Times: user=0.13 sys=0.00, real=0.03 secs] 
2019-03-15T21:56:45.597+0900: 130.049: Total time for which application threads were stopped: 0.0276476 seconds, Stopping threads took: 0.0000818 seconds
2019-03-15T21:56:46.484+0900: 130.935: Application time: 0.8864214 seconds
2019-03-15T21:56:46.484+0900: 130.935: [GC (Allocation Failure) 2019-03-15T21:56:46.484+0900: 130.935: [ParNew: 230341K->15809K(235968K), 0.0212944 secs] 728590K->514058K(879240K), 0.0215199 secs] [Times: user=0.06 sys=0.00, real=0.02 secs] 
2019-03-15T21:56:46.506+0900: 130.957: Total time for which application threads were stopped: 0.0218036 seconds, Stopping threads took: 0.0000504 seconds
2019-03-15T21:56:47.477+0900: 131.928: Application time: 0.9715124 seconds
2019-03-15T21:56:47.477+0900: 131.928: [GC (Allocation Failure) 2019-03-15T21:56:47.477+0900: 131.929: [ParNew: 225601K->11424K(235968K), 0.0305382 secs] 723850K->517946K(879240K), 0.0306691 secs] [Times: user=0.13 sys=0.00, real=0.03 secs] 
2019-03-15T21:56:47.508+0900: 131.959: Total time for which application threads were stopped: 0.0308470 seconds, Stopping threads took: 0.0000457 seconds
2019-03-15T21:56:48.488+0900: 132.939: Application time: 0.9801530 seconds
2019-03-15T21:56:48.488+0900: 132.939: [GC (Allocation Failure) 2019-03-15T21:56:48.488+0900: 132.940: [ParNew: 221216K->12901K(235968K), 0.0183846 secs] 727738K->519423K(879240K), 0.0185506 secs] [Times: user=0.05 sys=0.00, real=0.02 secs] 
2019-03-15T21:56:48.507+0900: 132.958: Total time for which application threads were stopped: 0.0187758 seconds, Stopping threads took: 0.0000656 seconds
2019-03-15T21:56:49.434+0900: 133.886: Application time: 0.9274776 seconds
2019-03-15T21:56:49.434+0900: 133.886: [GC (Allocation Failure) 2019-03-15T21:56:49.435+0900: 133.886: [ParNew: 222693K->16680K(235968K), 0.0268847 secs] 729215K->523202K(879240K), 0.0270971 secs] [Times: user=0.05 sys=0.01, real=0.03 secs] 
2019-03-15T21:56:49.462+0900: 133.913: Total time for which application threads were stopped: 0.0274233 seconds, Stopping threads took: 0.0000812 seconds
2019-03-15T21:56:50.322+0900: 134.774: Application time: 0.8605189 seconds
2019-03-15T21:56:50.322+0900: 134.774: [GC (Allocation Failure) 2019-03-15T21:56:50.322+0900: 134.774: [ParNew: 226472K->10339K(235968K), 0.0219681 secs] 732994K->522376K(879240K), 0.0221118 secs] [Times: user=0.06 sys=0.00, real=0.02 secs] 
2019-03-15T21:56:50.345+0900: 134.796: Total time for which application threads were stopped: 0.0223905 seconds, Stopping threads took: 0.0000551 seconds
2019-03-15T21:56:51.279+0900: 135.730: Application time: 0.9343806 seconds
2019-03-15T21:56:51.279+0900: 135.730: [GC (Allocation Failure) 2019-03-15T21:56:51.279+0900: 135.731: [ParNew: 220131K->16029K(235968K), 0.0195198 secs] 732168K->528066K(879240K), 0.0196955 secs] [Times: user=0.06 sys=0.00, real=0.02 secs] 
2019-03-15T21:56:51.299+0900: 135.750: Total time for which application threads were stopped: 0.0199253 seconds, Stopping threads took: 0.0000585 seconds
2019-03-15T21:56:52.279+0900: 136.730: Application time: 0.9799947 seconds
2019-03-15T21:56:52.279+0900: 136.730: [GC (Allocation Failure) 2019-03-15T21:56:52.279+0900: 136.731: [ParNew: 225821K->21274K(235968K), 0.0290123 secs] 737858K->533312K(879240K), 0.0291706 secs] [Times: user=0.13 sys=0.00, real=0.03 secs] 
2019-03-15T21:56:52.308+0900: 136.760: Total time for which application threads were stopped: 0.0294011 seconds, Stopping threads took: 0.0000659 seconds
2019-03-15T21:56:53.190+0900: 137.642: Application time: 0.8819306 seconds
2019-03-15T21:56:53.190+0900: 137.642: [GC (Allocation Failure) 2019-03-15T21:56:53.190+0900: 137.642: [ParNew: 231066K->18550K(235968K), 0.0208783 secs] 743104K->530587K(879240K), 0.0210335 secs] [Times: user=0.13 sys=0.00, real=0.02 secs] 
2019-03-15T21:56:53.211+0900: 137.663: Total time for which application threads were stopped: 0.0212459 seconds, Stopping threads took: 0.0000597 seconds
2019-03-15T21:56:54.089+0900: 138.541: Application time: 0.8779801 seconds
2019-03-15T21:56:54.089+0900: 138.541: [GC (Allocation Failure) 2019-03-15T21:56:54.089+0900: 138.541: [ParNew: 228342K->15243K(235968K), 0.0234992 secs] 740379K->532796K(879240K), 0.0236401 secs] [Times: user=0.13 sys=0.00, real=0.02 secs] 
2019-03-15T21:56:54.113+0900: 138.565: Total time for which application threads were stopped: 0.0238190 seconds, Stopping threads took: 0.0000429 seconds
2019-03-15T21:56:55.070+0900: 139.521: Application time: 0.9565207 seconds
2019-03-15T21:56:55.070+0900: 139.521: [GC (Allocation Failure) 2019-03-15T21:56:55.070+0900: 139.521: [ParNew: 225035K->17494K(235968K), 0.0100048 secs] 742588K->535047K(879240K), 0.0101065 secs] [Times: user=0.06 sys=0.00, real=0.01 secs] 
2019-03-15T21:56:55.080+0900: 139.531: Total time for which application threads were stopped: 0.0102486 seconds, Stopping threads took: 0.0000330 seconds
2019-03-15T21:56:56.003+0900: 140.455: Application time: 0.9233273 seconds
2019-03-15T21:56:56.003+0900: 140.455: [GC (Allocation Failure) 2019-03-15T21:56:56.003+0900: 140.455: [ParNew: 227286K->11988K(235968K), 0.0153437 secs] 744839K->537814K(879240K), 0.0154398 secs] [Times: user=0.05 sys=0.00, real=0.02 secs] 
2019-03-15T21:56:56.019+0900: 140.470: Total time for which application threads were stopped: 0.0155922 seconds, Stopping threads took: 0.0000625 seconds
2019-03-15T21:56:56.984+0900: 141.436: Application time: 0.9651682 seconds
2019-03-15T21:56:56.984+0900: 141.436: [GC (Allocation Failure) 2019-03-15T21:56:56.984+0900: 141.436: [ParNew: 221780K->9811K(235968K), 0.0048677 secs] 747606K->535637K(879240K), 0.0049688 secs] [Times: user=0.00 sys=0.00, real=0.01 secs] 
2019-03-15T21:56:56.989+0900: 141.441: Total time for which application threads were stopped: 0.0050743 seconds, Stopping threads took: 0.0000165 seconds
2019-03-15T21:56:57.850+0900: 142.302: Application time: 0.8613627 seconds
2019-03-15T21:56:57.850+0900: 142.302: [GC (Allocation Failure) 2019-03-15T21:56:57.850+0900: 142.302: [ParNew: 219603K->18447K(235968K), 0.0100596 secs] 745429K->544273K(879240K), 0.0101731 secs] [Times: user=0.06 sys=0.00, real=0.01 secs] 
2019-03-15T21:56:57.861+0900: 142.312: Total time for which application threads were stopped: 0.0102841 seconds, Stopping threads took: 0.0000168 seconds
2019-03-15T21:56:58.769+0900: 143.221: Application time: 0.9089051 seconds
2019-03-15T21:56:58.769+0900: 143.221: [GC (Allocation Failure) 2019-03-15T21:56:58.769+0900: 143.221: [ParNew: 228239K->15601K(235968K), 0.0127421 secs] 754065K->549700K(879240K), 0.0128121 secs] [Times: user=0.06 sys=0.00, real=0.01 secs] 
2019-03-15T21:56:58.782+0900: 143.234: Total time for which application threads were stopped: 0.0129228 seconds, Stopping threads took: 0.0000208 seconds
2019-03-15T21:56:59.635+0900: 144.086: Application time: 0.8522546 seconds
2019-03-15T21:56:59.635+0900: 144.086: [GC (Allocation Failure) 2019-03-15T21:56:59.635+0900: 144.086: [ParNew: 225393K->12760K(235968K), 0.0096630 secs] 759492K->546859K(879240K), 0.0097787 secs] [Times: user=0.00 sys=0.00, real=0.01 secs] 
2019-03-15T21:56:59.644+0900: 144.096: Total time for which application threads were stopped: 0.0099305 seconds, Stopping threads took: 0.0000370 seconds
2019-03-15T21:57:00.505+0900: 144.956: Application time: 0.8602231 seconds
2019-03-15T21:57:00.505+0900: 144.957: [GC (Allocation Failure) 2019-03-15T21:57:00.505+0900: 144.957: [ParNew: 222552K->14035K(235968K), 0.0055818 secs] 756651K->548134K(879240K), 0.0056786 secs] [Times: user=0.06 sys=0.00, real=0.00 secs] 
2019-03-15T21:57:00.510+0900: 144.962: Total time for which application threads were stopped: 0.0058014 seconds, Stopping threads took: 0.0000308 seconds
2019-03-15T21:57:01.408+0900: 145.860: Application time: 0.8978146 seconds
2019-03-15T21:57:01.408+0900: 145.860: [GC (Allocation Failure) 2019-03-15T21:57:01.409+0900: 145.860: [ParNew: 223827K->16377K(235968K), 0.0303998 secs] 757926K->550476K(879240K), 0.0306110 secs] [Times: user=0.13 sys=0.00, real=0.03 secs] 
2019-03-15T21:57:01.439+0900: 145.891: Total time for which application threads were stopped: 0.0309071 seconds, Stopping threads took: 0.0000877 seconds
2019-03-15T21:57:02.374+0900: 146.825: Application time: 0.9335915 seconds
2019-03-15T21:57:02.374+0900: 146.825: [GC (Allocation Failure) 2019-03-15T21:57:02.374+0900: 146.825: [ParNew: 226169K->9338K(235968K), 0.0130721 secs] 760268K->551710K(879240K), 0.0131492 secs] [Times: user=0.05 sys=0.00, real=0.01 secs] 
2019-03-15T21:57:02.387+0900: 146.838: Total time for which application threads were stopped: 0.0132531 seconds, Stopping threads took: 0.0000162 seconds
2019-03-15T21:57:03.312+0900: 147.763: Application time: 0.9249471 seconds
2019-03-15T21:57:03.312+0900: 147.763: [GC (Allocation Failure) 2019-03-15T21:57:03.312+0900: 147.763: [ParNew: 219130K->15533K(235968K), 0.0143192 secs] 761502K->557905K(879240K), 0.0144757 secs] [Times: user=0.06 sys=0.00, real=0.01 secs] 
2019-03-15T21:57:03.327+0900: 147.778: Total time for which application threads were stopped: 0.0146981 seconds, Stopping threads took: 0.0000507 seconds
2019-03-15T21:57:04.225+0900: 148.676: Application time: 0.8980397 seconds
2019-03-15T21:57:04.225+0900: 148.676: [GC (Allocation Failure) 2019-03-15T21:57:04.225+0900: 148.676: [ParNew: 225325K->13136K(235968K), 0.0095196 secs] 767697K->555508K(879240K), 0.0096347 secs] [Times: user=0.00 sys=0.00, real=0.01 secs] 
2019-03-15T21:57:04.234+0900: 148.685: Total time for which application threads were stopped: 0.0097762 seconds, Stopping threads took: 0.0000398 seconds
2019-03-15T21:57:05.119+0900: 149.570: Application time: 0.8843509 seconds
2019-03-15T21:57:05.119+0900: 149.570: [GC (Allocation Failure) 2019-03-15T21:57:05.119+0900: 149.570: [ParNew: 222928K->13535K(235968K), 0.0123088 secs] 765300K->555907K(879240K), 0.0124124 secs] [Times: user=0.05 sys=0.00, real=0.01 secs] 
