Java HotSpot(TM) 64-Bit Server VM (25.111-b14) for windows-amd64 JRE (1.8.0_111-b14), built on Sep 22 2016 19:24:05 by "java_re" with MS VC++ 10.0 (VS2010)
Memory: 4k page, physical 16714364k(9161072k free), swap 33426828k(22449012k free)
CommandLine flags: -XX:InitialHeapSize=273888048 -XX:MaxHeapSize=1073741824 -XX:MaxNewSize=268435456 -XX:NewSize=268435456 -XX:+PrintGC -XX:+PrintGCApplicationConcurrentTime -XX:+PrintGCApplicationStoppedTime -XX:+PrintGCDateStamps -XX:+PrintGCDetails -XX:+PrintGCTimeStamps -XX:+UseCompressedClassPointers -XX:+UseCompressedOops -XX:+UseG1GC -XX:-UseLargePagesIndividualAllocation 
2019-03-16T00:06:28.113+0900: 1.026: Application time: 0.9506474 seconds
2019-03-16T00:06:28.113+0900: 1.027: Total time for which application threads were stopped: 0.0003011 seconds, Stopping threads took: 0.0002292 seconds
2019-03-16T00:06:28.329+0900: 1.243: Application time: 0.2158035 seconds
2019-03-16T00:06:28.329+0900: 1.243: [GC pause (G1 Evacuation Pause) (young), 0.1471303 secs]
   [Parallel Time: 146.5 ms, GC Workers: 4]
      [GC Worker Start (ms): Min: 1242.8, Avg: 1243.0, Max: 1243.3, Diff: 0.5]
      [Ext Root Scanning (ms): Min: 0.0, Avg: 0.2, Max: 0.4, Diff: 0.4, Sum: 0.6]
      [Update RS (ms): Min: 0.0, Avg: 0.0, Max: 0.0, Diff: 0.0, Sum: 0.0]
         [Processed Buffers: Min: 0, Avg: 0.0, Max: 0, Diff: 0, Sum: 0]
      [Scan RS (ms): Min: 0.0, Avg: 0.0, Max: 0.0, Diff: 0.0, Sum: 0.1]
      [Code Root Scanning (ms): Min: 0.0, Avg: 0.0, Max: 0.1, Diff: 0.1, Sum: 0.2]
      [Object Copy (ms): Min: 145.7, Avg: 145.8, Max: 145.9, Diff: 0.2, Sum: 583.0]
      [Termination (ms): Min: 0.0, Avg: 0.1, Max: 0.2, Diff: 0.2, Sum: 0.5]
         [Termination Attempts: Min: 1, Avg: 1.0, Max: 1, Diff: 0, Sum: 4]
      [GC Worker Other (ms): Min: 0.0, Avg: 0.0, Max: 0.0, Diff: 0.0, Sum: 0.1]
      [GC Worker Total (ms): Min: 145.8, Avg: 146.1, Max: 146.5, Diff: 0.7, Sum: 584.5]
      [GC Worker End (ms): Min: 1389.1, Avg: 1389.2, Max: 1389.2, Diff: 0.2]
   [Code Root Fixup: 0.0 ms]
   [Code Root Purge: 0.0 ms]
   [Clear CT: 0.1 ms]
   [Other: 0.5 ms]
      [Choose CSet: 0.0 ms]
      [Ref Proc: 0.1 ms]
      [Ref Enq: 0.0 ms]
      [Redirty Cards: 0.3 ms]
      [Humongous Register: 0.0 ms]
      [Humongous Reclaim: 0.0 ms]
      [Free CSet: 0.1 ms]
   [Eden: 256.0M(256.0M)->0.0B(224.0M) Survivors: 0.0B->32.0M Heap: 256.0M(262.0M)->175.0M(432.0M)]
 [Times: user=0.47 sys=0.06, real=0.15 secs] 
2019-03-16T00:06:28.476+0900: 1.390: Total time for which application threads were stopped: 0.1474326 seconds, Stopping threads took: 0.0000317 seconds
2019-03-16T00:06:29.420+0900: 2.334: Application time: 0.9444025 seconds
2019-03-16T00:06:29.421+0900: 2.335: [GC pause (G1 Evacuation Pause) (young), 0.1673094 secs]
   [Parallel Time: 165.5 ms, GC Workers: 4]
      [GC Worker Start (ms): Min: 2334.7, Avg: 2334.7, Max: 2334.8, Diff: 0.1]
      [Ext Root Scanning (ms): Min: 0.3, Avg: 0.4, Max: 0.4, Diff: 0.1, Sum: 1.5]
      [Update RS (ms): Min: 0.3, Avg: 1.0, Max: 1.3, Diff: 1.1, Sum: 4.0]
         [Processed Buffers: Min: 1, Avg: 1.0, Max: 1, Diff: 0, Sum: 4]
      [Scan RS (ms): Min: 0.0, Avg: 0.2, Max: 0.6, Diff: 0.6, Sum: 0.7]
      [Code Root Scanning (ms): Min: 0.0, Avg: 0.1, Max: 0.2, Diff: 0.2, Sum: 0.2]
      [Object Copy (ms): Min: 163.7, Avg: 163.8, Max: 163.9, Diff: 0.2, Sum: 655.1]
      [Termination (ms): Min: 0.0, Avg: 0.0, Max: 0.0, Diff: 0.0, Sum: 0.0]
         [Termination Attempts: Min: 4, Avg: 5.0, Max: 6, Diff: 2, Sum: 20]
      [GC Worker Other (ms): Min: 0.0, Avg: 0.0, Max: 0.0, Diff: 0.0, Sum: 0.1]
      [GC Worker Total (ms): Min: 165.4, Avg: 165.4, Max: 165.5, Diff: 0.1, Sum: 661.6]
      [GC Worker End (ms): Min: 2500.1, Avg: 2500.1, Max: 2500.1, Diff: 0.0]
   [Code Root Fixup: 0.0 ms]
   [Code Root Purge: 0.0 ms]
   [Clear CT: 0.2 ms]
   [Other: 1.6 ms]
      [Choose CSet: 0.0 ms]
      [Ref Proc: 0.1 ms]
      [Ref Enq: 0.0 ms]
      [Redirty Cards: 0.1 ms]
      [Humongous Register: 0.0 ms]
      [Humongous Reclaim: 0.0 ms]
      [Free CSet: 0.1 ms]
   [Eden: 224.0M(224.0M)->0.0B(224.0M) Survivors: 32.0M->32.0M Heap: 399.0M(432.0M)->330.0M(674.0M)]
 [Times: user=0.55 sys=0.03, real=0.17 secs] 
2019-03-16T00:06:29.588+0900: 2.502: Total time for which application threads were stopped: 0.1676521 seconds, Stopping threads took: 0.0000588 seconds
2019-03-16T00:06:29.684+0900: 2.598: Application time: 0.0955418 seconds
2019-03-16T00:06:29.684+0900: 2.598: Total time for which application threads were stopped: 0.0001029 seconds, Stopping threads took: 0.0000152 seconds
2019-03-16T00:06:29.936+0900: 2.850: Application time: 0.2521351 seconds
2019-03-16T00:06:29.936+0900: 2.850: Total time for which application threads were stopped: 0.0001145 seconds, Stopping threads took: 0.0000327 seconds
2019-03-16T00:06:29.938+0900: 2.852: Application time: 0.0018960 seconds
2019-03-16T00:06:29.938+0900: 2.852: Total time for which application threads were stopped: 0.0000715 seconds, Stopping threads took: 0.0000311 seconds
2019-03-16T00:06:30.440+0900: 3.354: Application time: 0.5020924 seconds
2019-03-16T00:06:30.440+0900: 3.354: [GC pause (G1 Evacuation Pause) (young), 0.1786998 secs]
   [Parallel Time: 177.3 ms, GC Workers: 4]
      [GC Worker Start (ms): Min: 3354.3, Avg: 3354.3, Max: 3354.3, Diff: 0.0]
      [Ext Root Scanning (ms): Min: 0.4, Avg: 8.4, Max: 32.4, Diff: 31.9, Sum: 33.7]
      [Update RS (ms): Min: 0.0, Avg: 0.1, Max: 0.3, Diff: 0.3, Sum: 0.6]
         [Processed Buffers: Min: 0, Avg: 2.3, Max: 4, Diff: 4, Sum: 9]
      [Scan RS (ms): Min: 0.0, Avg: 0.0, Max: 0.0, Diff: 0.0, Sum: 0.1]
      [Code Root Scanning (ms): Min: 0.0, Avg: 0.0, Max: 0.1, Diff: 0.1, Sum: 0.1]
      [Object Copy (ms): Min: 138.5, Avg: 163.8, Max: 176.6, Diff: 38.1, Sum: 655.4]
      [Termination (ms): Min: 0.0, Avg: 4.8, Max: 6.4, Diff: 6.4, Sum: 19.2]
         [Termination Attempts: Min: 1, Avg: 3.0, Max: 4, Diff: 3, Sum: 12]
      [GC Worker Other (ms): Min: 0.0, Avg: 0.0, Max: 0.0, Diff: 0.0, Sum: 0.0]
      [GC Worker Total (ms): Min: 177.3, Avg: 177.3, Max: 177.3, Diff: 0.0, Sum: 709.1]
      [GC Worker End (ms): Min: 3531.5, Avg: 3531.5, Max: 3531.5, Diff: 0.0]
   [Code Root Fixup: 0.0 ms]
   [Code Root Purge: 0.0 ms]
   [Clear CT: 0.1 ms]
   [Other: 1.3 ms]
      [Choose CSet: 0.0 ms]
      [Ref Proc: 0.1 ms]
      [Ref Enq: 0.0 ms]
      [Redirty Cards: 0.2 ms]
      [Humongous Register: 0.0 ms]
      [Humongous Reclaim: 0.0 ms]
      [Free CSet: 0.1 ms]
   [Eden: 224.0M(224.0M)->0.0B(224.0M) Survivors: 32.0M->32.0M Heap: 554.0M(674.0M)->485.0M(798.0M)]
 [Times: user=0.50 sys=0.03, real=0.18 secs] 
2019-03-16T00:06:30.619+0900: 3.533: Total time for which application threads were stopped: 0.1789809 seconds, Stopping threads took: 0.0000703 seconds
2019-03-16T00:06:31.180+0900: 4.094: Application time: 0.5607490 seconds
2019-03-16T00:06:31.180+0900: 4.094: Total time for which application threads were stopped: 0.0001596 seconds, Stopping threads took: 0.0000582 seconds
2019-03-16T00:06:31.189+0900: 4.103: Application time: 0.0094045 seconds
2019-03-16T00:06:31.189+0900: 4.104: Total time for which application threads were stopped: 0.0001558 seconds, Stopping threads took: 0.0001163 seconds
2019-03-16T00:06:31.234+0900: 4.148: Application time: 0.0440376 seconds
2019-03-16T00:06:31.234+0900: 4.148: Total time for which application threads were stopped: 0.0000958 seconds, Stopping threads took: 0.0000205 seconds
2019-03-16T00:06:31.367+0900: 4.281: Application time: 0.1330449 seconds
2019-03-16T00:06:31.367+0900: 4.281: Total time for which application threads were stopped: 0.0000647 seconds, Stopping threads took: 0.0000336 seconds
2019-03-16T00:06:31.520+0900: 4.434: Application time: 0.1532222 seconds
2019-03-16T00:06:31.520+0900: 4.434: [GC pause (G1 Evacuation Pause) (young) (initial-mark), 0.1495326 secs]
   [Parallel Time: 148.3 ms, GC Workers: 4]
      [GC Worker Start (ms): Min: 4434.3, Avg: 4434.3, Max: 4434.3, Diff: 0.1]
      [Ext Root Scanning (ms): Min: 0.3, Avg: 0.4, Max: 0.6, Diff: 0.3, Sum: 1.8]
      [Update RS (ms): Min: 0.2, Avg: 0.3, Max: 0.3, Diff: 0.1, Sum: 1.0]
         [Processed Buffers: Min: 1, Avg: 2.3, Max: 6, Diff: 5, Sum: 9]
      [Scan RS (ms): Min: 0.0, Avg: 0.1, Max: 0.1, Diff: 0.1, Sum: 0.3]
      [Code Root Scanning (ms): Min: 0.0, Avg: 0.0, Max: 0.1, Diff: 0.1, Sum: 0.2]
      [Object Copy (ms): Min: 147.2, Avg: 147.3, Max: 147.4, Diff: 0.2, Sum: 589.3]
      [Termination (ms): Min: 0.0, Avg: 0.0, Max: 0.0, Diff: 0.0, Sum: 0.0]
         [Termination Attempts: Min: 5, Avg: 6.0, Max: 7, Diff: 2, Sum: 24]
      [GC Worker Other (ms): Min: 0.0, Avg: 0.0, Max: 0.0, Diff: 0.0, Sum: 0.1]
      [GC Worker Total (ms): Min: 148.1, Avg: 148.2, Max: 148.2, Diff: 0.1, Sum: 592.7]
      [GC Worker End (ms): Min: 4582.5, Avg: 4582.5, Max: 4582.5, Diff: 0.0]
   [Code Root Fixup: 0.0 ms]
   [Code Root Purge: 0.0 ms]
   [Clear CT: 0.1 ms]
   [Other: 1.1 ms]
      [Choose CSet: 0.0 ms]
      [Ref Proc: 0.1 ms]
      [Ref Enq: 0.0 ms]
      [Redirty Cards: 0.3 ms]
      [Humongous Register: 0.0 ms]
      [Humongous Reclaim: 0.0 ms]
      [Free CSet: 0.2 ms]
   [Eden: 224.0M(224.0M)->0.0B(224.0M) Survivors: 32.0M->32.0M Heap: 709.0M(798.0M)->639.5M(922.0M)]
 [Times: user=0.59 sys=0.03, real=0.15 secs] 
2019-03-16T00:06:31.670+0900: 4.584: [GC concurrent-root-region-scan-start]
2019-03-16T00:06:31.670+0900: 4.584: Total time for which application threads were stopped: 0.1499450 seconds, Stopping threads took: 0.0000557 seconds
2019-03-16T00:06:31.709+0900: 4.623: [GC concurrent-root-region-scan-end, 0.0388962 secs]
2019-03-16T00:06:31.709+0900: 4.623: [GC concurrent-mark-start]
2019-03-16T00:06:32.174+0900: 5.089: Application time: 0.5045824 seconds
2019-03-16T00:06:32.175+0900: 5.089: Total time for which application threads were stopped: 0.0000774 seconds, Stopping threads took: 0.0000165 seconds
2019-03-16T00:06:32.478+0900: 5.392: Application time: 0.3037288 seconds
2019-03-16T00:06:32.478+0900: 5.392: [GC pause (G1 Evacuation Pause) (young) (to-space exhausted), 0.3888437 secs]
   [Parallel Time: 370.6 ms, GC Workers: 4]
      [GC Worker Start (ms): Min: 5392.5, Avg: 5392.6, Max: 5392.6, Diff: 0.1]
      [Ext Root Scanning (ms): Min: 0.2, Avg: 0.2, Max: 0.2, Diff: 0.1, Sum: 0.8]
      [Update RS (ms): Min: 0.5, Avg: 0.5, Max: 0.5, Diff: 0.1, Sum: 2.0]
         [Processed Buffers: Min: 1, Avg: 2.8, Max: 6, Diff: 5, Sum: 11]
      [Scan RS (ms): Min: 0.0, Avg: 0.0, Max: 0.0, Diff: 0.0, Sum: 0.1]
      [Code Root Scanning (ms): Min: 0.0, Avg: 0.0, Max: 0.0, Diff: 0.0, Sum: 0.0]
      [Object Copy (ms): Min: 369.7, Avg: 369.7, Max: 369.8, Diff: 0.1, Sum: 1479.0]
      [Termination (ms): Min: 0.0, Avg: 0.0, Max: 0.0, Diff: 0.0, Sum: 0.0]
         [Termination Attempts: Min: 1, Avg: 1.0, Max: 1, Diff: 0, Sum: 4]
      [GC Worker Other (ms): Min: 0.0, Avg: 0.0, Max: 0.0, Diff: 0.0, Sum: 0.1]
      [GC Worker Total (ms): Min: 370.5, Avg: 370.5, Max: 370.5, Diff: 0.1, Sum: 1481.9]
      [GC Worker End (ms): Min: 5763.0, Avg: 5763.0, Max: 5763.0, Diff: 0.0]
   [Code Root Fixup: 0.0 ms]
   [Code Root Purge: 0.0 ms]
   [Clear CT: 0.1 ms]
   [Other: 18.2 ms]
      [Evacuation Failure: 17.9 ms]
      [Choose CSet: 0.0 ms]
      [Ref Proc: 0.0 ms]
      [Ref Enq: 0.0 ms]
      [Redirty Cards: 0.1 ms]
      [Humongous Register: 0.0 ms]
      [Humongous Reclaim: 0.0 ms]
      [Free CSet: 0.1 ms]
   [Eden: 224.0M(224.0M)->0.0B(224.0M) Survivors: 32.0M->32.0M Heap: 863.5M(922.0M)->808.0M(1024.0M)]
 [Times: user=0.73 sys=0.09, real=0.39 secs] 
2019-03-16T00:06:32.867+0900: 5.781: Total time for which application threads were stopped: 0.3890764 seconds, Stopping threads took: 0.0000367 seconds
2019-03-16T00:06:33.176+0900: 6.090: Application time: 0.3087987 seconds
2019-03-16T00:06:33.176+0900: 6.090: Total time for which application threads were stopped: 0.0000809 seconds, Stopping threads took: 0.0000407 seconds
2019-03-16T00:06:33.640+0900: 6.554: Application time: 0.4638935 seconds
2019-03-16T00:06:33.640+0900: 6.554: [GC pause (G1 Evacuation Pause) (young) (to-space exhausted), 2.4103590 secs]
   [Parallel Time: 2292.2 ms, GC Workers: 4]
      [GC Worker Start (ms): Min: 6554.4, Avg: 6554.5, Max: 6554.5, Diff: 0.1]
      [Ext Root Scanning (ms): Min: 0.1, Avg: 3.4, Max: 13.3, Diff: 13.2, Sum: 13.8]
      [Update RS (ms): Min: 0.0, Avg: 0.6, Max: 1.2, Diff: 1.2, Sum: 2.4]
         [Processed Buffers: Min: 0, Avg: 2.5, Max: 6, Diff: 6, Sum: 10]
      [Scan RS (ms): Min: 0.0, Avg: 0.0, Max: 0.1, Diff: 0.0, Sum: 0.1]
      [Code Root Scanning (ms): Min: 0.0, Avg: 0.0, Max: 0.0, Diff: 0.0, Sum: 0.0]
      [Object Copy (ms): Min: 2278.8, Avg: 2287.9, Max: 2291.8, Diff: 13.1, Sum: 9151.8]
      [Termination (ms): Min: 0.0, Avg: 0.0, Max: 0.1, Diff: 0.1, Sum: 0.1]
         [Termination Attempts: Min: 1, Avg: 1.0, Max: 1, Diff: 0, Sum: 4]
      [GC Worker Other (ms): Min: 0.0, Avg: 0.0, Max: 0.0, Diff: 0.0, Sum: 0.1]
      [GC Worker Total (ms): Min: 2292.0, Avg: 2292.1, Max: 2292.1, Diff: 0.1, Sum: 9168.3]
      [GC Worker End (ms): Min: 8846.5, Avg: 8846.5, Max: 8846.5, Diff: 0.0]
   [Code Root Fixup: 0.0 ms]
   [Code Root Purge: 0.0 ms]
   [Clear CT: 0.1 ms]
   [Other: 118.1 ms]
      [Evacuation Failure: 117.6 ms]
      [Choose CSet: 0.0 ms]
      [Ref Proc: 0.2 ms]
      [Ref Enq: 0.0 ms]
      [Redirty Cards: 0.1 ms]
      [Humongous Register: 0.0 ms]
      [Humongous Reclaim: 0.0 ms]
      [Free CSet: 0.0 ms]
   [Eden: 216.0M(224.0M)->0.0B(256.0M) Survivors: 32.0M->0.0B Heap: 1024.0M(1024.0M)->1024.0M(1024.0M)]
 [Times: user=2.60 sys=0.02, real=2.41 secs] 
2019-03-16T00:06:36.051+0900: 8.965: Total time for which application threads were stopped: 2.4106436 seconds, Stopping threads took: 0.0000787 seconds
2019-03-16T00:06:36.051+0900: 8.965: Application time: 0.0000628 seconds
2019-03-16T00:06:36.051+0900: 8.965: [GC pause (G1 Evacuation Pause) (young), 0.0289980 secs]
   [Parallel Time: 28.8 ms, GC Workers: 4]
      [GC Worker Start (ms): Min: 8965.0, Avg: 8965.0, Max: 8965.0, Diff: 0.0]
      [Ext Root Scanning (ms): Min: 0.2, Avg: 0.2, Max: 0.2, Diff: 0.0, Sum: 0.9]
      [Update RS (ms): Min: 28.1, Avg: 28.3, Max: 28.5, Diff: 0.4, Sum: 113.2]
         [Processed Buffers: Min: 64, Avg: 65.3, Max: 67, Diff: 3, Sum: 261]
      [Scan RS (ms): Min: 0.0, Avg: 0.0, Max: 0.0, Diff: 0.0, Sum: 0.0]
      [Code Root Scanning (ms): Min: 0.0, Avg: 0.0, Max: 0.0, Diff: 0.0, Sum: 0.0]
      [Object Copy (ms): Min: 0.0, Avg: 0.0, Max: 0.0, Diff: 0.0, Sum: 0.0]
      [Termination (ms): Min: 0.0, Avg: 0.2, Max: 0.4, Diff: 0.4, Sum: 0.9]
         [Termination Attempts: Min: 1, Avg: 1.0, Max: 1, Diff: 0, Sum: 4]
      [GC Worker Other (ms): Min: 0.0, Avg: 0.0, Max: 0.0, Diff: 0.0, Sum: 0.0]
      [GC Worker Total (ms): Min: 28.8, Avg: 28.8, Max: 28.8, Diff: 0.0, Sum: 115.1]
      [GC Worker End (ms): Min: 8993.8, Avg: 8993.8, Max: 8993.8, Diff: 0.0]
   [Code Root Fixup: 0.0 ms]
   [Code Root Purge: 0.0 ms]
   [Clear CT: 0.0 ms]
   [Other: 0.1 ms]
      [Choose CSet: 0.0 ms]
      [Ref Proc: 0.1 ms]
      [Ref Enq: 0.0 ms]
      [Redirty Cards: 0.0 ms]
      [Humongous Register: 0.0 ms]
      [Humongous Reclaim: 0.0 ms]
      [Free CSet: 0.0 ms]
   [Eden: 0.0B(256.0M)->0.0B(256.0M) Survivors: 0.0B->0.0B Heap: 1024.0M(1024.0M)->1024.0M(1024.0M)]
 [Times: user=0.06 sys=0.00, real=0.03 secs] 
2019-03-16T00:06:36.080+0900: 8.994: Total time for which application threads were stopped: 0.0291688 seconds, Stopping threads took: 0.0000115 seconds
2019-03-16T00:06:36.080+0900: 8.994: Application time: 0.0000669 seconds
2019-03-16T00:06:36.080+0900: 8.994: [GC pause (G1 Evacuation Pause) (young), 0.0003194 secs]
   [Parallel Time: 0.2 ms, GC Workers: 4]
      [GC Worker Start (ms): Min: 8994.2, Avg: 8994.3, Max: 8994.3, Diff: 0.0]
      [Ext Root Scanning (ms): Min: 0.2, Avg: 0.2, Max: 0.2, Diff: 0.0, Sum: 0.7]
      [Update RS (ms): Min: 0.0, Avg: 0.0, Max: 0.0, Diff: 0.0, Sum: 0.0]
         [Processed Buffers: Min: 0, Avg: 0.3, Max: 1, Diff: 1, Sum: 1]
      [Scan RS (ms): Min: 0.0, Avg: 0.0, Max: 0.0, Diff: 0.0, Sum: 0.0]
      [Code Root Scanning (ms): Min: 0.0, Avg: 0.0, Max: 0.0, Diff: 0.0, Sum: 0.0]
      [Object Copy (ms): Min: 0.0, Avg: 0.0, Max: 0.0, Diff: 0.0, Sum: 0.0]
      [Termination (ms): Min: 0.0, Avg: 0.0, Max: 0.0, Diff: 0.0, Sum: 0.0]
         [Termination Attempts: Min: 1, Avg: 1.0, Max: 1, Diff: 0, Sum: 4]
      [GC Worker Other (ms): Min: 0.0, Avg: 0.0, Max: 0.0, Diff: 0.0, Sum: 0.0]
      [GC Worker Total (ms): Min: 0.2, Avg: 0.2, Max: 0.2, Diff: 0.0, Sum: 0.7]
      [GC Worker End (ms): Min: 8994.4, Avg: 8994.4, Max: 8994.4, Diff: 0.0]
   [Code Root Fixup: 0.0 ms]
   [Code Root Purge: 0.0 ms]
   [Clear CT: 0.0 ms]
   [Other: 0.1 ms]
      [Choose CSet: 0.0 ms]
      [Ref Proc: 0.0 ms]
      [Ref Enq: 0.0 ms]
      [Redirty Cards: 0.0 ms]
      [Humongous Register: 0.0 ms]
      [Humongous Reclaim: 0.0 ms]
      [Free CSet: 0.0 ms]
   [Eden: 0.0B(256.0M)->0.0B(256.0M) Survivors: 0.0B->0.0B Heap: 1024.0M(1024.0M)->1024.0M(1024.0M)]
 [Times: user=0.00 sys=0.00, real=0.00 secs] 
2019-03-16T00:06:36.080+0900: 8.995: Total time for which application threads were stopped: 0.0004955 seconds, Stopping threads took: 0.0000118 seconds
2019-03-16T00:06:36.080+0900: 8.995: Application time: 0.0000504 seconds
2019-03-16T00:06:36.080+0900: 8.995: [Full GC (Allocation Failure)  1024M->902M(1024M), 2.7418719 secs]
   [Eden: 0.0B(256.0M)->0.0B(256.0M) Survivors: 0.0B->0.0B Heap: 1024.0M(1024.0M)->902.4M(1024.0M)], [Metaspace: 8901K->8768K(1056768K)]
 [Times: user=3.34 sys=0.14, real=2.74 secs] 
2019-03-16T00:06:38.822+0900: 11.737: Total time for which application threads were stopped: 2.7419777 seconds, Stopping threads took: 0.0000068 seconds
2019-03-16T00:06:38.822+0900: 11.737: [GC concurrent-mark-abort]
2019-03-16T00:06:38.831+0900: 11.745: Application time: 0.0086136 seconds
2019-03-16T00:06:38.831+0900: 11.745: Total time for which application threads were stopped: 0.0000768 seconds, Stopping threads took: 0.0000171 seconds
2019-03-16T00:06:38.832+0900: 11.746: Application time: 0.0005340 seconds
2019-03-16T00:06:38.832+0900: 11.746: Total time for which application threads were stopped: 0.0000547 seconds, Stopping threads took: 0.0000106 seconds
2019-03-16T00:06:39.181+0900: 12.095: Application time: 0.3494254 seconds
2019-03-16T00:06:39.181+0900: 12.096: Total time for which application threads were stopped: 0.0003001 seconds, Stopping threads took: 0.0001735 seconds
2019-03-16T00:06:39.193+0900: 12.107: Application time: 0.0117030 seconds
2019-03-16T00:06:39.193+0900: 12.108: [GC pause (G1 Evacuation Pause) (young) (to-space exhausted), 0.8973953 secs]
   [Parallel Time: 855.4 ms, GC Workers: 4]
      [GC Worker Start (ms): Min: 12107.8, Avg: 12107.9, Max: 12108.2, Diff: 0.5]
      [Ext Root Scanning (ms): Min: 0.2, Avg: 0.6, Max: 1.3, Diff: 1.1, Sum: 2.2]
      [Update RS (ms): Min: 0.0, Avg: 0.1, Max: 0.3, Diff: 0.3, Sum: 0.3]
         [Processed Buffers: Min: 0, Avg: 1.3, Max: 5, Diff: 5, Sum: 5]
      [Scan RS (ms): Min: 0.0, Avg: 0.0, Max: 0.1, Diff: 0.1, Sum: 0.1]
      [Code Root Scanning (ms): Min: 0.0, Avg: 0.0, Max: 0.0, Diff: 0.0, Sum: 0.0]
      [Object Copy (ms): Min: 854.0, Avg: 854.5, Max: 854.9, Diff: 1.0, Sum: 3417.9]
      [Termination (ms): Min: 0.0, Avg: 0.0, Max: 0.0, Diff: 0.0, Sum: 0.1]
         [Termination Attempts: Min: 1, Avg: 1.0, Max: 1, Diff: 0, Sum: 4]
      [GC Worker Other (ms): Min: 0.0, Avg: 0.0, Max: 0.0, Diff: 0.0, Sum: 0.1]
      [GC Worker Total (ms): Min: 854.8, Avg: 855.2, Max: 855.3, Diff: 0.5, Sum: 3420.7]
      [GC Worker End (ms): Min: 12963.1, Avg: 12963.1, Max: 12963.1, Diff: 0.0]
   [Code Root Fixup: 0.0 ms]
   [Code Root Purge: 0.0 ms]
   [Clear CT: 0.1 ms]
   [Other: 41.9 ms]
      [Evacuation Failure: 41.5 ms]
      [Choose CSet: 0.0 ms]
      [Ref Proc: 0.1 ms]
      [Ref Enq: 0.0 ms]
      [Redirty Cards: 0.1 ms]
      [Humongous Register: 0.0 ms]
      [Humongous Reclaim: 0.0 ms]
      [Free CSet: 0.0 ms]
   [Eden: 91.0M(256.0M)->0.0B(256.0M) Survivors: 0.0B->0.0B Heap: 993.4M(1024.0M)->993.4M(1024.0M)]
 [Times: user=0.94 sys=0.02, real=0.90 secs] 
2019-03-16T00:06:40.091+0900: 13.005: Total time for which application threads were stopped: 0.8977275 seconds, Stopping threads took: 0.0000843 seconds
2019-03-16T00:06:40.092+0900: 13.006: Application time: 0.0011651 seconds
2019-03-16T00:06:40.092+0900: 13.006: [Full GC (Allocation Failure)  993M->962M(1024M), 2.5115778 secs]
   [Eden: 0.0B(256.0M)->0.0B(256.0M) Survivors: 0.0B->0.0B Heap: 993.4M(1024.0M)->962.5M(1024.0M)], [Metaspace: 8853K->8853K(1056768K)]
 [Times: user=3.29 sys=0.06, real=2.51 secs] 
2019-03-16T00:06:42.605+0900: 15.518: Total time for which application threads were stopped: 2.5117401 seconds, Stopping threads took: 0.0000345 seconds
2019-03-16T00:06:42.608+0900: 15.522: Application time: 0.0037257 seconds
2019-03-16T00:06:42.608+0900: 15.522: Total time for which application threads were stopped: 0.0000572 seconds, Stopping threads took: 0.0000156 seconds
2019-03-16T00:06:42.706+0900: 15.620: Application time: 0.0977214 seconds
2019-03-16T00:06:42.706+0900: 15.620: [GC pause (G1 Evacuation Pause) (young) (to-space exhausted), 0.2832685 secs]
   [Parallel Time: 268.5 ms, GC Workers: 4]
      [GC Worker Start (ms): Min: 15619.8, Avg: 15619.8, Max: 15619.8, Diff: 0.0]
      [Ext Root Scanning (ms): Min: 0.2, Avg: 0.2, Max: 0.2, Diff: 0.0, Sum: 0.8]
      [Update RS (ms): Min: 0.0, Avg: 0.0, Max: 0.0, Diff: 0.0, Sum: 0.1]
         [Processed Buffers: Min: 0, Avg: 1.3, Max: 3, Diff: 3, Sum: 5]
      [Scan RS (ms): Min: 0.0, Avg: 0.0, Max: 0.0, Diff: 0.0, Sum: 0.0]
      [Code Root Scanning (ms): Min: 0.0, Avg: 0.0, Max: 0.0, Diff: 0.0, Sum: 0.0]
      [Object Copy (ms): Min: 268.2, Avg: 268.2, Max: 268.3, Diff: 0.1, Sum: 1072.8]
      [Termination (ms): Min: 0.0, Avg: 0.0, Max: 0.0, Diff: 0.0, Sum: 0.1]
         [Termination Attempts: Min: 1, Avg: 1.0, Max: 1, Diff: 0, Sum: 4]
      [GC Worker Other (ms): Min: 0.0, Avg: 0.0, Max: 0.0, Diff: 0.0, Sum: 0.0]
      [GC Worker Total (ms): Min: 268.5, Avg: 268.5, Max: 268.5, Diff: 0.0, Sum: 1073.9]
      [GC Worker End (ms): Min: 15888.3, Avg: 15888.3, Max: 15888.3, Diff: 0.0]
   [Code Root Fixup: 0.0 ms]
   [Code Root Purge: 0.0 ms]
   [Clear CT: 0.2 ms]
   [Other: 14.5 ms]
      [Evacuation Failure: 14.1 ms]
      [Choose CSet: 0.0 ms]
      [Ref Proc: 0.1 ms]
      [Ref Enq: 0.0 ms]
      [Redirty Cards: 0.1 ms]
      [Humongous Register: 0.0 ms]
      [Humongous Reclaim: 0.0 ms]
      [Free CSet: 0.0 ms]
   [Eden: 29.0M(256.0M)->0.0B(256.0M) Survivors: 0.0B->0.0B Heap: 991.5M(1024.0M)->991.5M(1024.0M)]
 [Times: user=0.33 sys=0.05, real=0.28 secs] 
2019-03-16T00:06:42.990+0900: 15.903: Total time for which application threads were stopped: 0.2835861 seconds, Stopping threads took: 0.0000638 seconds
2019-03-16T00:06:42.990+0900: 15.903: Application time: 0.0000451 seconds
2019-03-16T00:06:42.990+0900: 15.903: [Full GC (Allocation Failure)  991M->981M(1024M), 2.5358922 secs]
   [Eden: 0.0B(256.0M)->0.0B(256.0M) Survivors: 0.0B->0.0B Heap: 991.5M(1024.0M)->981.8M(1024.0M)], [Metaspace: 8880K->8880K(1056768K)]
 [Times: user=3.29 sys=0.11, real=2.54 secs] 
2019-03-16T00:06:45.526+0900: 18.439: Total time for which application threads were stopped: 2.5360885 seconds, Stopping threads took: 0.0000572 seconds
2019-03-16T00:06:45.526+0900: 18.440: Application time: 0.0005956 seconds
2019-03-16T00:06:45.526+0900: 18.440: Total time for which application threads were stopped: 0.0001191 seconds, Stopping threads took: 0.0000849 seconds
2019-03-16T00:06:45.531+0900: 18.445: Application time: 0.0050310 seconds
2019-03-16T00:06:45.531+0900: 18.445: Total time for which application threads were stopped: 0.0000818 seconds, Stopping threads took: 0.0000193 seconds
2019-03-16T00:06:45.533+0900: 18.447: Application time: 0.0013455 seconds
2019-03-16T00:06:45.533+0900: 18.447: Total time for which application threads were stopped: 0.0000681 seconds, Stopping threads took: 0.0000193 seconds
2019-03-16T00:06:45.557+0900: 18.471: Application time: 0.0239667 seconds
2019-03-16T00:06:45.557+0900: 18.471: [GC pause (G1 Evacuation Pause) (young) (to-space exhausted), 0.0772095 secs]
   [Parallel Time: 72.5 ms, GC Workers: 4]
      [GC Worker Start (ms): Min: 18470.7, Avg: 18470.7, Max: 18470.7, Diff: 0.0]
      [Ext Root Scanning (ms): Min: 0.2, Avg: 0.2, Max: 0.2, Diff: 0.0, Sum: 0.8]
      [Update RS (ms): Min: 0.0, Avg: 0.0, Max: 0.0, Diff: 0.0, Sum: 0.1]
         [Processed Buffers: Min: 0, Avg: 1.5, Max: 4, Diff: 4, Sum: 6]
      [Scan RS (ms): Min: 0.0, Avg: 0.0, Max: 0.0, Diff: 0.0, Sum: 0.0]
      [Code Root Scanning (ms): Min: 0.0, Avg: 0.0, Max: 0.0, Diff: 0.0, Sum: 0.0]
      [Object Copy (ms): Min: 72.1, Avg: 72.2, Max: 72.2, Diff: 0.1, Sum: 288.7]
      [Termination (ms): Min: 0.0, Avg: 0.0, Max: 0.0, Diff: 0.0, Sum: 0.1]
         [Termination Attempts: Min: 1, Avg: 1.0, Max: 1, Diff: 0, Sum: 4]
      [GC Worker Other (ms): Min: 0.0, Avg: 0.0, Max: 0.0, Diff: 0.0, Sum: 0.0]
      [GC Worker Total (ms): Min: 72.4, Avg: 72.4, Max: 72.4, Diff: 0.0, Sum: 289.6]
      [GC Worker End (ms): Min: 18543.1, Avg: 18543.1, Max: 18543.1, Diff: 0.0]
   [Code Root Fixup: 0.0 ms]
   [Code Root Purge: 0.0 ms]
   [Clear CT: 0.1 ms]
   [Other: 4.6 ms]
      [Evacuation Failure: 4.3 ms]
      [Choose CSet: 0.0 ms]
      [Ref Proc: 0.1 ms]
      [Ref Enq: 0.0 ms]
      [Redirty Cards: 0.1 ms]
      [Humongous Register: 0.0 ms]
      [Humongous Reclaim: 0.0 ms]
      [Free CSet: 0.0 ms]
   [Eden: 9216.0K(256.0M)->0.0B(256.0M) Survivors: 0.0B->0.0B Heap: 990.8M(1024.0M)->990.8M(1024.0M)]
 [Times: user=0.08 sys=0.00, real=0.08 secs] 
2019-03-16T00:06:45.634+0900: 18.548: Total time for which application threads were stopped: 0.0774266 seconds, Stopping threads took: 0.0000187 seconds
2019-03-16T00:06:45.634+0900: 18.548: Application time: 0.0000439 seconds
2019-03-16T00:06:45.634+0900: 18.548: [GC pause (G1 Evacuation Pause) (young) (initial-mark), 0.0019062 secs]
   [Parallel Time: 1.6 ms, GC Workers: 4]
      [GC Worker Start (ms): Min: 18548.1, Avg: 18548.1, Max: 18548.2, Diff: 0.0]
      [Ext Root Scanning (ms): Min: 0.2, Avg: 0.3, Max: 0.3, Diff: 0.1, Sum: 1.1]
      [Update RS (ms): Min: 0.9, Avg: 1.0, Max: 1.3, Diff: 0.3, Sum: 4.2]
         [Processed Buffers: Min: 2, Avg: 4.0, Max: 6, Diff: 4, Sum: 16]
      [Scan RS (ms): Min: 0.0, Avg: 0.0, Max: 0.0, Diff: 0.0, Sum: 0.0]
      [Code Root Scanning (ms): Min: 0.0, Avg: 0.0, Max: 0.0, Diff: 0.0, Sum: 0.0]
      [Object Copy (ms): Min: 0.0, Avg: 0.0, Max: 0.0, Diff: 0.0, Sum: 0.0]
      [Termination (ms): Min: 0.0, Avg: 0.2, Max: 0.3, Diff: 0.3, Sum: 0.8]
         [Termination Attempts: Min: 1, Avg: 1.0, Max: 1, Diff: 0, Sum: 4]
      [GC Worker Other (ms): Min: 0.0, Avg: 0.0, Max: 0.0, Diff: 0.0, Sum: 0.0]
      [GC Worker Total (ms): Min: 1.5, Avg: 1.5, Max: 1.5, Diff: 0.0, Sum: 6.1]
      [GC Worker End (ms): Min: 18549.7, Avg: 18549.7, Max: 18549.7, Diff: 0.0]
   [Code Root Fixup: 0.0 ms]
   [Code Root Purge: 0.0 ms]
   [Clear CT: 0.1 ms]
   [Other: 0.2 ms]
      [Choose CSet: 0.0 ms]
      [Ref Proc: 0.1 ms]
      [Ref Enq: 0.0 ms]
      [Redirty Cards: 0.1 ms]
      [Humongous Register: 0.0 ms]
      [Humongous Reclaim: 0.0 ms]
      [Free CSet: 0.0 ms]
   [Eden: 0.0B(256.0M)->0.0B(256.0M) Survivors: 0.0B->0.0B Heap: 990.8M(1024.0M)->990.8M(1024.0M)]
 [Times: user=0.00 sys=0.00, real=0.00 secs] 
2019-03-16T00:06:45.636+0900: 18.550: Total time for which application threads were stopped: 0.0020869 seconds, Stopping threads took: 0.0000277 seconds
2019-03-16T00:06:45.636+0900: 18.550: [GC concurrent-root-region-scan-start]
2019-03-16T00:06:45.636+0900: 18.550: [GC concurrent-root-region-scan-end, 0.0000075 secs]
2019-03-16T00:06:45.636+0900: 18.550: [GC concurrent-mark-start]
2019-03-16T00:06:45.636+0900: 18.550: Application time: 0.0000218 seconds
2019-03-16T00:06:45.636+0900: 18.550: [Full GC (Allocation Failure)  990M->987M(1024M), 2.5340149 secs]
   [Eden: 0.0B(256.0M)->0.0B(256.0M) Survivors: 0.0B->0.0B Heap: 990.8M(1024.0M)->987.1M(1024.0M)], [Metaspace: 8908K->8908K(1056768K)]
 [Times: user=3.15 sys=0.20, real=2.53 secs] 
2019-03-16T00:06:48.170+0900: 21.084: Total time for which application threads were stopped: 2.5341474 seconds, Stopping threads took: 0.0000078 seconds
2019-03-16T00:06:48.170+0900: 21.084: [GC concurrent-mark-abort]
2019-03-16T00:06:48.173+0900: 21.087: Application time: 0.0029631 seconds
2019-03-16T00:06:48.174+0900: 21.087: Total time for which application threads were stopped: 0.0000669 seconds, Stopping threads took: 0.0000202 seconds
2019-03-16T00:06:48.184+0900: 21.098: Application time: 0.0105311 seconds
2019-03-16T00:06:48.185+0900: 21.099: Total time for which application threads were stopped: 0.0007579 seconds, Stopping threads took: 0.0006939 seconds
2019-03-16T00:06:48.186+0900: 21.100: Application time: 0.0010329 seconds
2019-03-16T00:06:48.186+0900: 21.100: [GC pause (G1 Evacuation Pause) (young) (to-space exhausted), 0.0357219 secs]
   [Parallel Time: 33.7 ms, GC Workers: 4]
      [GC Worker Start (ms): Min: 21099.8, Avg: 21099.8, Max: 21099.8, Diff: 0.0]
      [Ext Root Scanning (ms): Min: 0.2, Avg: 0.2, Max: 0.3, Diff: 0.1, Sum: 0.9]
      [Update RS (ms): Min: 0.0, Avg: 0.0, Max: 0.0, Diff: 0.0, Sum: 0.1]
         [Processed Buffers: Min: 0, Avg: 1.0, Max: 2, Diff: 2, Sum: 4]
      [Scan RS (ms): Min: 0.0, Avg: 0.0, Max: 0.0, Diff: 0.0, Sum: 0.0]
      [Code Root Scanning (ms): Min: 0.0, Avg: 0.0, Max: 0.0, Diff: 0.0, Sum: 0.0]
      [Object Copy (ms): Min: 33.4, Avg: 33.4, Max: 33.5, Diff: 0.1, Sum: 133.7]
      [Termination (ms): Min: 0.0, Avg: 0.0, Max: 0.0, Diff: 0.0, Sum: 0.0]
         [Termination Attempts: Min: 1, Avg: 3.8, Max: 5, Diff: 4, Sum: 15]
      [GC Worker Other (ms): Min: 0.0, Avg: 0.0, Max: 0.0, Diff: 0.0, Sum: 0.0]
      [GC Worker Total (ms): Min: 33.7, Avg: 33.7, Max: 33.7, Diff: 0.0, Sum: 134.8]
      [GC Worker End (ms): Min: 21133.5, Avg: 21133.5, Max: 21133.5, Diff: 0.0]
   [Code Root Fixup: 0.0 ms]
   [Code Root Purge: 0.0 ms]
   [Clear CT: 0.0 ms]
   [Other: 2.0 ms]
      [Evacuation Failure: 1.8 ms]
      [Choose CSet: 0.0 ms]
      [Ref Proc: 0.0 ms]
      [Ref Enq: 0.0 ms]
      [Redirty Cards: 0.0 ms]
      [Humongous Register: 0.0 ms]
      [Humongous Reclaim: 0.0 ms]
      [Free CSet: 0.0 ms]
   [Eden: 4096.0K(256.0M)->0.0B(256.0M) Survivors: 0.0B->0.0B Heap: 991.1M(1024.0M)->991.1M(1024.0M)]
 [Times: user=0.03 sys=0.00, real=0.04 secs] 
2019-03-16T00:06:48.222+0900: 21.136: Total time for which application threads were stopped: 0.0359698 seconds, Stopping threads took: 0.0000460 seconds
2019-03-16T00:06:48.222+0900: 21.136: Application time: 0.0000439 seconds
2019-03-16T00:06:48.222+0900: 21.136: [GC pause (G1 Evacuation Pause) (young) (initial-mark), 0.0009486 secs]
   [Parallel Time: 0.8 ms, GC Workers: 4]
      [GC Worker Start (ms): Min: 21135.8, Avg: 21135.8, Max: 21135.8, Diff: 0.0]
      [Ext Root Scanning (ms): Min: 0.2, Avg: 0.2, Max: 0.3, Diff: 0.0, Sum: 1.0]
      [Update RS (ms): Min: 0.3, Avg: 0.4, Max: 0.5, Diff: 0.2, Sum: 1.7]
         [Processed Buffers: Min: 1, Avg: 3.3, Max: 6, Diff: 5, Sum: 13]
      [Scan RS (ms): Min: 0.0, Avg: 0.0, Max: 0.0, Diff: 0.0, Sum: 0.0]
      [Code Root Scanning (ms): Min: 0.0, Avg: 0.0, Max: 0.0, Diff: 0.0, Sum: 0.0]
      [Object Copy (ms): Min: 0.0, Avg: 0.0, Max: 0.0, Diff: 0.0, Sum: 0.0]
      [Termination (ms): Min: 0.0, Avg: 0.1, Max: 0.2, Diff: 0.2, Sum: 0.2]
         [Termination Attempts: Min: 1, Avg: 1.0, Max: 1, Diff: 0, Sum: 4]
      [GC Worker Other (ms): Min: 0.0, Avg: 0.0, Max: 0.0, Diff: 0.0, Sum: 0.0]
      [GC Worker Total (ms): Min: 0.8, Avg: 0.8, Max: 0.8, Diff: 0.0, Sum: 3.0]
      [GC Worker End (ms): Min: 21136.5, Avg: 21136.5, Max: 21136.5, Diff: 0.0]
   [Code Root Fixup: 0.0 ms]
   [Code Root Purge: 0.0 ms]
   [Clear CT: 0.0 ms]
   [Other: 0.1 ms]
      [Choose CSet: 0.0 ms]
      [Ref Proc: 0.1 ms]
      [Ref Enq: 0.0 ms]
      [Redirty Cards: 0.0 ms]
      [Humongous Register: 0.0 ms]
      [Humongous Reclaim: 0.0 ms]
      [Free CSet: 0.0 ms]
   [Eden: 0.0B(256.0M)->0.0B(256.0M) Survivors: 0.0B->0.0B Heap: 991.1M(1024.0M)->991.1M(1024.0M)]
 [Times: user=0.00 sys=0.00, real=0.00 secs] 
2019-03-16T00:06:48.223+0900: 2019-03-16T00:06:48.223+0900: 21.137: 21.137: [GC concurrent-root-region-scan-start]
Total time for which application threads were stopped: 0.0011595 seconds, Stopping threads took: 0.0000137 seconds
2019-03-16T00:06:48.223+0900: 21.137: [GC concurrent-root-region-scan-end, 0.0000090 secs]
2019-03-16T00:06:48.223+0900: 21.137: [GC concurrent-mark-start]
2019-03-16T00:06:48.223+0900: 21.137: Application time: 0.0000551 seconds
2019-03-16T00:06:48.223+0900: 21.137: [Full GC (Allocation Failure)  991M->989M(1024M), 2.5257325 secs]
   [Eden: 0.0B(256.0M)->0.0B(256.0M) Survivors: 0.0B->0.0B Heap: 991.1M(1024.0M)->989.5M(1024.0M)], [Metaspace: 8928K->8928K(1056768K)]
 [Times: user=3.29 sys=0.11, real=2.53 secs] 
2019-03-16T00:06:50.749+0900: 23.663: Total time for which application threads were stopped: 2.5258852 seconds, Stopping threads took: 0.0000348 seconds
2019-03-16T00:06:50.749+0900: 23.663: [GC concurrent-mark-abort]
2019-03-16T00:06:50.749+0900: 23.663: Application time: 0.0001412 seconds
2019-03-16T00:06:50.749+0900: 23.663: [GC pause (G1 Evacuation Pause) (young) (to-space exhausted), 0.0059470 secs]
   [Parallel Time: 4.9 ms, GC Workers: 4]
      [GC Worker Start (ms): Min: 23663.3, Avg: 23663.4, Max: 23663.5, Diff: 0.2]
      [Ext Root Scanning (ms): Min: 0.2, Avg: 0.3, Max: 0.3, Diff: 0.2, Sum: 1.0]
      [Update RS (ms): Min: 0.0, Avg: 0.0, Max: 0.0, Diff: 0.0, Sum: 0.0]
         [Processed Buffers: Min: 0, Avg: 0.3, Max: 1, Diff: 1, Sum: 1]
      [Scan RS (ms): Min: 0.0, Avg: 0.0, Max: 0.0, Diff: 0.0, Sum: 0.0]
      [Code Root Scanning (ms): Min: 0.0, Avg: 0.0, Max: 0.0, Diff: 0.0, Sum: 0.0]
      [Object Copy (ms): Min: 4.5, Avg: 4.5, Max: 4.5, Diff: 0.1, Sum: 18.0]
      [Termination (ms): Min: 0.0, Avg: 0.0, Max: 0.0, Diff: 0.0, Sum: 0.0]
         [Termination Attempts: Min: 1, Avg: 7.3, Max: 11, Diff: 10, Sum: 29]
      [GC Worker Other (ms): Min: 0.0, Avg: 0.0, Max: 0.0, Diff: 0.0, Sum: 0.0]
      [GC Worker Total (ms): Min: 4.7, Avg: 4.8, Max: 4.9, Diff: 0.2, Sum: 19.1]
      [GC Worker End (ms): Min: 23668.2, Avg: 23668.2, Max: 23668.2, Diff: 0.0]
   [Code Root Fixup: 0.0 ms]
   [Code Root Purge: 0.0 ms]
   [Clear CT: 0.0 ms]
   [Other: 1.0 ms]
      [Evacuation Failure: 0.9 ms]
      [Choose CSet: 0.0 ms]
      [Ref Proc: 0.0 ms]
      [Ref Enq: 0.0 ms]
      [Redirty Cards: 0.0 ms]
      [Humongous Register: 0.0 ms]
      [Humongous Reclaim: 0.0 ms]
      [Free CSet: 0.0 ms]
   [Eden: 1024.0K(256.0M)->0.0B(256.0M) Survivors: 0.0B->0.0B Heap: 990.5M(1024.0M)->990.5M(1024.0M)]
 [Times: user=0.00 sys=0.00, real=0.01 secs] 
2019-03-16T00:06:50.755+0900: 23.669: Total time for which application threads were stopped: 0.0064378 seconds, Stopping threads took: 0.0003123 seconds
2019-03-16T00:06:50.755+0900: 23.669: Application time: 0.0000445 seconds
2019-03-16T00:06:50.756+0900: 23.669: [GC pause (G1 Evacuation Pause) (young) (initial-mark), 0.0009187 secs]
   [Parallel Time: 0.8 ms, GC Workers: 4]
      [GC Worker Start (ms): Min: 23669.5, Avg: 23669.5, Max: 23669.5, Diff: 0.0]
      [Ext Root Scanning (ms): Min: 0.2, Avg: 0.2, Max: 0.2, Diff: 0.0, Sum: 0.9]
      [Update RS (ms): Min: 0.0, Avg: 0.2, Max: 0.5, Diff: 0.5, Sum: 0.7]
         [Processed Buffers: Min: 1, Avg: 1.8, Max: 2, Diff: 1, Sum: 7]
      [Scan RS (ms): Min: 0.0, Avg: 0.0, Max: 0.0, Diff: 0.0, Sum: 0.0]
      [Code Root Scanning (ms): Min: 0.0, Avg: 0.0, Max: 0.0, Diff: 0.0, Sum: 0.0]
      [Object Copy (ms): Min: 0.0, Avg: 0.0, Max: 0.0, Diff: 0.0, Sum: 0.1]
      [Termination (ms): Min: 0.0, Avg: 0.3, Max: 0.5, Diff: 0.5, Sum: 1.2]
         [Termination Attempts: Min: 1, Avg: 1.0, Max: 1, Diff: 0, Sum: 4]
      [GC Worker Other (ms): Min: 0.0, Avg: 0.0, Max: 0.0, Diff: 0.0, Sum: 0.0]
      [GC Worker Total (ms): Min: 0.7, Avg: 0.7, Max: 0.7, Diff: 0.0, Sum: 3.0]
      [GC Worker End (ms): Min: 23670.3, Avg: 23670.3, Max: 23670.3, Diff: 0.0]
   [Code Root Fixup: 0.0 ms]
   [Code Root Purge: 0.0 ms]
   [Clear CT: 0.0 ms]
   [Other: 0.1 ms]
      [Choose CSet: 0.0 ms]
      [Ref Proc: 0.0 ms]
      [Ref Enq: 0.0 ms]
      [Redirty Cards: 0.0 ms]
      [Humongous Register: 0.0 ms]
      [Humongous Reclaim: 0.0 ms]
      [Free CSet: 0.0 ms]
   [Eden: 0.0B(256.0M)->0.0B(256.0M) Survivors: 0.0B->0.0B Heap: 990.5M(1024.0M)->990.5M(1024.0M)]
 [Times: user=0.00 sys=0.00, real=0.00 secs] 
2019-03-16T00:06:50.757+0900: 23.671: 2019-03-16T00:06:50.757+0900[GC concurrent-root-region-scan-start]
: 23.671: 2019-03-16T00:06:50.757+0900: 23.671: Total time for which application threads were stopped: 0.0011097 seconds, Stopping threads took: 0.0000292 seconds
[GC concurrent-root-region-scan-end, 0.0000072 secs]
2019-03-16T00:06:50.757+0900: 23.671: [GC concurrent-mark-start]
2019-03-16T00:06:50.757+0900: 23.671: Application time: 0.0000327 seconds
2019-03-16T00:06:50.757+0900: 23.671: [Full GC (Allocation Failure)  990M->989M(1024M), 2.5611571 secs]
   [Eden: 0.0B(256.0M)->0.0B(256.0M) Survivors: 0.0B->0.0B Heap: 990.5M(1024.0M)->989.8M(1024.0M)], [Metaspace: 8928K->8928K(1056768K)]
 [Times: user=3.26 sys=0.16, real=2.56 secs] 
2019-03-16T00:06:53.318+0900: 26.232: Total time for which application threads were stopped: 2.5612924 seconds, Stopping threads took: 0.0000193 seconds
2019-03-16T00:06:53.318+0900: 26.232: Application time: 0.0005888 seconds
2019-03-16T00:06:53.318+0900: 26.232: [GC pause (G1 Evacuation Pause) (young), 0.0047116 secs]
   [Parallel Time: 0.3 ms, GC Workers: 4]
      [GC Worker Start (ms): Min: 26232.5, Avg: 26232.6, Max: 26232.7, Diff: 0.2]
      [Ext Root Scanning (ms): Min: 0.1, Avg: 0.2, Max: 0.2, Diff: 0.2, Sum: 0.7]
      [Update RS (ms): Min: 0.0, Avg: 0.0, Max: 0.0, Diff: 0.0, Sum: 0.0]
         [Processed Buffers: Min: 0, Avg: 0.3, Max: 1, Diff: 1, Sum: 1]
      [Scan RS (ms): Min: 0.0, Avg: 0.0, Max: 0.0, Diff: 0.0, Sum: 0.0]
      [Code Root Scanning (ms): Min: 0.0, Avg: 0.0, Max: 0.0, Diff: 0.0, Sum: 0.0]
      [Object Copy (ms): Min: 0.0, Avg: 0.0, Max: 0.0, Diff: 0.0, Sum: 0.0]
      [Termination (ms): Min: 0.0, Avg: 0.0, Max: 0.0, Diff: 0.0, Sum: 0.0]
         [Termination Attempts: Min: 1, Avg: 1.0, Max: 1, Diff: 0, Sum: 4]
      [GC Worker Other (ms): Min: 0.0, Avg: 0.0, Max: 0.0, Diff: 0.0, Sum: 0.0]
      [GC Worker Total (ms): Min: 0.1, Avg: 0.2, Max: 0.3, Diff: 0.2, Sum: 0.8]
      [GC Worker End (ms): Min: 26232.8, Avg: 26232.8, Max: 26232.8, Diff: 0.0]
   [Code Root Fixup: 0.0 ms]
   [Code Root Purge: 0.0 ms]
   [Clear CT: 0.0 ms]
   [Other: 4.4 ms]
      [Choose CSet: 0.0 ms]
      [Ref Proc: 4.3 ms]
      [Ref Enq: 0.0 ms]
      [Redirty Cards: 0.0 ms]
      [Humongous Register: 0.0 ms]
      [Humongous Reclaim: 0.0 ms]
      [Free CSet: 0.0 ms]
   [Eden: 1024.0K(256.0M)->0.0B(256.0M) Survivors: 0.0B->0.0B Heap: 990.8M(1024.0M)->989.8M(1024.0M)]
 [Times: user=0.00 sys=0.00, real=0.00 secs] 
2019-03-16T00:06:53.323+0900: 26.237: Total time for which application threads were stopped: 0.0049007 seconds, Stopping threads took: 0.0000190 seconds
2019-03-16T00:06:53.324+0900: 26.238: Application time: 0.0003810 seconds
2019-03-16T00:06:53.324+0900: 26.238: [GC pause (G1 Evacuation Pause) (young) (to-space exhausted), 0.0066884 secs]
   [Parallel Time: 6.2 ms, GC Workers: 4]
      [GC Worker Start (ms): Min: 26237.8, Avg: 26237.8, Max: 26237.8, Diff: 0.0]
      [Ext Root Scanning (ms): Min: 0.2, Avg: 0.2, Max: 0.2, Diff: 0.0, Sum: 0.9]
      [Update RS (ms): Min: 0.0, Avg: 0.0, Max: 0.2, Diff: 0.2, Sum: 0.2]
         [Processed Buffers: Min: 0, Avg: 0.8, Max: 2, Diff: 2, Sum: 3]
      [Scan RS (ms): Min: 0.0, Avg: 0.0, Max: 0.0, Diff: 0.0, Sum: 0.0]
      [Code Root Scanning (ms): Min: 0.0, Avg: 0.0, Max: 0.0, Diff: 0.0, Sum: 0.0]
      [Object Copy (ms): Min: 5.7, Avg: 5.9, Max: 5.9, Diff: 0.2, Sum: 23.4]
      [Termination (ms): Min: 0.0, Avg: 0.0, Max: 0.0, Diff: 0.0, Sum: 0.0]
         [Termination Attempts: Min: 1, Avg: 1.3, Max: 2, Diff: 1, Sum: 5]
      [GC Worker Other (ms): Min: 0.0, Avg: 0.0, Max: 0.0, Diff: 0.0, Sum: 0.0]
      [GC Worker Total (ms): Min: 6.1, Avg: 6.1, Max: 6.1, Diff: 0.0, Sum: 24.5]
      [GC Worker End (ms): Min: 26244.0, Avg: 26244.0, Max: 26244.0, Diff: 0.0]
   [Code Root Fixup: 0.0 ms]
   [Code Root Purge: 0.0 ms]
   [Clear CT: 0.0 ms]
   [Other: 0.5 ms]
      [Evacuation Failure: 0.4 ms]
      [Choose CSet: 0.0 ms]
      [Ref Proc: 0.1 ms]
      [Ref Enq: 0.0 ms]
      [Redirty Cards: 0.0 ms]
      [Humongous Register: 0.0 ms]
      [Humongous Reclaim: 0.0 ms]
      [Free CSet: 0.0 ms]
   [Eden: 1024.0K(256.0M)->0.0B(256.0M) Survivors: 0.0B->0.0B Heap: 990.8M(1024.0M)->990.8M(1024.0M)]
 [Times: user=0.00 sys=0.00, real=0.01 secs] 
2019-03-16T00:06:53.331+0900: 26.245: Total time for which application threads were stopped: 0.0068778 seconds, Stopping threads took: 0.0000149 seconds
2019-03-16T00:06:53.331+0900: 26.245: Application time: 0.0007138 seconds
2019-03-16T00:06:53.331+0900: 26.245: [Full GC (Allocation Failure) 